[2023-07-28T15:16:15.434+0200][0.009s] Using G1
[2023-07-28T15:16:15.550+0200][0.125s] Version: 17.0.1+12-39 (release)
[2023-07-28T15:16:15.550+0200][0.125s] CPUs: 8 total, 8 available
[2023-07-28T15:16:15.550+0200][0.125s] Memory: 8192M
[2023-07-28T15:16:15.550+0200][0.125s] Large Page Support: Disabled
[2023-07-28T15:16:15.550+0200][0.125s] NUMA Support: Disabled
[2023-07-28T15:16:15.550+0200][0.125s] Compressed Oops: Enabled (Zero based)
[2023-07-28T15:16:15.550+0200][0.125s] Heap Region Size: 1M
[2023-07-28T15:16:15.550+0200][0.125s] Heap Min Capacity: 512M
[2023-07-28T15:16:15.550+0200][0.125s] Heap Initial Capacity: 512M
[2023-07-28T15:16:15.550+0200][0.125s] Heap Max Capacity: 512M
[2023-07-28T15:16:15.550+0200][0.125s] Pre-touch: Enabled
[2023-07-28T15:16:15.550+0200][0.125s] Parallel Workers: 8
[2023-07-28T15:16:15.550+0200][0.125s] Concurrent Workers: 2
[2023-07-28T15:16:15.550+0200][0.125s] Concurrent Refinement Workers: 8
[2023-07-28T15:16:15.550+0200][0.125s] Periodic GC: Disabled
[2023-07-28T15:16:15.550+0200][0.126s] CDS archive(s) mapped at: [0x0000000800000000-0x0000000800bd4000-0x0000000800bd4000), size 12402688, SharedBaseAddress: 0x0000000800000000, ArchiveRelocationMode: 0.
[2023-07-28T15:16:15.550+0200][0.126s] Compressed class space mapped at: 0x0000000800c00000-0x0000000840c00000, reserved size: 1073741824
[2023-07-28T15:16:15.550+0200][0.126s] Narrow klass base: 0x0000000800000000, Narrow klass shift: 0, Narrow klass range: 0x100000000
[2023-07-28T15:16:16.413+0200][0,988s] GC(0) Pause Young (Normal) (G1 Evacuation Pause)
[2023-07-28T15:16:16.413+0200][0,988s] GC(0) Using 8 workers of 8 for evacuation
[2023-07-28T15:16:16.419+0200][0,994s] GC(0)   Pre Evacuate Collection Set: 0,1ms
[2023-07-28T15:16:16.419+0200][0,994s] GC(0)   Merge Heap Roots: 0,0ms
[2023-07-28T15:16:16.419+0200][0,994s] GC(0)   Evacuate Collection Set: 5,3ms
[2023-07-28T15:16:16.419+0200][0,994s] GC(0)   Post Evacuate Collection Set: 0,2ms
[2023-07-28T15:16:16.419+0200][0,994s] GC(0)   Other: 0,5ms
[2023-07-28T15:16:16.419+0200][0,994s] GC(0) Eden regions: 29->0(66)
[2023-07-28T15:16:16.419+0200][0,994s] GC(0) Survivor regions: 0->3(4)
[2023-07-28T15:16:16.419+0200][0,994s] GC(0) Old regions: 0->0
[2023-07-28T15:16:16.419+0200][0,994s] GC(0) Archive regions: 2->2
[2023-07-28T15:16:16.419+0200][0,994s] GC(0) Humongous regions: 0->0
[2023-07-28T15:16:16.419+0200][0,994s] GC(0) Metaspace: 7329K(7616K)->7329K(7616K) NonClass: 6452K(6592K)->6452K(6592K) Class: 876K(1024K)->876K(1024K)
[2023-07-28T15:16:16.419+0200][0,994s] GC(0) Pause Young (Normal) (G1 Evacuation Pause) 29M->3M(512M) 6,210ms
[2023-07-28T15:16:16.419+0200][0,994s] GC(0) User=0,02s Sys=0,01s Real=0,00s
[2023-07-28T15:16:17.669+0200][2,245s] GC(1) Pause Young (Normal) (G1 Evacuation Pause)
[2023-07-28T15:16:17.669+0200][2,245s] GC(1) Using 8 workers of 8 for evacuation
[2023-07-28T15:16:17.682+0200][2,258s] GC(1)   Pre Evacuate Collection Set: 0,1ms
[2023-07-28T15:16:17.682+0200][2,258s] GC(1)   Merge Heap Roots: 0,0ms
[2023-07-28T15:16:17.682+0200][2,258s] GC(1)   Evacuate Collection Set: 12,4ms
[2023-07-28T15:16:17.682+0200][2,258s] GC(1)   Post Evacuate Collection Set: 0,5ms
[2023-07-28T15:16:17.682+0200][2,258s] GC(1)   Other: 0,1ms
[2023-07-28T15:16:17.682+0200][2,258s] GC(1) Eden regions: 66->0(77)
[2023-07-28T15:16:17.682+0200][2,258s] GC(1) Survivor regions: 3->9(9)
[2023-07-28T15:16:17.682+0200][2,258s] GC(1) Old regions: 0->9
[2023-07-28T15:16:17.682+0200][2,258s] GC(1) Archive regions: 2->2
[2023-07-28T15:16:17.683+0200][2,258s] GC(1) Humongous regions: 4->4
[2023-07-28T15:16:17.683+0200][2,258s] GC(1) Metaspace: 18421K(18688K)->18421K(18688K) NonClass: 16254K(16384K)->16254K(16384K) Class: 2166K(2304K)->2166K(2304K)
[2023-07-28T15:16:17.683+0200][2,258s] GC(1) Pause Young (Normal) (G1 Evacuation Pause) 73M->22M(512M) 13,182ms
[2023-07-28T15:16:17.683+0200][2,258s] GC(1) User=0,04s Sys=0,01s Real=0,02s
[2023-07-28T15:16:18.046+0200][2,621s] GC(2) Pause Young (Concurrent Start) (Metadata GC Threshold)
[2023-07-28T15:16:18.046+0200][2,621s] GC(2) Using 8 workers of 8 for evacuation
[2023-07-28T15:16:18.055+0200][2,630s] GC(2)   Pre Evacuate Collection Set: 0,1ms
[2023-07-28T15:16:18.055+0200][2,630s] GC(2)   Merge Heap Roots: 0,0ms
[2023-07-28T15:16:18.055+0200][2,630s] GC(2)   Evacuate Collection Set: 8,6ms
[2023-07-28T15:16:18.055+0200][2,630s] GC(2)   Post Evacuate Collection Set: 0,3ms
[2023-07-28T15:16:18.055+0200][2,630s] GC(2)   Other: 0,2ms
[2023-07-28T15:16:18.055+0200][2,630s] GC(2) Eden regions: 24->0(108)
[2023-07-28T15:16:18.055+0200][2,630s] GC(2) Survivor regions: 9->2(11)
[2023-07-28T15:16:18.055+0200][2,630s] GC(2) Old regions: 9->19
[2023-07-28T15:16:18.055+0200][2,630s] GC(2) Archive regions: 2->2
[2023-07-28T15:16:18.055+0200][2,630s] GC(2) Humongous regions: 4->4
[2023-07-28T15:16:18.055+0200][2,630s] GC(2) Metaspace: 21213K(21504K)->21213K(21504K) NonClass: 18723K(18880K)->18723K(18880K) Class: 2490K(2624K)->2490K(2624K)
[2023-07-28T15:16:18.055+0200][2,630s] GC(2) Pause Young (Concurrent Start) (Metadata GC Threshold) 46M->24M(512M) 9,213ms
[2023-07-28T15:16:18.055+0200][2,630s] GC(2) User=0,02s Sys=0,01s Real=0,01s
[2023-07-28T15:16:18.055+0200][2,630s] GC(3) Concurrent Mark Cycle
[2023-07-28T15:16:18.055+0200][2,630s] GC(3) Concurrent Clear Claimed Marks
[2023-07-28T15:16:18.055+0200][2,630s] GC(3) Concurrent Clear Claimed Marks 0,014ms
[2023-07-28T15:16:18.055+0200][2,630s] GC(3) Concurrent Scan Root Regions
[2023-07-28T15:16:18.057+0200][2,633s] GC(3) Concurrent Scan Root Regions 2,178ms
[2023-07-28T15:16:18.057+0200][2,633s] GC(3) Concurrent Mark
[2023-07-28T15:16:18.057+0200][2,633s] GC(3) Concurrent Mark From Roots
[2023-07-28T15:16:18.057+0200][2,633s] GC(3) Using 2 workers of 2 for marking
[2023-07-28T15:16:18.064+0200][2,639s] GC(3) Concurrent Mark From Roots 6,496ms
[2023-07-28T15:16:18.064+0200][2,639s] GC(3) Concurrent Preclean
[2023-07-28T15:16:18.064+0200][2,639s] GC(3) Concurrent Preclean 0,032ms
[2023-07-28T15:16:18.064+0200][2,640s] GC(3) Pause Remark
[2023-07-28T15:16:18.073+0200][2,648s] GC(3) Pause Remark 25M->25M(512M) 8,607ms
[2023-07-28T15:16:18.073+0200][2,648s] GC(3) User=0,01s Sys=0,01s Real=0,01s
[2023-07-28T15:16:18.073+0200][2,648s] GC(3) Concurrent Mark 15,647ms
[2023-07-28T15:16:18.073+0200][2,648s] GC(3) Concurrent Rebuild Remembered Sets
[2023-07-28T15:16:18.078+0200][2,653s] GC(3) Concurrent Rebuild Remembered Sets 4,472ms
[2023-07-28T15:16:18.078+0200][2,653s] GC(3) Pause Cleanup
[2023-07-28T15:16:18.078+0200][2,653s] GC(3) Pause Cleanup 25M->25M(512M) 0,076ms
[2023-07-28T15:16:18.078+0200][2,653s] GC(3) User=0,00s Sys=0,00s Real=0,00s
[2023-07-28T15:16:18.078+0200][2,653s] GC(3) Concurrent Cleanup for Next Mark
[2023-07-28T15:16:18.079+0200][2,654s] GC(3) Concurrent Cleanup for Next Mark 0,664ms
[2023-07-28T15:16:18.079+0200][2,654s] GC(3) Concurrent Mark Cycle 23,711ms
[2023-07-28T15:16:20.256+0200][4,831s] GC(4) Pause Young (Prepare Mixed) (G1 Evacuation Pause)
[2023-07-28T15:16:20.256+0200][4,831s] GC(4) Using 8 workers of 8 for evacuation
[2023-07-28T15:16:20.261+0200][4,836s] GC(4)   Pre Evacuate Collection Set: 0,1ms
[2023-07-28T15:16:20.261+0200][4,836s] GC(4)   Merge Heap Roots: 0,1ms
[2023-07-28T15:16:20.261+0200][4,836s] GC(4)   Evacuate Collection Set: 4,0ms
[2023-07-28T15:16:20.261+0200][4,836s] GC(4)   Post Evacuate Collection Set: 0,5ms
[2023-07-28T15:16:20.261+0200][4,836s] GC(4)   Other: 0,1ms
[2023-07-28T15:16:20.261+0200][4,836s] GC(4) Eden regions: 108->0(18)
[2023-07-28T15:16:20.261+0200][4,836s] GC(4) Survivor regions: 2->7(14)
[2023-07-28T15:16:20.261+0200][4,836s] GC(4) Old regions: 19->19
[2023-07-28T15:16:20.261+0200][4,836s] GC(4) Archive regions: 2->2
[2023-07-28T15:16:20.261+0200][4,836s] GC(4) Humongous regions: 5->4
[2023-07-28T15:16:20.261+0200][4,836s] GC(4) Metaspace: 34833K(35200K)->34833K(35200K) NonClass: 30647K(30848K)->30647K(30848K) Class: 4186K(4352K)->4186K(4352K)
[2023-07-28T15:16:20.261+0200][4,836s] GC(4) Pause Young (Prepare Mixed) (G1 Evacuation Pause) 133M->29M(512M) 4,884ms
[2023-07-28T15:16:20.261+0200][4,836s] GC(4) User=0,01s Sys=0,01s Real=0,01s
[2023-07-28T15:16:20.432+0200][5,007s] GC(5) Pause Young (Mixed) (Metadata GC Threshold)
[2023-07-28T15:16:20.432+0200][5,008s] GC(5) Using 8 workers of 8 for evacuation
[2023-07-28T15:16:20.437+0200][5,012s] GC(5)   Pre Evacuate Collection Set: 0,1ms
[2023-07-28T15:16:20.437+0200][5,012s] GC(5)   Merge Heap Roots: 0,0ms
[2023-07-28T15:16:20.437+0200][5,012s] GC(5)   Evacuate Collection Set: 4,4ms
[2023-07-28T15:16:20.437+0200][5,012s] GC(5)   Post Evacuate Collection Set: 0,2ms
[2023-07-28T15:16:20.437+0200][5,012s] GC(5)   Other: 0,1ms
[2023-07-28T15:16:20.437+0200][5,012s] GC(5) Eden regions: 9->0(305)
[2023-07-28T15:16:20.437+0200][5,012s] GC(5) Survivor regions: 7->2(4)
[2023-07-28T15:16:20.437+0200][5,012s] GC(5) Old regions: 19->25
[2023-07-28T15:16:20.437+0200][5,012s] GC(5) Archive regions: 2->2
[2023-07-28T15:16:20.437+0200][5,012s] GC(5) Humongous regions: 4->4
[2023-07-28T15:16:20.437+0200][5,012s] GC(5) Metaspace: 35645K(35968K)->35645K(35968K) NonClass: 31346K(31488K)->31346K(31488K) Class: 4299K(4480K)->4299K(4480K)
[2023-07-28T15:16:20.437+0200][5,012s] GC(5) Pause Young (Mixed) (Metadata GC Threshold) 38M->30M(512M) 4,904ms
[2023-07-28T15:16:20.437+0200][5,012s] GC(5) User=0,01s Sys=0,00s Real=0,00s
[2023-07-28T15:16:20.479+0200][5,055s] GC(6) Pause Young (Concurrent Start) (Metadata GC Threshold)
[2023-07-28T15:16:20.479+0200][5,055s] GC(6) Using 8 workers of 8 for evacuation
[2023-07-28T15:16:20.481+0200][5,057s] GC(6)   Pre Evacuate Collection Set: 0,1ms
[2023-07-28T15:16:20.481+0200][5,057s] GC(6)   Merge Heap Roots: 0,0ms
[2023-07-28T15:16:20.481+0200][5,057s] GC(6)   Evacuate Collection Set: 1,4ms
[2023-07-28T15:16:20.481+0200][5,057s] GC(6)   Post Evacuate Collection Set: 0,2ms
[2023-07-28T15:16:20.481+0200][5,057s] GC(6)   Other: 0,1ms
[2023-07-28T15:16:20.481+0200][5,057s] GC(6) Eden regions: 4->0(305)
[2023-07-28T15:16:20.481+0200][5,057s] GC(6) Survivor regions: 2->2(39)
[2023-07-28T15:16:20.481+0200][5,057s] GC(6) Old regions: 25->25
[2023-07-28T15:16:20.481+0200][5,057s] GC(6) Archive regions: 2->2
[2023-07-28T15:16:20.481+0200][5,057s] GC(6) Humongous regions: 4->4
[2023-07-28T15:16:20.481+0200][5,057s] GC(6) Metaspace: 36008K(36288K)->36008K(36288K) NonClass: 31668K(31808K)->31668K(31808K) Class: 4340K(4480K)->4340K(4480K)
[2023-07-28T15:16:20.481+0200][5,057s] GC(6) Pause Young (Concurrent Start) (Metadata GC Threshold) 34M->30M(512M) 1,828ms
[2023-07-28T15:16:20.481+0200][5,057s] GC(6) User=0,00s Sys=0,00s Real=0,01s
[2023-07-28T15:16:20.481+0200][5,057s] GC(7) Concurrent Mark Cycle
[2023-07-28T15:16:20.481+0200][5,057s] GC(7) Concurrent Clear Claimed Marks
[2023-07-28T15:16:20.481+0200][5,057s] GC(7) Concurrent Clear Claimed Marks 0,014ms
[2023-07-28T15:16:20.481+0200][5,057s] GC(7) Concurrent Scan Root Regions
[2023-07-28T15:16:20.482+0200][5,057s] GC(7) Concurrent Scan Root Regions 0,628ms
[2023-07-28T15:16:20.482+0200][5,057s] GC(7) Concurrent Mark
[2023-07-28T15:16:20.482+0200][5,057s] GC(7) Concurrent Mark From Roots
[2023-07-28T15:16:20.482+0200][5,057s] GC(7) Using 2 workers of 2 for marking
[2023-07-28T15:16:20.493+0200][5,068s] GC(7) Concurrent Mark From Roots 11,055ms
[2023-07-28T15:16:20.493+0200][5,068s] GC(7) Concurrent Preclean
[2023-07-28T15:16:20.493+0200][5,069s] GC(7) Concurrent Preclean 0,066ms
[2023-07-28T15:16:20.494+0200][5,070s] GC(7) Pause Remark
[2023-07-28T15:16:20.506+0200][5,081s] GC(7) Pause Remark 31M->31M(512M) 11,755ms
[2023-07-28T15:16:20.506+0200][5,081s] GC(7) User=0,02s Sys=0,01s Real=0,01s
[2023-07-28T15:16:20.506+0200][5,081s] GC(7) Concurrent Mark 24,022ms
[2023-07-28T15:16:20.506+0200][5,081s] GC(7) Concurrent Rebuild Remembered Sets
[2023-07-28T15:16:20.513+0200][5,089s] GC(7) Concurrent Rebuild Remembered Sets 7,503ms
[2023-07-28T15:16:20.514+0200][5,089s] GC(7) Pause Cleanup
[2023-07-28T15:16:20.514+0200][5,089s] GC(7) Pause Cleanup 31M->31M(512M) 0,092ms
[2023-07-28T15:16:20.514+0200][5,089s] GC(7) User=0,00s Sys=0,00s Real=0,00s
[2023-07-28T15:16:20.514+0200][5,090s] GC(7) Concurrent Cleanup for Next Mark
[2023-07-28T15:16:20.518+0200][5,094s] GC(7) Concurrent Cleanup for Next Mark 4,221ms
[2023-07-28T15:16:20.518+0200][5,094s] GC(7) Concurrent Mark Cycle 37,115ms
[2023-07-28T15:16:36.325+0200][20,900s] GC(8) Pause Young (Normal) (G1 Evacuation Pause)
[2023-07-28T15:16:36.325+0200][20,901s] GC(8) Using 8 workers of 8 for evacuation
[2023-07-28T15:16:36.352+0200][20,927s] GC(8)   Pre Evacuate Collection Set: 0,1ms
[2023-07-28T15:16:36.352+0200][20,927s] GC(8)   Merge Heap Roots: 0,1ms
[2023-07-28T15:16:36.352+0200][20,927s] GC(8)   Evacuate Collection Set: 24,5ms
[2023-07-28T15:16:36.352+0200][20,927s] GC(8)   Post Evacuate Collection Set: 1,3ms
[2023-07-28T15:16:36.352+0200][20,927s] GC(8)   Other: 1,0ms
[2023-07-28T15:16:36.352+0200][20,927s] GC(8) Eden regions: 305->0(280)
[2023-07-28T15:16:36.352+0200][20,927s] GC(8) Survivor regions: 2->27(39)
[2023-07-28T15:16:36.352+0200][20,927s] GC(8) Old regions: 25->25
[2023-07-28T15:16:36.352+0200][20,927s] GC(8) Archive regions: 2->2
[2023-07-28T15:16:36.352+0200][20,927s] GC(8) Humongous regions: 68->20
[2023-07-28T15:16:36.352+0200][20,927s] GC(8) Metaspace: 57624K(58112K)->57624K(58112K) NonClass: 50576K(50816K)->50576K(50816K) Class: 7047K(7296K)->7047K(7296K)
[2023-07-28T15:16:36.352+0200][20,927s] GC(8) Pause Young (Normal) (G1 Evacuation Pause) 399M->72M(512M) 27,048ms
[2023-07-28T15:16:36.352+0200][20,927s] GC(8) User=0,06s Sys=0,05s Real=0,03s
[2023-07-28T15:17:05.466+0200][50,042s] GC(9) Pause Young (Concurrent Start) (G1 Humongous Allocation)
[2023-07-28T15:17:05.467+0200][50,043s] GC(9) Using 8 workers of 8 for evacuation
[2023-07-28T15:17:05.518+0200][50,094s] GC(9)   Pre Evacuate Collection Set: 0,2ms
[2023-07-28T15:17:05.518+0200][50,094s] GC(9)   Merge Heap Roots: 0,1ms
[2023-07-28T15:17:05.518+0200][50,094s] GC(9)   Evacuate Collection Set: 49,7ms
[2023-07-28T15:17:05.518+0200][50,094s] GC(9)   Post Evacuate Collection Set: 1,1ms
[2023-07-28T15:17:05.518+0200][50,094s] GC(9)   Other: 1,1ms
[2023-07-28T15:17:05.518+0200][50,094s] GC(9) Eden regions: 208->0(251)
[2023-07-28T15:17:05.518+0200][50,094s] GC(9) Survivor regions: 27->4(39)
[2023-07-28T15:17:05.518+0200][50,094s] GC(9) Old regions: 25->46
[2023-07-28T15:17:05.518+0200][50,094s] GC(9) Archive regions: 2->2
[2023-07-28T15:17:05.518+0200][50,094s] GC(9) Humongous regions: 203->93
[2023-07-28T15:17:05.519+0200][50,094s] GC(9) Metaspace: 58136K(58688K)->58136K(58688K) NonClass: 51056K(51392K)->51056K(51392K) Class: 7079K(7296K)->7079K(7296K)
[2023-07-28T15:17:05.519+0200][50,094s] GC(9) Pause Young (Concurrent Start) (G1 Humongous Allocation) 463M->142M(512M) 52,380ms
[2023-07-28T15:17:05.519+0200][50,094s] GC(9) User=0,06s Sys=0,12s Real=0,05s
[2023-07-28T15:17:05.519+0200][50,094s] GC(10) Concurrent Undo Cycle
[2023-07-28T15:17:05.519+0200][50,095s] GC(10) Concurrent Cleanup for Next Mark
[2023-07-28T15:17:05.520+0200][50,096s] GC(10) Concurrent Cleanup for Next Mark 1,752ms
[2023-07-28T15:17:05.520+0200][50,096s] GC(10) Concurrent Undo Cycle 1,841ms
[2023-07-28T15:17:05.542+0200][50,118s] GC(11) Pause Young (Concurrent Start) (G1 Humongous Allocation)
[2023-07-28T15:17:05.542+0200][50,118s] GC(11) Using 8 workers of 8 for evacuation
[2023-07-28T15:17:05.544+0200][50,120s] GC(11)   Pre Evacuate Collection Set: 0,2ms
[2023-07-28T15:17:05.544+0200][50,120s] GC(11)   Merge Heap Roots: 0,1ms
[2023-07-28T15:17:05.544+0200][50,120s] GC(11)   Evacuate Collection Set: 1,5ms
[2023-07-28T15:17:05.544+0200][50,120s] GC(11)   Post Evacuate Collection Set: 0,4ms
[2023-07-28T15:17:05.544+0200][50,120s] GC(11)   Other: 0,1ms
[2023-07-28T15:17:05.544+0200][50,120s] GC(11) Eden regions: 4->0(239)
[2023-07-28T15:17:05.544+0200][50,120s] GC(11) Survivor regions: 4->3(32)
[2023-07-28T15:17:05.544+0200][50,120s] GC(11) Old regions: 46->46
[2023-07-28T15:17:05.544+0200][50,120s] GC(11) Archive regions: 2->2
[2023-07-28T15:17:05.544+0200][50,120s] GC(11) Humongous regions: 176->127
[2023-07-28T15:17:05.544+0200][50,120s] GC(11) Metaspace: 58136K(58688K)->58136K(58688K) NonClass: 51056K(51392K)->51056K(51392K) Class: 7079K(7296K)->7079K(7296K)
[2023-07-28T15:17:05.544+0200][50,120s] GC(11) Pause Young (Concurrent Start) (G1 Humongous Allocation) 229M->176M(512M) 2,278ms
[2023-07-28T15:17:05.544+0200][50,120s] GC(11) User=0,01s Sys=0,01s Real=0,00s
[2023-07-28T15:17:05.544+0200][50,120s] GC(12) Concurrent Undo Cycle
[2023-07-28T15:17:05.544+0200][50,120s] GC(12) Concurrent Cleanup for Next Mark
[2023-07-28T15:17:05.544+0200][50,120s] GC(12) Concurrent Cleanup for Next Mark 0,370ms
[2023-07-28T15:17:05.544+0200][50,120s] GC(12) Concurrent Undo Cycle 0,433ms
[2023-07-28T15:17:05.572+0200][50,148s] GC(13) Pause Young (Concurrent Start) (G1 Humongous Allocation)
[2023-07-28T15:17:05.572+0200][50,148s] GC(13) Using 8 workers of 8 for evacuation
[2023-07-28T15:17:05.575+0200][50,151s] GC(13)   Pre Evacuate Collection Set: 0,1ms
[2023-07-28T15:17:05.575+0200][50,151s] GC(13)   Merge Heap Roots: 0,1ms
[2023-07-28T15:17:05.575+0200][50,151s] GC(13)   Evacuate Collection Set: 2,5ms
[2023-07-28T15:17:05.575+0200][50,151s] GC(13)   Post Evacuate Collection Set: 0,6ms
[2023-07-28T15:17:05.575+0200][50,151s] GC(13)   Other: 0,1ms
[2023-07-28T15:17:05.575+0200][50,151s] GC(13) Eden regions: 4->0(217)
[2023-07-28T15:17:05.575+0200][50,151s] GC(13) Survivor regions: 3->3(31)
[2023-07-28T15:17:05.575+0200][50,151s] GC(13) Old regions: 46->46
[2023-07-28T15:17:05.575+0200][50,151s] GC(13) Archive regions: 2->2
[2023-07-28T15:17:05.575+0200][50,151s] GC(13) Humongous regions: 182->160
[2023-07-28T15:17:05.575+0200][50,151s] GC(13) Metaspace: 58136K(58688K)->58136K(58688K) NonClass: 51056K(51392K)->51056K(51392K) Class: 7079K(7296K)->7079K(7296K)
[2023-07-28T15:17:05.575+0200][50,151s] GC(13) Pause Young (Concurrent Start) (G1 Humongous Allocation) 235M->208M(512M) 3,417ms
[2023-07-28T15:17:05.575+0200][50,151s] GC(13) User=0,00s Sys=0,00s Real=0,00s
[2023-07-28T15:17:05.575+0200][50,151s] GC(14) Concurrent Undo Cycle
[2023-07-28T15:17:05.575+0200][50,151s] GC(14) Concurrent Cleanup for Next Mark
[2023-07-28T15:17:05.576+0200][50,151s] GC(14) Concurrent Cleanup for Next Mark 0,387ms
[2023-07-28T15:17:05.576+0200][50,151s] GC(14) Concurrent Undo Cycle 0,461ms
[2023-07-28T15:17:05.585+0200][50,161s] GC(15) Pause Young (Concurrent Start) (G1 Humongous Allocation)
[2023-07-28T15:17:05.586+0200][50,161s] GC(15) Using 8 workers of 8 for evacuation
[2023-07-28T15:17:05.587+0200][50,163s] GC(15)   Pre Evacuate Collection Set: 0,2ms
[2023-07-28T15:17:05.587+0200][50,163s] GC(15)   Merge Heap Roots: 0,1ms
[2023-07-28T15:17:05.587+0200][50,163s] GC(15)   Evacuate Collection Set: 1,4ms
[2023-07-28T15:17:05.587+0200][50,163s] GC(15)   Post Evacuate Collection Set: 0,3ms
[2023-07-28T15:17:05.588+0200][50,163s] GC(15)   Other: 0,1ms
[2023-07-28T15:17:05.588+0200][50,163s] GC(15) Eden regions: 4->0(216)
[2023-07-28T15:17:05.588+0200][50,163s] GC(15) Survivor regions: 3->3(28)
[2023-07-28T15:17:05.588+0200][50,163s] GC(15) Old regions: 46->46
[2023-07-28T15:17:05.588+0200][50,163s] GC(15) Archive regions: 2->2
[2023-07-28T15:17:05.588+0200][50,163s] GC(15) Humongous regions: 182->168
[2023-07-28T15:17:05.588+0200][50,163s] GC(15) Metaspace: 58137K(58688K)->58137K(58688K) NonClass: 51057K(51392K)->51057K(51392K) Class: 7079K(7296K)->7079K(7296K)
[2023-07-28T15:17:05.588+0200][50,163s] GC(15) Pause Young (Concurrent Start) (G1 Humongous Allocation) 233M->216M(512M) 2,072ms
[2023-07-28T15:17:05.588+0200][50,163s] GC(15) User=0,01s Sys=0,00s Real=0,00s
[2023-07-28T15:17:05.588+0200][50,163s] GC(16) Concurrent Undo Cycle
[2023-07-28T15:17:05.588+0200][50,163s] GC(16) Concurrent Cleanup for Next Mark
[2023-07-28T15:17:05.588+0200][50,164s] GC(16) Concurrent Cleanup for Next Mark 0,273ms
[2023-07-28T15:17:05.588+0200][50,164s] GC(16) Concurrent Undo Cycle 0,314ms
[2023-07-28T15:17:05.626+0200][50,202s] GC(17) Pause Young (Concurrent Start) (G1 Humongous Allocation)
[2023-07-28T15:17:05.626+0200][50,202s] GC(17) Using 8 workers of 8 for evacuation
[2023-07-28T15:17:05.627+0200][50,203s] GC(17)   Pre Evacuate Collection Set: 0,1ms
[2023-07-28T15:17:05.627+0200][50,203s] GC(17)   Merge Heap Roots: 0,1ms
[2023-07-28T15:17:05.627+0200][50,203s] GC(17)   Evacuate Collection Set: 1,0ms
[2023-07-28T15:17:05.627+0200][50,203s] GC(17)   Post Evacuate Collection Set: 0,3ms
[2023-07-28T15:17:05.628+0200][50,203s] GC(17)   Other: 0,1ms
[2023-07-28T15:17:05.628+0200][50,203s] GC(17) Eden regions: 4->0(225)
[2023-07-28T15:17:05.628+0200][50,203s] GC(17) Survivor regions: 3->3(28)
[2023-07-28T15:17:05.628+0200][50,203s] GC(17) Old regions: 46->46
[2023-07-28T15:17:05.628+0200][50,203s] GC(17) Archive regions: 2->2
[2023-07-28T15:17:05.628+0200][50,203s] GC(17) Humongous regions: 177->163
[2023-07-28T15:17:05.628+0200][50,203s] GC(17) Metaspace: 58157K(58688K)->58157K(58688K) NonClass: 51076K(51392K)->51076K(51392K) Class: 7081K(7296K)->7081K(7296K)
[2023-07-28T15:17:05.628+0200][50,203s] GC(17) Pause Young (Concurrent Start) (G1 Humongous Allocation) 229M->211M(512M) 1,652ms
[2023-07-28T15:17:05.628+0200][50,203s] GC(17) User=0,00s Sys=0,00s Real=0,00s
[2023-07-28T15:17:05.628+0200][50,203s] GC(18) Concurrent Undo Cycle
[2023-07-28T15:17:05.628+0200][50,203s] GC(18) Concurrent Cleanup for Next Mark
[2023-07-28T15:17:05.628+0200][50,204s] GC(18) Concurrent Cleanup for Next Mark 0,340ms
[2023-07-28T15:17:05.628+0200][50,204s] GC(18) Concurrent Undo Cycle 0,385ms
[2023-07-28T15:17:05.668+0200][50,243s] GC(19) Pause Young (Concurrent Start) (G1 Humongous Allocation)
[2023-07-28T15:17:05.668+0200][50,243s] GC(19) Using 8 workers of 8 for evacuation
[2023-07-28T15:17:05.670+0200][50,246s] GC(19)   Pre Evacuate Collection Set: 0,1ms
[2023-07-28T15:17:05.670+0200][50,246s] GC(19)   Merge Heap Roots: 0,0ms
[2023-07-28T15:17:05.670+0200][50,246s] GC(19)   Evacuate Collection Set: 1,5ms
[2023-07-28T15:17:05.670+0200][50,246s] GC(19)   Post Evacuate Collection Set: 0,3ms
[2023-07-28T15:17:05.670+0200][50,246s] GC(19)   Other: 0,1ms
[2023-07-28T15:17:05.670+0200][50,246s] GC(19) Eden regions: 4->0(220)
[2023-07-28T15:17:05.670+0200][50,246s] GC(19) Survivor regions: 3->3(29)
[2023-07-28T15:17:05.670+0200][50,246s] GC(19) Old regions: 46->46
[2023-07-28T15:17:05.670+0200][50,246s] GC(19) Archive regions: 2->2
[2023-07-28T15:17:05.670+0200][50,246s] GC(19) Humongous regions: 180->171
[2023-07-28T15:17:05.670+0200][50,246s] GC(19) Metaspace: 58158K(58688K)->58158K(58688K) NonClass: 51076K(51392K)->51076K(51392K) Class: 7081K(7296K)->7081K(7296K)
[2023-07-28T15:17:05.670+0200][50,246s] GC(19) Pause Young (Concurrent Start) (G1 Humongous Allocation) 232M->219M(512M) 2,222ms
[2023-07-28T15:17:05.670+0200][50,246s] GC(19) User=0,00s Sys=0,01s Real=0,01s
[2023-07-28T15:17:05.670+0200][50,246s] GC(20) Concurrent Undo Cycle
[2023-07-28T15:17:05.670+0200][50,246s] GC(20) Concurrent Cleanup for Next Mark
[2023-07-28T15:17:05.670+0200][50,246s] GC(20) Concurrent Cleanup for Next Mark 0,283ms
[2023-07-28T15:17:05.670+0200][50,246s] GC(20) Concurrent Undo Cycle 0,333ms
[2023-07-28T15:17:05.675+0200][50,250s] GC(21) Pause Young (Concurrent Start) (G1 Humongous Allocation)
[2023-07-28T15:17:05.675+0200][50,251s] GC(21) Using 8 workers of 8 for evacuation
[2023-07-28T15:17:05.677+0200][50,252s] GC(21)   Pre Evacuate Collection Set: 0,1ms
[2023-07-28T15:17:05.677+0200][50,252s] GC(21)   Merge Heap Roots: 0,1ms
[2023-07-28T15:17:05.677+0200][50,252s] GC(21)   Evacuate Collection Set: 1,4ms
[2023-07-28T15:17:05.677+0200][50,252s] GC(21)   Post Evacuate Collection Set: 0,3ms
[2023-07-28T15:17:05.677+0200][50,252s] GC(21)   Other: 0,1ms
[2023-07-28T15:17:05.677+0200][50,252s] GC(21) Eden regions: 3->0(219)
[2023-07-28T15:17:05.677+0200][50,252s] GC(21) Survivor regions: 3->3(28)
[2023-07-28T15:17:05.677+0200][50,252s] GC(21) Old regions: 46->46
[2023-07-28T15:17:05.677+0200][50,252s] GC(21) Archive regions: 2->2
[2023-07-28T15:17:05.677+0200][50,252s] GC(21) Humongous regions: 181->176
[2023-07-28T15:17:05.677+0200][50,252s] GC(21) Metaspace: 58158K(58688K)->58158K(58688K) NonClass: 51076K(51392K)->51076K(51392K) Class: 7081K(7296K)->7081K(7296K)
[2023-07-28T15:17:05.677+0200][50,252s] GC(21) Pause Young (Concurrent Start) (G1 Humongous Allocation) 232M->224M(512M) 2,012ms
[2023-07-28T15:17:05.677+0200][50,252s] GC(21) User=0,01s Sys=0,00s Real=0,00s
[2023-07-28T15:17:05.677+0200][50,253s] GC(22) Concurrent Undo Cycle
[2023-07-28T15:17:05.677+0200][50,253s] GC(22) Concurrent Cleanup for Next Mark
[2023-07-28T15:17:05.677+0200][50,253s] GC(22) Concurrent Cleanup for Next Mark 0,326ms
[2023-07-28T15:17:05.677+0200][50,253s] GC(22) Concurrent Undo Cycle 0,381ms
[2023-07-28T15:17:05.734+0200][50,310s] GC(23) Pause Young (Concurrent Start) (G1 Humongous Allocation)
[2023-07-28T15:17:05.734+0200][50,310s] GC(23) Using 8 workers of 8 for evacuation
[2023-07-28T15:17:05.736+0200][50,312s] GC(23)   Pre Evacuate Collection Set: 0,1ms
[2023-07-28T15:17:05.736+0200][50,312s] GC(23)   Merge Heap Roots: 0,0ms
[2023-07-28T15:17:05.736+0200][50,312s] GC(23)   Evacuate Collection Set: 1,4ms
[2023-07-28T15:17:05.736+0200][50,312s] GC(23)   Post Evacuate Collection Set: 0,2ms
[2023-07-28T15:17:05.736+0200][50,312s] GC(23)   Other: 0,1ms
[2023-07-28T15:17:05.736+0200][50,312s] GC(23) Eden regions: 5->0(215)
[2023-07-28T15:17:05.736+0200][50,312s] GC(23) Survivor regions: 3->3(28)
[2023-07-28T15:17:05.736+0200][50,312s] GC(23) Old regions: 46->46
[2023-07-28T15:17:05.736+0200][50,312s] GC(23) Archive regions: 2->2
[2023-07-28T15:17:05.736+0200][50,312s] GC(23) Humongous regions: 186->181
[2023-07-28T15:17:05.736+0200][50,312s] GC(23) Metaspace: 58324K(58880K)->58324K(58880K) NonClass: 51218K(51520K)->51218K(51520K) Class: 7105K(7360K)->7105K(7360K)
[2023-07-28T15:17:05.736+0200][50,312s] GC(23) Pause Young (Concurrent Start) (G1 Humongous Allocation) 239M->229M(512M) 1,882ms
[2023-07-28T15:17:05.736+0200][50,312s] GC(23) User=0,01s Sys=0,00s Real=0,00s
[2023-07-28T15:17:05.736+0200][50,312s] GC(24) Concurrent Undo Cycle
[2023-07-28T15:17:05.736+0200][50,312s] GC(24) Concurrent Cleanup for Next Mark
[2023-07-28T15:17:05.736+0200][50,312s] GC(24) Concurrent Cleanup for Next Mark 0,258ms
[2023-07-28T15:17:05.736+0200][50,312s] GC(24) Concurrent Undo Cycle 0,330ms
[2023-07-28T15:17:05.737+0200][50,313s] GC(25) Pause Young (Concurrent Start) (G1 Humongous Allocation)
[2023-07-28T15:17:05.737+0200][50,313s] GC(25) Using 8 workers of 8 for evacuation
[2023-07-28T15:17:05.739+0200][50,315s] GC(25)   Pre Evacuate Collection Set: 0,1ms
[2023-07-28T15:17:05.739+0200][50,315s] GC(25)   Merge Heap Roots: 0,0ms
[2023-07-28T15:17:05.739+0200][50,315s] GC(25)   Evacuate Collection Set: 1,3ms
[2023-07-28T15:17:05.739+0200][50,315s] GC(25)   Post Evacuate Collection Set: 0,2ms
[2023-07-28T15:17:05.739+0200][50,315s] GC(25)   Other: 0,1ms
[2023-07-28T15:17:05.739+0200][50,315s] GC(25) Eden regions: 2->0(218)
[2023-07-28T15:17:05.739+0200][50,315s] GC(25) Survivor regions: 3->3(28)
[2023-07-28T15:17:05.739+0200][50,315s] GC(25) Old regions: 46->46
[2023-07-28T15:17:05.739+0200][50,315s] GC(25) Archive regions: 2->2
[2023-07-28T15:17:05.739+0200][50,315s] GC(25) Humongous regions: 185->181
[2023-07-28T15:17:05.739+0200][50,315s] GC(25) Metaspace: 58324K(58880K)->58324K(58880K) NonClass: 51218K(51520K)->51218K(51520K) Class: 7105K(7360K)->7105K(7360K)
[2023-07-28T15:17:05.739+0200][50,315s] GC(25) Pause Young (Concurrent Start) (G1 Humongous Allocation) 234M->229M(512M) 1,809ms
[2023-07-28T15:17:05.739+0200][50,315s] GC(25) User=0,01s Sys=0,01s Real=0,00s
[2023-07-28T15:17:05.739+0200][50,315s] GC(26) Concurrent Undo Cycle
[2023-07-28T15:17:05.739+0200][50,315s] GC(26) Concurrent Cleanup for Next Mark
[2023-07-28T15:17:05.739+0200][50,315s] GC(26) Concurrent Cleanup for Next Mark 0,305ms
[2023-07-28T15:17:05.739+0200][50,315s] GC(26) Concurrent Undo Cycle 0,351ms
[2023-07-28T15:17:05.749+0200][50,324s] GC(27) Pause Young (Concurrent Start) (G1 Humongous Allocation)
[2023-07-28T15:17:05.749+0200][50,325s] GC(27) Using 8 workers of 8 for evacuation
[2023-07-28T15:17:05.750+0200][50,326s] GC(27)   Pre Evacuate Collection Set: 0,1ms
[2023-07-28T15:17:05.750+0200][50,326s] GC(27)   Merge Heap Roots: 0,1ms
[2023-07-28T15:17:05.750+0200][50,326s] GC(27)   Evacuate Collection Set: 1,2ms
[2023-07-28T15:17:05.750+0200][50,326s] GC(27)   Post Evacuate Collection Set: 0,3ms
[2023-07-28T15:17:05.750+0200][50,326s] GC(27)   Other: 0,1ms
[2023-07-28T15:17:05.751+0200][50,326s] GC(27) Eden regions: 3->0(213)
[2023-07-28T15:17:05.751+0200][50,326s] GC(27) Survivor regions: 3->3(28)
[2023-07-28T15:17:05.751+0200][50,326s] GC(27) Old regions: 46->46
[2023-07-28T15:17:05.751+0200][50,326s] GC(27) Archive regions: 2->2
[2023-07-28T15:17:05.751+0200][50,326s] GC(27) Humongous regions: 188->188
[2023-07-28T15:17:05.751+0200][50,326s] GC(27) Metaspace: 58351K(58944K)->58351K(58944K) NonClass: 51243K(51584K)->51243K(51584K) Class: 7108K(7360K)->7108K(7360K)
[2023-07-28T15:17:05.751+0200][50,326s] GC(27) Pause Young (Concurrent Start) (G1 Humongous Allocation) 239M->236M(512M) 1,945ms
[2023-07-28T15:17:05.751+0200][50,326s] GC(27) User=0,00s Sys=0,00s Real=0,01s
[2023-07-28T15:17:05.751+0200][50,326s] GC(28) Concurrent Mark Cycle
[2023-07-28T15:17:05.751+0200][50,326s] GC(28) Concurrent Clear Claimed Marks
[2023-07-28T15:17:05.751+0200][50,327s] GC(28) Concurrent Clear Claimed Marks 0,009ms
[2023-07-28T15:17:05.751+0200][50,327s] GC(28) Concurrent Scan Root Regions
[2023-07-28T15:17:05.752+0200][50,327s] GC(28) Concurrent Scan Root Regions 0,910ms
[2023-07-28T15:17:05.752+0200][50,327s] GC(28) Concurrent Mark
[2023-07-28T15:17:05.752+0200][50,327s] GC(28) Concurrent Mark From Roots
[2023-07-28T15:17:05.752+0200][50,327s] GC(28) Using 2 workers of 2 for marking
[2023-07-28T15:17:05.781+0200][50,357s] GC(28) Concurrent Mark From Roots 29,413ms
[2023-07-28T15:17:05.781+0200][50,357s] GC(28) Concurrent Preclean
[2023-07-28T15:17:05.781+0200][50,357s] GC(28) Concurrent Preclean 0,231ms
[2023-07-28T15:17:05.791+0200][50,367s] GC(28) Pause Remark
[2023-07-28T15:17:05.819+0200][50,395s] GC(28) Pause Remark 321M->321M(512M) 27,777ms
[2023-07-28T15:17:05.819+0200][50,395s] GC(28) User=0,04s Sys=0,08s Real=0,02s
[2023-07-28T15:17:05.819+0200][50,395s] GC(28) Concurrent Mark 67,684ms
[2023-07-28T15:17:05.819+0200][50,395s] GC(28) Concurrent Rebuild Remembered Sets
[2023-07-28T15:17:05.832+0200][50,407s] GC(28) Concurrent Rebuild Remembered Sets 12,259ms
[2023-07-28T15:17:05.832+0200][50,408s] GC(28) Pause Cleanup
[2023-07-28T15:17:05.832+0200][50,408s] GC(28) Pause Cleanup 321M->321M(512M) 0,138ms
[2023-07-28T15:17:05.832+0200][50,408s] GC(28) User=0,00s Sys=0,00s Real=0,00s
[2023-07-28T15:17:05.832+0200][50,408s] GC(28) Concurrent Cleanup for Next Mark
[2023-07-28T15:17:05.834+0200][50,410s] GC(28) Concurrent Cleanup for Next Mark 1,714ms
[2023-07-28T15:17:05.834+0200][50,410s] GC(28) Concurrent Mark Cycle 83,376ms
[2023-07-28T15:17:05.837+0200][50,413s] GC(29) Pause Young (Concurrent Start) (G1 Humongous Allocation)
[2023-07-28T15:17:05.837+0200][50,413s] GC(29) Using 8 workers of 8 for evacuation
[2023-07-28T15:17:05.839+0200][50,415s] GC(29)   Pre Evacuate Collection Set: 0,1ms
[2023-07-28T15:17:05.839+0200][50,415s] GC(29)   Merge Heap Roots: 0,1ms
[2023-07-28T15:17:05.839+0200][50,415s] GC(29)   Evacuate Collection Set: 1,6ms
[2023-07-28T15:17:05.839+0200][50,415s] GC(29)   Post Evacuate Collection Set: 0,3ms
[2023-07-28T15:17:05.839+0200][50,415s] GC(29)   Other: 0,1ms
[2023-07-28T15:17:05.839+0200][50,415s] GC(29) Eden regions: 3->0(179)
[2023-07-28T15:17:05.839+0200][50,415s] GC(29) Survivor regions: 3->3(27)
[2023-07-28T15:17:05.839+0200][50,415s] GC(29) Old regions: 46->46
[2023-07-28T15:17:05.839+0200][50,415s] GC(29) Archive regions: 2->2
[2023-07-28T15:17:05.839+0200][50,415s] GC(29) Humongous regions: 270->224
[2023-07-28T15:17:05.839+0200][50,415s] GC(29) Metaspace: 58314K(58944K)->58314K(58944K) NonClass: 51220K(51584K)->51220K(51584K) Class: 7094K(7360K)->7094K(7360K)
[2023-07-28T15:17:05.839+0200][50,415s] GC(29) Pause Young (Concurrent Start) (G1 Humongous Allocation) 321M->272M(512M) 2,244ms
[2023-07-28T15:17:05.839+0200][50,415s] GC(29) User=0,01s Sys=0,00s Real=0,00s
[2023-07-28T15:17:05.840+0200][50,415s] GC(30) Concurrent Mark Cycle
[2023-07-28T15:17:05.840+0200][50,415s] GC(30) Concurrent Clear Claimed Marks
[2023-07-28T15:17:05.840+0200][50,415s] GC(30) Concurrent Clear Claimed Marks 0,015ms
[2023-07-28T15:17:05.840+0200][50,415s] GC(30) Concurrent Scan Root Regions
[2023-07-28T15:17:05.840+0200][50,416s] GC(30) Concurrent Scan Root Regions 0,752ms
[2023-07-28T15:17:05.840+0200][50,416s] GC(30) Concurrent Mark
[2023-07-28T15:17:05.840+0200][50,416s] GC(30) Concurrent Mark From Roots
[2023-07-28T15:17:05.840+0200][50,416s] GC(30) Using 2 workers of 2 for marking
[2023-07-28T15:17:05.860+0200][50,436s] GC(30) Concurrent Mark From Roots 19,503ms
[2023-07-28T15:17:05.861+0200][50,436s] GC(30) Concurrent Preclean
[2023-07-28T15:17:05.861+0200][50,437s] GC(30) Concurrent Preclean 0,149ms
[2023-07-28T15:17:05.861+0200][50,437s] GC(30) Pause Remark
[2023-07-28T15:17:05.865+0200][50,441s] GC(30) Pause Remark 295M->295M(512M) 4,099ms
[2023-07-28T15:17:05.865+0200][50,441s] GC(30) User=0,01s Sys=0,00s Real=0,00s
[2023-07-28T15:17:05.865+0200][50,441s] GC(30) Concurrent Mark 25,086ms
[2023-07-28T15:17:05.865+0200][50,441s] GC(30) Concurrent Rebuild Remembered Sets
[2023-07-28T15:17:05.877+0200][50,453s] GC(30) Concurrent Rebuild Remembered Sets 11,957ms
[2023-07-28T15:17:05.878+0200][50,454s] GC(30) Pause Cleanup
[2023-07-28T15:17:05.878+0200][50,454s] GC(30) Pause Cleanup 312M->312M(512M) 0,075ms
[2023-07-28T15:17:05.878+0200][50,454s] GC(30) User=0,00s Sys=0,00s Real=0,00s
[2023-07-28T15:17:05.878+0200][50,454s] GC(30) Concurrent Cleanup for Next Mark
[2023-07-28T15:17:05.878+0200][50,454s] GC(30) Concurrent Cleanup for Next Mark 0,190ms
[2023-07-28T15:17:05.878+0200][50,454s] GC(30) Concurrent Mark Cycle 38,831ms
[2023-07-28T15:17:05.890+0200][50,465s] GC(31) Pause Young (Concurrent Start) (G1 Humongous Allocation)
[2023-07-28T15:17:05.890+0200][50,466s] GC(31) Using 8 workers of 8 for evacuation
[2023-07-28T15:17:05.893+0200][50,469s] GC(31)   Pre Evacuate Collection Set: 0,1ms
[2023-07-28T15:17:05.893+0200][50,469s] GC(31)   Merge Heap Roots: 0,1ms
[2023-07-28T15:17:05.893+0200][50,469s] GC(31)   Evacuate Collection Set: 2,7ms
[2023-07-28T15:17:05.893+0200][50,469s] GC(31)   Post Evacuate Collection Set: 0,3ms
[2023-07-28T15:17:05.893+0200][50,469s] GC(31)   Other: 0,1ms
[2023-07-28T15:17:05.893+0200][50,469s] GC(31) Eden regions: 4->0(162)
[2023-07-28T15:17:05.893+0200][50,469s] GC(31) Survivor regions: 3->3(23)
[2023-07-28T15:17:05.893+0200][50,469s] GC(31) Old regions: 46->46
[2023-07-28T15:17:05.893+0200][50,469s] GC(31) Archive regions: 2->2
[2023-07-28T15:17:05.893+0200][50,469s] GC(31) Humongous regions: 261->242
[2023-07-28T15:17:05.893+0200][50,469s] GC(31) Metaspace: 58315K(58944K)->58315K(58944K) NonClass: 51220K(51584K)->51220K(51584K) Class: 7095K(7360K)->7095K(7360K)
[2023-07-28T15:17:05.893+0200][50,469s] GC(31) Pause Young (Concurrent Start) (G1 Humongous Allocation) 313M->290M(512M) 3,377ms
[2023-07-28T15:17:05.893+0200][50,469s] GC(31) User=0,01s Sys=0,00s Real=0,00s
[2023-07-28T15:17:05.893+0200][50,469s] GC(32) Concurrent Mark Cycle
[2023-07-28T15:17:05.893+0200][50,469s] GC(32) Concurrent Clear Claimed Marks
[2023-07-28T15:17:05.893+0200][50,469s] GC(32) Concurrent Clear Claimed Marks 0,014ms
[2023-07-28T15:17:05.893+0200][50,469s] GC(32) Concurrent Scan Root Regions
[2023-07-28T15:17:05.894+0200][50,469s] GC(32) Concurrent Scan Root Regions 0,503ms
[2023-07-28T15:17:05.894+0200][50,469s] GC(32) Concurrent Mark
[2023-07-28T15:17:05.894+0200][50,469s] GC(32) Concurrent Mark From Roots
[2023-07-28T15:17:05.894+0200][50,469s] GC(32) Using 2 workers of 2 for marking
[2023-07-28T15:17:05.923+0200][50,498s] GC(32) Concurrent Mark From Roots 28,986ms
[2023-07-28T15:17:05.923+0200][50,499s] GC(32) Concurrent Preclean
[2023-07-28T15:17:05.923+0200][50,499s] GC(32) Concurrent Preclean 0,150ms
[2023-07-28T15:17:05.925+0200][50,501s] GC(32) Pause Remark
[2023-07-28T15:17:05.931+0200][50,506s] GC(32) Pause Remark 326M->326M(512M) 5,164ms
[2023-07-28T15:17:05.931+0200][50,506s] GC(32) User=0,01s Sys=0,01s Real=0,01s
[2023-07-28T15:17:05.931+0200][50,507s] GC(32) Concurrent Mark 37,056ms
[2023-07-28T15:17:05.931+0200][50,507s] GC(32) Concurrent Rebuild Remembered Sets
[2023-07-28T15:17:05.963+0200][50,539s] GC(32) Concurrent Rebuild Remembered Sets 32,204ms
[2023-07-28T15:17:05.972+0200][50,548s] GC(32) Pause Cleanup
[2023-07-28T15:17:05.972+0200][50,548s] GC(32) Pause Cleanup 406M->406M(512M) 0,164ms
[2023-07-28T15:17:05.972+0200][50,548s] GC(32) User=0,00s Sys=0,00s Real=0,00s
[2023-07-28T15:17:05.972+0200][50,548s] GC(32) Concurrent Cleanup for Next Mark
[2023-07-28T15:17:05.972+0200][50,548s] GC(32) Concurrent Cleanup for Next Mark 0,346ms
[2023-07-28T15:17:05.972+0200][50,548s] GC(32) Concurrent Mark Cycle 79,388ms
[2023-07-28T15:17:05.978+0200][50,554s] GC(33) Pause Young (Concurrent Start) (G1 Humongous Allocation)
[2023-07-28T15:17:05.978+0200][50,554s] GC(33) Using 8 workers of 8 for evacuation
[2023-07-28T15:17:05.980+0200][50,556s] GC(33)   Pre Evacuate Collection Set: 0,2ms
[2023-07-28T15:17:05.980+0200][50,556s] GC(33)   Merge Heap Roots: 0,1ms
[2023-07-28T15:17:05.980+0200][50,556s] GC(33)   Evacuate Collection Set: 1,3ms
[2023-07-28T15:17:05.980+0200][50,556s] GC(33)   Post Evacuate Collection Set: 0,3ms
[2023-07-28T15:17:05.980+0200][50,556s] GC(33)   Other: 0,1ms
[2023-07-28T15:17:05.980+0200][50,556s] GC(33) Eden regions: 4->0(99)
[2023-07-28T15:17:05.980+0200][50,556s] GC(33) Survivor regions: 3->3(21)
[2023-07-28T15:17:05.980+0200][50,556s] GC(33) Old regions: 46->46
[2023-07-28T15:17:05.980+0200][50,556s] GC(33) Archive regions: 2->2
[2023-07-28T15:17:05.980+0200][50,556s] GC(33) Humongous regions: 354->307
[2023-07-28T15:17:05.980+0200][50,556s] GC(33) Metaspace: 58326K(58944K)->58326K(58944K) NonClass: 51224K(51584K)->51224K(51584K) Class: 7101K(7360K)->7101K(7360K)
[2023-07-28T15:17:05.980+0200][50,556s] GC(33) Pause Young (Concurrent Start) (G1 Humongous Allocation) 406M->356M(512M) 2,015ms
[2023-07-28T15:17:05.980+0200][50,556s] GC(33) User=0,00s Sys=0,01s Real=0,01s
[2023-07-28T15:17:05.980+0200][50,556s] GC(34) Concurrent Mark Cycle
[2023-07-28T15:17:05.980+0200][50,556s] GC(34) Concurrent Clear Claimed Marks
[2023-07-28T15:17:05.980+0200][50,556s] GC(34) Concurrent Clear Claimed Marks 0,011ms
[2023-07-28T15:17:05.980+0200][50,556s] GC(34) Concurrent Scan Root Regions
[2023-07-28T15:17:05.981+0200][50,557s] GC(34) Concurrent Scan Root Regions 0,642ms
[2023-07-28T15:17:05.981+0200][50,557s] GC(34) Concurrent Mark
[2023-07-28T15:17:05.981+0200][50,557s] GC(34) Concurrent Mark From Roots
[2023-07-28T15:17:05.981+0200][50,557s] GC(34) Using 2 workers of 2 for marking
[2023-07-28T15:17:06.002+0200][50,578s] GC(34) Concurrent Mark From Roots 21,061ms
[2023-07-28T15:17:06.002+0200][50,578s] GC(34) Concurrent Preclean
[2023-07-28T15:17:06.002+0200][50,578s] GC(34) Concurrent Preclean 0,190ms
[2023-07-28T15:17:06.007+0200][50,583s] GC(34) Pause Remark
[2023-07-28T15:17:06.012+0200][50,588s] GC(34) Pause Remark 432M->432M(512M) 5,125ms
[2023-07-28T15:17:06.012+0200][50,588s] GC(34) User=0,02s Sys=0,01s Real=0,01s
[2023-07-28T15:17:06.012+0200][50,588s] GC(34) Concurrent Mark 31,488ms
[2023-07-28T15:17:06.012+0200][50,588s] GC(34) Concurrent Rebuild Remembered Sets
[2023-07-28T15:17:06.024+0200][50,600s] GC(34) Concurrent Rebuild Remembered Sets 12,027ms
[2023-07-28T15:17:06.087+0200][50,663s] GC(34) Pause Cleanup
[2023-07-28T15:17:06.087+0200][50,663s] GC(34) Pause Cleanup 432M->432M(512M) 0,118ms
[2023-07-28T15:17:06.087+0200][50,663s] GC(34) User=0,00s Sys=0,00s Real=0,00s
[2023-07-28T15:17:06.087+0200][50,663s] GC(34) Concurrent Cleanup for Next Mark
[2023-07-28T15:17:06.088+0200][50,664s] GC(34) Concurrent Cleanup for Next Mark 0,401ms
[2023-07-28T15:17:06.088+0200][50,664s] GC(34) Concurrent Mark Cycle 107,649ms
[2023-07-28T15:17:06.099+0200][50,675s] GC(35) Pause Young (Concurrent Start) (G1 Humongous Allocation)
[2023-07-28T15:17:06.099+0200][50,675s] GC(35) Using 8 workers of 8 for evacuation
[2023-07-28T15:17:06.101+0200][50,677s] GC(35)   Pre Evacuate Collection Set: 0,1ms
[2023-07-28T15:17:06.101+0200][50,677s] GC(35)   Merge Heap Roots: 0,0ms
[2023-07-28T15:17:06.101+0200][50,677s] GC(35)   Evacuate Collection Set: 1,6ms
[2023-07-28T15:17:06.101+0200][50,677s] GC(35)   Post Evacuate Collection Set: 0,3ms
[2023-07-28T15:17:06.102+0200][50,677s] GC(35)   Other: 0,1ms
[2023-07-28T15:17:06.102+0200][50,677s] GC(35) Eden regions: 3->0(82)
[2023-07-28T15:17:06.102+0200][50,677s] GC(35) Survivor regions: 3->3(13)
[2023-07-28T15:17:06.102+0200][50,677s] GC(35) Old regions: 46->46
[2023-07-28T15:17:06.102+0200][50,677s] GC(35) Archive regions: 2->2
[2023-07-28T15:17:06.102+0200][50,677s] GC(35) Humongous regions: 381->324
[2023-07-28T15:17:06.102+0200][50,677s] GC(35) Metaspace: 58332K(58944K)->58332K(58944K) NonClass: 51227K(51584K)->51227K(51584K) Class: 7104K(7360K)->7104K(7360K)
[2023-07-28T15:17:06.102+0200][50,677s] GC(35) Pause Young (Concurrent Start) (G1 Humongous Allocation) 432M->372M(512M) 2,188ms
[2023-07-28T15:17:06.102+0200][50,677s] GC(35) User=0,01s Sys=0,00s Real=0,01s
[2023-07-28T15:17:06.102+0200][50,677s] GC(36) Concurrent Mark Cycle
[2023-07-28T15:17:06.102+0200][50,677s] GC(36) Concurrent Clear Claimed Marks
[2023-07-28T15:17:06.102+0200][50,677s] GC(36) Concurrent Clear Claimed Marks 0,021ms
[2023-07-28T15:17:06.102+0200][50,677s] GC(36) Concurrent Scan Root Regions
[2023-07-28T15:17:06.103+0200][50,679s] GC(36) Concurrent Scan Root Regions 1,123ms
[2023-07-28T15:17:06.103+0200][50,679s] GC(36) Concurrent Mark
[2023-07-28T15:17:06.103+0200][50,679s] GC(36) Concurrent Mark From Roots
[2023-07-28T15:17:06.103+0200][50,679s] GC(36) Using 2 workers of 2 for marking
[2023-07-28T15:17:06.125+0200][50,701s] GC(37) Pause Young (Normal) (G1 Humongous Allocation)
[2023-07-28T15:17:06.125+0200][50,701s] GC(37) Using 8 workers of 8 for evacuation
[2023-07-28T15:17:06.127+0200][50,703s] GC(37)   Pre Evacuate Collection Set: 0,1ms
[2023-07-28T15:17:06.127+0200][50,703s] GC(37)   Merge Heap Roots: 0,1ms
[2023-07-28T15:17:06.127+0200][50,703s] GC(37)   Evacuate Collection Set: 1,4ms
[2023-07-28T15:17:06.127+0200][50,703s] GC(37)   Post Evacuate Collection Set: 0,6ms
[2023-07-28T15:17:06.127+0200][50,703s] GC(37)   Other: 0,1ms
[2023-07-28T15:17:06.127+0200][50,703s] GC(37) Eden regions: 2->0(57)
[2023-07-28T15:17:06.127+0200][50,703s] GC(37) Survivor regions: 3->3(11)
[2023-07-28T15:17:06.127+0200][50,703s] GC(37) Old regions: 46->46
[2023-07-28T15:17:06.127+0200][50,703s] GC(37) Archive regions: 2->2
[2023-07-28T15:17:06.127+0200][50,703s] GC(37) Humongous regions: 387->349
[2023-07-28T15:17:06.127+0200][50,703s] GC(37) Metaspace: 58332K(58944K)->58332K(58944K) NonClass: 51227K(51584K)->51227K(51584K) Class: 7104K(7360K)->7104K(7360K)
[2023-07-28T15:17:06.127+0200][50,703s] GC(37) Pause Young (Normal) (G1 Humongous Allocation) 437M->397M(512M) 2,346ms
[2023-07-28T15:17:06.128+0200][50,703s] GC(37) User=0,00s Sys=0,00s Real=0,00s
[2023-07-28T15:17:06.134+0200][50,710s] GC(36) Concurrent Mark From Roots 31,608ms
[2023-07-28T15:17:06.135+0200][50,710s] GC(36) Concurrent Preclean
[2023-07-28T15:17:06.140+0200][50,716s] GC(38) Pause Young (Normal) (G1 Humongous Allocation)
[2023-07-28T15:17:06.140+0200][50,716s] GC(38) Using 8 workers of 8 for evacuation
[2023-07-28T15:17:06.142+0200][50,718s] GC(38)   Pre Evacuate Collection Set: 0,1ms
[2023-07-28T15:17:06.142+0200][50,718s] GC(38)   Merge Heap Roots: 0,0ms
[2023-07-28T15:17:06.142+0200][50,718s] GC(38)   Evacuate Collection Set: 1,5ms
[2023-07-28T15:17:06.142+0200][50,718s] GC(38)   Post Evacuate Collection Set: 0,2ms
[2023-07-28T15:17:06.142+0200][50,718s] GC(38)   Other: 0,1ms
[2023-07-28T15:17:06.142+0200][50,718s] GC(38) Eden regions: 1->0(38)
[2023-07-28T15:17:06.142+0200][50,718s] GC(38) Survivor regions: 3->1(8)
[2023-07-28T15:17:06.142+0200][50,718s] GC(38) Old regions: 46->48
[2023-07-28T15:17:06.142+0200][50,718s] GC(38) Archive regions: 2->2
[2023-07-28T15:17:06.142+0200][50,718s] GC(38) Humongous regions: 370->370
[2023-07-28T15:17:06.142+0200][50,718s] GC(38) Metaspace: 58332K(58944K)->58332K(58944K) NonClass: 51227K(51584K)->51227K(51584K) Class: 7105K(7360K)->7105K(7360K)
[2023-07-28T15:17:06.142+0200][50,718s] GC(38) Pause Young (Normal) (G1 Humongous Allocation) 419M->418M(512M) 1,978ms
[2023-07-28T15:17:06.142+0200][50,718s] GC(38) User=0,01s Sys=0,00s Real=0,00s
[2023-07-28T15:17:06.142+0200][50,718s] Attempting full compaction
[2023-07-28T15:17:06.142+0200][50,718s] GC(39) Using 8 workers of 8 for full compaction
[2023-07-28T15:17:06.142+0200][50,718s] GC(39) Pause Full (G1 Compaction Pause)
[2023-07-28T15:17:06.142+0200][50,718s] GC(39) Phase 1: Mark live objects
[2023-07-28T15:17:06.161+0200][50,737s] GC(39) Phase 1: Mark live objects 18,706ms
[2023-07-28T15:17:06.161+0200][50,737s] GC(39) Phase 2: Prepare for compaction
[2023-07-28T15:17:06.163+0200][50,739s] GC(39) Phase 2: Prepare for compaction 2,479ms
[2023-07-28T15:17:06.163+0200][50,739s] GC(39) Phase 3: Adjust pointers
[2023-07-28T15:17:06.203+0200][50,779s] GC(39) Phase 3: Adjust pointers 39,321ms
[2023-07-28T15:17:06.203+0200][50,779s] GC(39) Phase 4: Compact heap
[2023-07-28T15:17:06.205+0200][50,781s] GC(39) Phase 4: Compact heap 2,396ms
[2023-07-28T15:17:06.210+0200][50,786s] GC(39) Eden regions: 0->0(38)
[2023-07-28T15:17:06.210+0200][50,786s] GC(39) Survivor regions: 1->0(8)
[2023-07-28T15:17:06.210+0200][50,786s] GC(39) Old regions: 48->49
[2023-07-28T15:17:06.210+0200][50,786s] GC(39) Archive regions: 2->2
[2023-07-28T15:17:06.210+0200][50,786s] GC(39) Humongous regions: 370->370
[2023-07-28T15:17:06.210+0200][50,786s] GC(39) Metaspace: 58332K(58944K)->58313K(58944K) NonClass: 51227K(51584K)->51214K(51584K) Class: 7105K(7360K)->7099K(7360K)
[2023-07-28T15:17:06.210+0200][50,786s] GC(39) Pause Full (G1 Compaction Pause) 418M->417M(512M) 68,020ms
[2023-07-28T15:17:06.210+0200][50,786s] GC(39) User=0,14s Sys=0,04s Real=0,07s
[2023-07-28T15:17:06.210+0200][50,786s] Attempting maximum full compaction clearing soft references
[2023-07-28T15:17:06.210+0200][50,786s] GC(40) Using 8 workers of 8 for full compaction
[2023-07-28T15:17:06.210+0200][50,786s] GC(40) Pause Full (G1 Compaction Pause)
[2023-07-28T15:17:06.210+0200][50,786s] GC(40) Phase 1: Mark live objects
[2023-07-28T15:17:06.225+0200][50,800s] GC(40) Phase 1: Mark live objects 14,325ms
[2023-07-28T15:17:06.225+0200][50,800s] GC(40) Phase 2: Prepare for compaction
[2023-07-28T15:17:06.227+0200][50,803s] GC(40) Phase 2: Prepare for compaction 2,702ms
[2023-07-28T15:17:06.227+0200][50,803s] GC(40) Phase 3: Adjust pointers
[2023-07-28T15:17:06.237+0200][50,813s] GC(40) Phase 3: Adjust pointers 9,287ms
[2023-07-28T15:17:06.237+0200][50,813s] GC(40) Phase 4: Compact heap
[2023-07-28T15:17:06.240+0200][50,816s] GC(40) Phase 4: Compact heap 3,168ms
[2023-07-28T15:17:06.244+0200][50,820s] GC(40) Eden regions: 0->0(40)
[2023-07-28T15:17:06.244+0200][50,820s] GC(40) Survivor regions: 0->0(8)
[2023-07-28T15:17:06.244+0200][50,820s] GC(40) Old regions: 49->47
[2023-07-28T15:17:06.244+0200][50,820s] GC(40) Archive regions: 2->2
[2023-07-28T15:17:06.244+0200][50,820s] GC(40) Humongous regions: 370->370
[2023-07-28T15:17:06.244+0200][50,820s] GC(40) Metaspace: 58313K(58944K)->58106K(58944K) NonClass: 51214K(51584K)->51055K(51584K) Class: 7099K(7360K)->7051K(7360K)
[2023-07-28T15:17:06.244+0200][50,820s] GC(40) Pause Full (G1 Compaction Pause) 417M->415M(512M) 33,809ms
[2023-07-28T15:17:06.244+0200][50,820s] GC(40) User=0,16s Sys=0,01s Real=0,03s
[2023-07-28T15:17:06.251+0200][50,827s] GC(36) Concurrent Preclean 116,361ms
[2023-07-28T15:17:06.251+0200][50,827s] GC(36) Concurrent Mark Abort
[2023-07-28T15:17:06.251+0200][50,827s] GC(36) Concurrent Mark Cycle 149,381ms
