[2023-07-28T15:10:19.146+0200][0.010s] Using G1
[2023-07-28T15:10:19.265+0200][0.128s] Version: 17.0.1+12-39 (release)
[2023-07-28T15:10:19.265+0200][0.128s] CPUs: 8 total, 8 available
[2023-07-28T15:10:19.265+0200][0.128s] Memory: 8192M
[2023-07-28T15:10:19.265+0200][0.128s] Large Page Support: Disabled
[2023-07-28T15:10:19.265+0200][0.128s] NUMA Support: Disabled
[2023-07-28T15:10:19.265+0200][0.128s] Compressed Oops: Enabled (Zero based)
[2023-07-28T15:10:19.265+0200][0.128s] Heap Region Size: 1M
[2023-07-28T15:10:19.265+0200][0.128s] Heap Min Capacity: 512M
[2023-07-28T15:10:19.265+0200][0.128s] Heap Initial Capacity: 512M
[2023-07-28T15:10:19.265+0200][0.128s] Heap Max Capacity: 512M
[2023-07-28T15:10:19.265+0200][0.128s] Pre-touch: Enabled
[2023-07-28T15:10:19.265+0200][0.128s] Parallel Workers: 8
[2023-07-28T15:10:19.265+0200][0.128s] Concurrent Workers: 2
[2023-07-28T15:10:19.265+0200][0.128s] Concurrent Refinement Workers: 8
[2023-07-28T15:10:19.265+0200][0.128s] Periodic GC: Disabled
[2023-07-28T15:10:19.265+0200][0.128s] CDS archive(s) mapped at: [0x0000000800000000-0x0000000800bd4000-0x0000000800bd4000), size 12402688, SharedBaseAddress: 0x0000000800000000, ArchiveRelocationMode: 0.
[2023-07-28T15:10:19.265+0200][0.128s] Compressed class space mapped at: 0x0000000800c00000-0x0000000840c00000, reserved size: 1073741824
[2023-07-28T15:10:19.265+0200][0.128s] Narrow klass base: 0x0000000800000000, Narrow klass shift: 0, Narrow klass range: 0x100000000
[2023-07-28T15:10:20.114+0200][0,977s] GC(0) Pause Young (Normal) (G1 Evacuation Pause)
[2023-07-28T15:10:20.114+0200][0,978s] GC(0) Using 8 workers of 8 for evacuation
[2023-07-28T15:10:20.122+0200][0,985s] GC(0)   Pre Evacuate Collection Set: 0,1ms
[2023-07-28T15:10:20.122+0200][0,985s] GC(0)   Merge Heap Roots: 0,1ms
[2023-07-28T15:10:20.122+0200][0,985s] GC(0)   Evacuate Collection Set: 6,7ms
[2023-07-28T15:10:20.122+0200][0,985s] GC(0)   Post Evacuate Collection Set: 0,3ms
[2023-07-28T15:10:20.122+0200][0,985s] GC(0)   Other: 0,6ms
[2023-07-28T15:10:20.122+0200][0,985s] GC(0) Eden regions: 29->0(67)
[2023-07-28T15:10:20.122+0200][0,985s] GC(0) Survivor regions: 0->4(4)
[2023-07-28T15:10:20.122+0200][0,985s] GC(0) Old regions: 0->0
[2023-07-28T15:10:20.122+0200][0,985s] GC(0) Archive regions: 2->2
[2023-07-28T15:10:20.122+0200][0,985s] GC(0) Humongous regions: 0->0
[2023-07-28T15:10:20.122+0200][0,985s] GC(0) Metaspace: 7420K(7680K)->7420K(7680K) NonClass: 6532K(6656K)->6532K(6656K) Class: 888K(1024K)->888K(1024K)
[2023-07-28T15:10:20.122+0200][0,985s] GC(0) Pause Young (Normal) (G1 Evacuation Pause) 29M->4M(512M) 7,981ms
[2023-07-28T15:10:20.122+0200][0,985s] GC(0) User=0,02s Sys=0,01s Real=0,01s
[2023-07-28T15:10:21.288+0200][2,151s] GC(1) Pause Young (Normal) (G1 Evacuation Pause)
[2023-07-28T15:10:21.288+0200][2,151s] GC(1) Using 8 workers of 8 for evacuation
[2023-07-28T15:10:21.301+0200][2,164s] GC(1)   Pre Evacuate Collection Set: 0,1ms
[2023-07-28T15:10:21.301+0200][2,165s] GC(1)   Merge Heap Roots: 0,1ms
[2023-07-28T15:10:21.301+0200][2,165s] GC(1)   Evacuate Collection Set: 12,6ms
[2023-07-28T15:10:21.301+0200][2,165s] GC(1)   Post Evacuate Collection Set: 0,4ms
[2023-07-28T15:10:21.301+0200][2,165s] GC(1)   Other: 0,1ms
[2023-07-28T15:10:21.301+0200][2,165s] GC(1) Eden regions: 67->0(83)
[2023-07-28T15:10:21.301+0200][2,165s] GC(1) Survivor regions: 4->9(9)
[2023-07-28T15:10:21.301+0200][2,165s] GC(1) Old regions: 0->9
[2023-07-28T15:10:21.301+0200][2,165s] GC(1) Archive regions: 2->2
[2023-07-28T15:10:21.301+0200][2,165s] GC(1) Humongous regions: 4->4
[2023-07-28T15:10:21.301+0200][2,165s] GC(1) Metaspace: 18442K(18688K)->18442K(18688K) NonClass: 16275K(16384K)->16275K(16384K) Class: 2167K(2304K)->2167K(2304K)
[2023-07-28T15:10:21.301+0200][2,165s] GC(1) Pause Young (Normal) (G1 Evacuation Pause) 75M->22M(512M) 13,441ms
[2023-07-28T15:10:21.301+0200][2,165s] GC(1) User=0,04s Sys=0,02s Real=0,02s
[2023-07-28T15:10:21.635+0200][2,499s] GC(2) Pause Young (Concurrent Start) (Metadata GC Threshold)
[2023-07-28T15:10:21.636+0200][2,499s] GC(2) Using 8 workers of 8 for evacuation
[2023-07-28T15:10:21.644+0200][2,508s] GC(2)   Pre Evacuate Collection Set: 0,0ms
[2023-07-28T15:10:21.644+0200][2,508s] GC(2)   Merge Heap Roots: 0,0ms
[2023-07-28T15:10:21.644+0200][2,508s] GC(2)   Evacuate Collection Set: 8,2ms
[2023-07-28T15:10:21.644+0200][2,508s] GC(2)   Post Evacuate Collection Set: 0,3ms
[2023-07-28T15:10:21.644+0200][2,508s] GC(2)   Other: 0,2ms
[2023-07-28T15:10:21.644+0200][2,508s] GC(2) Eden regions: 22->0(129)
[2023-07-28T15:10:21.644+0200][2,508s] GC(2) Survivor regions: 9->2(11)
[2023-07-28T15:10:21.644+0200][2,508s] GC(2) Old regions: 9->18
[2023-07-28T15:10:21.644+0200][2,508s] GC(2) Archive regions: 2->2
[2023-07-28T15:10:21.644+0200][2,508s] GC(2) Humongous regions: 4->4
[2023-07-28T15:10:21.644+0200][2,508s] GC(2) Metaspace: 21196K(21504K)->21196K(21504K) NonClass: 18709K(18880K)->18709K(18880K) Class: 2486K(2624K)->2486K(2624K)
[2023-07-28T15:10:21.644+0200][2,508s] GC(2) Pause Young (Concurrent Start) (Metadata GC Threshold) 44M->24M(512M) 8,874ms
[2023-07-28T15:10:21.644+0200][2,508s] GC(2) User=0,02s Sys=0,00s Real=0,01s
[2023-07-28T15:10:21.645+0200][2,508s] GC(3) Concurrent Mark Cycle
[2023-07-28T15:10:21.645+0200][2,508s] GC(3) Concurrent Clear Claimed Marks
[2023-07-28T15:10:21.645+0200][2,508s] GC(3) Concurrent Clear Claimed Marks 0,017ms
[2023-07-28T15:10:21.645+0200][2,508s] GC(3) Concurrent Scan Root Regions
[2023-07-28T15:10:21.648+0200][2,511s] GC(3) Concurrent Scan Root Regions 3,103ms
[2023-07-28T15:10:21.649+0200][2,513s] GC(3) Concurrent Mark
[2023-07-28T15:10:21.649+0200][2,513s] GC(3) Concurrent Mark From Roots
[2023-07-28T15:10:21.649+0200][2,513s] GC(3) Using 2 workers of 2 for marking
[2023-07-28T15:10:21.655+0200][2,519s] GC(3) Concurrent Mark From Roots 6,126ms
[2023-07-28T15:10:21.655+0200][2,519s] GC(3) Concurrent Preclean
[2023-07-28T15:10:21.656+0200][2,519s] GC(3) Concurrent Preclean 0,030ms
[2023-07-28T15:10:21.656+0200][2,519s] GC(3) Pause Remark
[2023-07-28T15:10:21.665+0200][2,529s] GC(3) Pause Remark 24M->24M(512M) 9,738ms
[2023-07-28T15:10:21.665+0200][2,529s] GC(3) User=0,01s Sys=0,01s Real=0,01s
[2023-07-28T15:10:21.666+0200][2,529s] GC(3) Concurrent Mark 16,284ms
[2023-07-28T15:10:21.666+0200][2,529s] GC(3) Concurrent Rebuild Remembered Sets
[2023-07-28T15:10:21.666+0200][2,529s] GC(3) Concurrent Rebuild Remembered Sets 0,008ms
[2023-07-28T15:10:21.666+0200][2,529s] GC(3) Pause Cleanup
[2023-07-28T15:10:21.666+0200][2,529s] GC(3) Pause Cleanup 24M->24M(512M) 0,015ms
[2023-07-28T15:10:21.666+0200][2,529s] GC(3) User=0,00s Sys=0,00s Real=0,00s
[2023-07-28T15:10:21.666+0200][2,529s] GC(3) Concurrent Cleanup for Next Mark
[2023-07-28T15:10:21.666+0200][2,530s] GC(3) Concurrent Cleanup for Next Mark 0,397ms
[2023-07-28T15:10:21.666+0200][2,530s] GC(3) Concurrent Mark Cycle 21,761ms
[2023-07-28T15:10:23.760+0200][4,624s] GC(4) Pause Young (Concurrent Start) (Metadata GC Threshold)
[2023-07-28T15:10:23.760+0200][4,624s] GC(4) Using 8 workers of 8 for evacuation
[2023-07-28T15:10:23.765+0200][4,629s] GC(4)   Pre Evacuate Collection Set: 0,1ms
[2023-07-28T15:10:23.765+0200][4,629s] GC(4)   Merge Heap Roots: 0,0ms
[2023-07-28T15:10:23.765+0200][4,629s] GC(4)   Evacuate Collection Set: 4,0ms
[2023-07-28T15:10:23.765+0200][4,629s] GC(4)   Post Evacuate Collection Set: 0,5ms
[2023-07-28T15:10:23.765+0200][4,629s] GC(4)   Other: 0,1ms
[2023-07-28T15:10:23.765+0200][4,629s] GC(4) Eden regions: 94->0(299)
[2023-07-28T15:10:23.765+0200][4,629s] GC(4) Survivor regions: 2->8(17)
[2023-07-28T15:10:23.765+0200][4,629s] GC(4) Old regions: 18->18
[2023-07-28T15:10:23.765+0200][4,629s] GC(4) Archive regions: 2->2
[2023-07-28T15:10:23.765+0200][4,629s] GC(4) Humongous regions: 5->4
[2023-07-28T15:10:23.765+0200][4,629s] GC(4) Metaspace: 35631K(35968K)->35631K(35968K) NonClass: 31333K(31488K)->31333K(31488K) Class: 4297K(4480K)->4297K(4480K)
[2023-07-28T15:10:23.765+0200][4,629s] GC(4) Pause Young (Concurrent Start) (Metadata GC Threshold) 118M->30M(512M) 4,835ms
[2023-07-28T15:10:23.765+0200][4,629s] GC(4) User=0,02s Sys=0,00s Real=0,00s
[2023-07-28T15:10:23.765+0200][4,629s] GC(5) Concurrent Mark Cycle
[2023-07-28T15:10:23.765+0200][4,629s] GC(5) Concurrent Clear Claimed Marks
[2023-07-28T15:10:23.765+0200][4,629s] GC(5) Concurrent Clear Claimed Marks 0,021ms
[2023-07-28T15:10:23.765+0200][4,629s] GC(5) Concurrent Scan Root Regions
[2023-07-28T15:10:23.767+0200][4,631s] GC(5) Concurrent Scan Root Regions 2,002ms
[2023-07-28T15:10:23.767+0200][4,631s] GC(5) Concurrent Mark
[2023-07-28T15:10:23.767+0200][4,631s] GC(5) Concurrent Mark From Roots
[2023-07-28T15:10:23.767+0200][4,631s] GC(5) Using 2 workers of 2 for marking
[2023-07-28T15:10:23.775+0200][4,639s] GC(5) Concurrent Mark From Roots 7,960ms
[2023-07-28T15:10:23.775+0200][4,639s] GC(5) Concurrent Preclean
[2023-07-28T15:10:23.775+0200][4,639s] GC(5) Concurrent Preclean 0,059ms
[2023-07-28T15:10:23.776+0200][4,639s] GC(5) Pause Remark
[2023-07-28T15:10:23.787+0200][4,651s] GC(5) Pause Remark 31M->31M(512M) 11,165ms
[2023-07-28T15:10:23.787+0200][4,651s] GC(5) User=0,01s Sys=0,01s Real=0,01s
[2023-07-28T15:10:23.787+0200][4,651s] GC(5) Concurrent Mark 19,779ms
[2023-07-28T15:10:23.787+0200][4,651s] GC(5) Concurrent Rebuild Remembered Sets
[2023-07-28T15:10:23.800+0200][4,664s] GC(5) Concurrent Rebuild Remembered Sets 13,329ms
[2023-07-28T15:10:23.801+0200][4,664s] GC(5) Pause Cleanup
[2023-07-28T15:10:23.801+0200][4,664s] GC(5) Pause Cleanup 31M->31M(512M) 0,124ms
[2023-07-28T15:10:23.801+0200][4,664s] GC(5) User=0,00s Sys=0,00s Real=0,00s
[2023-07-28T15:10:23.801+0200][4,665s] GC(5) Concurrent Cleanup for Next Mark
[2023-07-28T15:10:23.802+0200][4,666s] GC(5) Concurrent Cleanup for Next Mark 1,345ms
[2023-07-28T15:10:23.802+0200][4,666s] GC(5) Concurrent Mark Cycle 37,152ms
[2023-07-28T15:10:37.414+0200][18,278s] GC(6) Pause Young (Normal) (G1 Evacuation Pause)
[2023-07-28T15:10:37.415+0200][18,279s] GC(6) Using 8 workers of 8 for evacuation
[2023-07-28T15:10:37.447+0200][18,310s] GC(6)   Pre Evacuate Collection Set: 0,1ms
[2023-07-28T15:10:37.447+0200][18,310s] GC(6)   Merge Heap Roots: 0,1ms
[2023-07-28T15:10:37.447+0200][18,310s] GC(6)   Evacuate Collection Set: 30,5ms
[2023-07-28T15:10:37.447+0200][18,310s] GC(6)   Post Evacuate Collection Set: 1,0ms
[2023-07-28T15:10:37.447+0200][18,310s] GC(6)   Other: 1,0ms
[2023-07-28T15:10:37.447+0200][18,310s] GC(6) Eden regions: 299->0(270)
[2023-07-28T15:10:37.447+0200][18,310s] GC(6) Survivor regions: 8->35(39)
[2023-07-28T15:10:37.447+0200][18,310s] GC(6) Old regions: 18->18
[2023-07-28T15:10:37.447+0200][18,310s] GC(6) Archive regions: 2->2
[2023-07-28T15:10:37.447+0200][18,310s] GC(6) Humongous regions: 68->35
[2023-07-28T15:10:37.447+0200][18,310s] GC(6) Metaspace: 57366K(57920K)->57366K(57920K) NonClass: 50322K(50624K)->50322K(50624K) Class: 7043K(7296K)->7043K(7296K)
[2023-07-28T15:10:37.447+0200][18,310s] GC(6) Pause Young (Normal) (G1 Evacuation Pause) 393M->88M(512M) 32,737ms
[2023-07-28T15:10:37.447+0200][18,310s] GC(6) User=0,07s Sys=0,05s Real=0,03s
[2023-07-28T15:11:06.569+0200][47,433s] GC(7) Pause Young (Normal) (G1 Preventive Collection)
[2023-07-28T15:11:06.570+0200][47,434s] GC(7) Using 8 workers of 8 for evacuation
[2023-07-28T15:11:06.613+0200][47,477s] GC(7)   Pre Evacuate Collection Set: 0,2ms
[2023-07-28T15:11:06.613+0200][47,477s] GC(7)   Merge Heap Roots: 0,1ms
[2023-07-28T15:11:06.613+0200][47,477s] GC(7)   Evacuate Collection Set: 41,7ms
[2023-07-28T15:11:06.613+0200][47,477s] GC(7)   Post Evacuate Collection Set: 1,0ms
[2023-07-28T15:11:06.613+0200][47,477s] GC(7)   Other: 1,0ms
[2023-07-28T15:11:06.613+0200][47,477s] GC(7) Eden regions: 217->0(254)
[2023-07-28T15:11:06.613+0200][47,477s] GC(7) Survivor regions: 35->5(39)
[2023-07-28T15:11:06.613+0200][47,477s] GC(7) Old regions: 18->46
[2023-07-28T15:11:06.613+0200][47,477s] GC(7) Archive regions: 2->2
[2023-07-28T15:11:06.613+0200][47,477s] GC(7) Humongous regions: 187->87
[2023-07-28T15:11:06.613+0200][47,477s] GC(7) Metaspace: 58077K(58560K)->58077K(58560K) NonClass: 51002K(51264K)->51002K(51264K) Class: 7075K(7296K)->7075K(7296K)
[2023-07-28T15:11:06.613+0200][47,477s] GC(7) Pause Young (Normal) (G1 Preventive Collection) 457M->137M(512M) 44,136ms
[2023-07-28T15:11:06.613+0200][47,477s] GC(7) User=0,07s Sys=0,12s Real=0,05s
[2023-07-28T15:11:06.652+0200][47,516s] GC(8) Pause Young (Concurrent Start) (G1 Humongous Allocation)
[2023-07-28T15:11:06.652+0200][47,516s] GC(8) Using 8 workers of 8 for evacuation
[2023-07-28T15:11:06.654+0200][47,518s] GC(8)   Pre Evacuate Collection Set: 0,1ms
[2023-07-28T15:11:06.654+0200][47,518s] GC(8)   Merge Heap Roots: 0,1ms
[2023-07-28T15:11:06.654+0200][47,518s] GC(8)   Evacuate Collection Set: 1,6ms
[2023-07-28T15:11:06.654+0200][47,518s] GC(8)   Post Evacuate Collection Set: 0,4ms
[2023-07-28T15:11:06.654+0200][47,518s] GC(8)   Other: 0,2ms
[2023-07-28T15:11:06.654+0200][47,518s] GC(8) Eden regions: 4->0(247)
[2023-07-28T15:11:06.654+0200][47,518s] GC(8) Survivor regions: 5->3(33)
[2023-07-28T15:11:06.654+0200][47,518s] GC(8) Old regions: 46->46
[2023-07-28T15:11:06.654+0200][47,518s] GC(8) Archive regions: 2->2
[2023-07-28T15:11:06.654+0200][47,518s] GC(8) Humongous regions: 182->119
[2023-07-28T15:11:06.654+0200][47,518s] GC(8) Metaspace: 58077K(58560K)->58077K(58560K) NonClass: 51002K(51264K)->51002K(51264K) Class: 7075K(7296K)->7075K(7296K)
[2023-07-28T15:11:06.654+0200][47,518s] GC(8) Pause Young (Concurrent Start) (G1 Humongous Allocation) 236M->168M(512M) 2,368ms
[2023-07-28T15:11:06.654+0200][47,518s] GC(8) User=0,01s Sys=0,00s Real=0,00s
[2023-07-28T15:11:06.654+0200][47,518s] GC(9) Concurrent Undo Cycle
[2023-07-28T15:11:06.654+0200][47,518s] GC(9) Concurrent Cleanup for Next Mark
[2023-07-28T15:11:06.656+0200][47,520s] GC(9) Concurrent Cleanup for Next Mark 1,521ms
[2023-07-28T15:11:06.656+0200][47,520s] GC(9) Concurrent Undo Cycle 1,626ms
[2023-07-28T15:11:06.658+0200][47,522s] GC(10) Pause Young (Concurrent Start) (G1 Humongous Allocation)
[2023-07-28T15:11:06.658+0200][47,522s] GC(10) Using 8 workers of 8 for evacuation
[2023-07-28T15:11:06.660+0200][47,524s] GC(10)   Pre Evacuate Collection Set: 0,1ms
[2023-07-28T15:11:06.660+0200][47,524s] GC(10)   Merge Heap Roots: 0,1ms
[2023-07-28T15:11:06.660+0200][47,524s] GC(10)   Evacuate Collection Set: 1,7ms
[2023-07-28T15:11:06.660+0200][47,524s] GC(10)   Post Evacuate Collection Set: 0,4ms
[2023-07-28T15:11:06.660+0200][47,524s] GC(10)   Other: 0,1ms
[2023-07-28T15:11:06.660+0200][47,524s] GC(10) Eden regions: 0->0(247)
[2023-07-28T15:11:06.660+0200][47,524s] GC(10) Survivor regions: 3->3(32)
[2023-07-28T15:11:06.660+0200][47,524s] GC(10) Old regions: 46->46
[2023-07-28T15:11:06.660+0200][47,524s] GC(10) Archive regions: 2->2
[2023-07-28T15:11:06.660+0200][47,524s] GC(10) Humongous regions: 119->119
[2023-07-28T15:11:06.660+0200][47,524s] GC(10) Metaspace: 58077K(58560K)->58077K(58560K) NonClass: 51002K(51264K)->51002K(51264K) Class: 7075K(7296K)->7075K(7296K)
[2023-07-28T15:11:06.660+0200][47,524s] GC(10) Pause Young (Concurrent Start) (G1 Humongous Allocation) 168M->167M(512M) 2,350ms
[2023-07-28T15:11:06.660+0200][47,524s] GC(10) User=0,01s Sys=0,00s Real=0,01s
[2023-07-28T15:11:06.660+0200][47,524s] GC(11) Concurrent Undo Cycle
[2023-07-28T15:11:06.660+0200][47,524s] GC(11) Concurrent Cleanup for Next Mark
[2023-07-28T15:11:06.661+0200][47,525s] GC(11) Concurrent Cleanup for Next Mark 0,235ms
[2023-07-28T15:11:06.661+0200][47,525s] GC(11) Concurrent Undo Cycle 0,274ms
[2023-07-28T15:11:06.678+0200][47,542s] GC(12) Pause Young (Concurrent Start) (G1 Humongous Allocation)
[2023-07-28T15:11:06.678+0200][47,542s] GC(12) Using 8 workers of 8 for evacuation
[2023-07-28T15:11:06.681+0200][47,545s] GC(12)   Pre Evacuate Collection Set: 0,1ms
[2023-07-28T15:11:06.681+0200][47,545s] GC(12)   Merge Heap Roots: 0,1ms
[2023-07-28T15:11:06.681+0200][47,545s] GC(12)   Evacuate Collection Set: 1,9ms
[2023-07-28T15:11:06.681+0200][47,545s] GC(12)   Post Evacuate Collection Set: 0,3ms
[2023-07-28T15:11:06.681+0200][47,545s] GC(12)   Other: 0,1ms
[2023-07-28T15:11:06.681+0200][47,545s] GC(12) Eden regions: 5->0(227)
[2023-07-28T15:11:06.681+0200][47,545s] GC(12) Survivor regions: 3->3(32)
[2023-07-28T15:11:06.681+0200][47,545s] GC(12) Old regions: 46->46
[2023-07-28T15:11:06.681+0200][47,545s] GC(12) Archive regions: 2->2
[2023-07-28T15:11:06.681+0200][47,545s] GC(12) Humongous regions: 180->150
[2023-07-28T15:11:06.681+0200][47,545s] GC(12) Metaspace: 58077K(58560K)->58077K(58560K) NonClass: 51002K(51264K)->51002K(51264K) Class: 7075K(7296K)->7075K(7296K)
[2023-07-28T15:11:06.681+0200][47,545s] GC(12) Pause Young (Concurrent Start) (G1 Humongous Allocation) 233M->198M(512M) 2,571ms
[2023-07-28T15:11:06.681+0200][47,545s] GC(12) User=0,01s Sys=0,00s Real=0,01s
[2023-07-28T15:11:06.681+0200][47,545s] GC(13) Concurrent Undo Cycle
[2023-07-28T15:11:06.681+0200][47,545s] GC(13) Concurrent Cleanup for Next Mark
[2023-07-28T15:11:06.682+0200][47,546s] GC(13) Concurrent Cleanup for Next Mark 1,402ms
[2023-07-28T15:11:06.682+0200][47,546s] GC(13) Concurrent Undo Cycle 1,463ms
[2023-07-28T15:11:06.692+0200][47,555s] GC(14) Pause Young (Concurrent Start) (G1 Humongous Allocation)
[2023-07-28T15:11:06.692+0200][47,556s] GC(14) Using 8 workers of 8 for evacuation
[2023-07-28T15:11:06.694+0200][47,558s] GC(14)   Pre Evacuate Collection Set: 0,1ms
[2023-07-28T15:11:06.694+0200][47,558s] GC(14)   Merge Heap Roots: 0,0ms
[2023-07-28T15:11:06.694+0200][47,558s] GC(14)   Evacuate Collection Set: 1,7ms
[2023-07-28T15:11:06.694+0200][47,558s] GC(14)   Post Evacuate Collection Set: 0,3ms
[2023-07-28T15:11:06.694+0200][47,558s] GC(14)   Other: 0,1ms
[2023-07-28T15:11:06.694+0200][47,558s] GC(14) Eden regions: 5->0(211)
[2023-07-28T15:11:06.694+0200][47,558s] GC(14) Survivor regions: 3->3(29)
[2023-07-28T15:11:06.694+0200][47,558s] GC(14) Old regions: 46->46
[2023-07-28T15:11:06.694+0200][47,558s] GC(14) Archive regions: 2->2
[2023-07-28T15:11:06.694+0200][47,558s] GC(14) Humongous regions: 181->173
[2023-07-28T15:11:06.694+0200][47,558s] GC(14) Metaspace: 58077K(58560K)->58077K(58560K) NonClass: 51002K(51264K)->51002K(51264K) Class: 7075K(7296K)->7075K(7296K)
[2023-07-28T15:11:06.694+0200][47,558s] GC(14) Pause Young (Concurrent Start) (G1 Humongous Allocation) 233M->221M(512M) 2,388ms
[2023-07-28T15:11:06.694+0200][47,558s] GC(14) User=0,01s Sys=0,00s Real=0,00s
[2023-07-28T15:11:06.694+0200][47,558s] GC(15) Concurrent Undo Cycle
[2023-07-28T15:11:06.694+0200][47,558s] GC(15) Concurrent Cleanup for Next Mark
[2023-07-28T15:11:06.695+0200][47,559s] GC(15) Concurrent Cleanup for Next Mark 0,556ms
[2023-07-28T15:11:06.695+0200][47,559s] GC(15) Concurrent Undo Cycle 0,714ms
[2023-07-28T15:11:06.705+0200][47,568s] GC(16) Pause Young (Concurrent Start) (G1 Humongous Allocation)
[2023-07-28T15:11:06.705+0200][47,569s] GC(16) Using 8 workers of 8 for evacuation
[2023-07-28T15:11:06.707+0200][47,571s] GC(16)   Pre Evacuate Collection Set: 0,1ms
[2023-07-28T15:11:06.707+0200][47,571s] GC(16)   Merge Heap Roots: 0,1ms
[2023-07-28T15:11:06.707+0200][47,571s] GC(16)   Evacuate Collection Set: 2,3ms
[2023-07-28T15:11:06.707+0200][47,571s] GC(16)   Post Evacuate Collection Set: 0,3ms
[2023-07-28T15:11:06.707+0200][47,571s] GC(16)   Other: 0,1ms
[2023-07-28T15:11:06.707+0200][47,571s] GC(16) Eden regions: 4->0(225)
[2023-07-28T15:11:06.707+0200][47,571s] GC(16) Survivor regions: 3->3(27)
[2023-07-28T15:11:06.707+0200][47,571s] GC(16) Old regions: 46->46
[2023-07-28T15:11:06.708+0200][47,571s] GC(16) Archive regions: 2->2
[2023-07-28T15:11:06.708+0200][47,571s] GC(16) Humongous regions: 181->164
[2023-07-28T15:11:06.708+0200][47,571s] GC(16) Metaspace: 58081K(58560K)->58081K(58560K) NonClass: 51006K(51264K)->51006K(51264K) Class: 7075K(7296K)->7075K(7296K)
[2023-07-28T15:11:06.708+0200][47,571s] GC(16) Pause Young (Concurrent Start) (G1 Humongous Allocation) 232M->212M(512M) 2,958ms
[2023-07-28T15:11:06.708+0200][47,571s] GC(16) User=0,01s Sys=0,00s Real=0,00s
[2023-07-28T15:11:06.708+0200][47,572s] GC(17) Concurrent Undo Cycle
[2023-07-28T15:11:06.708+0200][47,572s] GC(17) Concurrent Cleanup for Next Mark
[2023-07-28T15:11:06.708+0200][47,572s] GC(17) Concurrent Cleanup for Next Mark 0,274ms
[2023-07-28T15:11:06.708+0200][47,572s] GC(17) Concurrent Undo Cycle 0,317ms
[2023-07-28T15:11:06.716+0200][47,580s] GC(18) Pause Young (Concurrent Start) (G1 Humongous Allocation)
[2023-07-28T15:11:06.717+0200][47,580s] GC(18) Using 8 workers of 8 for evacuation
[2023-07-28T15:11:06.718+0200][47,582s] GC(18)   Pre Evacuate Collection Set: 0,1ms
[2023-07-28T15:11:06.718+0200][47,582s] GC(18)   Merge Heap Roots: 0,1ms
[2023-07-28T15:11:06.718+0200][47,582s] GC(18)   Evacuate Collection Set: 1,3ms
[2023-07-28T15:11:06.718+0200][47,582s] GC(18)   Post Evacuate Collection Set: 0,3ms
[2023-07-28T15:11:06.718+0200][47,582s] GC(18)   Other: 0,1ms
[2023-07-28T15:11:06.718+0200][47,582s] GC(18) Eden regions: 4->0(230)
[2023-07-28T15:11:06.718+0200][47,582s] GC(18) Survivor regions: 3->3(29)
[2023-07-28T15:11:06.718+0200][47,582s] GC(18) Old regions: 46->46
[2023-07-28T15:11:06.718+0200][47,582s] GC(18) Archive regions: 2->2
[2023-07-28T15:11:06.718+0200][47,582s] GC(18) Humongous regions: 169->163
[2023-07-28T15:11:06.718+0200][47,582s] GC(18) Metaspace: 58081K(58560K)->58081K(58560K) NonClass: 51006K(51264K)->51006K(51264K) Class: 7075K(7296K)->7075K(7296K)
[2023-07-28T15:11:06.718+0200][47,582s] GC(18) Pause Young (Concurrent Start) (G1 Humongous Allocation) 221M->211M(512M) 1,973ms
[2023-07-28T15:11:06.718+0200][47,582s] GC(18) User=0,01s Sys=0,00s Real=0,00s
[2023-07-28T15:11:06.718+0200][47,582s] GC(19) Concurrent Undo Cycle
[2023-07-28T15:11:06.719+0200][47,582s] GC(19) Concurrent Cleanup for Next Mark
[2023-07-28T15:11:06.719+0200][47,583s] GC(19) Concurrent Cleanup for Next Mark 0,324ms
[2023-07-28T15:11:06.719+0200][47,583s] GC(19) Concurrent Undo Cycle 0,369ms
[2023-07-28T15:11:06.724+0200][47,588s] GC(20) Pause Young (Concurrent Start) (G1 Humongous Allocation)
[2023-07-28T15:11:06.724+0200][47,588s] GC(20) Using 8 workers of 8 for evacuation
[2023-07-28T15:11:06.727+0200][47,591s] GC(20)   Pre Evacuate Collection Set: 0,2ms
[2023-07-28T15:11:06.727+0200][47,591s] GC(20)   Merge Heap Roots: 0,1ms
[2023-07-28T15:11:06.727+0200][47,591s] GC(20)   Evacuate Collection Set: 1,6ms
[2023-07-28T15:11:06.727+0200][47,591s] GC(20)   Post Evacuate Collection Set: 0,3ms
[2023-07-28T15:11:06.727+0200][47,591s] GC(20)   Other: 0,1ms
[2023-07-28T15:11:06.727+0200][47,591s] GC(20) Eden regions: 2->0(216)
[2023-07-28T15:11:06.727+0200][47,591s] GC(20) Survivor regions: 3->3(30)
[2023-07-28T15:11:06.727+0200][47,591s] GC(20) Old regions: 46->46
[2023-07-28T15:11:06.727+0200][47,591s] GC(20) Archive regions: 2->2
[2023-07-28T15:11:06.727+0200][47,591s] GC(20) Humongous regions: 180->180
[2023-07-28T15:11:06.727+0200][47,591s] GC(20) Metaspace: 58081K(58560K)->58081K(58560K) NonClass: 51006K(51264K)->51006K(51264K) Class: 7075K(7296K)->7075K(7296K)
[2023-07-28T15:11:06.727+0200][47,591s] GC(20) Pause Young (Concurrent Start) (G1 Humongous Allocation) 230M->228M(512M) 2,303ms
[2023-07-28T15:11:06.727+0200][47,591s] GC(20) User=0,01s Sys=0,00s Real=0,00s
[2023-07-28T15:11:06.727+0200][47,591s] GC(21) Concurrent Undo Cycle
[2023-07-28T15:11:06.727+0200][47,591s] GC(21) Concurrent Cleanup for Next Mark
[2023-07-28T15:11:06.731+0200][47,595s] GC(21) Concurrent Cleanup for Next Mark 4,095ms
[2023-07-28T15:11:06.731+0200][47,595s] GC(21) Concurrent Undo Cycle 4,185ms
[2023-07-28T15:11:06.735+0200][47,599s] GC(22) Pause Young (Concurrent Start) (G1 Humongous Allocation)
[2023-07-28T15:11:06.735+0200][47,599s] GC(22) Using 8 workers of 8 for evacuation
[2023-07-28T15:11:06.737+0200][47,601s] GC(22)   Pre Evacuate Collection Set: 0,1ms
[2023-07-28T15:11:06.737+0200][47,601s] GC(22)   Merge Heap Roots: 0,1ms
[2023-07-28T15:11:06.737+0200][47,601s] GC(22)   Evacuate Collection Set: 1,4ms
[2023-07-28T15:11:06.737+0200][47,601s] GC(22)   Post Evacuate Collection Set: 0,2ms
[2023-07-28T15:11:06.737+0200][47,601s] GC(22)   Other: 0,1ms
[2023-07-28T15:11:06.737+0200][47,601s] GC(22) Eden regions: 3->0(215)
[2023-07-28T15:11:06.737+0200][47,601s] GC(22) Survivor regions: 3->3(28)
[2023-07-28T15:11:06.737+0200][47,601s] GC(22) Old regions: 46->46
[2023-07-28T15:11:06.737+0200][47,601s] GC(22) Archive regions: 2->2
[2023-07-28T15:11:06.737+0200][47,601s] GC(22) Humongous regions: 207->184
[2023-07-28T15:11:06.737+0200][47,601s] GC(22) Metaspace: 58081K(58560K)->58081K(58560K) NonClass: 51006K(51264K)->51006K(51264K) Class: 7075K(7296K)->7075K(7296K)
[2023-07-28T15:11:06.737+0200][47,601s] GC(22) Pause Young (Concurrent Start) (G1 Humongous Allocation) 258M->232M(512M) 1,981ms
[2023-07-28T15:11:06.737+0200][47,601s] GC(22) User=0,00s Sys=0,00s Real=0,00s
[2023-07-28T15:11:06.737+0200][47,601s] GC(23) Concurrent Mark Cycle
[2023-07-28T15:11:06.737+0200][47,601s] GC(23) Concurrent Clear Claimed Marks
[2023-07-28T15:11:06.737+0200][47,601s] GC(23) Concurrent Clear Claimed Marks 0,013ms
[2023-07-28T15:11:06.737+0200][47,601s] GC(23) Concurrent Scan Root Regions
[2023-07-28T15:11:06.739+0200][47,603s] GC(23) Concurrent Scan Root Regions 1,784ms
[2023-07-28T15:11:06.739+0200][47,603s] GC(23) Concurrent Mark
[2023-07-28T15:11:06.739+0200][47,603s] GC(23) Concurrent Mark From Roots
[2023-07-28T15:11:06.739+0200][47,603s] GC(23) Using 2 workers of 2 for marking
[2023-07-28T15:11:06.780+0200][47,644s] GC(23) Concurrent Mark From Roots 40,590ms
[2023-07-28T15:11:06.780+0200][47,644s] GC(23) Concurrent Preclean
[2023-07-28T15:11:06.780+0200][47,644s] GC(23) Concurrent Preclean 0,182ms
[2023-07-28T15:11:06.781+0200][47,644s] GC(23) Pause Remark
[2023-07-28T15:11:06.805+0200][47,669s] GC(23) Pause Remark 388M->388M(512M) 24,540ms
[2023-07-28T15:11:06.805+0200][47,669s] GC(23) User=0,03s Sys=0,07s Real=0,02s
[2023-07-28T15:11:06.805+0200][47,669s] GC(23) Concurrent Mark 66,294ms
[2023-07-28T15:11:06.805+0200][47,669s] GC(23) Concurrent Rebuild Remembered Sets
[2023-07-28T15:11:06.818+0200][47,682s] GC(23) Concurrent Rebuild Remembered Sets 12,915ms
[2023-07-28T15:11:06.819+0200][47,683s] GC(23) Pause Cleanup
[2023-07-28T15:11:06.819+0200][47,683s] GC(23) Pause Cleanup 409M->409M(512M) 0,084ms
[2023-07-28T15:11:06.819+0200][47,683s] GC(23) User=0,00s Sys=0,00s Real=0,00s
[2023-07-28T15:11:06.819+0200][47,683s] GC(23) Concurrent Cleanup for Next Mark
[2023-07-28T15:11:06.820+0200][47,684s] GC(23) Concurrent Cleanup for Next Mark 1,627ms
[2023-07-28T15:11:06.820+0200][47,684s] GC(23) Concurrent Mark Cycle 83,237ms
[2023-07-28T15:11:06.832+0200][47,696s] GC(24) Pause Young (Concurrent Start) (G1 Humongous Allocation)
[2023-07-28T15:11:06.832+0200][47,696s] GC(24) Using 8 workers of 8 for evacuation
[2023-07-28T15:11:06.834+0200][47,698s] GC(24)   Pre Evacuate Collection Set: 0,1ms
[2023-07-28T15:11:06.834+0200][47,698s] GC(24)   Merge Heap Roots: 0,1ms
[2023-07-28T15:11:06.834+0200][47,698s] GC(24)   Evacuate Collection Set: 2,1ms
[2023-07-28T15:11:06.834+0200][47,698s] GC(24)   Post Evacuate Collection Set: 0,3ms
[2023-07-28T15:11:06.834+0200][47,698s] GC(24)   Other: 0,1ms
[2023-07-28T15:11:06.834+0200][47,698s] GC(24) Eden regions: 3->0(127)
[2023-07-28T15:11:06.834+0200][47,698s] GC(24) Survivor regions: 3->3(28)
[2023-07-28T15:11:06.834+0200][47,698s] GC(24) Old regions: 46->46
[2023-07-28T15:11:06.835+0200][47,698s] GC(24) Archive regions: 2->2
[2023-07-28T15:11:06.835+0200][47,698s] GC(24) Humongous regions: 358->276
[2023-07-28T15:11:06.835+0200][47,698s] GC(24) Metaspace: 57997K(58560K)->57997K(58560K) NonClass: 50943K(51264K)->50943K(51264K) Class: 7053K(7296K)->7053K(7296K)
[2023-07-28T15:11:06.835+0200][47,698s] GC(24) Pause Young (Concurrent Start) (G1 Humongous Allocation) 409M->324M(512M) 2,749ms
[2023-07-28T15:11:06.835+0200][47,698s] GC(24) User=0,01s Sys=0,00s Real=0,00s
[2023-07-28T15:11:06.835+0200][47,699s] GC(25) Concurrent Mark Cycle
[2023-07-28T15:11:06.835+0200][47,699s] GC(25) Concurrent Clear Claimed Marks
[2023-07-28T15:11:06.835+0200][47,699s] GC(25) Concurrent Clear Claimed Marks 0,023ms
[2023-07-28T15:11:06.835+0200][47,699s] GC(25) Concurrent Scan Root Regions
[2023-07-28T15:11:06.835+0200][47,699s] GC(25) Concurrent Scan Root Regions 0,535ms
[2023-07-28T15:11:06.835+0200][47,699s] GC(25) Concurrent Mark
[2023-07-28T15:11:06.835+0200][47,699s] GC(25) Concurrent Mark From Roots
[2023-07-28T15:11:06.835+0200][47,699s] GC(25) Using 2 workers of 2 for marking
[2023-07-28T15:11:06.858+0200][47,721s] GC(25) Concurrent Mark From Roots 22,352ms
[2023-07-28T15:11:06.858+0200][47,722s] GC(25) Concurrent Preclean
[2023-07-28T15:11:06.858+0200][47,722s] GC(25) Concurrent Preclean 0,470ms
[2023-07-28T15:11:06.866+0200][47,730s] GC(25) Pause Remark
[2023-07-28T15:11:06.872+0200][47,736s] GC(25) Pause Remark 400M->400M(512M) 6,334ms
[2023-07-28T15:11:06.872+0200][47,736s] GC(25) User=0,03s Sys=0,01s Real=0,01s
[2023-07-28T15:11:06.872+0200][47,736s] GC(25) Concurrent Mark 36,937ms
[2023-07-28T15:11:06.872+0200][47,736s] GC(25) Concurrent Rebuild Remembered Sets
[2023-07-28T15:11:06.890+0200][47,754s] GC(25) Concurrent Rebuild Remembered Sets 18,022ms
[2023-07-28T15:11:06.895+0200][47,759s] GC(25) Pause Cleanup
[2023-07-28T15:11:06.895+0200][47,759s] GC(25) Pause Cleanup 429M->429M(512M) 0,136ms
[2023-07-28T15:11:06.895+0200][47,759s] GC(25) User=0,00s Sys=0,00s Real=0,00s
[2023-07-28T15:11:06.895+0200][47,759s] GC(25) Concurrent Cleanup for Next Mark
[2023-07-28T15:11:06.896+0200][47,760s] GC(25) Concurrent Cleanup for Next Mark 0,301ms
[2023-07-28T15:11:06.896+0200][47,760s] GC(25) Concurrent Mark Cycle 61,110ms
[2023-07-28T15:11:06.900+0200][47,764s] GC(26) Pause Young (Concurrent Start) (G1 Humongous Allocation)
[2023-07-28T15:11:06.900+0200][47,764s] GC(26) Using 8 workers of 8 for evacuation
[2023-07-28T15:11:06.902+0200][47,766s] GC(26)   Pre Evacuate Collection Set: 0,1ms
[2023-07-28T15:11:06.902+0200][47,766s] GC(26)   Merge Heap Roots: 0,1ms
[2023-07-28T15:11:06.902+0200][47,766s] GC(26)   Evacuate Collection Set: 1,4ms
[2023-07-28T15:11:06.902+0200][47,766s] GC(26)   Post Evacuate Collection Set: 0,3ms
[2023-07-28T15:11:06.902+0200][47,766s] GC(26)   Other: 0,1ms
[2023-07-28T15:11:06.902+0200][47,766s] GC(26) Eden regions: 3->0(97)
[2023-07-28T15:11:06.902+0200][47,766s] GC(26) Survivor regions: 3->3(17)
[2023-07-28T15:11:06.902+0200][47,766s] GC(26) Old regions: 46->46
[2023-07-28T15:11:06.902+0200][47,766s] GC(26) Archive regions: 2->2
[2023-07-28T15:11:06.902+0200][47,766s] GC(26) Humongous regions: 378->308
[2023-07-28T15:11:06.902+0200][47,766s] GC(26) Metaspace: 57997K(58560K)->57997K(58560K) NonClass: 50943K(51264K)->50943K(51264K) Class: 7053K(7296K)->7053K(7296K)
[2023-07-28T15:11:06.902+0200][47,766s] GC(26) Pause Young (Concurrent Start) (G1 Humongous Allocation) 429M->356M(512M) 2,152ms
[2023-07-28T15:11:06.902+0200][47,766s] GC(26) User=0,00s Sys=0,01s Real=0,00s
[2023-07-28T15:11:06.902+0200][47,766s] GC(27) Concurrent Mark Cycle
[2023-07-28T15:11:06.902+0200][47,766s] GC(27) Concurrent Clear Claimed Marks
[2023-07-28T15:11:06.902+0200][47,766s] GC(27) Concurrent Clear Claimed Marks 0,012ms
[2023-07-28T15:11:06.902+0200][47,766s] GC(27) Concurrent Scan Root Regions
[2023-07-28T15:11:06.903+0200][47,767s] GC(27) Concurrent Scan Root Regions 0,492ms
[2023-07-28T15:11:06.903+0200][47,767s] GC(27) Concurrent Mark
[2023-07-28T15:11:06.903+0200][47,767s] GC(27) Concurrent Mark From Roots
[2023-07-28T15:11:06.903+0200][47,767s] GC(27) Using 2 workers of 2 for marking
[2023-07-28T15:11:06.910+0200][47,774s] GC(28) Pause Young (Normal) (G1 Humongous Allocation)
[2023-07-28T15:11:06.910+0200][47,774s] GC(28) Using 8 workers of 8 for evacuation
[2023-07-28T15:11:06.911+0200][47,775s] GC(28)   Pre Evacuate Collection Set: 0,1ms
[2023-07-28T15:11:06.911+0200][47,775s] GC(28)   Merge Heap Roots: 0,1ms
[2023-07-28T15:11:06.911+0200][47,775s] GC(28)   Evacuate Collection Set: 1,2ms
[2023-07-28T15:11:06.911+0200][47,775s] GC(28)   Post Evacuate Collection Set: 0,2ms
[2023-07-28T15:11:06.911+0200][47,775s] GC(28)   Other: 0,1ms
[2023-07-28T15:11:06.911+0200][47,775s] GC(28) Eden regions: 1->0(97)
[2023-07-28T15:11:06.911+0200][47,775s] GC(28) Survivor regions: 3->3(13)
[2023-07-28T15:11:06.911+0200][47,775s] GC(28) Old regions: 46->46
[2023-07-28T15:11:06.911+0200][47,775s] GC(28) Archive regions: 2->2
[2023-07-28T15:11:06.911+0200][47,775s] GC(28) Humongous regions: 308->308
[2023-07-28T15:11:06.911+0200][47,775s] GC(28) Metaspace: 57997K(58560K)->57997K(58560K) NonClass: 50943K(51264K)->50943K(51264K) Class: 7053K(7296K)->7053K(7296K)
[2023-07-28T15:11:06.911+0200][47,775s] GC(28) Pause Young (Normal) (G1 Humongous Allocation) 357M->356M(512M) 1,726ms
[2023-07-28T15:11:06.911+0200][47,775s] GC(28) User=0,01s Sys=0,00s Real=0,00s
[2023-07-28T15:11:06.911+0200][47,775s] Attempting full compaction
[2023-07-28T15:11:06.912+0200][47,775s] GC(29) Using 8 workers of 8 for full compaction
[2023-07-28T15:11:06.912+0200][47,775s] GC(29) Pause Full (G1 Compaction Pause)
[2023-07-28T15:11:06.912+0200][47,776s] GC(29) Phase 1: Mark live objects
[2023-07-28T15:11:06.924+0200][47,788s] GC(29) Phase 1: Mark live objects 12,664ms
[2023-07-28T15:11:06.925+0200][47,788s] GC(29) Phase 2: Prepare for compaction
[2023-07-28T15:11:06.926+0200][47,790s] GC(29) Phase 2: Prepare for compaction 1,437ms
[2023-07-28T15:11:06.926+0200][47,790s] GC(29) Phase 3: Adjust pointers
[2023-07-28T15:11:06.943+0200][47,807s] GC(29) Phase 3: Adjust pointers 16,601ms
[2023-07-28T15:11:06.943+0200][47,807s] GC(29) Phase 4: Compact heap
[2023-07-28T15:11:06.944+0200][47,808s] GC(29) Phase 4: Compact heap 1,453ms
[2023-07-28T15:11:06.948+0200][47,812s] GC(29) Eden regions: 0->0(97)
[2023-07-28T15:11:06.948+0200][47,812s] GC(29) Survivor regions: 3->0(13)
[2023-07-28T15:11:06.948+0200][47,812s] GC(29) Old regions: 46->49
[2023-07-28T15:11:06.948+0200][47,812s] GC(29) Archive regions: 2->2
[2023-07-28T15:11:06.948+0200][47,812s] GC(29) Humongous regions: 308->308
[2023-07-28T15:11:06.948+0200][47,812s] GC(29) Metaspace: 57997K(58560K)->57997K(58560K) NonClass: 50943K(51264K)->50943K(51264K) Class: 7053K(7296K)->7053K(7296K)
[2023-07-28T15:11:06.948+0200][47,812s] GC(29) Pause Full (G1 Compaction Pause) 356M->355M(512M) 36,583ms
[2023-07-28T15:11:06.948+0200][47,812s] GC(29) User=0,12s Sys=0,02s Real=0,03s
[2023-07-28T15:11:06.948+0200][47,812s] Attempting maximum full compaction clearing soft references
[2023-07-28T15:11:06.948+0200][47,812s] GC(30) Using 8 workers of 8 for full compaction
[2023-07-28T15:11:06.948+0200][47,812s] GC(30) Pause Full (G1 Compaction Pause)
[2023-07-28T15:11:06.948+0200][47,812s] GC(30) Phase 1: Mark live objects
[2023-07-28T15:11:06.962+0200][47,826s] GC(30) Phase 1: Mark live objects 13,828ms
[2023-07-28T15:11:06.962+0200][47,826s] GC(30) Phase 2: Prepare for compaction
[2023-07-28T15:11:06.966+0200][47,830s] GC(30) Phase 2: Prepare for compaction 3,816ms
[2023-07-28T15:11:06.966+0200][47,830s] GC(30) Phase 3: Adjust pointers
[2023-07-28T15:11:06.977+0200][47,841s] GC(30) Phase 3: Adjust pointers 10,885ms
[2023-07-28T15:11:06.977+0200][47,841s] GC(30) Phase 4: Compact heap
[2023-07-28T15:11:06.982+0200][47,846s] GC(30) Phase 4: Compact heap 4,875ms
[2023-07-28T15:11:06.986+0200][47,850s] GC(30) Eden regions: 0->0(98)
[2023-07-28T15:11:06.986+0200][47,850s] GC(30) Survivor regions: 0->0(13)
[2023-07-28T15:11:06.986+0200][47,850s] GC(30) Old regions: 49->48
[2023-07-28T15:11:06.986+0200][47,850s] GC(30) Archive regions: 2->2
[2023-07-28T15:11:06.986+0200][47,850s] GC(30) Humongous regions: 308->308
[2023-07-28T15:11:06.986+0200][47,850s] GC(30) Metaspace: 57997K(58560K)->57793K(58560K) NonClass: 50943K(51264K)->50787K(51264K) Class: 7053K(7296K)->7006K(7296K)
[2023-07-28T15:11:06.986+0200][47,850s] GC(30) Pause Full (G1 Compaction Pause) 355M->353M(512M) 37,582ms
[2023-07-28T15:11:06.986+0200][47,850s] GC(30) User=0,17s Sys=0,01s Real=0,04s
[2023-07-28T15:11:06.987+0200][47,851s] GC(27) Concurrent Mark From Roots 83,748ms
[2023-07-28T15:11:06.987+0200][47,851s] GC(27) Concurrent Mark Abort
[2023-07-28T15:11:06.987+0200][47,851s] GC(27) Concurrent Mark Cycle 84,379ms
[2023-07-28T15:11:07.009+0200][47,873s] GC(31) Pause Young (Concurrent Start) (G1 Humongous Allocation)
[2023-07-28T15:11:07.009+0200][47,873s] GC(31) Using 8 workers of 8 for evacuation
[2023-07-28T15:11:07.011+0200][47,874s] GC(31)   Pre Evacuate Collection Set: 0,2ms
[2023-07-28T15:11:07.011+0200][47,874s] GC(31)   Merge Heap Roots: 0,0ms
[2023-07-28T15:11:07.011+0200][47,874s] GC(31)   Evacuate Collection Set: 0,6ms
[2023-07-28T15:11:07.011+0200][47,875s] GC(31)   Post Evacuate Collection Set: 0,2ms
[2023-07-28T15:11:07.011+0200][47,875s] GC(31)   Other: 0,1ms
[2023-07-28T15:11:07.011+0200][47,875s] GC(31) Eden regions: 1->0(65)
[2023-07-28T15:11:07.011+0200][47,875s] GC(31) Survivor regions: 0->1(13)
[2023-07-28T15:11:07.011+0200][47,875s] GC(31) Old regions: 48->48
[2023-07-28T15:11:07.011+0200][47,875s] GC(31) Archive regions: 2->2
[2023-07-28T15:11:07.011+0200][47,875s] GC(31) Humongous regions: 341->341
[2023-07-28T15:11:07.011+0200][47,875s] GC(31) Metaspace: 57793K(58560K)->57793K(58560K) NonClass: 50787K(51264K)->50787K(51264K) Class: 7006K(7296K)->7006K(7296K)
[2023-07-28T15:11:07.011+0200][47,875s] GC(31) Pause Young (Concurrent Start) (G1 Humongous Allocation) 387M->386M(512M) 1,184ms
[2023-07-28T15:11:07.011+0200][47,875s] GC(31) User=0,01s Sys=0,00s Real=0,01s
[2023-07-28T15:11:07.011+0200][47,875s] GC(32) Concurrent Mark Cycle
[2023-07-28T15:11:07.011+0200][47,875s] GC(32) Concurrent Clear Claimed Marks
[2023-07-28T15:11:07.011+0200][47,875s] GC(32) Concurrent Clear Claimed Marks 0,011ms
[2023-07-28T15:11:07.011+0200][47,875s] GC(32) Concurrent Scan Root Regions
[2023-07-28T15:11:07.011+0200][47,875s] GC(32) Concurrent Scan Root Regions 0,216ms
[2023-07-28T15:11:07.011+0200][47,875s] GC(32) Concurrent Mark
[2023-07-28T15:11:07.011+0200][47,875s] GC(32) Concurrent Mark From Roots
[2023-07-28T15:11:07.011+0200][47,875s] GC(32) Using 2 workers of 2 for marking
[2023-07-28T15:11:07.013+0200][47,877s] GC(33) Pause Young (Normal) (G1 Humongous Allocation)
[2023-07-28T15:11:07.013+0200][47,877s] GC(33) Using 8 workers of 8 for evacuation
[2023-07-28T15:11:07.014+0200][47,878s] GC(33)   Pre Evacuate Collection Set: 0,1ms
[2023-07-28T15:11:07.014+0200][47,878s] GC(33)   Merge Heap Roots: 0,0ms
[2023-07-28T15:11:07.014+0200][47,878s] GC(33)   Evacuate Collection Set: 0,3ms
[2023-07-28T15:11:07.014+0200][47,878s] GC(33)   Post Evacuate Collection Set: 0,3ms
[2023-07-28T15:11:07.014+0200][47,878s] GC(33)   Other: 0,1ms
[2023-07-28T15:11:07.014+0200][47,878s] GC(33) Eden regions: 0->0(47)
[2023-07-28T15:11:07.014+0200][47,878s] GC(33) Survivor regions: 1->1(9)
[2023-07-28T15:11:07.014+0200][47,878s] GC(33) Old regions: 48->48
[2023-07-28T15:11:07.014+0200][47,878s] GC(33) Archive regions: 2->2
[2023-07-28T15:11:07.014+0200][47,878s] GC(33) Humongous regions: 360->360
[2023-07-28T15:11:07.014+0200][47,878s] GC(33) Metaspace: 57793K(58560K)->57793K(58560K) NonClass: 50787K(51264K)->50787K(51264K) Class: 7006K(7296K)->7006K(7296K)
[2023-07-28T15:11:07.014+0200][47,878s] GC(33) Pause Young (Normal) (G1 Humongous Allocation) 405M->405M(512M) 0,880ms
[2023-07-28T15:11:07.014+0200][47,878s] GC(33) User=0,00s Sys=0,01s Real=0,00s
[2023-07-28T15:11:07.014+0200][47,878s] Attempting full compaction
[2023-07-28T15:11:07.014+0200][47,878s] GC(34) Using 8 workers of 8 for full compaction
[2023-07-28T15:11:07.014+0200][47,878s] GC(34) Pause Full (G1 Compaction Pause)
[2023-07-28T15:11:07.014+0200][47,878s] GC(34) Phase 1: Mark live objects
[2023-07-28T15:11:07.026+0200][47,890s] GC(34) Phase 1: Mark live objects 11,742ms
[2023-07-28T15:11:07.026+0200][47,890s] GC(34) Phase 2: Prepare for compaction
[2023-07-28T15:11:07.027+0200][47,891s] GC(34) Phase 2: Prepare for compaction 0,753ms
[2023-07-28T15:11:07.027+0200][47,891s] GC(34) Phase 3: Adjust pointers
[2023-07-28T15:11:07.034+0200][47,898s] GC(34) Phase 3: Adjust pointers 7,367ms
[2023-07-28T15:11:07.034+0200][47,898s] GC(34) Phase 4: Compact heap
[2023-07-28T15:11:07.035+0200][47,899s] GC(34) Phase 4: Compact heap 1,085ms
[2023-07-28T15:11:07.039+0200][47,903s] GC(34) Eden regions: 0->0(74)
[2023-07-28T15:11:07.040+0200][47,903s] GC(34) Survivor regions: 1->0(9)
[2023-07-28T15:11:07.040+0200][47,903s] GC(34) Old regions: 48->47
[2023-07-28T15:11:07.040+0200][47,903s] GC(34) Archive regions: 2->2
[2023-07-28T15:11:07.040+0200][47,903s] GC(34) Humongous regions: 360->333
[2023-07-28T15:11:07.040+0200][47,903s] GC(34) Metaspace: 57793K(58560K)->57793K(58560K) NonClass: 50787K(51264K)->50787K(51264K) Class: 7006K(7296K)->7006K(7296K)
[2023-07-28T15:11:07.040+0200][47,904s] GC(34) Pause Full (G1 Compaction Pause) 405M->378M(512M) 25,518ms
[2023-07-28T15:11:07.040+0200][47,904s] GC(34) User=0,11s Sys=0,00s Real=0,03s
[2023-07-28T15:11:07.046+0200][47,910s] GC(32) Concurrent Mark From Roots 35,115ms
[2023-07-28T15:11:07.046+0200][47,910s] GC(32) Concurrent Mark Abort
[2023-07-28T15:11:07.046+0200][47,910s] GC(32) Concurrent Mark Cycle 35,433ms
[2023-07-28T15:11:07.055+0200][47,919s] GC(35) Pause Young (Concurrent Start) (G1 Humongous Allocation)
[2023-07-28T15:11:07.055+0200][47,919s] GC(35) Using 8 workers of 8 for evacuation
[2023-07-28T15:11:07.056+0200][47,920s] GC(35)   Pre Evacuate Collection Set: 0,1ms
[2023-07-28T15:11:07.056+0200][47,920s] GC(35)   Merge Heap Roots: 0,1ms
[2023-07-28T15:11:07.056+0200][47,920s] GC(35)   Evacuate Collection Set: 0,6ms
[2023-07-28T15:11:07.056+0200][47,920s] GC(35)   Post Evacuate Collection Set: 0,3ms
[2023-07-28T15:11:07.056+0200][47,920s] GC(35)   Other: 0,1ms
[2023-07-28T15:11:07.056+0200][47,920s] GC(35) Eden regions: 1->0(42)
[2023-07-28T15:11:07.056+0200][47,920s] GC(35) Survivor regions: 0->1(10)
[2023-07-28T15:11:07.056+0200][47,920s] GC(35) Old regions: 47->47
[2023-07-28T15:11:07.056+0200][47,920s] GC(35) Archive regions: 2->2
[2023-07-28T15:11:07.056+0200][47,920s] GC(35) Humongous regions: 366->366
[2023-07-28T15:11:07.056+0200][47,920s] GC(35) Metaspace: 57794K(58560K)->57794K(58560K) NonClass: 50787K(51264K)->50787K(51264K) Class: 7006K(7296K)->7006K(7296K)
[2023-07-28T15:11:07.056+0200][47,920s] GC(35) Pause Young (Concurrent Start) (G1 Humongous Allocation) 411M->411M(512M) 1,213ms
[2023-07-28T15:11:07.056+0200][47,920s] GC(35) User=0,00s Sys=0,00s Real=0,00s
[2023-07-28T15:11:07.056+0200][47,920s] GC(36) Concurrent Mark Cycle
[2023-07-28T15:11:07.056+0200][47,920s] GC(36) Concurrent Clear Claimed Marks
[2023-07-28T15:11:07.056+0200][47,920s] GC(36) Concurrent Clear Claimed Marks 0,007ms
[2023-07-28T15:11:07.056+0200][47,920s] GC(36) Concurrent Scan Root Regions
[2023-07-28T15:11:07.056+0200][47,920s] GC(36) Concurrent Scan Root Regions 0,332ms
[2023-07-28T15:11:07.056+0200][47,920s] GC(36) Concurrent Mark
[2023-07-28T15:11:07.056+0200][47,920s] GC(36) Concurrent Mark From Roots
[2023-07-28T15:11:07.056+0200][47,920s] GC(36) Using 2 workers of 2 for marking
[2023-07-28T15:11:07.076+0200][47,940s] GC(36) Concurrent Mark From Roots 19,651ms
[2023-07-28T15:11:07.076+0200][47,940s] GC(36) Concurrent Preclean
[2023-07-28T15:11:07.076+0200][47,940s] GC(36) Concurrent Preclean 0,157ms
[2023-07-28T15:11:07.077+0200][47,941s] GC(36) Pause Remark
[2023-07-28T15:11:07.081+0200][47,945s] GC(36) Pause Remark 462M->445M(512M) 4,509ms
[2023-07-28T15:11:07.081+0200][47,945s] GC(36) User=0,02s Sys=0,01s Real=0,01s
[2023-07-28T15:11:07.081+0200][47,945s] GC(36) Concurrent Mark 25,065ms
[2023-07-28T15:11:07.081+0200][47,945s] GC(36) Concurrent Rebuild Remembered Sets
[2023-07-28T15:11:07.092+0200][47,956s] GC(36) Concurrent Rebuild Remembered Sets 10,915ms
[2023-07-28T15:11:07.093+0200][47,957s] GC(36) Pause Cleanup
[2023-07-28T15:11:07.093+0200][47,957s] GC(36) Pause Cleanup 445M->445M(512M) 0,096ms
[2023-07-28T15:11:07.093+0200][47,957s] GC(36) User=0,00s Sys=0,00s Real=0,00s
[2023-07-28T15:11:07.093+0200][47,957s] GC(36) Concurrent Cleanup for Next Mark
[2023-07-28T15:11:07.094+0200][47,958s] GC(37) Pause Young (Normal) (G1 Humongous Allocation)
[2023-07-28T15:11:07.094+0200][47,958s] GC(37) Using 8 workers of 8 for evacuation
[2023-07-28T15:11:07.095+0200][47,959s] GC(37)   Pre Evacuate Collection Set: 0,1ms
[2023-07-28T15:11:07.095+0200][47,959s] GC(37)   Merge Heap Roots: 0,1ms
[2023-07-28T15:11:07.095+0200][47,959s] GC(37)   Evacuate Collection Set: 0,7ms
[2023-07-28T15:11:07.095+0200][47,959s] GC(37)   Post Evacuate Collection Set: 0,2ms
[2023-07-28T15:11:07.095+0200][47,959s] GC(37)   Other: 0,1ms
[2023-07-28T15:11:07.095+0200][47,959s] GC(37) Eden regions: 2->0(28)
[2023-07-28T15:11:07.095+0200][47,959s] GC(37) Survivor regions: 1->1(6)
[2023-07-28T15:11:07.095+0200][47,959s] GC(37) Old regions: 47->47
[2023-07-28T15:11:07.095+0200][47,959s] GC(37) Archive regions: 2->2
[2023-07-28T15:11:07.095+0200][47,959s] GC(37) Humongous regions: 410->381
[2023-07-28T15:11:07.095+0200][47,959s] GC(37) Metaspace: 57794K(58560K)->57794K(58560K) NonClass: 50787K(51264K)->50787K(51264K) Class: 7006K(7296K)->7006K(7296K)
[2023-07-28T15:11:07.095+0200][47,959s] GC(37) Pause Young (Normal) (G1 Humongous Allocation) 456M->426M(512M) 1,206ms
[2023-07-28T15:11:07.095+0200][47,959s] GC(37) User=0,01s Sys=0,00s Real=0,00s
[2023-07-28T15:11:07.095+0200][47,959s] Attempting full compaction
[2023-07-28T15:11:07.095+0200][47,959s] GC(38) Using 8 workers of 8 for full compaction
[2023-07-28T15:11:07.095+0200][47,959s] GC(38) Pause Full (G1 Compaction Pause)
[2023-07-28T15:11:07.095+0200][47,959s] GC(38) Phase 1: Mark live objects
[2023-07-28T15:11:07.106+0200][47,970s] GC(38) Phase 1: Mark live objects 10,827ms
[2023-07-28T15:11:07.106+0200][47,970s] GC(38) Phase 2: Prepare for compaction
[2023-07-28T15:11:07.107+0200][47,971s] GC(38) Phase 2: Prepare for compaction 0,717ms
[2023-07-28T15:11:07.107+0200][47,971s] GC(38) Phase 3: Adjust pointers
[2023-07-28T15:11:07.114+0200][47,978s] GC(38) Phase 3: Adjust pointers 7,201ms
[2023-07-28T15:11:07.114+0200][47,978s] GC(38) Phase 4: Compact heap
[2023-07-28T15:11:07.115+0200][47,979s] GC(38) Phase 4: Compact heap 0,599ms
[2023-07-28T15:11:07.118+0200][47,982s] GC(38) Eden regions: 0->0(38)
[2023-07-28T15:11:07.118+0200][47,982s] GC(38) Survivor regions: 1->0(6)
[2023-07-28T15:11:07.118+0200][47,982s] GC(38) Old regions: 47->47
[2023-07-28T15:11:07.118+0200][47,982s] GC(38) Archive regions: 2->2
[2023-07-28T15:11:07.118+0200][47,982s] GC(38) Humongous regions: 381->371
[2023-07-28T15:11:07.118+0200][47,982s] GC(38) Metaspace: 57794K(58560K)->57794K(58560K) NonClass: 50787K(51264K)->50787K(51264K) Class: 7006K(7296K)->7006K(7296K)
[2023-07-28T15:11:07.118+0200][47,982s] GC(38) Pause Full (G1 Compaction Pause) 426M->416M(512M) 23,433ms
[2023-07-28T15:11:07.118+0200][47,982s] GC(38) User=0,11s Sys=0,01s Real=0,02s
[2023-07-28T15:11:07.118+0200][47,982s] Attempting maximum full compaction clearing soft references
[2023-07-28T15:11:07.118+0200][47,982s] GC(39) Using 8 workers of 8 for full compaction
[2023-07-28T15:11:07.118+0200][47,982s] GC(39) Pause Full (G1 Compaction Pause)
[2023-07-28T15:11:07.119+0200][47,982s] GC(39) Phase 1: Mark live objects
[2023-07-28T15:11:07.129+0200][47,993s] GC(39) Phase 1: Mark live objects 10,117ms
[2023-07-28T15:11:07.129+0200][47,993s] GC(39) Phase 2: Prepare for compaction
[2023-07-28T15:11:07.131+0200][47,995s] GC(39) Phase 2: Prepare for compaction 2,078ms
[2023-07-28T15:11:07.131+0200][47,995s] GC(39) Phase 3: Adjust pointers
[2023-07-28T15:11:07.140+0200][48,004s] GC(39) Phase 3: Adjust pointers 8,958ms
[2023-07-28T15:11:07.140+0200][48,004s] GC(39) Phase 4: Compact heap
[2023-07-28T15:11:07.142+0200][48,006s] GC(39) Phase 4: Compact heap 2,672ms
[2023-07-28T15:11:07.146+0200][48,010s] GC(39) Eden regions: 0->0(38)
[2023-07-28T15:11:07.146+0200][48,010s] GC(39) Survivor regions: 0->0(6)
[2023-07-28T15:11:07.146+0200][48,010s] GC(39) Old regions: 47->47
[2023-07-28T15:11:07.146+0200][48,010s] GC(39) Archive regions: 2->2
[2023-07-28T15:11:07.146+0200][48,010s] GC(39) Humongous regions: 371->371
[2023-07-28T15:11:07.146+0200][48,010s] GC(39) Metaspace: 57794K(58560K)->57794K(58560K) NonClass: 50787K(51264K)->50787K(51264K) Class: 7006K(7296K)->7006K(7296K)
[2023-07-28T15:11:07.146+0200][48,010s] GC(39) Pause Full (G1 Compaction Pause) 416M->416M(512M) 27,806ms
[2023-07-28T15:11:07.146+0200][48,010s] GC(39) User=0,13s Sys=0,00s Real=0,03s
[2023-07-28T15:11:07.151+0200][48,015s] GC(36) Concurrent Cleanup for Next Mark 57,684ms
[2023-07-28T15:11:07.151+0200][48,015s] GC(36) Concurrent Mark Abort
[2023-07-28T15:11:07.151+0200][48,015s] GC(36) Concurrent Mark Cycle 95,035ms
