[2023-07-28T15:20:00.826+0200][0.013s] Using G1
[2023-07-28T15:20:00.944+0200][0.131s] Version: 17.0.1+12-39 (release)
[2023-07-28T15:20:00.944+0200][0.131s] CPUs: 8 total, 8 available
[2023-07-28T15:20:00.944+0200][0.131s] Memory: 8192M
[2023-07-28T15:20:00.944+0200][0.131s] Large Page Support: Disabled
[2023-07-28T15:20:00.944+0200][0.131s] NUMA Support: Disabled
[2023-07-28T15:20:00.944+0200][0.131s] Compressed Oops: Enabled (Zero based)
[2023-07-28T15:20:00.944+0200][0.131s] Heap Region Size: 1M
[2023-07-28T15:20:00.944+0200][0.131s] Heap Min Capacity: 512M
[2023-07-28T15:20:00.944+0200][0.131s] Heap Initial Capacity: 512M
[2023-07-28T15:20:00.944+0200][0.131s] Heap Max Capacity: 512M
[2023-07-28T15:20:00.944+0200][0.131s] Pre-touch: Enabled
[2023-07-28T15:20:00.944+0200][0.131s] Parallel Workers: 8
[2023-07-28T15:20:00.944+0200][0.131s] Concurrent Workers: 2
[2023-07-28T15:20:00.944+0200][0.131s] Concurrent Refinement Workers: 8
[2023-07-28T15:20:00.944+0200][0.131s] Periodic GC: Disabled
[2023-07-28T15:20:00.944+0200][0.131s] CDS archive(s) mapped at: [0x0000000800000000-0x0000000800bd4000-0x0000000800bd4000), size 12402688, SharedBaseAddress: 0x0000000800000000, ArchiveRelocationMode: 0.
[2023-07-28T15:20:00.944+0200][0.131s] Compressed class space mapped at: 0x0000000800c00000-0x0000000840c00000, reserved size: 1073741824
[2023-07-28T15:20:00.944+0200][0.131s] Narrow klass base: 0x0000000800000000, Narrow klass shift: 0, Narrow klass range: 0x100000000
[2023-07-28T15:20:01.810+0200][0,998s] GC(0) Pause Young (Normal) (G1 Evacuation Pause)
[2023-07-28T15:20:01.811+0200][0,998s] GC(0) Using 8 workers of 8 for evacuation
[2023-07-28T15:20:01.818+0200][1,006s] GC(0)   Pre Evacuate Collection Set: 0,1ms
[2023-07-28T15:20:01.818+0200][1,006s] GC(0)   Merge Heap Roots: 0,1ms
[2023-07-28T15:20:01.818+0200][1,006s] GC(0)   Evacuate Collection Set: 7,1ms
[2023-07-28T15:20:01.818+0200][1,006s] GC(0)   Post Evacuate Collection Set: 0,2ms
[2023-07-28T15:20:01.818+0200][1,006s] GC(0)   Other: 0,5ms
[2023-07-28T15:20:01.818+0200][1,006s] GC(0) Eden regions: 29->0(66)
[2023-07-28T15:20:01.818+0200][1,006s] GC(0) Survivor regions: 0->4(4)
[2023-07-28T15:20:01.818+0200][1,006s] GC(0) Old regions: 0->0
[2023-07-28T15:20:01.818+0200][1,006s] GC(0) Archive regions: 2->2
[2023-07-28T15:20:01.818+0200][1,006s] GC(0) Humongous regions: 0->0
[2023-07-28T15:20:01.818+0200][1,006s] GC(0) Metaspace: 7418K(7680K)->7418K(7680K) NonClass: 6530K(6656K)->6530K(6656K) Class: 888K(1024K)->888K(1024K)
[2023-07-28T15:20:01.819+0200][1,006s] GC(0) Pause Young (Normal) (G1 Evacuation Pause) 29M->4M(512M) 8,065ms
[2023-07-28T15:20:01.819+0200][1,006s] GC(0) User=0,01s Sys=0,00s Real=0,00s
[2023-07-28T15:20:02.984+0200][2,171s] GC(1) Pause Young (Normal) (G1 Evacuation Pause)
[2023-07-28T15:20:02.984+0200][2,171s] GC(1) Using 8 workers of 8 for evacuation
[2023-07-28T15:20:02.996+0200][2,183s] GC(1)   Pre Evacuate Collection Set: 0,1ms
[2023-07-28T15:20:02.996+0200][2,183s] GC(1)   Merge Heap Roots: 0,0ms
[2023-07-28T15:20:02.996+0200][2,183s] GC(1)   Evacuate Collection Set: 12,0ms
[2023-07-28T15:20:02.996+0200][2,183s] GC(1)   Post Evacuate Collection Set: 0,4ms
[2023-07-28T15:20:02.996+0200][2,183s] GC(1)   Other: 0,1ms
[2023-07-28T15:20:02.996+0200][2,183s] GC(1) Eden regions: 66->0(82)
[2023-07-28T15:20:02.996+0200][2,183s] GC(1) Survivor regions: 4->9(9)
[2023-07-28T15:20:02.996+0200][2,183s] GC(1) Old regions: 0->9
[2023-07-28T15:20:02.996+0200][2,183s] GC(1) Archive regions: 2->2
[2023-07-28T15:20:02.996+0200][2,184s] GC(1) Humongous regions: 4->4
[2023-07-28T15:20:02.996+0200][2,184s] GC(1) Metaspace: 18424K(18688K)->18424K(18688K) NonClass: 16257K(16384K)->16257K(16384K) Class: 2166K(2304K)->2166K(2304K)
[2023-07-28T15:20:02.996+0200][2,184s] GC(1) Pause Young (Normal) (G1 Evacuation Pause) 74M->22M(512M) 12,753ms
[2023-07-28T15:20:02.996+0200][2,184s] GC(1) User=0,03s Sys=0,01s Real=0,01s
[2023-07-28T15:20:03.348+0200][2,535s] GC(2) Pause Young (Concurrent Start) (Metadata GC Threshold)
[2023-07-28T15:20:03.348+0200][2,535s] GC(2) Using 8 workers of 8 for evacuation
[2023-07-28T15:20:03.358+0200][2,545s] GC(2)   Pre Evacuate Collection Set: 0,1ms
[2023-07-28T15:20:03.358+0200][2,545s] GC(2)   Merge Heap Roots: 0,1ms
[2023-07-28T15:20:03.358+0200][2,545s] GC(2)   Evacuate Collection Set: 9,5ms
[2023-07-28T15:20:03.358+0200][2,545s] GC(2)   Post Evacuate Collection Set: 0,4ms
[2023-07-28T15:20:03.358+0200][2,545s] GC(2)   Other: 0,2ms
[2023-07-28T15:20:03.358+0200][2,545s] GC(2) Eden regions: 24->0(132)
[2023-07-28T15:20:03.358+0200][2,545s] GC(2) Survivor regions: 9->2(11)
[2023-07-28T15:20:03.358+0200][2,545s] GC(2) Old regions: 9->18
[2023-07-28T15:20:03.358+0200][2,545s] GC(2) Archive regions: 2->2
[2023-07-28T15:20:03.358+0200][2,545s] GC(2) Humongous regions: 4->4
[2023-07-28T15:20:03.358+0200][2,545s] GC(2) Metaspace: 21270K(21504K)->21270K(21504K) NonClass: 18773K(18880K)->18773K(18880K) Class: 2497K(2624K)->2497K(2624K)
[2023-07-28T15:20:03.358+0200][2,545s] GC(2) Pause Young (Concurrent Start) (Metadata GC Threshold) 46M->23M(512M) 10,253ms
[2023-07-28T15:20:03.358+0200][2,545s] GC(2) User=0,02s Sys=0,00s Real=0,01s
[2023-07-28T15:20:03.358+0200][2,545s] GC(3) Concurrent Mark Cycle
[2023-07-28T15:20:03.358+0200][2,545s] GC(3) Concurrent Clear Claimed Marks
[2023-07-28T15:20:03.358+0200][2,545s] GC(3) Concurrent Clear Claimed Marks 0,018ms
[2023-07-28T15:20:03.358+0200][2,545s] GC(3) Concurrent Scan Root Regions
[2023-07-28T15:20:03.364+0200][2,551s] GC(3) Concurrent Scan Root Regions 5,546ms
[2023-07-28T15:20:03.364+0200][2,552s] GC(3) Concurrent Mark
[2023-07-28T15:20:03.364+0200][2,552s] GC(3) Concurrent Mark From Roots
[2023-07-28T15:20:03.364+0200][2,552s] GC(3) Using 2 workers of 2 for marking
[2023-07-28T15:20:03.371+0200][2,558s] GC(3) Concurrent Mark From Roots 6,064ms
[2023-07-28T15:20:03.371+0200][2,559s] GC(3) Concurrent Preclean
[2023-07-28T15:20:03.371+0200][2,559s] GC(3) Concurrent Preclean 0,037ms
[2023-07-28T15:20:03.372+0200][2,559s] GC(3) Pause Remark
[2023-07-28T15:20:03.381+0200][2,569s] GC(3) Pause Remark 24M->24M(512M) 9,478ms
[2023-07-28T15:20:03.381+0200][2,569s] GC(3) User=0,01s Sys=0,01s Real=0,01s
[2023-07-28T15:20:03.382+0200][2,569s] GC(3) Concurrent Mark 17,107ms
[2023-07-28T15:20:03.382+0200][2,569s] GC(3) Concurrent Rebuild Remembered Sets
[2023-07-28T15:20:03.388+0200][2,575s] GC(3) Concurrent Rebuild Remembered Sets 6,297ms
[2023-07-28T15:20:03.388+0200][2,575s] GC(3) Pause Cleanup
[2023-07-28T15:20:03.388+0200][2,576s] GC(3) Pause Cleanup 24M->24M(512M) 0,074ms
[2023-07-28T15:20:03.388+0200][2,576s] GC(3) User=0,00s Sys=0,00s Real=0,00s
[2023-07-28T15:20:03.388+0200][2,576s] GC(3) Concurrent Cleanup for Next Mark
[2023-07-28T15:20:03.389+0200][2,576s] GC(3) Concurrent Cleanup for Next Mark 0,661ms
[2023-07-28T15:20:03.389+0200][2,576s] GC(3) Concurrent Mark Cycle 30,883ms
[2023-07-28T15:20:05.229+0200][4,416s] GC(4) Pause Young (Concurrent Start) (Metadata GC Threshold)
[2023-07-28T15:20:05.229+0200][4,416s] GC(4) Using 8 workers of 8 for evacuation
[2023-07-28T15:20:05.235+0200][4,422s] GC(4)   Pre Evacuate Collection Set: 0,1ms
[2023-07-28T15:20:05.235+0200][4,422s] GC(4)   Merge Heap Roots: 0,0ms
[2023-07-28T15:20:05.235+0200][4,422s] GC(4)   Evacuate Collection Set: 5,3ms
[2023-07-28T15:20:05.235+0200][4,422s] GC(4)   Post Evacuate Collection Set: 0,7ms
[2023-07-28T15:20:05.235+0200][4,422s] GC(4)   Other: 0,1ms
[2023-07-28T15:20:05.235+0200][4,422s] GC(4) Eden regions: 94->0(299)
[2023-07-28T15:20:05.235+0200][4,422s] GC(4) Survivor regions: 2->8(17)
[2023-07-28T15:20:05.235+0200][4,422s] GC(4) Old regions: 18->18
[2023-07-28T15:20:05.235+0200][4,422s] GC(4) Archive regions: 2->2
[2023-07-28T15:20:05.235+0200][4,422s] GC(4) Humongous regions: 5->4
[2023-07-28T15:20:05.235+0200][4,422s] GC(4) Metaspace: 35728K(36096K)->35728K(36096K) NonClass: 31424K(31616K)->31424K(31616K) Class: 4304K(4480K)->4304K(4480K)
[2023-07-28T15:20:05.235+0200][4,423s] GC(4) Pause Young (Concurrent Start) (Metadata GC Threshold) 118M->30M(512M) 6,323ms
[2023-07-28T15:20:05.235+0200][4,423s] GC(4) User=0,02s Sys=0,00s Real=0,01s
[2023-07-28T15:20:05.235+0200][4,423s] GC(5) Concurrent Mark Cycle
[2023-07-28T15:20:05.235+0200][4,423s] GC(5) Concurrent Clear Claimed Marks
[2023-07-28T15:20:05.235+0200][4,423s] GC(5) Concurrent Clear Claimed Marks 0,025ms
[2023-07-28T15:20:05.235+0200][4,423s] GC(5) Concurrent Scan Root Regions
[2023-07-28T15:20:05.238+0200][4,425s] GC(5) Concurrent Scan Root Regions 2,178ms
[2023-07-28T15:20:05.238+0200][4,425s] GC(5) Concurrent Mark
[2023-07-28T15:20:05.238+0200][4,425s] GC(5) Concurrent Mark From Roots
[2023-07-28T15:20:05.238+0200][4,425s] GC(5) Using 2 workers of 2 for marking
[2023-07-28T15:20:05.246+0200][4,433s] GC(5) Concurrent Mark From Roots 8,257ms
[2023-07-28T15:20:05.246+0200][4,433s] GC(5) Concurrent Preclean
[2023-07-28T15:20:05.246+0200][4,433s] GC(5) Concurrent Preclean 0,062ms
[2023-07-28T15:20:05.246+0200][4,433s] GC(5) Pause Remark
[2023-07-28T15:20:05.261+0200][4,448s] GC(5) Pause Remark 31M->31M(512M) 15,028ms
[2023-07-28T15:20:05.261+0200][4,448s] GC(5) User=0,02s Sys=0,02s Real=0,02s
[2023-07-28T15:20:05.261+0200][4,449s] GC(5) Concurrent Mark 23,757ms
[2023-07-28T15:20:05.261+0200][4,449s] GC(5) Concurrent Rebuild Remembered Sets
[2023-07-28T15:20:05.266+0200][4,454s] GC(5) Concurrent Rebuild Remembered Sets 5,044ms
[2023-07-28T15:20:05.267+0200][4,454s] GC(5) Pause Cleanup
[2023-07-28T15:20:05.267+0200][4,454s] GC(5) Pause Cleanup 31M->31M(512M) 0,196ms
[2023-07-28T15:20:05.267+0200][4,454s] GC(5) User=0,00s Sys=0,00s Real=0,00s
[2023-07-28T15:20:05.267+0200][4,454s] GC(5) Concurrent Cleanup for Next Mark
[2023-07-28T15:20:05.268+0200][4,455s] GC(5) Concurrent Cleanup for Next Mark 0,609ms
[2023-07-28T15:20:05.271+0200][4,459s] GC(5) Concurrent Mark Cycle 36,200ms
[2023-07-28T15:20:28.221+0200][27,409s] GC(6) Pause Young (Normal) (G1 Evacuation Pause)
[2023-07-28T15:20:28.222+0200][27,409s] GC(6) Using 8 workers of 8 for evacuation
[2023-07-28T15:20:28.241+0200][27,429s] GC(6)   Pre Evacuate Collection Set: 0,1ms
[2023-07-28T15:20:28.242+0200][27,429s] GC(6)   Merge Heap Roots: 0,1ms
[2023-07-28T15:20:28.242+0200][27,429s] GC(6)   Evacuate Collection Set: 18,2ms
[2023-07-28T15:20:28.242+0200][27,429s] GC(6)   Post Evacuate Collection Set: 1,0ms
[2023-07-28T15:20:28.242+0200][27,429s] GC(6)   Other: 1,0ms
[2023-07-28T15:20:28.242+0200][27,429s] GC(6) Eden regions: 299->0(272)
[2023-07-28T15:20:28.242+0200][27,429s] GC(6) Survivor regions: 8->35(39)
[2023-07-28T15:20:28.242+0200][27,429s] GC(6) Old regions: 18->18
[2023-07-28T15:20:28.242+0200][27,429s] GC(6) Archive regions: 2->2
[2023-07-28T15:20:28.242+0200][27,429s] GC(6) Humongous regions: 68->31
[2023-07-28T15:20:28.242+0200][27,429s] GC(6) Metaspace: 57459K(57984K)->57459K(57984K) NonClass: 50421K(50688K)->50421K(50688K) Class: 7038K(7296K)->7038K(7296K)
[2023-07-28T15:20:28.242+0200][27,429s] GC(6) Pause Young (Normal) (G1 Evacuation Pause) 393M->83M(512M) 20,484ms
[2023-07-28T15:20:28.242+0200][27,429s] GC(6) User=0,06s Sys=0,04s Real=0,02s
[2023-07-28T15:21:05.309+0200][64,497s] GC(7) Pause Young (Normal) (G1 Preventive Collection)
[2023-07-28T15:21:05.310+0200][64,498s] GC(7) Using 8 workers of 8 for evacuation
[2023-07-28T15:21:05.348+0200][64,536s] GC(7)   Pre Evacuate Collection Set: 0,2ms
[2023-07-28T15:21:05.348+0200][64,536s] GC(7)   Merge Heap Roots: 0,1ms
[2023-07-28T15:21:05.348+0200][64,536s] GC(7)   Evacuate Collection Set: 36,4ms
[2023-07-28T15:21:05.348+0200][64,536s] GC(7)   Post Evacuate Collection Set: 1,1ms
[2023-07-28T15:21:05.348+0200][64,536s] GC(7)   Other: 1,1ms
[2023-07-28T15:21:05.348+0200][64,536s] GC(7) Eden regions: 214->0(257)
[2023-07-28T15:21:05.348+0200][64,536s] GC(7) Survivor regions: 35->5(39)
[2023-07-28T15:21:05.348+0200][64,536s] GC(7) Old regions: 18->45
[2023-07-28T15:21:05.348+0200][64,536s] GC(7) Archive regions: 2->2
[2023-07-28T15:21:05.348+0200][64,536s] GC(7) Humongous regions: 195->85
[2023-07-28T15:21:05.348+0200][64,536s] GC(7) Metaspace: 58082K(58624K)->58082K(58624K) NonClass: 51010K(51328K)->51010K(51328K) Class: 7072K(7296K)->7072K(7296K)
[2023-07-28T15:21:05.348+0200][64,536s] GC(7) Pause Young (Normal) (G1 Preventive Collection) 461M->135M(512M) 38,896ms
[2023-07-28T15:21:05.348+0200][64,536s] GC(7) User=0,07s Sys=0,12s Real=0,04s
[2023-07-28T15:21:05.399+0200][64,587s] GC(8) Pause Young (Concurrent Start) (G1 Humongous Allocation)
[2023-07-28T15:21:05.399+0200][64,587s] GC(8) Using 8 workers of 8 for evacuation
[2023-07-28T15:21:05.401+0200][64,589s] GC(8)   Pre Evacuate Collection Set: 0,2ms
[2023-07-28T15:21:05.401+0200][64,589s] GC(8)   Merge Heap Roots: 0,1ms
[2023-07-28T15:21:05.401+0200][64,589s] GC(8)   Evacuate Collection Set: 1,4ms
[2023-07-28T15:21:05.401+0200][64,589s] GC(8)   Post Evacuate Collection Set: 0,4ms
[2023-07-28T15:21:05.401+0200][64,589s] GC(8)   Other: 0,2ms
[2023-07-28T15:21:05.401+0200][64,589s] GC(8) Eden regions: 5->0(243)
[2023-07-28T15:21:05.401+0200][64,589s] GC(8) Survivor regions: 5->3(33)
[2023-07-28T15:21:05.401+0200][64,589s] GC(8) Old regions: 45->45
[2023-07-28T15:21:05.401+0200][64,589s] GC(8) Archive regions: 2->2
[2023-07-28T15:21:05.401+0200][64,589s] GC(8) Humongous regions: 181->125
[2023-07-28T15:21:05.401+0200][64,589s] GC(8) Metaspace: 58092K(58624K)->58092K(58624K) NonClass: 51019K(51328K)->51019K(51328K) Class: 7072K(7296K)->7072K(7296K)
[2023-07-28T15:21:05.401+0200][64,589s] GC(8) Pause Young (Concurrent Start) (G1 Humongous Allocation) 236M->173M(512M) 2,345ms
[2023-07-28T15:21:05.401+0200][64,589s] GC(8) User=0,01s Sys=0,00s Real=0,01s
[2023-07-28T15:21:05.401+0200][64,589s] GC(9) Concurrent Undo Cycle
[2023-07-28T15:21:05.401+0200][64,589s] GC(9) Concurrent Cleanup for Next Mark
[2023-07-28T15:21:05.403+0200][64,591s] GC(9) Concurrent Cleanup for Next Mark 1,623ms
[2023-07-28T15:21:05.403+0200][64,591s] GC(9) Concurrent Undo Cycle 1,766ms
[2023-07-28T15:21:05.424+0200][64,612s] GC(10) Pause Young (Concurrent Start) (G1 Humongous Allocation)
[2023-07-28T15:21:05.424+0200][64,612s] GC(10) Using 8 workers of 8 for evacuation
[2023-07-28T15:21:05.426+0200][64,614s] GC(10)   Pre Evacuate Collection Set: 0,1ms
[2023-07-28T15:21:05.427+0200][64,614s] GC(10)   Merge Heap Roots: 0,1ms
[2023-07-28T15:21:05.427+0200][64,614s] GC(10)   Evacuate Collection Set: 1,5ms
[2023-07-28T15:21:05.427+0200][64,614s] GC(10)   Post Evacuate Collection Set: 0,3ms
[2023-07-28T15:21:05.427+0200][64,614s] GC(10)   Other: 0,1ms
[2023-07-28T15:21:05.427+0200][64,614s] GC(10) Eden regions: 4->0(231)
[2023-07-28T15:21:05.427+0200][64,614s] GC(10) Survivor regions: 3->3(31)
[2023-07-28T15:21:05.427+0200][64,614s] GC(10) Old regions: 45->45
[2023-07-28T15:21:05.427+0200][64,614s] GC(10) Archive regions: 2->2
[2023-07-28T15:21:05.427+0200][64,614s] GC(10) Humongous regions: 178->147
[2023-07-28T15:21:05.427+0200][64,614s] GC(10) Metaspace: 58104K(58624K)->58104K(58624K) NonClass: 51030K(51328K)->51030K(51328K) Class: 7073K(7296K)->7073K(7296K)
[2023-07-28T15:21:05.427+0200][64,614s] GC(10) Pause Young (Concurrent Start) (G1 Humongous Allocation) 230M->195M(512M) 2,141ms
[2023-07-28T15:21:05.427+0200][64,614s] GC(10) User=0,01s Sys=0,00s Real=0,00s
[2023-07-28T15:21:05.427+0200][64,614s] GC(11) Concurrent Undo Cycle
[2023-07-28T15:21:05.427+0200][64,614s] GC(11) Concurrent Cleanup for Next Mark
[2023-07-28T15:21:05.427+0200][64,615s] GC(11) Concurrent Cleanup for Next Mark 0,328ms
[2023-07-28T15:21:05.427+0200][64,615s] GC(11) Concurrent Undo Cycle 0,403ms
[2023-07-28T15:21:05.436+0200][64,624s] GC(12) Pause Young (Concurrent Start) (G1 Humongous Allocation)
[2023-07-28T15:21:05.436+0200][64,624s] GC(12) Using 8 workers of 8 for evacuation
[2023-07-28T15:21:05.439+0200][64,627s] GC(12)   Pre Evacuate Collection Set: 0,2ms
[2023-07-28T15:21:05.439+0200][64,627s] GC(12)   Merge Heap Roots: 0,1ms
[2023-07-28T15:21:05.439+0200][64,627s] GC(12)   Evacuate Collection Set: 2,4ms
[2023-07-28T15:21:05.439+0200][64,627s] GC(12)   Post Evacuate Collection Set: 0,3ms
[2023-07-28T15:21:05.439+0200][64,627s] GC(12)   Other: 0,1ms
[2023-07-28T15:21:05.439+0200][64,627s] GC(12) Eden regions: 5->0(219)
[2023-07-28T15:21:05.439+0200][64,627s] GC(12) Survivor regions: 3->3(30)
[2023-07-28T15:21:05.439+0200][64,627s] GC(12) Old regions: 45->45
[2023-07-28T15:21:05.439+0200][64,627s] GC(12) Archive regions: 2->2
[2023-07-28T15:21:05.439+0200][64,627s] GC(12) Humongous regions: 178->166
[2023-07-28T15:21:05.439+0200][64,627s] GC(12) Metaspace: 58104K(58624K)->58104K(58624K) NonClass: 51030K(51328K)->51030K(51328K) Class: 7073K(7296K)->7073K(7296K)
[2023-07-28T15:21:05.439+0200][64,627s] GC(12) Pause Young (Concurrent Start) (G1 Humongous Allocation) 231M->214M(512M) 3,191ms
[2023-07-28T15:21:05.439+0200][64,627s] GC(12) User=0,00s Sys=0,00s Real=0,00s
[2023-07-28T15:21:05.439+0200][64,627s] GC(13) Concurrent Undo Cycle
[2023-07-28T15:21:05.439+0200][64,627s] GC(13) Concurrent Cleanup for Next Mark
[2023-07-28T15:21:05.440+0200][64,627s] GC(13) Concurrent Cleanup for Next Mark 0,444ms
[2023-07-28T15:21:05.440+0200][64,628s] GC(13) Concurrent Undo Cycle 0,536ms
[2023-07-28T15:21:05.449+0200][64,637s] GC(14) Pause Young (Concurrent Start) (G1 Humongous Allocation)
[2023-07-28T15:21:05.449+0200][64,637s] GC(14) Using 8 workers of 8 for evacuation
[2023-07-28T15:21:05.451+0200][64,639s] GC(14)   Pre Evacuate Collection Set: 0,1ms
[2023-07-28T15:21:05.451+0200][64,639s] GC(14)   Merge Heap Roots: 0,1ms
[2023-07-28T15:21:05.451+0200][64,639s] GC(14)   Evacuate Collection Set: 1,5ms
[2023-07-28T15:21:05.451+0200][64,639s] GC(14)   Post Evacuate Collection Set: 0,4ms
[2023-07-28T15:21:05.451+0200][64,639s] GC(14)   Other: 0,1ms
[2023-07-28T15:21:05.451+0200][64,639s] GC(14) Eden regions: 4->0(221)
[2023-07-28T15:21:05.451+0200][64,639s] GC(14) Survivor regions: 3->3(28)
[2023-07-28T15:21:05.451+0200][64,639s] GC(14) Old regions: 45->45
[2023-07-28T15:21:05.451+0200][64,639s] GC(14) Archive regions: 2->2
[2023-07-28T15:21:05.451+0200][64,639s] GC(14) Humongous regions: 183->169
[2023-07-28T15:21:05.451+0200][64,639s] GC(14) Metaspace: 58104K(58624K)->58104K(58624K) NonClass: 51030K(51328K)->51030K(51328K) Class: 7073K(7296K)->7073K(7296K)
[2023-07-28T15:21:05.451+0200][64,639s] GC(14) Pause Young (Concurrent Start) (G1 Humongous Allocation) 234M->217M(512M) 2,154ms
[2023-07-28T15:21:05.451+0200][64,639s] GC(14) User=0,01s Sys=0,00s Real=0,01s
[2023-07-28T15:21:05.451+0200][64,639s] GC(15) Concurrent Undo Cycle
[2023-07-28T15:21:05.451+0200][64,639s] GC(15) Concurrent Cleanup for Next Mark
[2023-07-28T15:21:05.452+0200][64,639s] GC(15) Concurrent Cleanup for Next Mark 0,260ms
[2023-07-28T15:21:05.452+0200][64,639s] GC(15) Concurrent Undo Cycle 0,305ms
[2023-07-28T15:21:05.468+0200][64,656s] GC(16) Pause Young (Concurrent Start) (G1 Humongous Allocation)
[2023-07-28T15:21:05.469+0200][64,656s] GC(16) Using 8 workers of 8 for evacuation
[2023-07-28T15:21:05.471+0200][64,658s] GC(16)   Pre Evacuate Collection Set: 0,1ms
[2023-07-28T15:21:05.471+0200][64,658s] GC(16)   Merge Heap Roots: 0,0ms
[2023-07-28T15:21:05.471+0200][64,658s] GC(16)   Evacuate Collection Set: 1,8ms
[2023-07-28T15:21:05.471+0200][64,658s] GC(16)   Post Evacuate Collection Set: 0,2ms
[2023-07-28T15:21:05.471+0200][64,659s] GC(16)   Other: 0,1ms
[2023-07-28T15:21:05.471+0200][64,659s] GC(16) Eden regions: 4->0(219)
[2023-07-28T15:21:05.471+0200][64,659s] GC(16) Survivor regions: 3->3(28)
[2023-07-28T15:21:05.471+0200][64,659s] GC(16) Old regions: 45->45
[2023-07-28T15:21:05.471+0200][64,659s] GC(16) Archive regions: 2->2
[2023-07-28T15:21:05.471+0200][64,659s] GC(16) Humongous regions: 172->169
[2023-07-28T15:21:05.471+0200][64,659s] GC(16) Metaspace: 58120K(58624K)->58120K(58624K) NonClass: 51042K(51328K)->51042K(51328K) Class: 7078K(7296K)->7078K(7296K)
[2023-07-28T15:21:05.471+0200][64,659s] GC(16) Pause Young (Concurrent Start) (G1 Humongous Allocation) 224M->217M(512M) 2,249ms
[2023-07-28T15:21:05.471+0200][64,659s] GC(16) User=0,01s Sys=0,01s Real=0,01s
[2023-07-28T15:21:05.471+0200][64,659s] GC(17) Concurrent Undo Cycle
[2023-07-28T15:21:05.471+0200][64,659s] GC(17) Concurrent Cleanup for Next Mark
[2023-07-28T15:21:05.471+0200][64,659s] GC(17) Concurrent Cleanup for Next Mark 0,341ms
[2023-07-28T15:21:05.471+0200][64,659s] GC(17) Concurrent Undo Cycle 0,423ms
[2023-07-28T15:21:05.476+0200][64,664s] GC(18) Pause Young (Concurrent Start) (G1 Humongous Allocation)
[2023-07-28T15:21:05.476+0200][64,664s] GC(18) Using 8 workers of 8 for evacuation
[2023-07-28T15:21:05.478+0200][64,666s] GC(18)   Pre Evacuate Collection Set: 0,1ms
[2023-07-28T15:21:05.478+0200][64,666s] GC(18)   Merge Heap Roots: 0,0ms
[2023-07-28T15:21:05.478+0200][64,666s] GC(18)   Evacuate Collection Set: 1,1ms
[2023-07-28T15:21:05.478+0200][64,666s] GC(18)   Post Evacuate Collection Set: 0,3ms
[2023-07-28T15:21:05.478+0200][64,666s] GC(18)   Other: 0,1ms
[2023-07-28T15:21:05.478+0200][64,666s] GC(18) Eden regions: 4->0(209)
[2023-07-28T15:21:05.478+0200][64,666s] GC(18) Survivor regions: 3->3(28)
[2023-07-28T15:21:05.478+0200][64,666s] GC(18) Old regions: 45->45
[2023-07-28T15:21:05.478+0200][64,666s] GC(18) Archive regions: 2->2
[2023-07-28T15:21:05.478+0200][64,666s] GC(18) Humongous regions: 197->184
[2023-07-28T15:21:05.478+0200][64,666s] GC(18) Metaspace: 58120K(58624K)->58120K(58624K) NonClass: 51042K(51328K)->51042K(51328K) Class: 7078K(7296K)->7078K(7296K)
[2023-07-28T15:21:05.478+0200][64,666s] GC(18) Pause Young (Concurrent Start) (G1 Humongous Allocation) 248M->232M(512M) 1,708ms
[2023-07-28T15:21:05.478+0200][64,666s] GC(18) User=0,01s Sys=0,00s Real=0,00s
[2023-07-28T15:21:05.478+0200][64,666s] GC(19) Concurrent Mark Cycle
[2023-07-28T15:21:05.478+0200][64,666s] GC(19) Concurrent Clear Claimed Marks
[2023-07-28T15:21:05.478+0200][64,666s] GC(19) Concurrent Clear Claimed Marks 0,011ms
[2023-07-28T15:21:05.478+0200][64,666s] GC(19) Concurrent Scan Root Regions
[2023-07-28T15:21:05.479+0200][64,666s] GC(19) Concurrent Scan Root Regions 0,737ms
[2023-07-28T15:21:05.479+0200][64,666s] GC(19) Concurrent Mark
[2023-07-28T15:21:05.479+0200][64,666s] GC(19) Concurrent Mark From Roots
[2023-07-28T15:21:05.479+0200][64,666s] GC(19) Using 2 workers of 2 for marking
[2023-07-28T15:21:05.510+0200][64,697s] GC(19) Concurrent Mark From Roots 31,005ms
[2023-07-28T15:21:05.510+0200][64,698s] GC(19) Concurrent Preclean
[2023-07-28T15:21:05.510+0200][64,698s] GC(19) Concurrent Preclean 0,365ms
[2023-07-28T15:21:05.513+0200][64,701s] GC(19) Pause Remark
[2023-07-28T15:21:05.542+0200][64,730s] GC(19) Pause Remark 365M->365M(512M) 28,738ms
[2023-07-28T15:21:05.542+0200][64,730s] GC(19) User=0,04s Sys=0,07s Real=0,03s
[2023-07-28T15:21:05.542+0200][64,730s] GC(19) Concurrent Mark 63,356ms
[2023-07-28T15:21:05.542+0200][64,730s] GC(19) Concurrent Rebuild Remembered Sets
[2023-07-28T15:21:05.554+0200][64,742s] GC(19) Concurrent Rebuild Remembered Sets 11,899ms
[2023-07-28T15:21:05.554+0200][64,742s] GC(19) Pause Cleanup
[2023-07-28T15:21:05.554+0200][64,742s] GC(19) Pause Cleanup 382M->382M(512M) 0,109ms
[2023-07-28T15:21:05.554+0200][64,742s] GC(19) User=0,00s Sys=0,00s Real=0,00s
[2023-07-28T15:21:05.554+0200][64,742s] GC(19) Concurrent Cleanup for Next Mark
[2023-07-28T15:21:05.558+0200][64,746s] GC(19) Concurrent Cleanup for Next Mark 3,639ms
[2023-07-28T15:21:05.558+0200][64,746s] GC(19) Concurrent Mark Cycle 80,427ms
[2023-07-28T15:21:05.560+0200][64,747s] GC(20) Pause Young (Concurrent Start) (G1 Humongous Allocation)
[2023-07-28T15:21:05.560+0200][64,747s] GC(20) Using 8 workers of 8 for evacuation
[2023-07-28T15:21:05.563+0200][64,751s] GC(20)   Pre Evacuate Collection Set: 0,1ms
[2023-07-28T15:21:05.563+0200][64,751s] GC(20)   Merge Heap Roots: 0,1ms
[2023-07-28T15:21:05.563+0200][64,751s] GC(20)   Evacuate Collection Set: 2,5ms
[2023-07-28T15:21:05.563+0200][64,751s] GC(20)   Post Evacuate Collection Set: 0,4ms
[2023-07-28T15:21:05.563+0200][64,751s] GC(20)   Other: 0,1ms
[2023-07-28T15:21:05.563+0200][64,751s] GC(20) Eden regions: 5->0(153)
[2023-07-28T15:21:05.563+0200][64,751s] GC(20) Survivor regions: 3->3(27)
[2023-07-28T15:21:05.563+0200][64,751s] GC(20) Old regions: 45->45
[2023-07-28T15:21:05.563+0200][64,751s] GC(20) Archive regions: 2->2
[2023-07-28T15:21:05.563+0200][64,751s] GC(20) Humongous regions: 330->246
[2023-07-28T15:21:05.563+0200][64,751s] GC(20) Metaspace: 58081K(58752K)->58081K(58752K) NonClass: 51016K(51392K)->51016K(51392K) Class: 7065K(7360K)->7065K(7360K)
[2023-07-28T15:21:05.563+0200][64,751s] GC(20) Pause Young (Concurrent Start) (G1 Humongous Allocation) 382M->294M(512M) 3,282ms
[2023-07-28T15:21:05.563+0200][64,751s] GC(20) User=0,01s Sys=0,00s Real=0,00s
[2023-07-28T15:21:05.563+0200][64,751s] GC(21) Concurrent Mark Cycle
[2023-07-28T15:21:05.563+0200][64,751s] GC(21) Concurrent Clear Claimed Marks
[2023-07-28T15:21:05.563+0200][64,751s] GC(21) Concurrent Clear Claimed Marks 0,020ms
[2023-07-28T15:21:05.563+0200][64,751s] GC(21) Concurrent Scan Root Regions
[2023-07-28T15:21:05.564+0200][64,751s] GC(21) Concurrent Scan Root Regions 0,648ms
[2023-07-28T15:21:05.564+0200][64,751s] GC(21) Concurrent Mark
[2023-07-28T15:21:05.564+0200][64,751s] GC(21) Concurrent Mark From Roots
[2023-07-28T15:21:05.564+0200][64,751s] GC(21) Using 2 workers of 2 for marking
[2023-07-28T15:21:05.590+0200][64,777s] GC(21) Concurrent Mark From Roots 25,899ms
[2023-07-28T15:21:05.590+0200][64,777s] GC(21) Concurrent Preclean
[2023-07-28T15:21:05.590+0200][64,778s] GC(21) Concurrent Preclean 0,373ms
[2023-07-28T15:21:05.591+0200][64,778s] GC(21) Pause Remark
[2023-07-28T15:21:05.596+0200][64,784s] GC(21) Pause Remark 316M->316M(512M) 5,092ms
[2023-07-28T15:21:05.596+0200][64,784s] GC(21) User=0,02s Sys=0,01s Real=0,00s
[2023-07-28T15:21:05.596+0200][64,784s] GC(21) Concurrent Mark 32,260ms
[2023-07-28T15:21:05.596+0200][64,784s] GC(21) Concurrent Rebuild Remembered Sets
[2023-07-28T15:21:05.608+0200][64,796s] GC(21) Concurrent Rebuild Remembered Sets 12,032ms
[2023-07-28T15:21:05.608+0200][64,796s] GC(21) Pause Cleanup
[2023-07-28T15:21:05.609+0200][64,796s] GC(21) Pause Cleanup 316M->316M(512M) 0,136ms
[2023-07-28T15:21:05.609+0200][64,796s] GC(21) User=0,00s Sys=0,00s Real=0,00s
[2023-07-28T15:21:05.609+0200][64,797s] GC(21) Concurrent Cleanup for Next Mark
[2023-07-28T15:21:05.609+0200][64,797s] GC(21) Concurrent Cleanup for Next Mark 0,407ms
[2023-07-28T15:21:05.609+0200][64,797s] GC(21) Concurrent Mark Cycle 46,226ms
[2023-07-28T15:21:05.613+0200][64,801s] GC(22) Pause Young (Concurrent Start) (G1 Humongous Allocation)
[2023-07-28T15:21:05.614+0200][64,801s] GC(22) Using 8 workers of 8 for evacuation
[2023-07-28T15:21:05.616+0200][64,803s] GC(22)   Pre Evacuate Collection Set: 0,1ms
[2023-07-28T15:21:05.616+0200][64,803s] GC(22)   Merge Heap Roots: 0,1ms
[2023-07-28T15:21:05.616+0200][64,803s] GC(22)   Evacuate Collection Set: 1,5ms
[2023-07-28T15:21:05.616+0200][64,803s] GC(22)   Post Evacuate Collection Set: 0,3ms
[2023-07-28T15:21:05.616+0200][64,803s] GC(22)   Other: 0,1ms
[2023-07-28T15:21:05.616+0200][64,803s] GC(22) Eden regions: 3->0(145)
[2023-07-28T15:21:05.616+0200][64,803s] GC(22) Survivor regions: 3->3(20)
[2023-07-28T15:21:05.616+0200][64,803s] GC(22) Old regions: 45->45
[2023-07-28T15:21:05.616+0200][64,803s] GC(22) Archive regions: 2->2
[2023-07-28T15:21:05.616+0200][64,803s] GC(22) Humongous regions: 266->256
[2023-07-28T15:21:05.616+0200][64,803s] GC(22) Metaspace: 58081K(58752K)->58081K(58752K) NonClass: 51016K(51392K)->51016K(51392K) Class: 7065K(7360K)->7065K(7360K)
[2023-07-28T15:21:05.616+0200][64,803s] GC(22) Pause Young (Concurrent Start) (G1 Humongous Allocation) 316M->304M(512M) 2,167ms
[2023-07-28T15:21:05.616+0200][64,804s] GC(22) User=0,00s Sys=0,00s Real=0,00s
[2023-07-28T15:21:05.616+0200][64,804s] GC(23) Concurrent Mark Cycle
[2023-07-28T15:21:05.616+0200][64,804s] GC(23) Concurrent Clear Claimed Marks
[2023-07-28T15:21:05.616+0200][64,804s] GC(23) Concurrent Clear Claimed Marks 0,015ms
[2023-07-28T15:21:05.616+0200][64,804s] GC(23) Concurrent Scan Root Regions
[2023-07-28T15:21:05.616+0200][64,804s] GC(23) Concurrent Scan Root Regions 0,527ms
[2023-07-28T15:21:05.616+0200][64,804s] GC(23) Concurrent Mark
[2023-07-28T15:21:05.616+0200][64,804s] GC(23) Concurrent Mark From Roots
[2023-07-28T15:21:05.616+0200][64,804s] GC(23) Using 2 workers of 2 for marking
[2023-07-28T15:21:05.638+0200][64,826s] GC(23) Concurrent Mark From Roots 21,878ms
[2023-07-28T15:21:05.638+0200][64,826s] GC(23) Concurrent Preclean
[2023-07-28T15:21:05.638+0200][64,826s] GC(23) Concurrent Preclean 0,190ms
[2023-07-28T15:21:05.641+0200][64,829s] GC(23) Pause Remark
[2023-07-28T15:21:05.647+0200][64,835s] GC(23) Pause Remark 372M->372M(512M) 5,913ms
[2023-07-28T15:21:05.647+0200][64,835s] GC(23) User=0,02s Sys=0,01s Real=0,00s
[2023-07-28T15:21:05.647+0200][64,835s] GC(23) Concurrent Mark 30,555ms
[2023-07-28T15:21:05.647+0200][64,835s] GC(23) Concurrent Rebuild Remembered Sets
[2023-07-28T15:21:05.658+0200][64,846s] GC(23) Concurrent Rebuild Remembered Sets 11,454ms
[2023-07-28T15:21:05.659+0200][64,847s] GC(23) Pause Cleanup
[2023-07-28T15:21:05.659+0200][64,847s] GC(23) Pause Cleanup 395M->395M(512M) 0,129ms
[2023-07-28T15:21:05.659+0200][64,847s] GC(23) User=0,00s Sys=0,00s Real=0,00s
[2023-07-28T15:21:05.659+0200][64,847s] GC(23) Concurrent Cleanup for Next Mark
[2023-07-28T15:21:05.659+0200][64,847s] GC(23) Concurrent Cleanup for Next Mark 0,204ms
[2023-07-28T15:21:05.659+0200][64,847s] GC(23) Concurrent Mark Cycle 43,776ms
[2023-07-28T15:21:05.663+0200][64,851s] GC(24) Pause Young (Concurrent Start) (G1 Humongous Allocation)
[2023-07-28T15:21:05.663+0200][64,851s] GC(24) Using 8 workers of 8 for evacuation
[2023-07-28T15:21:05.666+0200][64,853s] GC(24)   Pre Evacuate Collection Set: 0,1ms
[2023-07-28T15:21:05.666+0200][64,853s] GC(24)   Merge Heap Roots: 0,1ms
[2023-07-28T15:21:05.666+0200][64,853s] GC(24)   Evacuate Collection Set: 1,7ms
[2023-07-28T15:21:05.666+0200][64,853s] GC(24)   Post Evacuate Collection Set: 0,3ms
[2023-07-28T15:21:05.666+0200][64,853s] GC(24)   Other: 0,1ms
[2023-07-28T15:21:05.666+0200][64,853s] GC(24) Eden regions: 2->0(102)
[2023-07-28T15:21:05.666+0200][64,853s] GC(24) Survivor regions: 3->3(19)
[2023-07-28T15:21:05.666+0200][64,853s] GC(24) Old regions: 45->45
[2023-07-28T15:21:05.666+0200][64,853s] GC(24) Archive regions: 2->2
[2023-07-28T15:21:05.666+0200][64,853s] GC(24) Humongous regions: 345->303
[2023-07-28T15:21:05.666+0200][64,853s] GC(24) Metaspace: 58081K(58752K)->58081K(58752K) NonClass: 51016K(51392K)->51016K(51392K) Class: 7065K(7360K)->7065K(7360K)
[2023-07-28T15:21:05.666+0200][64,853s] GC(24) Pause Young (Concurrent Start) (G1 Humongous Allocation) 395M->351M(512M) 2,438ms
[2023-07-28T15:21:05.666+0200][64,853s] GC(24) User=0,01s Sys=0,01s Real=0,00s
[2023-07-28T15:21:05.666+0200][64,853s] GC(25) Concurrent Mark Cycle
[2023-07-28T15:21:05.666+0200][64,853s] GC(25) Concurrent Clear Claimed Marks
[2023-07-28T15:21:05.666+0200][64,854s] GC(25) Concurrent Clear Claimed Marks 0,015ms
[2023-07-28T15:21:05.666+0200][64,854s] GC(25) Concurrent Scan Root Regions
[2023-07-28T15:21:05.666+0200][64,854s] GC(25) Concurrent Scan Root Regions 0,600ms
[2023-07-28T15:21:05.666+0200][64,854s] GC(25) Concurrent Mark
[2023-07-28T15:21:05.666+0200][64,854s] GC(25) Concurrent Mark From Roots
[2023-07-28T15:21:05.666+0200][64,854s] GC(25) Using 2 workers of 2 for marking
[2023-07-28T15:21:05.687+0200][64,875s] GC(25) Concurrent Mark From Roots 20,913ms
[2023-07-28T15:21:05.687+0200][64,875s] GC(25) Concurrent Preclean
[2023-07-28T15:21:05.687+0200][64,875s] GC(25) Concurrent Preclean 0,216ms
[2023-07-28T15:21:05.688+0200][64,876s] GC(25) Pause Remark
[2023-07-28T15:21:05.692+0200][64,880s] GC(25) Pause Remark 403M->403M(512M) 3,959ms
[2023-07-28T15:21:05.692+0200][64,880s] GC(25) User=0,01s Sys=0,01s Real=0,01s
[2023-07-28T15:21:05.693+0200][64,880s] GC(25) Concurrent Mark 26,216ms
[2023-07-28T15:21:05.693+0200][64,880s] GC(25) Concurrent Rebuild Remembered Sets
[2023-07-28T15:21:05.706+0200][64,894s] GC(25) Concurrent Rebuild Remembered Sets 13,361ms
[2023-07-28T15:21:05.707+0200][64,895s] GC(25) Pause Cleanup
[2023-07-28T15:21:05.707+0200][64,895s] GC(25) Pause Cleanup 424M->424M(512M) 0,141ms
[2023-07-28T15:21:05.707+0200][64,895s] GC(25) User=0,00s Sys=0,00s Real=0,00s
[2023-07-28T15:21:05.707+0200][64,895s] GC(25) Concurrent Cleanup for Next Mark
[2023-07-28T15:21:05.707+0200][64,895s] GC(25) Concurrent Cleanup for Next Mark 0,237ms
[2023-07-28T15:21:05.707+0200][64,895s] GC(25) Concurrent Mark Cycle 41,623ms
[2023-07-28T15:21:05.709+0200][64,897s] GC(26) Pause Young (Concurrent Start) (G1 Humongous Allocation)
[2023-07-28T15:21:05.709+0200][64,897s] GC(26) Using 8 workers of 8 for evacuation
[2023-07-28T15:21:05.711+0200][64,899s] GC(26)   Pre Evacuate Collection Set: 0,2ms
[2023-07-28T15:21:05.711+0200][64,899s] GC(26)   Merge Heap Roots: 0,0ms
[2023-07-28T15:21:05.711+0200][64,899s] GC(26)   Evacuate Collection Set: 1,3ms
[2023-07-28T15:21:05.711+0200][64,899s] GC(26)   Post Evacuate Collection Set: 0,4ms
[2023-07-28T15:21:05.711+0200][64,899s] GC(26)   Other: 0,1ms
[2023-07-28T15:21:05.711+0200][64,899s] GC(26) Eden regions: 2->0(67)
[2023-07-28T15:21:05.711+0200][64,899s] GC(26) Survivor regions: 3->3(14)
[2023-07-28T15:21:05.711+0200][64,899s] GC(26) Old regions: 45->45
[2023-07-28T15:21:05.711+0200][64,899s] GC(26) Archive regions: 2->2
[2023-07-28T15:21:05.711+0200][64,899s] GC(26) Humongous regions: 375->340
[2023-07-28T15:21:05.711+0200][64,899s] GC(26) Metaspace: 58091K(58752K)->58091K(58752K) NonClass: 51025K(51392K)->51025K(51392K) Class: 7065K(7360K)->7065K(7360K)
[2023-07-28T15:21:05.711+0200][64,899s] GC(26) Pause Young (Concurrent Start) (G1 Humongous Allocation) 424M->388M(512M) 2,021ms
[2023-07-28T15:21:05.711+0200][64,899s] GC(26) User=0,00s Sys=0,00s Real=0,01s
[2023-07-28T15:21:05.711+0200][64,899s] GC(27) Concurrent Mark Cycle
[2023-07-28T15:21:05.711+0200][64,899s] GC(27) Concurrent Clear Claimed Marks
[2023-07-28T15:21:05.711+0200][64,899s] GC(27) Concurrent Clear Claimed Marks 0,010ms
[2023-07-28T15:21:05.711+0200][64,899s] GC(27) Concurrent Scan Root Regions
[2023-07-28T15:21:05.712+0200][64,900s] GC(27) Concurrent Scan Root Regions 0,577ms
[2023-07-28T15:21:05.712+0200][64,900s] GC(27) Concurrent Mark
[2023-07-28T15:21:05.712+0200][64,900s] GC(27) Concurrent Mark From Roots
[2023-07-28T15:21:05.712+0200][64,900s] GC(27) Using 2 workers of 2 for marking
[2023-07-28T15:21:05.732+0200][64,919s] GC(27) Concurrent Mark From Roots 19,775ms
[2023-07-28T15:21:05.732+0200][64,919s] GC(27) Concurrent Preclean
[2023-07-28T15:21:05.732+0200][64,920s] GC(27) Concurrent Preclean 0,344ms
[2023-07-28T15:21:05.738+0200][64,926s] GC(27) Pause Remark
[2023-07-28T15:21:05.742+0200][64,930s] GC(27) Pause Remark 425M->425M(512M) 3,987ms
[2023-07-28T15:21:05.742+0200][64,930s] GC(27) User=0,01s Sys=0,00s Real=0,01s
[2023-07-28T15:21:05.742+0200][64,930s] GC(27) Concurrent Mark 30,545ms
[2023-07-28T15:21:05.742+0200][64,930s] GC(27) Concurrent Rebuild Remembered Sets
[2023-07-28T15:21:05.753+0200][64,941s] GC(28) Pause Young (Normal) (G1 Humongous Allocation)
[2023-07-28T15:21:05.753+0200][64,941s] GC(28) Using 8 workers of 8 for evacuation
[2023-07-28T15:21:05.755+0200][64,943s] GC(28)   Pre Evacuate Collection Set: 0,1ms
[2023-07-28T15:21:05.755+0200][64,943s] GC(28)   Merge Heap Roots: 0,1ms
[2023-07-28T15:21:05.755+0200][64,943s] GC(28)   Evacuate Collection Set: 1,7ms
[2023-07-28T15:21:05.755+0200][64,943s] GC(28)   Post Evacuate Collection Set: 0,3ms
[2023-07-28T15:21:05.755+0200][64,943s] GC(28)   Other: 0,1ms
[2023-07-28T15:21:05.755+0200][64,943s] GC(28) Eden regions: 2->0(61)
[2023-07-28T15:21:05.755+0200][64,943s] GC(28) Survivor regions: 3->3(9)
[2023-07-28T15:21:05.755+0200][64,943s] GC(28) Old regions: 45->45
[2023-07-28T15:21:05.755+0200][64,943s] GC(28) Archive regions: 2->2
[2023-07-28T15:21:05.755+0200][64,943s] GC(28) Humongous regions: 376->346
[2023-07-28T15:21:05.755+0200][64,943s] GC(28) Metaspace: 58097K(58752K)->58097K(58752K) NonClass: 51028K(51392K)->51028K(51392K) Class: 7068K(7360K)->7068K(7360K)
[2023-07-28T15:21:05.755+0200][64,943s] GC(28) Pause Young (Normal) (G1 Humongous Allocation) 425M->394M(512M) 2,242ms
[2023-07-28T15:21:05.755+0200][64,943s] GC(28) User=0,01s Sys=0,01s Real=0,00s
[2023-07-28T15:21:05.755+0200][64,943s] Attempting full compaction
[2023-07-28T15:21:05.755+0200][64,943s] GC(29) Using 8 workers of 8 for full compaction
[2023-07-28T15:21:05.755+0200][64,943s] GC(29) Pause Full (G1 Compaction Pause)
[2023-07-28T15:21:05.755+0200][64,943s] GC(29) Phase 1: Mark live objects
[2023-07-28T15:21:05.770+0200][64,958s] GC(29) Phase 1: Mark live objects 14,576ms
[2023-07-28T15:21:05.770+0200][64,958s] GC(29) Phase 2: Prepare for compaction
[2023-07-28T15:21:05.771+0200][64,959s] GC(29) Phase 2: Prepare for compaction 1,123ms
[2023-07-28T15:21:05.771+0200][64,959s] GC(29) Phase 3: Adjust pointers
[2023-07-28T15:21:05.786+0200][64,974s] GC(29) Phase 3: Adjust pointers 14,657ms
[2023-07-28T15:21:05.786+0200][64,974s] GC(29) Phase 4: Compact heap
[2023-07-28T15:21:05.787+0200][64,975s] GC(29) Phase 4: Compact heap 1,107ms
[2023-07-28T15:21:05.791+0200][64,979s] GC(29) Eden regions: 0->0(61)
[2023-07-28T15:21:05.791+0200][64,979s] GC(29) Survivor regions: 3->0(9)
[2023-07-28T15:21:05.791+0200][64,979s] GC(29) Old regions: 45->48
[2023-07-28T15:21:05.791+0200][64,979s] GC(29) Archive regions: 2->2
[2023-07-28T15:21:05.791+0200][64,979s] GC(29) Humongous regions: 346->346
[2023-07-28T15:21:05.791+0200][64,979s] GC(29) Metaspace: 58097K(58752K)->58080K(58752K) NonClass: 51028K(51392K)->51016K(51392K) Class: 7068K(7360K)->7063K(7360K)
[2023-07-28T15:21:05.791+0200][64,979s] GC(29) Pause Full (G1 Compaction Pause) 394M->393M(512M) 35,925ms
[2023-07-28T15:21:05.791+0200][64,979s] GC(29) User=0,14s Sys=0,01s Real=0,04s
[2023-07-28T15:21:05.791+0200][64,979s] Attempting maximum full compaction clearing soft references
[2023-07-28T15:21:05.791+0200][64,979s] GC(30) Using 8 workers of 8 for full compaction
[2023-07-28T15:21:05.791+0200][64,979s] GC(30) Pause Full (G1 Compaction Pause)
[2023-07-28T15:21:05.791+0200][64,979s] GC(30) Phase 1: Mark live objects
[2023-07-28T15:21:05.805+0200][64,993s] GC(30) Phase 1: Mark live objects 13,904ms
[2023-07-28T15:21:05.805+0200][64,993s] GC(30) Phase 2: Prepare for compaction
[2023-07-28T15:21:05.810+0200][64,998s] GC(30) Phase 2: Prepare for compaction 4,275ms
[2023-07-28T15:21:05.810+0200][64,998s] GC(30) Phase 3: Adjust pointers
[2023-07-28T15:21:05.824+0200][65,012s] GC(30) Phase 3: Adjust pointers 14,482ms
[2023-07-28T15:21:05.824+0200][65,012s] GC(30) Phase 4: Compact heap
[2023-07-28T15:21:05.829+0200][65,017s] GC(30) Phase 4: Compact heap 4,475ms
[2023-07-28T15:21:05.833+0200][65,021s] GC(30) Eden regions: 0->0(62)
[2023-07-28T15:21:05.833+0200][65,021s] GC(30) Survivor regions: 0->0(9)
[2023-07-28T15:21:05.833+0200][65,021s] GC(30) Old regions: 48->47
[2023-07-28T15:21:05.833+0200][65,021s] GC(30) Archive regions: 2->2
[2023-07-28T15:21:05.833+0200][65,021s] GC(30) Humongous regions: 346->346
[2023-07-28T15:21:05.833+0200][65,021s] GC(30) Metaspace: 58080K(58752K)->57876K(58752K) NonClass: 51016K(51392K)->50860K(51392K) Class: 7063K(7360K)->7015K(7360K)
[2023-07-28T15:21:05.833+0200][65,021s] GC(30) Pause Full (G1 Compaction Pause) 393M->391M(512M) 41,316ms
[2023-07-28T15:21:05.833+0200][65,021s] GC(30) User=0,17s Sys=0,02s Real=0,04s
[2023-07-28T15:21:05.835+0200][65,023s] GC(27) Concurrent Rebuild Remembered Sets 93,021ms
[2023-07-28T15:21:05.835+0200][65,023s] GC(27) Concurrent Mark Abort
[2023-07-28T15:21:05.835+0200][65,023s] GC(27) Concurrent Mark Cycle 124,344ms
