[2023-08-24T18:04:42.696+0200][0.014s] Using G1
[2023-08-24T18:04:42.901+0200][0.218s] Version: 17.0.1+12-39 (release)
[2023-08-24T18:04:42.901+0200][0.218s] CPUs: 8 total, 8 available
[2023-08-24T18:04:42.901+0200][0.218s] Memory: 8192M
[2023-08-24T18:04:42.901+0200][0.218s] Large Page Support: Disabled
[2023-08-24T18:04:42.901+0200][0.218s] NUMA Support: Disabled
[2023-08-24T18:04:42.901+0200][0.218s] Compressed Oops: Enabled (Zero based)
[2023-08-24T18:04:42.901+0200][0.218s] Heap Region Size: 1M
[2023-08-24T18:04:42.901+0200][0.218s] Heap Min Capacity: 512M
[2023-08-24T18:04:42.901+0200][0.218s] Heap Initial Capacity: 512M
[2023-08-24T18:04:42.901+0200][0.218s] Heap Max Capacity: 512M
[2023-08-24T18:04:42.901+0200][0.218s] Pre-touch: Enabled
[2023-08-24T18:04:42.901+0200][0.218s] Parallel Workers: 8
[2023-08-24T18:04:42.901+0200][0.218s] Concurrent Workers: 2
[2023-08-24T18:04:42.901+0200][0.218s] Concurrent Refinement Workers: 8
[2023-08-24T18:04:42.901+0200][0.218s] Periodic GC: Disabled
[2023-08-24T18:04:42.901+0200][0.219s] CDS archive(s) mapped at: [0x0000000800000000-0x0000000800bd4000-0x0000000800bd4000), size 12402688, SharedBaseAddress: 0x0000000800000000, ArchiveRelocationMode: 0.
[2023-08-24T18:04:42.901+0200][0.219s] Compressed class space mapped at: 0x0000000800c00000-0x0000000840c00000, reserved size: 1073741824
[2023-08-24T18:04:42.901+0200][0.219s] Narrow klass base: 0x0000000800000000, Narrow klass shift: 0, Narrow klass range: 0x100000000
[2023-08-24T18:04:44.489+0200][1,807s] GC(0) Pause Young (Normal) (G1 Evacuation Pause)
[2023-08-24T18:04:44.490+0200][1,807s] GC(0) Using 8 workers of 8 for evacuation
[2023-08-24T18:04:44.500+0200][1,817s] GC(0)   Pre Evacuate Collection Set: 0,1ms
[2023-08-24T18:04:44.500+0200][1,818s] GC(0)   Merge Heap Roots: 0,1ms
[2023-08-24T18:04:44.500+0200][1,818s] GC(0)   Evacuate Collection Set: 9,5ms
[2023-08-24T18:04:44.500+0200][1,818s] GC(0)   Post Evacuate Collection Set: 0,2ms
[2023-08-24T18:04:44.500+0200][1,818s] GC(0)   Other: 1,4ms
[2023-08-24T18:04:44.500+0200][1,818s] GC(0) Eden regions: 29->0(65)
[2023-08-24T18:04:44.500+0200][1,818s] GC(0) Survivor regions: 0->3(4)
[2023-08-24T18:04:44.500+0200][1,818s] GC(0) Old regions: 0->0
[2023-08-24T18:04:44.500+0200][1,818s] GC(0) Archive regions: 2->2
[2023-08-24T18:04:44.500+0200][1,818s] GC(0) Humongous regions: 0->0
[2023-08-24T18:04:44.500+0200][1,818s] GC(0) Metaspace: 7344K(7616K)->7344K(7616K) NonClass: 6465K(6592K)->6465K(6592K) Class: 879K(1024K)->879K(1024K)
[2023-08-24T18:04:44.500+0200][1,818s] GC(0) Pause Young (Normal) (G1 Evacuation Pause) 29M->3M(512M) 10,905ms
[2023-08-24T18:04:44.500+0200][1,818s] GC(0) User=0,03s Sys=0,00s Real=0,02s
[2023-08-24T18:04:46.382+0200][3,699s] GC(1) Pause Young (Normal) (G1 Evacuation Pause)
[2023-08-24T18:04:46.382+0200][3,699s] GC(1) Using 8 workers of 8 for evacuation
[2023-08-24T18:04:46.406+0200][3,724s] GC(1)   Pre Evacuate Collection Set: 0,1ms
[2023-08-24T18:04:46.407+0200][3,724s] GC(1)   Merge Heap Roots: 0,1ms
[2023-08-24T18:04:46.407+0200][3,724s] GC(1)   Evacuate Collection Set: 24,0ms
[2023-08-24T18:04:46.407+0200][3,724s] GC(1)   Post Evacuate Collection Set: 0,5ms
[2023-08-24T18:04:46.407+0200][3,724s] GC(1)   Other: 0,2ms
[2023-08-24T18:04:46.407+0200][3,724s] GC(1) Eden regions: 65->0(75)
[2023-08-24T18:04:46.407+0200][3,724s] GC(1) Survivor regions: 3->9(9)
[2023-08-24T18:04:46.407+0200][3,724s] GC(1) Old regions: 0->9
[2023-08-24T18:04:46.407+0200][3,724s] GC(1) Archive regions: 2->2
[2023-08-24T18:04:46.407+0200][3,724s] GC(1) Humongous regions: 4->4
[2023-08-24T18:04:46.407+0200][3,724s] GC(1) Metaspace: 18424K(18688K)->18424K(18688K) NonClass: 16259K(16384K)->16259K(16384K) Class: 2165K(2304K)->2165K(2304K)
[2023-08-24T18:04:46.407+0200][3,724s] GC(1) Pause Young (Normal) (G1 Evacuation Pause) 72M->22M(512M) 24,974ms
[2023-08-24T18:04:46.407+0200][3,724s] GC(1) User=0,05s Sys=0,02s Real=0,02s
[2023-08-24T18:04:46.967+0200][4,285s] GC(2) Pause Young (Concurrent Start) (Metadata GC Threshold)
[2023-08-24T18:04:46.967+0200][4,285s] GC(2) Using 8 workers of 8 for evacuation
[2023-08-24T18:04:46.979+0200][4,297s] GC(2)   Pre Evacuate Collection Set: 0,1ms
[2023-08-24T18:04:46.979+0200][4,297s] GC(2)   Merge Heap Roots: 0,1ms
[2023-08-24T18:04:46.979+0200][4,297s] GC(2)   Evacuate Collection Set: 11,0ms
[2023-08-24T18:04:46.979+0200][4,297s] GC(2)   Post Evacuate Collection Set: 0,3ms
[2023-08-24T18:04:46.979+0200][4,297s] GC(2)   Other: 0,2ms
[2023-08-24T18:04:46.979+0200][4,297s] GC(2) Eden regions: 25->0(91)
[2023-08-24T18:04:46.979+0200][4,297s] GC(2) Survivor regions: 9->2(10)
[2023-08-24T18:04:46.979+0200][4,297s] GC(2) Old regions: 9->18
[2023-08-24T18:04:46.979+0200][4,297s] GC(2) Archive regions: 2->2
[2023-08-24T18:04:46.979+0200][4,297s] GC(2) Humongous regions: 4->4
[2023-08-24T18:04:46.979+0200][4,297s] GC(2) Metaspace: 21195K(21504K)->21195K(21504K) NonClass: 18710K(18880K)->18710K(18880K) Class: 2485K(2624K)->2485K(2624K)
[2023-08-24T18:04:46.979+0200][4,297s] GC(2) Pause Young (Concurrent Start) (Metadata GC Threshold) 47M->24M(512M) 11,793ms
[2023-08-24T18:04:46.979+0200][4,297s] GC(2) User=0,03s Sys=0,01s Real=0,01s
[2023-08-24T18:04:46.979+0200][4,297s] GC(3) Concurrent Mark Cycle
[2023-08-24T18:04:46.979+0200][4,297s] GC(3) Concurrent Clear Claimed Marks
[2023-08-24T18:04:46.980+0200][4,297s] GC(3) Concurrent Clear Claimed Marks 0,022ms
[2023-08-24T18:04:46.980+0200][4,297s] GC(3) Concurrent Scan Root Regions
[2023-08-24T18:04:46.982+0200][4,300s] GC(3) Concurrent Scan Root Regions 2,542ms
[2023-08-24T18:04:46.982+0200][4,300s] GC(3) Concurrent Mark
[2023-08-24T18:04:46.982+0200][4,300s] GC(3) Concurrent Mark From Roots
[2023-08-24T18:04:46.982+0200][4,300s] GC(3) Using 2 workers of 2 for marking
[2023-08-24T18:04:46.992+0200][4,309s] GC(3) Concurrent Mark From Roots 9,576ms
[2023-08-24T18:04:46.992+0200][4,309s] GC(3) Concurrent Preclean
[2023-08-24T18:04:46.992+0200][4,309s] GC(3) Concurrent Preclean 0,050ms
[2023-08-24T18:04:46.992+0200][4,310s] GC(3) Pause Remark
[2023-08-24T18:04:47.005+0200][4,322s] GC(3) Pause Remark 24M->24M(512M) 12,950ms
[2023-08-24T18:04:47.005+0200][4,323s] GC(3) User=0,01s Sys=0,01s Real=0,01s
[2023-08-24T18:04:47.005+0200][4,323s] GC(3) Concurrent Mark 23,102ms
[2023-08-24T18:04:47.005+0200][4,323s] GC(3) Concurrent Rebuild Remembered Sets
[2023-08-24T18:04:47.012+0200][4,329s] GC(3) Concurrent Rebuild Remembered Sets 6,492ms
[2023-08-24T18:04:47.012+0200][4,330s] GC(3) Pause Cleanup
[2023-08-24T18:04:47.012+0200][4,330s] GC(3) Pause Cleanup 24M->24M(512M) 0,088ms
[2023-08-24T18:04:47.012+0200][4,330s] GC(3) User=0,00s Sys=0,00s Real=0,00s
[2023-08-24T18:04:47.012+0200][4,330s] GC(3) Concurrent Cleanup for Next Mark
[2023-08-24T18:04:47.013+0200][4,330s] GC(3) Concurrent Cleanup for Next Mark 0,728ms
[2023-08-24T18:04:47.013+0200][4,331s] GC(3) Concurrent Mark Cycle 33,567ms
[2023-08-24T18:04:50.229+0200][7,546s] GC(4) Pause Young (Prepare Mixed) (G1 Evacuation Pause)
[2023-08-24T18:04:50.229+0200][7,546s] GC(4) Using 8 workers of 8 for evacuation
[2023-08-24T18:04:50.235+0200][7,553s] GC(4)   Pre Evacuate Collection Set: 0,1ms
[2023-08-24T18:04:50.236+0200][7,553s] GC(4)   Merge Heap Roots: 0,1ms
[2023-08-24T18:04:50.236+0200][7,553s] GC(4)   Evacuate Collection Set: 5,8ms
[2023-08-24T18:04:50.236+0200][7,553s] GC(4)   Post Evacuate Collection Set: 0,5ms
[2023-08-24T18:04:50.236+0200][7,553s] GC(4)   Other: 0,2ms
[2023-08-24T18:04:50.236+0200][7,553s] GC(4) Eden regions: 91->0(17)
[2023-08-24T18:04:50.236+0200][7,553s] GC(4) Survivor regions: 2->8(12)
[2023-08-24T18:04:50.236+0200][7,553s] GC(4) Old regions: 18->18
[2023-08-24T18:04:50.236+0200][7,553s] GC(4) Archive regions: 2->2
[2023-08-24T18:04:50.236+0200][7,553s] GC(4) Humongous regions: 5->4
[2023-08-24T18:04:50.236+0200][7,553s] GC(4) Metaspace: 35037K(35392K)->35037K(35392K) NonClass: 30822K(31040K)->30822K(31040K) Class: 4214K(4352K)->4214K(4352K)
[2023-08-24T18:04:50.236+0200][7,553s] GC(4) Pause Young (Prepare Mixed) (G1 Evacuation Pause) 116M->29M(512M) 6,865ms
[2023-08-24T18:04:50.236+0200][7,553s] GC(4) User=0,03s Sys=0,01s Real=0,01s
[2023-08-24T18:04:50.438+0200][7,755s] GC(5) Pause Young (Mixed) (Metadata GC Threshold)
[2023-08-24T18:04:50.438+0200][7,755s] GC(5) Using 8 workers of 8 for evacuation
[2023-08-24T18:04:50.446+0200][7,764s] GC(5)   Pre Evacuate Collection Set: 0,1ms
[2023-08-24T18:04:50.446+0200][7,764s] GC(5)   Merge Heap Roots: 0,1ms
[2023-08-24T18:04:50.446+0200][7,764s] GC(5)   Evacuate Collection Set: 8,2ms
[2023-08-24T18:04:50.446+0200][7,764s] GC(5)   Post Evacuate Collection Set: 0,4ms
[2023-08-24T18:04:50.446+0200][7,764s] GC(5)   Other: 0,2ms
[2023-08-24T18:04:50.447+0200][7,764s] GC(5) Eden regions: 6->0(305)
[2023-08-24T18:04:50.447+0200][7,764s] GC(5) Survivor regions: 8->2(4)
[2023-08-24T18:04:50.447+0200][7,764s] GC(5) Old regions: 18->25
[2023-08-24T18:04:50.447+0200][7,764s] GC(5) Archive regions: 2->2
[2023-08-24T18:04:50.447+0200][7,764s] GC(5) Humongous regions: 4->4
[2023-08-24T18:04:50.447+0200][7,764s] GC(5) Metaspace: 35607K(35968K)->35607K(35968K) NonClass: 31307K(31488K)->31307K(31488K) Class: 4300K(4480K)->4300K(4480K)
[2023-08-24T18:04:50.447+0200][7,764s] GC(5) Pause Young (Mixed) (Metadata GC Threshold) 35M->30M(512M) 8,943ms
[2023-08-24T18:04:50.447+0200][7,764s] GC(5) User=0,04s Sys=0,01s Real=0,01s
[2023-08-24T18:04:50.568+0200][7,885s] GC(6) Pause Young (Concurrent Start) (Metadata GC Threshold)
[2023-08-24T18:04:50.568+0200][7,885s] GC(6) Using 8 workers of 8 for evacuation
[2023-08-24T18:04:50.570+0200][7,887s] GC(6)   Pre Evacuate Collection Set: 0,1ms
[2023-08-24T18:04:50.570+0200][7,887s] GC(6)   Merge Heap Roots: 0,0ms
[2023-08-24T18:04:50.570+0200][7,887s] GC(6)   Evacuate Collection Set: 1,4ms
[2023-08-24T18:04:50.570+0200][7,887s] GC(6)   Post Evacuate Collection Set: 0,3ms
[2023-08-24T18:04:50.570+0200][7,887s] GC(6)   Other: 0,2ms
[2023-08-24T18:04:50.570+0200][7,887s] GC(6) Eden regions: 4->0(305)
[2023-08-24T18:04:50.570+0200][7,887s] GC(6) Survivor regions: 2->2(39)
[2023-08-24T18:04:50.570+0200][7,887s] GC(6) Old regions: 25->25
[2023-08-24T18:04:50.570+0200][7,887s] GC(6) Archive regions: 2->2
[2023-08-24T18:04:50.570+0200][7,887s] GC(6) Humongous regions: 4->4
[2023-08-24T18:04:50.570+0200][7,887s] GC(6) Metaspace: 36005K(36288K)->36005K(36288K) NonClass: 31664K(31808K)->31664K(31808K) Class: 4340K(4480K)->4340K(4480K)
[2023-08-24T18:04:50.570+0200][7,887s] GC(6) Pause Young (Concurrent Start) (Metadata GC Threshold) 33M->30M(512M) 2,037ms
[2023-08-24T18:04:50.570+0200][7,887s] GC(6) User=0,00s Sys=0,00s Real=0,01s
[2023-08-24T18:04:50.570+0200][7,887s] GC(7) Concurrent Mark Cycle
[2023-08-24T18:04:50.570+0200][7,887s] GC(7) Concurrent Clear Claimed Marks
[2023-08-24T18:04:50.570+0200][7,887s] GC(7) Concurrent Clear Claimed Marks 0,016ms
[2023-08-24T18:04:50.570+0200][7,887s] GC(7) Concurrent Scan Root Regions
[2023-08-24T18:04:50.571+0200][7,888s] GC(7) Concurrent Scan Root Regions 0,961ms
[2023-08-24T18:04:50.571+0200][7,888s] GC(7) Concurrent Mark
[2023-08-24T18:04:50.571+0200][7,888s] GC(7) Concurrent Mark From Roots
[2023-08-24T18:04:50.571+0200][7,888s] GC(7) Using 2 workers of 2 for marking
[2023-08-24T18:04:50.589+0200][7,907s] GC(7) Concurrent Mark From Roots 18,369ms
[2023-08-24T18:04:50.589+0200][7,907s] GC(7) Concurrent Preclean
[2023-08-24T18:04:50.589+0200][7,907s] GC(7) Concurrent Preclean 0,078ms
[2023-08-24T18:04:50.593+0200][7,910s] GC(7) Pause Remark
[2023-08-24T18:04:50.610+0200][7,928s] GC(7) Pause Remark 32M->32M(512M) 17,379ms
[2023-08-24T18:04:50.610+0200][7,928s] GC(7) User=0,02s Sys=0,02s Real=0,02s
[2023-08-24T18:04:50.610+0200][7,928s] GC(7) Concurrent Mark 39,423ms
[2023-08-24T18:04:50.610+0200][7,928s] GC(7) Concurrent Rebuild Remembered Sets
[2023-08-24T18:04:50.621+0200][7,939s] GC(7) Concurrent Rebuild Remembered Sets 10,702ms
[2023-08-24T18:04:50.621+0200][7,939s] GC(7) Pause Cleanup
[2023-08-24T18:04:50.621+0200][7,939s] GC(7) Pause Cleanup 32M->32M(512M) 0,101ms
[2023-08-24T18:04:50.621+0200][7,939s] GC(7) User=0,00s Sys=0,00s Real=0,00s
[2023-08-24T18:04:50.621+0200][7,939s] GC(7) Concurrent Cleanup for Next Mark
[2023-08-24T18:04:50.627+0200][7,944s] GC(7) Concurrent Cleanup for Next Mark 5,203ms
[2023-08-24T18:04:50.627+0200][7,944s] GC(7) Concurrent Mark Cycle 57,038ms
[2023-08-24T18:04:57.230+0200][14,548s] GC(8) Pause Young (Normal) (G1 Evacuation Pause)
[2023-08-24T18:04:57.230+0200][14,548s] GC(8) Using 8 workers of 8 for evacuation
[2023-08-24T18:04:57.258+0200][14,576s] GC(8)   Pre Evacuate Collection Set: 0,1ms
[2023-08-24T18:04:57.258+0200][14,576s] GC(8)   Merge Heap Roots: 0,1ms
[2023-08-24T18:04:57.258+0200][14,576s] GC(8)   Evacuate Collection Set: 25,8ms
[2023-08-24T18:04:57.258+0200][14,576s] GC(8)   Post Evacuate Collection Set: 1,6ms
[2023-08-24T18:04:57.258+0200][14,576s] GC(8)   Other: 0,4ms
[2023-08-24T18:04:57.258+0200][14,576s] GC(8) Eden regions: 305->0(280)
[2023-08-24T18:04:57.258+0200][14,576s] GC(8) Survivor regions: 2->27(39)
[2023-08-24T18:04:57.258+0200][14,576s] GC(8) Old regions: 25->25
[2023-08-24T18:04:57.258+0200][14,576s] GC(8) Archive regions: 2->2
[2023-08-24T18:04:57.258+0200][14,576s] GC(8) Humongous regions: 7->4
[2023-08-24T18:04:57.258+0200][14,576s] GC(8) Metaspace: 54548K(55168K)->54548K(55168K) NonClass: 47709K(48064K)->47709K(48064K) Class: 6838K(7104K)->6838K(7104K)
[2023-08-24T18:04:57.258+0200][14,576s] GC(8) Pause Young (Normal) (G1 Evacuation Pause) 338M->55M(512M) 28,110ms
[2023-08-24T18:04:57.258+0200][14,576s] GC(8) User=0,09s Sys=0,05s Real=0,02s
[2023-08-24T18:12:27.324+0200][464,647s] GC(9) Pause Young (Normal) (G1 Evacuation Pause)
[2023-08-24T18:12:27.325+0200][464,648s] GC(9) Using 8 workers of 8 for evacuation
[2023-08-24T18:12:27.405+0200][464,728s] GC(9)   Pre Evacuate Collection Set: 0,4ms
[2023-08-24T18:12:27.405+0200][464,728s] GC(9)   Merge Heap Roots: 0,2ms
[2023-08-24T18:12:27.405+0200][464,728s] GC(9)   Evacuate Collection Set: 77,1ms
[2023-08-24T18:12:27.405+0200][464,728s] GC(9)   Post Evacuate Collection Set: 1,1ms
[2023-08-24T18:12:27.405+0200][464,728s] GC(9)   Other: 2,4ms
[2023-08-24T18:12:27.405+0200][464,728s] GC(9) Eden regions: 280->0(302)
[2023-08-24T18:12:27.405+0200][464,728s] GC(9) Survivor regions: 27->5(39)
[2023-08-24T18:12:27.405+0200][464,728s] GC(9) Old regions: 25->51
[2023-08-24T18:12:27.405+0200][464,728s] GC(9) Archive regions: 2->2
[2023-08-24T18:12:27.405+0200][464,728s] GC(9) Humongous regions: 28->16
[2023-08-24T18:12:27.405+0200][464,728s] GC(9) Metaspace: 58386K(58944K)->58386K(58944K) NonClass: 51250K(51584K)->51250K(51584K) Class: 7135K(7360K)->7135K(7360K)
[2023-08-24T18:12:27.405+0200][464,728s] GC(9) Pause Young (Normal) (G1 Evacuation Pause) 359M->71M(512M) 81,622ms
[2023-08-24T18:12:27.405+0200][464,728s] GC(9) User=0,11s Sys=0,17s Real=0,08s
[2023-08-24T18:35:40.338+0200][1857,707s] GC(10) Pause Young (Normal) (G1 Evacuation Pause)
[2023-08-24T18:35:40.339+0200][1857,707s] GC(10) Using 8 workers of 8 for evacuation
[2023-08-24T18:35:40.364+0200][1857,733s] GC(10)   Pre Evacuate Collection Set: 0,3ms
[2023-08-24T18:35:40.365+0200][1857,733s] GC(10)   Merge Heap Roots: 0,3ms
[2023-08-24T18:35:40.365+0200][1857,733s] GC(10)   Evacuate Collection Set: 23,5ms
[2023-08-24T18:35:40.365+0200][1857,733s] GC(10)   Post Evacuate Collection Set: 0,9ms
[2023-08-24T18:35:40.365+0200][1857,733s] GC(10)   Other: 2,0ms
[2023-08-24T18:35:40.365+0200][1857,733s] GC(10) Eden regions: 302->0(304)
[2023-08-24T18:35:40.365+0200][1857,733s] GC(10) Survivor regions: 5->3(39)
[2023-08-24T18:35:40.365+0200][1857,733s] GC(10) Old regions: 51->51
[2023-08-24T18:35:40.365+0200][1857,733s] GC(10) Archive regions: 2->2
[2023-08-24T18:35:40.365+0200][1857,733s] GC(10) Humongous regions: 16->4
[2023-08-24T18:35:40.365+0200][1857,733s] GC(10) Metaspace: 58970K(59584K)->58970K(59584K) NonClass: 51792K(52160K)->51792K(52160K) Class: 7177K(7424K)->7177K(7424K)
[2023-08-24T18:35:40.365+0200][1857,733s] GC(10) Pause Young (Normal) (G1 Evacuation Pause) 373M->57M(512M) 26,780ms
[2023-08-24T18:35:40.365+0200][1857,733s] GC(10) User=0,03s Sys=0,04s Real=0,03s
[2023-08-24T18:54:57.526+0200][3014,917s] GC(11) Pause Young (Normal) (G1 Evacuation Pause)
[2023-08-24T18:54:57.528+0200][3014,919s] GC(11) Using 8 workers of 8 for evacuation
[2023-08-24T18:54:57.575+0200][3014,966s] GC(11)   Pre Evacuate Collection Set: 0,3ms
[2023-08-24T18:54:57.575+0200][3014,966s] GC(11)   Merge Heap Roots: 0,2ms
[2023-08-24T18:54:57.575+0200][3014,966s] GC(11)   Evacuate Collection Set: 44,3ms
[2023-08-24T18:54:57.575+0200][3014,966s] GC(11)   Post Evacuate Collection Set: 1,6ms
[2023-08-24T18:54:57.575+0200][3014,966s] GC(11)   Other: 3,8ms
[2023-08-24T18:54:57.575+0200][3014,966s] GC(11) Eden regions: 304->0(288)
[2023-08-24T18:54:57.575+0200][3014,966s] GC(11) Survivor regions: 3->19(39)
[2023-08-24T18:54:57.575+0200][3014,966s] GC(11) Old regions: 51->51
[2023-08-24T18:54:57.575+0200][3014,966s] GC(11) Archive regions: 2->2
[2023-08-24T18:54:57.575+0200][3014,966s] GC(11) Humongous regions: 10->5
[2023-08-24T18:54:57.575+0200][3014,966s] GC(11) Metaspace: 59472K(60160K)->59472K(60160K) NonClass: 52254K(52608K)->52254K(52608K) Class: 7218K(7552K)->7218K(7552K)
[2023-08-24T18:54:57.575+0200][3014,966s] GC(11) Pause Young (Normal) (G1 Evacuation Pause) 367M->75M(512M) 49,376ms
[2023-08-24T18:54:57.575+0200][3014,966s] GC(11) User=0,07s Sys=0,13s Real=0,05s
