[2023-07-28T15:22:46.636+0200][0.011s] Using G1
[2023-07-28T15:22:46.753+0200][0.128s] Version: 17.0.1+12-39 (release)
[2023-07-28T15:22:46.754+0200][0.128s] CPUs: 8 total, 8 available
[2023-07-28T15:22:46.754+0200][0.128s] Memory: 8192M
[2023-07-28T15:22:46.754+0200][0.128s] Large Page Support: Disabled
[2023-07-28T15:22:46.754+0200][0.128s] NUMA Support: Disabled
[2023-07-28T15:22:46.754+0200][0.128s] Compressed Oops: Enabled (Zero based)
[2023-07-28T15:22:46.754+0200][0.128s] Heap Region Size: 1M
[2023-07-28T15:22:46.754+0200][0.128s] Heap Min Capacity: 512M
[2023-07-28T15:22:46.754+0200][0.128s] Heap Initial Capacity: 512M
[2023-07-28T15:22:46.754+0200][0.128s] Heap Max Capacity: 512M
[2023-07-28T15:22:46.754+0200][0.128s] Pre-touch: Enabled
[2023-07-28T15:22:46.754+0200][0.128s] Parallel Workers: 8
[2023-07-28T15:22:46.754+0200][0.128s] Concurrent Workers: 2
[2023-07-28T15:22:46.754+0200][0.128s] Concurrent Refinement Workers: 8
[2023-07-28T15:22:46.754+0200][0.128s] Periodic GC: Disabled
[2023-07-28T15:22:46.754+0200][0.129s] CDS archive(s) mapped at: [0x0000000800000000-0x0000000800bd4000-0x0000000800bd4000), size 12402688, SharedBaseAddress: 0x0000000800000000, ArchiveRelocationMode: 0.
[2023-07-28T15:22:46.754+0200][0.129s] Compressed class space mapped at: 0x0000000800c00000-0x0000000840c00000, reserved size: 1073741824
[2023-07-28T15:22:46.754+0200][0.129s] Narrow klass base: 0x0000000800000000, Narrow klass shift: 0, Narrow klass range: 0x100000000
[2023-07-28T15:22:47.597+0200][0,972s] GC(0) Pause Young (Normal) (G1 Evacuation Pause)
[2023-07-28T15:22:47.597+0200][0,972s] GC(0) Using 8 workers of 8 for evacuation
[2023-07-28T15:22:47.605+0200][0,979s] GC(0)   Pre Evacuate Collection Set: 0,1ms
[2023-07-28T15:22:47.605+0200][0,979s] GC(0)   Merge Heap Roots: 0,0ms
[2023-07-28T15:22:47.605+0200][0,979s] GC(0)   Evacuate Collection Set: 6,7ms
[2023-07-28T15:22:47.605+0200][0,979s] GC(0)   Post Evacuate Collection Set: 0,3ms
[2023-07-28T15:22:47.605+0200][0,979s] GC(0)   Other: 0,6ms
[2023-07-28T15:22:47.605+0200][0,979s] GC(0) Eden regions: 29->0(67)
[2023-07-28T15:22:47.605+0200][0,979s] GC(0) Survivor regions: 0->4(4)
[2023-07-28T15:22:47.605+0200][0,979s] GC(0) Old regions: 0->0
[2023-07-28T15:22:47.605+0200][0,979s] GC(0) Archive regions: 2->2
[2023-07-28T15:22:47.605+0200][0,979s] GC(0) Humongous regions: 0->0
[2023-07-28T15:22:47.605+0200][0,979s] GC(0) Metaspace: 7422K(7680K)->7422K(7680K) NonClass: 6533K(6656K)->6533K(6656K) Class: 888K(1024K)->888K(1024K)
[2023-07-28T15:22:47.605+0200][0,979s] GC(0) Pause Young (Normal) (G1 Evacuation Pause) 29M->4M(512M) 7,856ms
[2023-07-28T15:22:47.605+0200][0,979s] GC(0) User=0,01s Sys=0,01s Real=0,01s
[2023-07-28T15:22:48.900+0200][2,274s] GC(1) Pause Young (Normal) (G1 Evacuation Pause)
[2023-07-28T15:22:48.900+0200][2,274s] GC(1) Using 8 workers of 8 for evacuation
[2023-07-28T15:22:48.913+0200][2,288s] GC(1)   Pre Evacuate Collection Set: 0,1ms
[2023-07-28T15:22:48.913+0200][2,288s] GC(1)   Merge Heap Roots: 0,1ms
[2023-07-28T15:22:48.913+0200][2,288s] GC(1)   Evacuate Collection Set: 12,6ms
[2023-07-28T15:22:48.913+0200][2,288s] GC(1)   Post Evacuate Collection Set: 0,5ms
[2023-07-28T15:22:48.913+0200][2,288s] GC(1)   Other: 0,1ms
[2023-07-28T15:22:48.913+0200][2,288s] GC(1) Eden regions: 67->0(83)
[2023-07-28T15:22:48.913+0200][2,288s] GC(1) Survivor regions: 4->9(9)
[2023-07-28T15:22:48.913+0200][2,288s] GC(1) Old regions: 0->9
[2023-07-28T15:22:48.913+0200][2,288s] GC(1) Archive regions: 2->2
[2023-07-28T15:22:48.913+0200][2,288s] GC(1) Humongous regions: 4->4
[2023-07-28T15:22:48.913+0200][2,288s] GC(1) Metaspace: 18444K(18688K)->18444K(18688K) NonClass: 16279K(16384K)->16279K(16384K) Class: 2165K(2304K)->2165K(2304K)
[2023-07-28T15:22:48.913+0200][2,288s] GC(1) Pause Young (Normal) (G1 Evacuation Pause) 75M->22M(512M) 13,502ms
[2023-07-28T15:22:48.913+0200][2,288s] GC(1) User=0,04s Sys=0,02s Real=0,01s
[2023-07-28T15:22:49.252+0200][2,627s] GC(2) Pause Young (Concurrent Start) (Metadata GC Threshold)
[2023-07-28T15:22:49.252+0200][2,627s] GC(2) Using 8 workers of 8 for evacuation
[2023-07-28T15:22:49.271+0200][2,645s] GC(2)   Pre Evacuate Collection Set: 0,1ms
[2023-07-28T15:22:49.271+0200][2,646s] GC(2)   Merge Heap Roots: 0,0ms
[2023-07-28T15:22:49.271+0200][2,646s] GC(2)   Evacuate Collection Set: 17,6ms
[2023-07-28T15:22:49.271+0200][2,646s] GC(2)   Post Evacuate Collection Set: 0,4ms
[2023-07-28T15:22:49.271+0200][2,646s] GC(2)   Other: 0,2ms
[2023-07-28T15:22:49.271+0200][2,646s] GC(2) Eden regions: 19->0(131)
[2023-07-28T15:22:49.271+0200][2,646s] GC(2) Survivor regions: 9->2(11)
[2023-07-28T15:22:49.271+0200][2,646s] GC(2) Old regions: 9->18
[2023-07-28T15:22:49.271+0200][2,646s] GC(2) Archive regions: 2->2
[2023-07-28T15:22:49.271+0200][2,646s] GC(2) Humongous regions: 4->4
[2023-07-28T15:22:49.271+0200][2,646s] GC(2) Metaspace: 21261K(21504K)->21261K(21504K) NonClass: 18766K(18880K)->18766K(18880K) Class: 2495K(2624K)->2495K(2624K)
[2023-07-28T15:22:49.271+0200][2,646s] GC(2) Pause Young (Concurrent Start) (Metadata GC Threshold) 40M->24M(512M) 18,379ms
[2023-07-28T15:22:49.271+0200][2,646s] GC(2) User=0,02s Sys=0,01s Real=0,02s
[2023-07-28T15:22:49.271+0200][2,646s] GC(3) Concurrent Mark Cycle
[2023-07-28T15:22:49.271+0200][2,646s] GC(3) Concurrent Clear Claimed Marks
[2023-07-28T15:22:49.271+0200][2,646s] GC(3) Concurrent Clear Claimed Marks 0,014ms
[2023-07-28T15:22:49.271+0200][2,646s] GC(3) Concurrent Scan Root Regions
[2023-07-28T15:22:49.273+0200][2,648s] GC(3) Concurrent Scan Root Regions 1,988ms
[2023-07-28T15:22:49.273+0200][2,648s] GC(3) Concurrent Mark
[2023-07-28T15:22:49.273+0200][2,648s] GC(3) Concurrent Mark From Roots
[2023-07-28T15:22:49.273+0200][2,648s] GC(3) Using 2 workers of 2 for marking
[2023-07-28T15:22:49.278+0200][2,653s] GC(3) Concurrent Mark From Roots 4,765ms
[2023-07-28T15:22:49.279+0200][2,654s] GC(3) Concurrent Preclean
[2023-07-28T15:22:49.280+0200][2,655s] GC(3) Concurrent Preclean 1,199ms
[2023-07-28T15:22:49.281+0200][2,655s] GC(3) Pause Remark
[2023-07-28T15:22:49.290+0200][2,665s] GC(3) Pause Remark 24M->24M(512M) 9,859ms
[2023-07-28T15:22:49.291+0200][2,665s] GC(3) User=0,01s Sys=0,01s Real=0,01s
[2023-07-28T15:22:49.291+0200][2,666s] GC(3) Concurrent Mark 17,733ms
[2023-07-28T15:22:49.294+0200][2,669s] GC(3) Concurrent Rebuild Remembered Sets
[2023-07-28T15:22:49.299+0200][2,673s] GC(3) Concurrent Rebuild Remembered Sets 4,642ms
[2023-07-28T15:22:49.299+0200][2,674s] GC(3) Pause Cleanup
[2023-07-28T15:22:49.299+0200][2,674s] GC(3) Pause Cleanup 24M->24M(512M) 0,065ms
[2023-07-28T15:22:49.299+0200][2,674s] GC(3) User=0,00s Sys=0,00s Real=0,00s
[2023-07-28T15:22:49.299+0200][2,674s] GC(3) Concurrent Cleanup for Next Mark
[2023-07-28T15:22:49.300+0200][2,675s] GC(3) Concurrent Cleanup for Next Mark 0,781ms
[2023-07-28T15:22:49.300+0200][2,675s] GC(3) Concurrent Mark Cycle 28,848ms
[2023-07-28T15:22:51.194+0200][4,569s] GC(4) Pause Young (Prepare Mixed) (Metadata GC Threshold)
[2023-07-28T15:22:51.194+0200][4,569s] GC(4) Using 8 workers of 8 for evacuation
[2023-07-28T15:22:51.199+0200][4,574s] GC(4)   Pre Evacuate Collection Set: 0,1ms
[2023-07-28T15:22:51.199+0200][4,574s] GC(4)   Merge Heap Roots: 0,0ms
[2023-07-28T15:22:51.199+0200][4,574s] GC(4)   Evacuate Collection Set: 4,3ms
[2023-07-28T15:22:51.199+0200][4,574s] GC(4)   Post Evacuate Collection Set: 0,4ms
[2023-07-28T15:22:51.199+0200][4,574s] GC(4)   Other: 0,1ms
[2023-07-28T15:22:51.199+0200][4,574s] GC(4) Eden regions: 99->0(17)
[2023-07-28T15:22:51.199+0200][4,574s] GC(4) Survivor regions: 2->8(17)
[2023-07-28T15:22:51.199+0200][4,574s] GC(4) Old regions: 18->18
[2023-07-28T15:22:51.199+0200][4,574s] GC(4) Archive regions: 2->2
[2023-07-28T15:22:51.199+0200][4,574s] GC(4) Humongous regions: 5->4
[2023-07-28T15:22:51.199+0200][4,574s] GC(4) Metaspace: 35757K(36096K)->35757K(36096K) NonClass: 31453K(31616K)->31453K(31616K) Class: 4304K(4480K)->4304K(4480K)
[2023-07-28T15:22:51.199+0200][4,574s] GC(4) Pause Young (Prepare Mixed) (Metadata GC Threshold) 123M->30M(512M) 5,000ms
[2023-07-28T15:22:51.199+0200][4,574s] GC(4) User=0,02s Sys=0,01s Real=0,00s
[2023-07-28T15:22:51.225+0200][4,600s] GC(5) Pause Young (Mixed) (Metadata GC Threshold)
[2023-07-28T15:22:51.225+0200][4,600s] GC(5) Using 8 workers of 8 for evacuation
[2023-07-28T15:22:51.230+0200][4,604s] GC(5)   Pre Evacuate Collection Set: 0,1ms
[2023-07-28T15:22:51.230+0200][4,604s] GC(5)   Merge Heap Roots: 0,0ms
[2023-07-28T15:22:51.230+0200][4,604s] GC(5)   Evacuate Collection Set: 3,8ms
[2023-07-28T15:22:51.230+0200][4,604s] GC(5)   Post Evacuate Collection Set: 0,2ms
[2023-07-28T15:22:51.230+0200][4,604s] GC(5)   Other: 0,1ms
[2023-07-28T15:22:51.230+0200][4,604s] GC(5) Eden regions: 2->0(306)
[2023-07-28T15:22:51.230+0200][4,605s] GC(5) Survivor regions: 8->1(4)
[2023-07-28T15:22:51.230+0200][4,605s] GC(5) Old regions: 18->26
[2023-07-28T15:22:51.230+0200][4,605s] GC(5) Archive regions: 2->2
[2023-07-28T15:22:51.230+0200][4,605s] GC(5) Humongous regions: 4->4
[2023-07-28T15:22:51.230+0200][4,605s] GC(5) Metaspace: 36126K(36416K)->36126K(36416K) NonClass: 31775K(31936K)->31775K(31936K) Class: 4351K(4480K)->4351K(4480K)
[2023-07-28T15:22:51.230+0200][4,605s] GC(5) Pause Young (Mixed) (Metadata GC Threshold) 32M->31M(512M) 4,358ms
[2023-07-28T15:22:51.230+0200][4,605s] GC(5) User=0,02s Sys=0,01s Real=0,01s
[2023-07-28T15:22:51.286+0200][4,660s] GC(6) Pause Young (Concurrent Start) (Metadata GC Threshold)
[2023-07-28T15:22:51.286+0200][4,660s] GC(6) Using 8 workers of 8 for evacuation
[2023-07-28T15:22:51.287+0200][4,662s] GC(6)   Pre Evacuate Collection Set: 0,1ms
[2023-07-28T15:22:51.287+0200][4,662s] GC(6)   Merge Heap Roots: 0,0ms
[2023-07-28T15:22:51.287+0200][4,662s] GC(6)   Evacuate Collection Set: 1,0ms
[2023-07-28T15:22:51.287+0200][4,662s] GC(6)   Post Evacuate Collection Set: 0,1ms
[2023-07-28T15:22:51.287+0200][4,662s] GC(6)   Other: 0,1ms
[2023-07-28T15:22:51.287+0200][4,662s] GC(6) Eden regions: 6->0(306)
[2023-07-28T15:22:51.287+0200][4,662s] GC(6) Survivor regions: 1->1(39)
[2023-07-28T15:22:51.287+0200][4,662s] GC(6) Old regions: 26->26
[2023-07-28T15:22:51.287+0200][4,662s] GC(6) Archive regions: 2->2
[2023-07-28T15:22:51.287+0200][4,662s] GC(6) Humongous regions: 4->4
[2023-07-28T15:22:51.287+0200][4,662s] GC(6) Metaspace: 36388K(36736K)->36388K(36736K) NonClass: 32008K(32192K)->32008K(32192K) Class: 4380K(4544K)->4380K(4544K)
[2023-07-28T15:22:51.287+0200][4,662s] GC(6) Pause Young (Concurrent Start) (Metadata GC Threshold) 37M->30M(512M) 1,367ms
[2023-07-28T15:22:51.287+0200][4,662s] GC(6) User=0,00s Sys=0,00s Real=0,00s
[2023-07-28T15:22:51.287+0200][4,662s] GC(7) Concurrent Mark Cycle
[2023-07-28T15:22:51.287+0200][4,662s] GC(7) Concurrent Clear Claimed Marks
[2023-07-28T15:22:51.287+0200][4,662s] GC(7) Concurrent Clear Claimed Marks 0,008ms
[2023-07-28T15:22:51.287+0200][4,662s] GC(7) Concurrent Scan Root Regions
[2023-07-28T15:22:51.287+0200][4,662s] GC(7) Concurrent Scan Root Regions 0,491ms
[2023-07-28T15:22:51.287+0200][4,662s] GC(7) Concurrent Mark
[2023-07-28T15:22:51.287+0200][4,662s] GC(7) Concurrent Mark From Roots
[2023-07-28T15:22:51.287+0200][4,662s] GC(7) Using 2 workers of 2 for marking
[2023-07-28T15:22:51.302+0200][4,677s] GC(7) Concurrent Mark From Roots 14,469ms
[2023-07-28T15:22:51.302+0200][4,677s] GC(7) Concurrent Preclean
[2023-07-28T15:22:51.302+0200][4,677s] GC(7) Concurrent Preclean 0,095ms
[2023-07-28T15:22:51.302+0200][4,677s] GC(7) Pause Remark
[2023-07-28T15:22:51.315+0200][4,690s] GC(7) Pause Remark 32M->32M(512M) 12,676ms
[2023-07-28T15:22:51.315+0200][4,690s] GC(7) User=0,02s Sys=0,02s Real=0,01s
[2023-07-28T15:22:51.315+0200][4,690s] GC(7) Concurrent Mark 27,596ms
[2023-07-28T15:22:51.315+0200][4,690s] GC(7) Concurrent Rebuild Remembered Sets
[2023-07-28T15:22:51.322+0200][4,697s] GC(7) Concurrent Rebuild Remembered Sets 6,705ms
[2023-07-28T15:22:51.322+0200][4,697s] GC(7) Pause Cleanup
[2023-07-28T15:22:51.322+0200][4,697s] GC(7) Pause Cleanup 32M->32M(512M) 0,075ms
[2023-07-28T15:22:51.322+0200][4,697s] GC(7) User=0,00s Sys=0,00s Real=0,00s
[2023-07-28T15:22:51.322+0200][4,697s] GC(7) Concurrent Cleanup for Next Mark
[2023-07-28T15:22:51.323+0200][4,698s] GC(7) Concurrent Cleanup for Next Mark 0,656ms
[2023-07-28T15:22:51.323+0200][4,698s] GC(7) Concurrent Mark Cycle 36,115ms
[2023-07-28T15:23:12.635+0200][26,010s] GC(8) Pause Young (Normal) (G1 Evacuation Pause)
[2023-07-28T15:23:12.635+0200][26,010s] GC(8) Using 8 workers of 8 for evacuation
[2023-07-28T15:23:12.658+0200][26,033s] GC(8)   Pre Evacuate Collection Set: 0,1ms
[2023-07-28T15:23:12.658+0200][26,033s] GC(8)   Merge Heap Roots: 0,1ms
[2023-07-28T15:23:12.658+0200][26,033s] GC(8)   Evacuate Collection Set: 21,5ms
[2023-07-28T15:23:12.658+0200][26,033s] GC(8)   Post Evacuate Collection Set: 1,0ms
[2023-07-28T15:23:12.658+0200][26,033s] GC(8)   Other: 0,5ms
[2023-07-28T15:23:12.658+0200][26,033s] GC(8) Eden regions: 306->0(283)
[2023-07-28T15:23:12.658+0200][26,033s] GC(8) Survivor regions: 1->24(39)
[2023-07-28T15:23:12.658+0200][26,033s] GC(8) Old regions: 26->26
[2023-07-28T15:23:12.658+0200][26,033s] GC(8) Archive regions: 2->2
[2023-07-28T15:23:12.658+0200][26,033s] GC(8) Humongous regions: 68->4
[2023-07-28T15:23:12.658+0200][26,033s] GC(8) Metaspace: 57811K(58368K)->57811K(58368K) NonClass: 50763K(51072K)->50763K(51072K) Class: 7047K(7296K)->7047K(7296K)
[2023-07-28T15:23:12.658+0200][26,033s] GC(8) Pause Young (Normal) (G1 Evacuation Pause) 400M->53M(512M) 23,200ms
[2023-07-28T15:23:12.658+0200][26,033s] GC(8) User=0,05s Sys=0,03s Real=0,02s
[2023-07-28T15:23:38.665+0200][52,040s] GC(9) Pause Young (Concurrent Start) (G1 Humongous Allocation)
[2023-07-28T15:23:38.665+0200][52,041s] GC(9) Using 8 workers of 8 for evacuation
[2023-07-28T15:23:38.689+0200][52,064s] GC(9)   Pre Evacuate Collection Set: 0,2ms
[2023-07-28T15:23:38.689+0200][52,064s] GC(9)   Merge Heap Roots: 0,1ms
[2023-07-28T15:23:38.689+0200][52,064s] GC(9)   Evacuate Collection Set: 22,2ms
[2023-07-28T15:23:38.689+0200][52,064s] GC(9)   Post Evacuate Collection Set: 1,1ms
[2023-07-28T15:23:38.689+0200][52,064s] GC(9)   Other: 0,4ms
[2023-07-28T15:23:38.689+0200][52,064s] GC(9) Eden regions: 167->0(253)
[2023-07-28T15:23:38.689+0200][52,064s] GC(9) Survivor regions: 24->2(39)
[2023-07-28T15:23:38.689+0200][52,064s] GC(9) Old regions: 26->48
[2023-07-28T15:23:38.689+0200][52,064s] GC(9) Archive regions: 2->2
[2023-07-28T15:23:38.689+0200][52,064s] GC(9) Humongous regions: 201->95
[2023-07-28T15:23:38.689+0200][52,064s] GC(9) Metaspace: 58497K(59072K)->58497K(59072K) NonClass: 51377K(51712K)->51377K(51712K) Class: 7119K(7360K)->7119K(7360K)
[2023-07-28T15:23:38.689+0200][52,064s] GC(9) Pause Young (Concurrent Start) (G1 Humongous Allocation) 416M->145M(512M) 24,053ms
[2023-07-28T15:23:38.689+0200][52,064s] GC(9) User=0,05s Sys=0,07s Real=0,02s
[2023-07-28T15:23:38.689+0200][52,065s] GC(10) Concurrent Undo Cycle
[2023-07-28T15:23:38.689+0200][52,065s] GC(10) Concurrent Cleanup for Next Mark
[2023-07-28T15:23:38.700+0200][52,075s] GC(10) Concurrent Cleanup for Next Mark 10,271ms
[2023-07-28T15:23:38.700+0200][52,075s] GC(10) Concurrent Undo Cycle 10,357ms
[2023-07-28T15:23:39.778+0200][53,153s] GC(11) Pause Young (Concurrent Start) (G1 Humongous Allocation)
[2023-07-28T15:23:39.778+0200][53,153s] GC(11) Using 8 workers of 8 for evacuation
[2023-07-28T15:23:39.783+0200][53,158s] GC(11)   Pre Evacuate Collection Set: 0,1ms
[2023-07-28T15:23:39.783+0200][53,158s] GC(11)   Merge Heap Roots: 0,1ms
[2023-07-28T15:23:39.783+0200][53,158s] GC(11)   Evacuate Collection Set: 3,9ms
[2023-07-28T15:23:39.783+0200][53,158s] GC(11)   Post Evacuate Collection Set: 0,5ms
[2023-07-28T15:23:39.783+0200][53,158s] GC(11)   Other: 0,1ms
[2023-07-28T15:23:39.783+0200][53,158s] GC(11) Eden regions: 101->0(260)
[2023-07-28T15:23:39.783+0200][53,158s] GC(11) Survivor regions: 2->26(32)
[2023-07-28T15:23:39.783+0200][53,158s] GC(11) Old regions: 48->48
[2023-07-28T15:23:39.783+0200][53,158s] GC(11) Archive regions: 2->2
[2023-07-28T15:23:39.783+0200][53,158s] GC(11) Humongous regions: 174->20
[2023-07-28T15:23:39.783+0200][53,158s] GC(11) Metaspace: 58771K(59328K)->58771K(59328K) NonClass: 51624K(51968K)->51624K(51968K) Class: 7147K(7360K)->7147K(7360K)
[2023-07-28T15:23:39.783+0200][53,158s] GC(11) Pause Young (Concurrent Start) (G1 Humongous Allocation) 324M->94M(512M) 4,851ms
[2023-07-28T15:23:39.783+0200][53,158s] GC(11) User=0,01s Sys=0,01s Real=0,01s
[2023-07-28T15:23:39.783+0200][53,158s] GC(12) Concurrent Undo Cycle
[2023-07-28T15:23:39.783+0200][53,158s] GC(12) Concurrent Cleanup for Next Mark
[2023-07-28T15:23:39.783+0200][53,159s] GC(12) Concurrent Cleanup for Next Mark 0,285ms
[2023-07-28T15:23:39.783+0200][53,159s] GC(12) Concurrent Undo Cycle 0,352ms
[2023-07-28T15:23:39.908+0200][53,284s] GC(13) Pause Young (Concurrent Start) (G1 Humongous Allocation)
[2023-07-28T15:23:39.908+0200][53,284s] GC(13) Using 8 workers of 8 for evacuation
[2023-07-28T15:23:39.912+0200][53,287s] GC(13)   Pre Evacuate Collection Set: 0,1ms
[2023-07-28T15:23:39.912+0200][53,287s] GC(13)   Merge Heap Roots: 0,1ms
[2023-07-28T15:23:39.912+0200][53,287s] GC(13)   Evacuate Collection Set: 2,6ms
[2023-07-28T15:23:39.912+0200][53,287s] GC(13)   Post Evacuate Collection Set: 0,3ms
[2023-07-28T15:23:39.912+0200][53,287s] GC(13)   Other: 0,1ms
[2023-07-28T15:23:39.912+0200][53,287s] GC(13) Eden regions: 1->0(226)
[2023-07-28T15:23:39.912+0200][53,287s] GC(13) Survivor regions: 26->1(36)
[2023-07-28T15:23:39.912+0200][53,287s] GC(13) Old regions: 48->74
[2023-07-28T15:23:39.912+0200][53,287s] GC(13) Archive regions: 2->2
[2023-07-28T15:23:39.912+0200][53,287s] GC(13) Humongous regions: 173->87
[2023-07-28T15:23:39.912+0200][53,287s] GC(13) Metaspace: 58772K(59328K)->58772K(59328K) NonClass: 51624K(51968K)->51624K(51968K) Class: 7147K(7360K)->7147K(7360K)
[2023-07-28T15:23:39.912+0200][53,287s] GC(13) Pause Young (Concurrent Start) (G1 Humongous Allocation) 248M->161M(512M) 3,386ms
[2023-07-28T15:23:39.912+0200][53,287s] GC(13) User=0,02s Sys=0,00s Real=0,01s
[2023-07-28T15:23:39.912+0200][53,287s] GC(14) Concurrent Undo Cycle
[2023-07-28T15:23:39.912+0200][53,287s] GC(14) Concurrent Cleanup for Next Mark
[2023-07-28T15:23:39.912+0200][53,287s] GC(14) Concurrent Cleanup for Next Mark 0,264ms
[2023-07-28T15:23:39.912+0200][53,288s] GC(14) Concurrent Undo Cycle 0,311ms
[2023-07-28T15:23:40.238+0200][53,613s] GC(15) Pause Young (Concurrent Start) (G1 Humongous Allocation)
[2023-07-28T15:23:40.238+0200][53,613s] GC(15) Using 8 workers of 8 for evacuation
[2023-07-28T15:23:40.240+0200][53,615s] GC(15)   Pre Evacuate Collection Set: 0,1ms
[2023-07-28T15:23:40.240+0200][53,616s] GC(15)   Merge Heap Roots: 0,0ms
[2023-07-28T15:23:40.240+0200][53,616s] GC(15)   Evacuate Collection Set: 1,6ms
[2023-07-28T15:23:40.240+0200][53,616s] GC(15)   Post Evacuate Collection Set: 0,3ms
[2023-07-28T15:23:40.240+0200][53,616s] GC(15)   Other: 0,1ms
[2023-07-28T15:23:40.240+0200][53,616s] GC(15) Eden regions: 20->0(116)
[2023-07-28T15:23:40.240+0200][53,616s] GC(15) Survivor regions: 1->8(29)
[2023-07-28T15:23:40.240+0200][53,616s] GC(15) Old regions: 74->74
[2023-07-28T15:23:40.240+0200][53,616s] GC(15) Archive regions: 2->2
[2023-07-28T15:23:40.240+0200][53,616s] GC(15) Humongous regions: 150->128
[2023-07-28T15:23:40.240+0200][53,616s] GC(15) Metaspace: 58779K(59328K)->58779K(59328K) NonClass: 51632K(51968K)->51632K(51968K) Class: 7147K(7360K)->7147K(7360K)
[2023-07-28T15:23:40.240+0200][53,616s] GC(15) Pause Young (Concurrent Start) (G1 Humongous Allocation) 243M->209M(512M) 2,328ms
[2023-07-28T15:23:40.240+0200][53,616s] GC(15) User=0,01s Sys=0,00s Real=0,01s
[2023-07-28T15:23:40.240+0200][53,616s] GC(16) Concurrent Undo Cycle
[2023-07-28T15:23:40.240+0200][53,616s] GC(16) Concurrent Cleanup for Next Mark
[2023-07-28T15:23:40.241+0200][53,616s] GC(16) Concurrent Cleanup for Next Mark 0,414ms
[2023-07-28T15:23:40.241+0200][53,616s] GC(16) Concurrent Undo Cycle 0,553ms
[2023-07-28T15:23:40.260+0200][53,636s] GC(17) Pause Young (Concurrent Start) (G1 Humongous Allocation)
[2023-07-28T15:23:40.260+0200][53,636s] GC(17) Using 8 workers of 8 for evacuation
[2023-07-28T15:23:40.262+0200][53,637s] GC(17)   Pre Evacuate Collection Set: 0,1ms
[2023-07-28T15:23:40.262+0200][53,637s] GC(17)   Merge Heap Roots: 0,1ms
[2023-07-28T15:23:40.262+0200][53,637s] GC(17)   Evacuate Collection Set: 0,7ms
[2023-07-28T15:23:40.262+0200][53,637s] GC(17)   Post Evacuate Collection Set: 0,4ms
[2023-07-28T15:23:40.262+0200][53,637s] GC(17)   Other: 0,1ms
[2023-07-28T15:23:40.262+0200][53,637s] GC(17) Eden regions: 2->0(102)
[2023-07-28T15:23:40.262+0200][53,637s] GC(17) Survivor regions: 8->8(16)
[2023-07-28T15:23:40.262+0200][53,637s] GC(17) Old regions: 74->74
[2023-07-28T15:23:40.262+0200][53,637s] GC(17) Archive regions: 2->2
[2023-07-28T15:23:40.262+0200][53,637s] GC(17) Humongous regions: 142->134
[2023-07-28T15:23:40.262+0200][53,637s] GC(17) Metaspace: 58779K(59328K)->58779K(59328K) NonClass: 51632K(51968K)->51632K(51968K) Class: 7147K(7360K)->7147K(7360K)
[2023-07-28T15:23:40.262+0200][53,637s] GC(17) Pause Young (Concurrent Start) (G1 Humongous Allocation) 224M->215M(512M) 1,516ms
[2023-07-28T15:23:40.262+0200][53,637s] GC(17) User=0,00s Sys=0,00s Real=0,00s
[2023-07-28T15:23:40.262+0200][53,637s] GC(18) Concurrent Undo Cycle
[2023-07-28T15:23:40.262+0200][53,637s] GC(18) Concurrent Cleanup for Next Mark
[2023-07-28T15:23:40.263+0200][53,638s] GC(18) Concurrent Cleanup for Next Mark 0,491ms
[2023-07-28T15:23:40.263+0200][53,638s] GC(18) Concurrent Undo Cycle 0,567ms
[2023-07-28T15:23:40.269+0200][53,644s] GC(19) Pause Young (Concurrent Start) (G1 Humongous Allocation)
[2023-07-28T15:23:40.269+0200][53,644s] GC(19) Using 8 workers of 8 for evacuation
[2023-07-28T15:23:40.270+0200][53,645s] GC(19)   Pre Evacuate Collection Set: 0,1ms
[2023-07-28T15:23:40.270+0200][53,645s] GC(19)   Merge Heap Roots: 0,0ms
[2023-07-28T15:23:40.270+0200][53,645s] GC(19)   Evacuate Collection Set: 0,7ms
[2023-07-28T15:23:40.270+0200][53,645s] GC(19)   Post Evacuate Collection Set: 0,2ms
[2023-07-28T15:23:40.270+0200][53,645s] GC(19)   Other: 0,1ms
[2023-07-28T15:23:40.270+0200][53,645s] GC(19) Eden regions: 1->0(111)
[2023-07-28T15:23:40.270+0200][53,645s] GC(19) Survivor regions: 8->1(14)
[2023-07-28T15:23:40.270+0200][53,645s] GC(19) Old regions: 74->81
[2023-07-28T15:23:40.270+0200][53,645s] GC(19) Archive regions: 2->2
[2023-07-28T15:23:40.270+0200][53,645s] GC(19) Humongous regions: 151->142
[2023-07-28T15:23:40.270+0200][53,645s] GC(19) Metaspace: 58779K(59328K)->58779K(59328K) NonClass: 51632K(51968K)->51632K(51968K) Class: 7147K(7360K)->7147K(7360K)
[2023-07-28T15:23:40.270+0200][53,645s] GC(19) Pause Young (Concurrent Start) (G1 Humongous Allocation) 233M->223M(512M) 1,307ms
[2023-07-28T15:23:40.270+0200][53,645s] GC(19) User=0,01s Sys=0,00s Real=0,01s
[2023-07-28T15:23:40.270+0200][53,645s] GC(20) Concurrent Undo Cycle
[2023-07-28T15:23:40.270+0200][53,645s] GC(20) Concurrent Cleanup for Next Mark
[2023-07-28T15:23:40.270+0200][53,646s] GC(20) Concurrent Cleanup for Next Mark 0,280ms
[2023-07-28T15:23:40.270+0200][53,646s] GC(20) Concurrent Undo Cycle 0,310ms
[2023-07-28T15:23:40.303+0200][53,679s] GC(21) Pause Young (Concurrent Start) (G1 Humongous Allocation)
[2023-07-28T15:23:40.303+0200][53,679s] GC(21) Using 8 workers of 8 for evacuation
[2023-07-28T15:23:40.304+0200][53,680s] GC(21)   Pre Evacuate Collection Set: 0,1ms
[2023-07-28T15:23:40.304+0200][53,680s] GC(21)   Merge Heap Roots: 0,0ms
[2023-07-28T15:23:40.304+0200][53,680s] GC(21)   Evacuate Collection Set: 0,5ms
[2023-07-28T15:23:40.304+0200][53,680s] GC(21)   Post Evacuate Collection Set: 0,3ms
[2023-07-28T15:23:40.304+0200][53,680s] GC(21)   Other: 0,1ms
[2023-07-28T15:23:40.304+0200][53,680s] GC(21) Eden regions: 2->0(98)
[2023-07-28T15:23:40.304+0200][53,680s] GC(21) Survivor regions: 1->2(14)
[2023-07-28T15:23:40.304+0200][53,680s] GC(21) Old regions: 81->81
[2023-07-28T15:23:40.304+0200][53,680s] GC(21) Archive regions: 2->2
[2023-07-28T15:23:40.304+0200][53,680s] GC(21) Humongous regions: 152->147
[2023-07-28T15:23:40.305+0200][53,680s] GC(21) Metaspace: 58779K(59328K)->58779K(59328K) NonClass: 51632K(51968K)->51632K(51968K) Class: 7147K(7360K)->7147K(7360K)
[2023-07-28T15:23:40.305+0200][53,680s] GC(21) Pause Young (Concurrent Start) (G1 Humongous Allocation) 235M->229M(512M) 1,071ms
[2023-07-28T15:23:40.305+0200][53,680s] GC(21) User=0,01s Sys=0,00s Real=0,00s
[2023-07-28T15:23:40.305+0200][53,680s] GC(22) Concurrent Undo Cycle
[2023-07-28T15:23:40.305+0200][53,680s] GC(22) Concurrent Cleanup for Next Mark
[2023-07-28T15:23:40.305+0200][53,680s] GC(22) Concurrent Cleanup for Next Mark 0,217ms
[2023-07-28T15:23:40.305+0200][53,680s] GC(22) Concurrent Undo Cycle 0,255ms
[2023-07-28T15:23:40.306+0200][53,682s] GC(23) Pause Young (Concurrent Start) (G1 Humongous Allocation)
[2023-07-28T15:23:40.306+0200][53,682s] GC(23) Using 8 workers of 8 for evacuation
[2023-07-28T15:23:40.307+0200][53,683s] GC(23)   Pre Evacuate Collection Set: 0,1ms
[2023-07-28T15:23:40.307+0200][53,683s] GC(23)   Merge Heap Roots: 0,0ms
[2023-07-28T15:23:40.307+0200][53,683s] GC(23)   Evacuate Collection Set: 0,5ms
[2023-07-28T15:23:40.307+0200][53,683s] GC(23)   Post Evacuate Collection Set: 0,3ms
[2023-07-28T15:23:40.307+0200][53,683s] GC(23)   Other: 0,1ms
[2023-07-28T15:23:40.307+0200][53,683s] GC(23) Eden regions: 1->0(111)
[2023-07-28T15:23:40.307+0200][53,683s] GC(23) Survivor regions: 2->2(13)
[2023-07-28T15:23:40.307+0200][53,683s] GC(23) Old regions: 81->81
[2023-07-28T15:23:40.307+0200][53,683s] GC(23) Archive regions: 2->2
[2023-07-28T15:23:40.307+0200][53,683s] GC(23) Humongous regions: 155->147
[2023-07-28T15:23:40.307+0200][53,683s] GC(23) Metaspace: 58779K(59328K)->58779K(59328K) NonClass: 51632K(51968K)->51632K(51968K) Class: 7147K(7360K)->7147K(7360K)
[2023-07-28T15:23:40.307+0200][53,683s] GC(23) Pause Young (Concurrent Start) (G1 Humongous Allocation) 237M->229M(512M) 1,157ms
[2023-07-28T15:23:40.307+0200][53,683s] GC(23) User=0,01s Sys=0,00s Real=0,00s
[2023-07-28T15:23:40.307+0200][53,683s] GC(24) Concurrent Undo Cycle
[2023-07-28T15:23:40.307+0200][53,683s] GC(24) Concurrent Cleanup for Next Mark
[2023-07-28T15:23:40.308+0200][53,683s] GC(24) Concurrent Cleanup for Next Mark 0,230ms
[2023-07-28T15:23:40.308+0200][53,683s] GC(24) Concurrent Undo Cycle 0,258ms
[2023-07-28T15:23:40.309+0200][53,685s] GC(25) Pause Young (Concurrent Start) (G1 Humongous Allocation)
[2023-07-28T15:23:40.309+0200][53,685s] GC(25) Using 8 workers of 8 for evacuation
[2023-07-28T15:23:40.310+0200][53,686s] GC(25)   Pre Evacuate Collection Set: 0,2ms
[2023-07-28T15:23:40.310+0200][53,686s] GC(25)   Merge Heap Roots: 0,0ms
[2023-07-28T15:23:40.310+0200][53,686s] GC(25)   Evacuate Collection Set: 0,5ms
[2023-07-28T15:23:40.310+0200][53,686s] GC(25)   Post Evacuate Collection Set: 0,2ms
[2023-07-28T15:23:40.310+0200][53,686s] GC(25)   Other: 0,1ms
[2023-07-28T15:23:40.310+0200][53,686s] GC(25) Eden regions: 1->0(116)
[2023-07-28T15:23:40.310+0200][53,686s] GC(25) Survivor regions: 2->2(15)
[2023-07-28T15:23:40.310+0200][53,686s] GC(25) Old regions: 81->81
[2023-07-28T15:23:40.310+0200][53,686s] GC(25) Archive regions: 2->2
[2023-07-28T15:23:40.310+0200][53,686s] GC(25) Humongous regions: 162->162
[2023-07-28T15:23:40.310+0200][53,686s] GC(25) Metaspace: 58779K(59328K)->58779K(59328K) NonClass: 51632K(51968K)->51632K(51968K) Class: 7147K(7360K)->7147K(7360K)
[2023-07-28T15:23:40.310+0200][53,686s] GC(25) Pause Young (Concurrent Start) (G1 Humongous Allocation) 244M->244M(512M) 1,112ms
[2023-07-28T15:23:40.310+0200][53,686s] GC(25) User=0,01s Sys=0,00s Real=0,01s
[2023-07-28T15:23:40.310+0200][53,686s] GC(26) Concurrent Mark Cycle
[2023-07-28T15:23:40.310+0200][53,686s] GC(26) Concurrent Clear Claimed Marks
[2023-07-28T15:23:40.310+0200][53,686s] GC(26) Concurrent Clear Claimed Marks 0,008ms
[2023-07-28T15:23:40.310+0200][53,686s] GC(26) Concurrent Scan Root Regions
[2023-07-28T15:23:40.311+0200][53,686s] GC(26) Concurrent Scan Root Regions 0,522ms
[2023-07-28T15:23:40.311+0200][53,686s] GC(26) Concurrent Mark
[2023-07-28T15:23:40.311+0200][53,686s] GC(26) Concurrent Mark From Roots
[2023-07-28T15:23:40.311+0200][53,686s] GC(26) Using 2 workers of 2 for marking
[2023-07-28T15:23:40.334+0200][53,709s] GC(26) Concurrent Mark From Roots 23,040ms
[2023-07-28T15:23:40.334+0200][53,709s] GC(26) Concurrent Preclean
[2023-07-28T15:23:40.334+0200][53,710s] GC(26) Concurrent Preclean 0,160ms
[2023-07-28T15:23:40.335+0200][53,710s] GC(26) Pause Remark
[2023-07-28T15:23:40.373+0200][53,748s] GC(26) Pause Remark 252M->202M(512M) 38,316ms
[2023-07-28T15:23:40.373+0200][53,748s] GC(26) User=0,03s Sys=0,08s Real=0,04s
[2023-07-28T15:23:40.373+0200][53,748s] GC(26) Concurrent Mark 62,149ms
[2023-07-28T15:23:40.373+0200][53,749s] GC(26) Concurrent Rebuild Remembered Sets
[2023-07-28T15:23:40.388+0200][53,763s] GC(26) Concurrent Rebuild Remembered Sets 14,345ms
[2023-07-28T15:23:40.388+0200][53,763s] GC(26) Pause Cleanup
[2023-07-28T15:23:40.388+0200][53,763s] GC(26) Pause Cleanup 202M->202M(512M) 0,103ms
[2023-07-28T15:23:40.388+0200][53,763s] GC(26) User=0,00s Sys=0,00s Real=0,00s
[2023-07-28T15:23:40.388+0200][53,763s] GC(26) Concurrent Cleanup for Next Mark
[2023-07-28T15:23:40.389+0200][53,765s] GC(26) Concurrent Cleanup for Next Mark 1,509ms
[2023-07-28T15:23:40.389+0200][53,765s] GC(26) Concurrent Mark Cycle 79,056ms
[2023-07-28T15:23:40.965+0200][54,340s] GC(27) Pause Young (Prepare Mixed) (G1 Preventive Collection)
[2023-07-28T15:23:40.965+0200][54,340s] GC(27) Using 8 workers of 8 for evacuation
[2023-07-28T15:23:40.967+0200][54,343s] GC(27)   Pre Evacuate Collection Set: 0,1ms
[2023-07-28T15:23:40.967+0200][54,343s] GC(27)   Merge Heap Roots: 0,1ms
[2023-07-28T15:23:40.967+0200][54,343s] GC(27)   Evacuate Collection Set: 1,5ms
[2023-07-28T15:23:40.967+0200][54,343s] GC(27)   Post Evacuate Collection Set: 0,4ms
[2023-07-28T15:23:40.967+0200][54,343s] GC(27)   Other: 0,1ms
[2023-07-28T15:23:40.967+0200][54,343s] GC(27) Eden regions: 63->0(19)
[2023-07-28T15:23:40.967+0200][54,343s] GC(27) Survivor regions: 2->6(15)
[2023-07-28T15:23:40.967+0200][54,343s] GC(27) Old regions: 81->81
[2023-07-28T15:23:40.967+0200][54,343s] GC(27) Archive regions: 2->2
[2023-07-28T15:23:40.967+0200][54,343s] GC(27) Humongous regions: 337->167
[2023-07-28T15:23:40.967+0200][54,343s] GC(27) Metaspace: 58717K(59328K)->58717K(59328K) NonClass: 51586K(51968K)->51586K(51968K) Class: 7130K(7360K)->7130K(7360K)
[2023-07-28T15:23:40.967+0200][54,343s] GC(27) Pause Young (Prepare Mixed) (G1 Preventive Collection) 482M->253M(512M) 2,405ms
[2023-07-28T15:23:40.967+0200][54,343s] GC(27) User=0,00s Sys=0,01s Real=0,00s
[2023-07-28T15:23:41.163+0200][54,538s] GC(28) Pause Young (Mixed) (G1 Evacuation Pause)
[2023-07-28T15:23:41.163+0200][54,538s] GC(28) Using 8 workers of 8 for evacuation
[2023-07-28T15:23:41.166+0200][54,541s] GC(28)   Pre Evacuate Collection Set: 0,1ms
[2023-07-28T15:23:41.166+0200][54,541s] GC(28)   Merge Heap Roots: 0,1ms
[2023-07-28T15:23:41.166+0200][54,541s] GC(28)   Evacuate Collection Set: 1,9ms
[2023-07-28T15:23:41.166+0200][54,541s] GC(28)   Post Evacuate Collection Set: 0,3ms
[2023-07-28T15:23:41.166+0200][54,541s] GC(28)   Other: 0,1ms
[2023-07-28T15:23:41.166+0200][54,541s] GC(28) Eden regions: 19->0(146)
[2023-07-28T15:23:41.166+0200][54,541s] GC(28) Survivor regions: 6->1(4)
[2023-07-28T15:23:41.166+0200][54,541s] GC(28) Old regions: 81->85
[2023-07-28T15:23:41.166+0200][54,541s] GC(28) Archive regions: 2->2
[2023-07-28T15:23:41.166+0200][54,541s] GC(28) Humongous regions: 192->122
[2023-07-28T15:23:41.166+0200][54,541s] GC(28) Metaspace: 58717K(59328K)->58717K(59328K) NonClass: 51586K(51968K)->51586K(51968K) Class: 7130K(7360K)->7130K(7360K)
[2023-07-28T15:23:41.166+0200][54,541s] GC(28) Pause Young (Mixed) (G1 Evacuation Pause) 297M->208M(512M) 2,588ms
[2023-07-28T15:23:41.166+0200][54,541s] GC(28) User=0,01s Sys=0,00s Real=0,00s
[2023-07-28T15:23:41.178+0200][54,553s] GC(29) Pause Young (Concurrent Start) (G1 Humongous Allocation)
[2023-07-28T15:23:41.178+0200][54,553s] GC(29) Using 8 workers of 8 for evacuation
[2023-07-28T15:23:41.179+0200][54,554s] GC(29)   Pre Evacuate Collection Set: 0,1ms
[2023-07-28T15:23:41.179+0200][54,554s] GC(29)   Merge Heap Roots: 0,1ms
[2023-07-28T15:23:41.179+0200][54,554s] GC(29)   Evacuate Collection Set: 0,5ms
[2023-07-28T15:23:41.179+0200][54,554s] GC(29)   Post Evacuate Collection Set: 0,3ms
[2023-07-28T15:23:41.179+0200][54,554s] GC(29)   Other: 0,1ms
[2023-07-28T15:23:41.179+0200][54,554s] GC(29) Eden regions: 3->0(154)
[2023-07-28T15:23:41.179+0200][54,554s] GC(29) Survivor regions: 1->1(19)
[2023-07-28T15:23:41.179+0200][54,554s] GC(29) Old regions: 85->85
[2023-07-28T15:23:41.179+0200][54,554s] GC(29) Archive regions: 2->2
[2023-07-28T15:23:41.179+0200][54,554s] GC(29) Humongous regions: 140->132
[2023-07-28T15:23:41.179+0200][54,554s] GC(29) Metaspace: 58717K(59328K)->58717K(59328K) NonClass: 51586K(51968K)->51586K(51968K) Class: 7130K(7360K)->7130K(7360K)
[2023-07-28T15:23:41.179+0200][54,554s] GC(29) Pause Young (Concurrent Start) (G1 Humongous Allocation) 228M->218M(512M) 1,175ms
[2023-07-28T15:23:41.179+0200][54,554s] GC(29) User=0,00s Sys=0,00s Real=0,00s
[2023-07-28T15:23:41.179+0200][54,554s] GC(30) Concurrent Undo Cycle
[2023-07-28T15:23:41.179+0200][54,554s] GC(30) Concurrent Cleanup for Next Mark
[2023-07-28T15:23:41.179+0200][54,554s] GC(30) Concurrent Cleanup for Next Mark 0,411ms
[2023-07-28T15:23:41.179+0200][54,555s] GC(30) Concurrent Undo Cycle 0,467ms
[2023-07-28T15:23:41.180+0200][54,555s] GC(31) Pause Young (Concurrent Start) (G1 Humongous Allocation)
[2023-07-28T15:23:41.180+0200][54,555s] GC(31) Using 8 workers of 8 for evacuation
[2023-07-28T15:23:41.181+0200][54,556s] GC(31)   Pre Evacuate Collection Set: 0,1ms
[2023-07-28T15:23:41.181+0200][54,557s] GC(31)   Merge Heap Roots: 0,0ms
[2023-07-28T15:23:41.181+0200][54,557s] GC(31)   Evacuate Collection Set: 0,8ms
[2023-07-28T15:23:41.181+0200][54,557s] GC(31)   Post Evacuate Collection Set: 0,2ms
[2023-07-28T15:23:41.181+0200][54,557s] GC(31)   Other: 0,1ms
[2023-07-28T15:23:41.181+0200][54,557s] GC(31) Eden regions: 1->0(164)
[2023-07-28T15:23:41.181+0200][54,557s] GC(31) Survivor regions: 1->1(20)
[2023-07-28T15:23:41.181+0200][54,557s] GC(31) Old regions: 85->85
[2023-07-28T15:23:41.181+0200][54,557s] GC(31) Archive regions: 2->2
[2023-07-28T15:23:41.181+0200][54,557s] GC(31) Humongous regions: 142->136
[2023-07-28T15:23:41.181+0200][54,557s] GC(31) Metaspace: 58717K(59328K)->58717K(59328K) NonClass: 51586K(51968K)->51586K(51968K) Class: 7130K(7360K)->7130K(7360K)
[2023-07-28T15:23:41.181+0200][54,557s] GC(31) Pause Young (Concurrent Start) (G1 Humongous Allocation) 228M->222M(512M) 1,344ms
[2023-07-28T15:23:41.181+0200][54,557s] GC(31) User=0,00s Sys=0,00s Real=0,00s
[2023-07-28T15:23:41.181+0200][54,557s] GC(32) Concurrent Undo Cycle
[2023-07-28T15:23:41.181+0200][54,557s] GC(32) Concurrent Cleanup for Next Mark
[2023-07-28T15:23:41.182+0200][54,557s] GC(32) Concurrent Cleanup for Next Mark 0,207ms
[2023-07-28T15:23:41.182+0200][54,557s] GC(32) Concurrent Undo Cycle 0,245ms
[2023-07-28T15:23:41.186+0200][54,561s] GC(33) Pause Young (Concurrent Start) (G1 Humongous Allocation)
[2023-07-28T15:23:41.186+0200][54,561s] GC(33) Using 8 workers of 8 for evacuation
[2023-07-28T15:23:41.187+0200][54,562s] GC(33)   Pre Evacuate Collection Set: 0,1ms
[2023-07-28T15:23:41.187+0200][54,562s] GC(33)   Merge Heap Roots: 0,1ms
[2023-07-28T15:23:41.187+0200][54,562s] GC(33)   Evacuate Collection Set: 0,4ms
[2023-07-28T15:23:41.187+0200][54,562s] GC(33)   Post Evacuate Collection Set: 0,3ms
[2023-07-28T15:23:41.187+0200][54,562s] GC(33)   Other: 0,1ms
[2023-07-28T15:23:41.187+0200][54,562s] GC(33) Eden regions: 1->0(174)
[2023-07-28T15:23:41.187+0200][54,562s] GC(33) Survivor regions: 1->1(21)
[2023-07-28T15:23:41.187+0200][54,562s] GC(33) Old regions: 85->85
[2023-07-28T15:23:41.187+0200][54,562s] GC(33) Archive regions: 2->2
[2023-07-28T15:23:41.187+0200][54,562s] GC(33) Humongous regions: 142->138
[2023-07-28T15:23:41.187+0200][54,562s] GC(33) Metaspace: 58717K(59328K)->58717K(59328K) NonClass: 51586K(51968K)->51586K(51968K) Class: 7130K(7360K)->7130K(7360K)
[2023-07-28T15:23:41.187+0200][54,562s] GC(33) Pause Young (Concurrent Start) (G1 Humongous Allocation) 229M->224M(512M) 1,025ms
[2023-07-28T15:23:41.187+0200][54,562s] GC(33) User=0,01s Sys=0,00s Real=0,00s
[2023-07-28T15:23:41.187+0200][54,562s] GC(34) Concurrent Undo Cycle
[2023-07-28T15:23:41.187+0200][54,562s] GC(34) Concurrent Cleanup for Next Mark
[2023-07-28T15:23:41.187+0200][54,562s] GC(34) Concurrent Cleanup for Next Mark 0,236ms
[2023-07-28T15:23:41.187+0200][54,562s] GC(34) Concurrent Undo Cycle 0,280ms
[2023-07-28T15:23:41.191+0200][54,567s] GC(35) Pause Young (Concurrent Start) (G1 Humongous Allocation)
[2023-07-28T15:23:41.191+0200][54,567s] GC(35) Using 8 workers of 8 for evacuation
[2023-07-28T15:23:41.192+0200][54,568s] GC(35)   Pre Evacuate Collection Set: 0,1ms
[2023-07-28T15:23:41.192+0200][54,568s] GC(35)   Merge Heap Roots: 0,1ms
[2023-07-28T15:23:41.192+0200][54,568s] GC(35)   Evacuate Collection Set: 0,5ms
[2023-07-28T15:23:41.192+0200][54,568s] GC(35)   Post Evacuate Collection Set: 0,3ms
[2023-07-28T15:23:41.192+0200][54,568s] GC(35)   Other: 0,1ms
[2023-07-28T15:23:41.192+0200][54,568s] GC(35) Eden regions: 1->0(182)
[2023-07-28T15:23:41.192+0200][54,568s] GC(35) Survivor regions: 1->1(22)
[2023-07-28T15:23:41.192+0200][54,568s] GC(35) Old regions: 85->85
[2023-07-28T15:23:41.192+0200][54,568s] GC(35) Archive regions: 2->2
[2023-07-28T15:23:41.192+0200][54,568s] GC(35) Humongous regions: 142->139
[2023-07-28T15:23:41.192+0200][54,568s] GC(35) Metaspace: 58717K(59328K)->58717K(59328K) NonClass: 51586K(51968K)->51586K(51968K) Class: 7130K(7360K)->7130K(7360K)
[2023-07-28T15:23:41.192+0200][54,568s] GC(35) Pause Young (Concurrent Start) (G1 Humongous Allocation) 229M->225M(512M) 1,103ms
[2023-07-28T15:23:41.192+0200][54,568s] GC(35) User=0,00s Sys=0,00s Real=0,00s
[2023-07-28T15:23:41.192+0200][54,568s] GC(36) Concurrent Undo Cycle
[2023-07-28T15:23:41.192+0200][54,568s] GC(36) Concurrent Cleanup for Next Mark
[2023-07-28T15:23:41.193+0200][54,568s] GC(36) Concurrent Cleanup for Next Mark 0,364ms
[2023-07-28T15:23:41.193+0200][54,568s] GC(36) Concurrent Undo Cycle 0,414ms
[2023-07-28T15:23:41.195+0200][54,570s] GC(37) Pause Young (Concurrent Start) (G1 Humongous Allocation)
[2023-07-28T15:23:41.195+0200][54,570s] GC(37) Using 8 workers of 8 for evacuation
[2023-07-28T15:23:41.196+0200][54,571s] GC(37)   Pre Evacuate Collection Set: 0,1ms
[2023-07-28T15:23:41.196+0200][54,571s] GC(37)   Merge Heap Roots: 0,1ms
[2023-07-28T15:23:41.196+0200][54,571s] GC(37)   Evacuate Collection Set: 0,5ms
[2023-07-28T15:23:41.196+0200][54,571s] GC(37)   Post Evacuate Collection Set: 0,2ms
[2023-07-28T15:23:41.196+0200][54,571s] GC(37)   Other: 0,1ms
[2023-07-28T15:23:41.196+0200][54,571s] GC(37) Eden regions: 1->0(187)
[2023-07-28T15:23:41.196+0200][54,571s] GC(37) Survivor regions: 1->1(23)
[2023-07-28T15:23:41.196+0200][54,571s] GC(37) Old regions: 85->85
[2023-07-28T15:23:41.196+0200][54,571s] GC(37) Archive regions: 2->2
[2023-07-28T15:23:41.196+0200][54,571s] GC(37) Humongous regions: 148->143
[2023-07-28T15:23:41.196+0200][54,571s] GC(37) Metaspace: 58717K(59328K)->58717K(59328K) NonClass: 51586K(51968K)->51586K(51968K) Class: 7130K(7360K)->7130K(7360K)
[2023-07-28T15:23:41.196+0200][54,571s] GC(37) Pause Young (Concurrent Start) (G1 Humongous Allocation) 234M->229M(512M) 1,047ms
[2023-07-28T15:23:41.196+0200][54,571s] GC(37) User=0,00s Sys=0,00s Real=0,00s
[2023-07-28T15:23:41.196+0200][54,571s] GC(38) Concurrent Undo Cycle
[2023-07-28T15:23:41.196+0200][54,571s] GC(38) Concurrent Cleanup for Next Mark
[2023-07-28T15:23:41.196+0200][54,571s] GC(38) Concurrent Cleanup for Next Mark 0,225ms
[2023-07-28T15:23:41.196+0200][54,571s] GC(38) Concurrent Undo Cycle 0,260ms
[2023-07-28T15:23:41.209+0200][54,585s] GC(39) Pause Young (Concurrent Start) (G1 Humongous Allocation)
[2023-07-28T15:23:41.210+0200][54,585s] GC(39) Using 8 workers of 8 for evacuation
[2023-07-28T15:23:41.210+0200][54,586s] GC(39)   Pre Evacuate Collection Set: 0,1ms
[2023-07-28T15:23:41.210+0200][54,586s] GC(39)   Merge Heap Roots: 0,1ms
[2023-07-28T15:23:41.210+0200][54,586s] GC(39)   Evacuate Collection Set: 0,5ms
[2023-07-28T15:23:41.210+0200][54,586s] GC(39)   Post Evacuate Collection Set: 0,3ms
[2023-07-28T15:23:41.210+0200][54,586s] GC(39)   Other: 0,1ms
[2023-07-28T15:23:41.210+0200][54,586s] GC(39) Eden regions: 1->0(186)
[2023-07-28T15:23:41.210+0200][54,586s] GC(39) Survivor regions: 1->1(24)
[2023-07-28T15:23:41.210+0200][54,586s] GC(39) Old regions: 85->85
[2023-07-28T15:23:41.210+0200][54,586s] GC(39) Archive regions: 2->2
[2023-07-28T15:23:41.211+0200][54,586s] GC(39) Humongous regions: 148->145
[2023-07-28T15:23:41.211+0200][54,586s] GC(39) Metaspace: 58717K(59328K)->58717K(59328K) NonClass: 51586K(51968K)->51586K(51968K) Class: 7130K(7360K)->7130K(7360K)
[2023-07-28T15:23:41.211+0200][54,586s] GC(39) Pause Young (Concurrent Start) (G1 Humongous Allocation) 235M->231M(512M) 1,051ms
[2023-07-28T15:23:41.211+0200][54,586s] GC(39) User=0,00s Sys=0,00s Real=0,01s
[2023-07-28T15:23:41.211+0200][54,586s] GC(40) Concurrent Mark Cycle
[2023-07-28T15:23:41.211+0200][54,586s] GC(40) Concurrent Clear Claimed Marks
[2023-07-28T15:23:41.211+0200][54,586s] GC(40) Concurrent Clear Claimed Marks 0,008ms
[2023-07-28T15:23:41.211+0200][54,586s] GC(40) Concurrent Scan Root Regions
[2023-07-28T15:23:41.211+0200][54,587s] GC(40) Concurrent Scan Root Regions 0,827ms
[2023-07-28T15:23:41.211+0200][54,587s] GC(40) Concurrent Mark
[2023-07-28T15:23:41.211+0200][54,587s] GC(40) Concurrent Mark From Roots
[2023-07-28T15:23:41.211+0200][54,587s] GC(40) Using 2 workers of 2 for marking
[2023-07-28T15:23:41.235+0200][54,610s] GC(40) Concurrent Mark From Roots 23,503ms
[2023-07-28T15:23:41.235+0200][54,610s] GC(40) Concurrent Preclean
[2023-07-28T15:23:41.235+0200][54,610s] GC(40) Concurrent Preclean 0,174ms
[2023-07-28T15:23:41.235+0200][54,611s] GC(40) Pause Remark
[2023-07-28T15:23:41.250+0200][54,626s] GC(40) Pause Remark 261M->145M(512M) 14,905ms
[2023-07-28T15:23:41.250+0200][54,626s] GC(40) User=0,03s Sys=0,03s Real=0,02s
[2023-07-28T15:23:41.250+0200][54,626s] GC(40) Concurrent Mark 38,884ms
[2023-07-28T15:23:41.250+0200][54,626s] GC(40) Concurrent Rebuild Remembered Sets
[2023-07-28T15:23:41.263+0200][54,638s] GC(40) Concurrent Rebuild Remembered Sets 12,327ms
[2023-07-28T15:23:41.263+0200][54,638s] GC(40) Pause Cleanup
[2023-07-28T15:23:41.263+0200][54,638s] GC(40) Pause Cleanup 178M->178M(512M) 0,146ms
[2023-07-28T15:23:41.263+0200][54,638s] GC(40) User=0,00s Sys=0,00s Real=0,00s
[2023-07-28T15:23:41.263+0200][54,638s] GC(40) Concurrent Cleanup for Next Mark
[2023-07-28T15:23:41.263+0200][54,639s] GC(40) Concurrent Cleanup for Next Mark 0,264ms
[2023-07-28T15:23:41.263+0200][54,639s] GC(40) Concurrent Mark Cycle 52,822ms
[2023-07-28T15:23:41.788+0200][55,163s] GC(41) Pause Young (Prepare Mixed) (G1 Preventive Collection)
[2023-07-28T15:23:41.789+0200][55,164s] GC(41) Using 8 workers of 8 for evacuation
[2023-07-28T15:23:41.791+0200][55,167s] GC(41)   Pre Evacuate Collection Set: 0,1ms
[2023-07-28T15:23:41.791+0200][55,167s] GC(41)   Merge Heap Roots: 0,1ms
[2023-07-28T15:23:41.791+0200][55,167s] GC(41)   Evacuate Collection Set: 1,8ms
[2023-07-28T15:23:41.791+0200][55,167s] GC(41)   Post Evacuate Collection Set: 0,4ms
[2023-07-28T15:23:41.791+0200][55,167s] GC(41)   Other: 0,9ms
[2023-07-28T15:23:41.791+0200][55,167s] GC(41) Eden regions: 47->0(20)
[2023-07-28T15:23:41.791+0200][55,167s] GC(41) Survivor regions: 1->5(12)
[2023-07-28T15:23:41.791+0200][55,167s] GC(41) Old regions: 85->85
[2023-07-28T15:23:41.791+0200][55,167s] GC(41) Archive regions: 2->2
[2023-07-28T15:23:41.791+0200][55,167s] GC(41) Humongous regions: 365->65
[2023-07-28T15:23:41.791+0200][55,167s] GC(41) Metaspace: 58717K(59328K)->58717K(59328K) NonClass: 51587K(51968K)->51587K(51968K) Class: 7130K(7360K)->7130K(7360K)
[2023-07-28T15:23:41.791+0200][55,167s] GC(41) Pause Young (Prepare Mixed) (G1 Preventive Collection) 497M->155M(512M) 3,400ms
[2023-07-28T15:23:41.791+0200][55,167s] GC(41) User=0,00s Sys=0,00s Real=0,01s
[2023-07-28T15:23:41.989+0200][55,364s] GC(42) Pause Young (Mixed) (G1 Evacuation Pause)
[2023-07-28T15:23:41.989+0200][55,364s] GC(42) Using 8 workers of 8 for evacuation
[2023-07-28T15:23:41.991+0200][55,367s] GC(42)   Pre Evacuate Collection Set: 0,1ms
[2023-07-28T15:23:41.991+0200][55,367s] GC(42)   Merge Heap Roots: 0,0ms
[2023-07-28T15:23:41.991+0200][55,367s] GC(42)   Evacuate Collection Set: 1,9ms
[2023-07-28T15:23:41.991+0200][55,367s] GC(42)   Post Evacuate Collection Set: 0,3ms
[2023-07-28T15:23:41.991+0200][55,367s] GC(42)   Other: 0,1ms
[2023-07-28T15:23:41.991+0200][55,367s] GC(42) Eden regions: 20->0(189)
[2023-07-28T15:23:41.992+0200][55,367s] GC(42) Survivor regions: 5->4(4)
[2023-07-28T15:23:41.992+0200][55,367s] GC(42) Old regions: 85->95
[2023-07-28T15:23:41.992+0200][55,367s] GC(42) Archive regions: 2->2
[2023-07-28T15:23:41.992+0200][55,367s] GC(42) Humongous regions: 162->66
[2023-07-28T15:23:41.992+0200][55,367s] GC(42) Metaspace: 58717K(59328K)->58717K(59328K) NonClass: 51587K(51968K)->51587K(51968K) Class: 7130K(7360K)->7130K(7360K)
[2023-07-28T15:23:41.992+0200][55,367s] GC(42) Pause Young (Mixed) (G1 Evacuation Pause) 272M->165M(512M) 2,633ms
[2023-07-28T15:23:41.992+0200][55,367s] GC(42) User=0,01s Sys=0,01s Real=0,01s
[2023-07-28T15:23:42.066+0200][55,441s] GC(43) Pause Young (Concurrent Start) (G1 Humongous Allocation)
[2023-07-28T15:23:42.066+0200][55,441s] GC(43) Using 8 workers of 8 for evacuation
[2023-07-28T15:23:42.068+0200][55,443s] GC(43)   Pre Evacuate Collection Set: 0,1ms
[2023-07-28T15:23:42.068+0200][55,443s] GC(43)   Merge Heap Roots: 0,0ms
[2023-07-28T15:23:42.068+0200][55,443s] GC(43)   Evacuate Collection Set: 1,4ms
[2023-07-28T15:23:42.068+0200][55,443s] GC(43)   Post Evacuate Collection Set: 0,3ms
[2023-07-28T15:23:42.068+0200][55,443s] GC(43)   Other: 0,1ms
[2023-07-28T15:23:42.068+0200][55,443s] GC(43) Eden regions: 10->0(205)
[2023-07-28T15:23:42.068+0200][55,443s] GC(43) Survivor regions: 4->2(25)
[2023-07-28T15:23:42.068+0200][55,443s] GC(43) Old regions: 95->95
[2023-07-28T15:23:42.068+0200][55,443s] GC(43) Archive regions: 2->2
[2023-07-28T15:23:42.068+0200][55,443s] GC(43) Humongous regions: 66->66
[2023-07-28T15:23:42.068+0200][55,443s] GC(43) Metaspace: 58717K(59328K)->58717K(59328K) NonClass: 51587K(51968K)->51587K(51968K) Class: 7130K(7360K)->7130K(7360K)
[2023-07-28T15:23:42.068+0200][55,443s] GC(43) Pause Young (Concurrent Start) (G1 Humongous Allocation) 174M->163M(512M) 2,042ms
[2023-07-28T15:23:42.068+0200][55,443s] GC(43) User=0,00s Sys=0,00s Real=0,00s
[2023-07-28T15:23:42.068+0200][55,443s] GC(44) Concurrent Mark Cycle
[2023-07-28T15:23:42.068+0200][55,443s] GC(44) Concurrent Clear Claimed Marks
[2023-07-28T15:23:42.068+0200][55,443s] GC(44) Concurrent Clear Claimed Marks 0,008ms
[2023-07-28T15:23:42.068+0200][55,443s] GC(44) Concurrent Scan Root Regions
[2023-07-28T15:23:42.068+0200][55,443s] GC(44) Concurrent Scan Root Regions 0,336ms
[2023-07-28T15:23:42.068+0200][55,443s] GC(44) Concurrent Mark
[2023-07-28T15:23:42.068+0200][55,443s] GC(44) Concurrent Mark From Roots
[2023-07-28T15:23:42.068+0200][55,443s] GC(44) Using 2 workers of 2 for marking
[2023-07-28T15:23:42.089+0200][55,464s] GC(44) Concurrent Mark From Roots 20,602ms
[2023-07-28T15:23:42.089+0200][55,464s] GC(44) Concurrent Preclean
[2023-07-28T15:23:42.089+0200][55,464s] GC(44) Concurrent Preclean 0,145ms
[2023-07-28T15:23:42.089+0200][55,464s] GC(44) Pause Remark
[2023-07-28T15:23:42.101+0200][55,476s] GC(44) Pause Remark 197M->176M(512M) 11,512ms
[2023-07-28T15:23:42.101+0200][55,476s] GC(44) User=0,02s Sys=0,03s Real=0,02s
[2023-07-28T15:23:42.101+0200][55,476s] GC(44) Concurrent Mark 32,666ms
[2023-07-28T15:23:42.101+0200][55,476s] GC(44) Concurrent Rebuild Remembered Sets
[2023-07-28T15:23:42.113+0200][55,488s] GC(44) Concurrent Rebuild Remembered Sets 12,189ms
[2023-07-28T15:23:42.113+0200][55,488s] GC(44) Pause Cleanup
[2023-07-28T15:23:42.113+0200][55,489s] GC(44) Pause Cleanup 205M->205M(512M) 0,111ms
[2023-07-28T15:23:42.113+0200][55,489s] GC(44) User=0,00s Sys=0,00s Real=0,00s
[2023-07-28T15:23:42.113+0200][55,489s] GC(44) Concurrent Cleanup for Next Mark
[2023-07-28T15:23:42.114+0200][55,489s] GC(44) Concurrent Cleanup for Next Mark 0,250ms
[2023-07-28T15:23:42.114+0200][55,489s] GC(44) Concurrent Mark Cycle 45,895ms
[2023-07-28T15:23:43.629+0200][57,004s] GC(45) Pause Young (Prepare Mixed) (G1 Preventive Collection)
[2023-07-28T15:23:43.629+0200][57,004s] GC(45) Using 8 workers of 8 for evacuation
[2023-07-28T15:23:43.632+0200][57,007s] GC(45)   Pre Evacuate Collection Set: 0,1ms
[2023-07-28T15:23:43.632+0200][57,007s] GC(45)   Merge Heap Roots: 0,1ms
[2023-07-28T15:23:43.632+0200][57,007s] GC(45)   Evacuate Collection Set: 2,3ms
[2023-07-28T15:23:43.632+0200][57,007s] GC(45)   Post Evacuate Collection Set: 0,4ms
[2023-07-28T15:23:43.632+0200][57,007s] GC(45)   Other: 0,1ms
[2023-07-28T15:23:43.632+0200][57,007s] GC(45) Eden regions: 102->0(17)
[2023-07-28T15:23:43.632+0200][57,007s] GC(45) Survivor regions: 2->8(26)
[2023-07-28T15:23:43.632+0200][57,007s] GC(45) Old regions: 91->91
[2023-07-28T15:23:43.632+0200][57,007s] GC(45) Archive regions: 2->2
[2023-07-28T15:23:43.632+0200][57,007s] GC(45) Humongous regions: 289->40
[2023-07-28T15:23:43.632+0200][57,007s] GC(45) Metaspace: 58964K(59456K)->58964K(59456K) NonClass: 51832K(52096K)->51832K(52096K) Class: 7132K(7360K)->7132K(7360K)
[2023-07-28T15:23:43.632+0200][57,007s] GC(45) Pause Young (Prepare Mixed) (G1 Preventive Collection) 483M->138M(512M) 3,085ms
[2023-07-28T15:23:43.632+0200][57,007s] GC(45) User=0,00s Sys=0,00s Real=0,01s
[2023-07-28T15:23:43.975+0200][57,351s] GC(46) Pause Young (Mixed) (G1 Evacuation Pause)
[2023-07-28T15:23:43.975+0200][57,351s] GC(46) Using 8 workers of 8 for evacuation
[2023-07-28T15:23:43.980+0200][57,356s] GC(46)   Pre Evacuate Collection Set: 0,1ms
[2023-07-28T15:23:43.980+0200][57,356s] GC(46)   Merge Heap Roots: 0,5ms
[2023-07-28T15:23:43.980+0200][57,356s] GC(46)   Evacuate Collection Set: 3,8ms
[2023-07-28T15:23:43.980+0200][57,356s] GC(46)   Post Evacuate Collection Set: 0,4ms
[2023-07-28T15:23:43.980+0200][57,356s] GC(46)   Other: 0,1ms
[2023-07-28T15:23:43.980+0200][57,356s] GC(46) Eden regions: 17->0(178)
[2023-07-28T15:23:43.980+0200][57,356s] GC(46) Survivor regions: 8->4(4)
[2023-07-28T15:23:43.980+0200][57,356s] GC(46) Old regions: 91->99
[2023-07-28T15:23:43.980+0200][57,356s] GC(46) Archive regions: 2->2
[2023-07-28T15:23:43.980+0200][57,356s] GC(46) Humongous regions: 217->105
[2023-07-28T15:23:43.980+0200][57,356s] GC(46) Metaspace: 58964K(59456K)->58964K(59456K) NonClass: 51832K(52096K)->51832K(52096K) Class: 7132K(7360K)->7132K(7360K)
[2023-07-28T15:23:43.980+0200][57,356s] GC(46) Pause Young (Mixed) (G1 Evacuation Pause) 332M->208M(512M) 4,948ms
[2023-07-28T15:23:43.980+0200][57,356s] GC(46) User=0,01s Sys=0,01s Real=0,01s
[2023-07-28T15:23:44.025+0200][57,401s] GC(47) Pause Young (Concurrent Start) (G1 Humongous Allocation)
[2023-07-28T15:23:44.025+0200][57,401s] GC(47) Using 8 workers of 8 for evacuation
[2023-07-28T15:23:44.027+0200][57,403s] GC(47)   Pre Evacuate Collection Set: 0,1ms
[2023-07-28T15:23:44.028+0200][57,403s] GC(47)   Merge Heap Roots: 0,1ms
[2023-07-28T15:23:44.028+0200][57,403s] GC(47)   Evacuate Collection Set: 1,5ms
[2023-07-28T15:23:44.028+0200][57,403s] GC(47)   Post Evacuate Collection Set: 0,3ms
[2023-07-28T15:23:44.028+0200][57,403s] GC(47)   Other: 0,1ms
[2023-07-28T15:23:44.028+0200][57,403s] GC(47) Eden regions: 15->0(102)
[2023-07-28T15:23:44.028+0200][57,403s] GC(47) Survivor regions: 4->19(23)
[2023-07-28T15:23:44.028+0200][57,403s] GC(47) Old regions: 99->99
[2023-07-28T15:23:44.028+0200][57,403s] GC(47) Archive regions: 2->2
[2023-07-28T15:23:44.028+0200][57,403s] GC(47) Humongous regions: 105->105
[2023-07-28T15:23:44.028+0200][57,403s] GC(47) Metaspace: 58964K(59456K)->58964K(59456K) NonClass: 51832K(52096K)->51832K(52096K) Class: 7132K(7360K)->7132K(7360K)
[2023-07-28T15:23:44.028+0200][57,403s] GC(47) Pause Young (Concurrent Start) (G1 Humongous Allocation) 223M->222M(512M) 2,261ms
[2023-07-28T15:23:44.028+0200][57,403s] GC(47) User=0,01s Sys=0,01s Real=0,00s
[2023-07-28T15:23:44.028+0200][57,403s] GC(48) Concurrent Mark Cycle
[2023-07-28T15:23:44.028+0200][57,403s] GC(48) Concurrent Clear Claimed Marks
[2023-07-28T15:23:44.028+0200][57,403s] GC(48) Concurrent Clear Claimed Marks 0,038ms
[2023-07-28T15:23:44.028+0200][57,403s] GC(48) Concurrent Scan Root Regions
[2023-07-28T15:23:44.028+0200][57,404s] GC(48) Concurrent Scan Root Regions 0,481ms
[2023-07-28T15:23:44.028+0200][57,404s] GC(48) Concurrent Mark
[2023-07-28T15:23:44.028+0200][57,404s] GC(48) Concurrent Mark From Roots
[2023-07-28T15:23:44.028+0200][57,404s] GC(48) Using 2 workers of 2 for marking
[2023-07-28T15:23:44.048+0200][57,424s] GC(48) Concurrent Mark From Roots 20,043ms
[2023-07-28T15:23:44.048+0200][57,424s] GC(48) Concurrent Preclean
[2023-07-28T15:23:44.048+0200][57,424s] GC(48) Concurrent Preclean 0,130ms
[2023-07-28T15:23:44.049+0200][57,424s] GC(48) Pause Remark
[2023-07-28T15:23:44.064+0200][57,439s] GC(48) Pause Remark 230M->190M(512M) 15,386ms
[2023-07-28T15:23:44.064+0200][57,439s] GC(48) User=0,02s Sys=0,02s Real=0,02s
[2023-07-28T15:23:44.064+0200][57,439s] GC(48) Concurrent Mark 35,942ms
[2023-07-28T15:23:44.064+0200][57,440s] GC(48) Concurrent Rebuild Remembered Sets
[2023-07-28T15:23:44.076+0200][57,452s] GC(48) Concurrent Rebuild Remembered Sets 12,224ms
[2023-07-28T15:23:44.077+0200][57,452s] GC(48) Pause Cleanup
[2023-07-28T15:23:44.077+0200][57,452s] GC(48) Pause Cleanup 192M->192M(512M) 0,129ms
[2023-07-28T15:23:44.077+0200][57,452s] GC(48) User=0,00s Sys=0,00s Real=0,00s
[2023-07-28T15:23:44.077+0200][57,452s] GC(48) Concurrent Cleanup for Next Mark
[2023-07-28T15:23:44.077+0200][57,452s] GC(48) Concurrent Cleanup for Next Mark 0,195ms
[2023-07-28T15:23:44.077+0200][57,452s] GC(48) Concurrent Mark Cycle 49,384ms
[2023-07-28T15:23:44.668+0200][58,043s] GC(49) Pause Young (Prepare Mixed) (G1 Preventive Collection)
[2023-07-28T15:23:44.668+0200][58,043s] GC(49) Using 8 workers of 8 for evacuation
[2023-07-28T15:23:44.671+0200][58,047s] GC(49)   Pre Evacuate Collection Set: 0,1ms
[2023-07-28T15:23:44.671+0200][58,047s] GC(49)   Merge Heap Roots: 0,1ms
[2023-07-28T15:23:44.671+0200][58,047s] GC(49)   Evacuate Collection Set: 2,7ms
[2023-07-28T15:23:44.671+0200][58,047s] GC(49)   Post Evacuate Collection Set: 0,3ms
[2023-07-28T15:23:44.671+0200][58,047s] GC(49)   Other: 0,1ms
[2023-07-28T15:23:44.671+0200][58,047s] GC(49) Eden regions: 75->0(21)
[2023-07-28T15:23:44.671+0200][58,047s] GC(49) Survivor regions: 19->4(16)
[2023-07-28T15:23:44.671+0200][58,047s] GC(49) Old regions: 99->102
[2023-07-28T15:23:44.671+0200][58,047s] GC(49) Archive regions: 2->2
[2023-07-28T15:23:44.671+0200][58,047s] GC(49) Humongous regions: 244->84
[2023-07-28T15:23:44.671+0200][58,047s] GC(49) Metaspace: 59028K(59520K)->59028K(59520K) NonClass: 51896K(52160K)->51896K(52160K) Class: 7132K(7360K)->7132K(7360K)
[2023-07-28T15:23:44.671+0200][58,047s] GC(49) Pause Young (Prepare Mixed) (G1 Preventive Collection) 436M->190M(512M) 3,556ms
[2023-07-28T15:23:44.671+0200][58,047s] GC(49) User=0,01s Sys=0,01s Real=0,01s
[2023-07-28T15:23:44.905+0200][58,280s] GC(50) Pause Young (Mixed) (G1 Evacuation Pause)
[2023-07-28T15:23:44.905+0200][58,280s] GC(50) Using 8 workers of 8 for evacuation
[2023-07-28T15:23:44.907+0200][58,283s] GC(50)   Pre Evacuate Collection Set: 0,1ms
[2023-07-28T15:23:44.907+0200][58,283s] GC(50)   Merge Heap Roots: 0,0ms
[2023-07-28T15:23:44.907+0200][58,283s] GC(50)   Evacuate Collection Set: 2,0ms
[2023-07-28T15:23:44.907+0200][58,283s] GC(50)   Post Evacuate Collection Set: 0,2ms
[2023-07-28T15:23:44.907+0200][58,283s] GC(50)   Other: 0,4ms
[2023-07-28T15:23:44.907+0200][58,283s] GC(50) Eden regions: 21->0(115)
[2023-07-28T15:23:44.907+0200][58,283s] GC(50) Survivor regions: 4->4(4)
[2023-07-28T15:23:44.907+0200][58,283s] GC(50) Old regions: 102->104
[2023-07-28T15:23:44.907+0200][58,283s] GC(50) Archive regions: 2->2
[2023-07-28T15:23:44.907+0200][58,283s] GC(50) Humongous regions: 239->118
[2023-07-28T15:23:44.907+0200][58,283s] GC(50) Metaspace: 59029K(59520K)->59029K(59520K) NonClass: 51896K(52160K)->51896K(52160K) Class: 7132K(7360K)->7132K(7360K)
[2023-07-28T15:23:44.907+0200][58,283s] GC(50) Pause Young (Mixed) (G1 Evacuation Pause) 365M->225M(512M) 2,808ms
[2023-07-28T15:23:44.907+0200][58,283s] GC(50) User=0,00s Sys=0,00s Real=0,00s
[2023-07-28T15:23:44.931+0200][58,306s] GC(51) Pause Young (Concurrent Start) (G1 Humongous Allocation)
[2023-07-28T15:23:44.931+0200][58,306s] GC(51) Using 8 workers of 8 for evacuation
[2023-07-28T15:23:44.933+0200][58,308s] GC(51)   Pre Evacuate Collection Set: 0,2ms
[2023-07-28T15:23:44.933+0200][58,308s] GC(51)   Merge Heap Roots: 0,1ms
[2023-07-28T15:23:44.933+0200][58,308s] GC(51)   Evacuate Collection Set: 1,2ms
[2023-07-28T15:23:44.933+0200][58,308s] GC(51)   Post Evacuate Collection Set: 0,4ms
[2023-07-28T15:23:44.933+0200][58,308s] GC(51)   Other: 0,2ms
[2023-07-28T15:23:44.933+0200][58,308s] GC(51) Eden regions: 21->0(92)
[2023-07-28T15:23:44.933+0200][58,308s] GC(51) Survivor regions: 4->15(15)
[2023-07-28T15:23:44.933+0200][58,308s] GC(51) Old regions: 104->110
[2023-07-28T15:23:44.933+0200][58,308s] GC(51) Archive regions: 2->2
[2023-07-28T15:23:44.933+0200][58,308s] GC(51) Humongous regions: 118->118
[2023-07-28T15:23:44.933+0200][58,308s] GC(51) Metaspace: 59029K(59520K)->59029K(59520K) NonClass: 51896K(52160K)->51896K(52160K) Class: 7132K(7360K)->7132K(7360K)
[2023-07-28T15:23:44.933+0200][58,308s] GC(51) Pause Young (Concurrent Start) (G1 Humongous Allocation) 246M->243M(512M) 2,051ms
[2023-07-28T15:23:44.933+0200][58,308s] GC(51) User=0,00s Sys=0,01s Real=0,00s
[2023-07-28T15:23:44.933+0200][58,308s] GC(52) Concurrent Mark Cycle
[2023-07-28T15:23:44.933+0200][58,308s] GC(52) Concurrent Clear Claimed Marks
[2023-07-28T15:23:44.933+0200][58,308s] GC(52) Concurrent Clear Claimed Marks 0,029ms
[2023-07-28T15:23:44.933+0200][58,308s] GC(52) Concurrent Scan Root Regions
[2023-07-28T15:23:44.933+0200][58,309s] GC(52) Concurrent Scan Root Regions 0,435ms
[2023-07-28T15:23:44.933+0200][58,309s] GC(52) Concurrent Mark
[2023-07-28T15:23:44.933+0200][58,309s] GC(52) Concurrent Mark From Roots
[2023-07-28T15:23:44.933+0200][58,309s] GC(52) Using 2 workers of 2 for marking
[2023-07-28T15:23:44.954+0200][58,329s] GC(52) Concurrent Mark From Roots 20,633ms
[2023-07-28T15:23:44.954+0200][58,329s] GC(52) Concurrent Preclean
[2023-07-28T15:23:44.954+0200][58,330s] GC(52) Concurrent Preclean 0,135ms
[2023-07-28T15:23:44.954+0200][58,330s] GC(52) Pause Remark
[2023-07-28T15:23:44.969+0200][58,344s] GC(52) Pause Remark 249M->189M(512M) 14,204ms
[2023-07-28T15:23:44.969+0200][58,344s] GC(52) User=0,03s Sys=0,02s Real=0,01s
[2023-07-28T15:23:44.969+0200][58,344s] GC(52) Concurrent Mark 35,366ms
[2023-07-28T15:23:44.969+0200][58,344s] GC(52) Concurrent Rebuild Remembered Sets
[2023-07-28T15:23:44.981+0200][58,356s] GC(52) Concurrent Rebuild Remembered Sets 12,187ms
[2023-07-28T15:23:44.981+0200][58,356s] GC(52) Pause Cleanup
[2023-07-28T15:23:44.981+0200][58,357s] GC(52) Pause Cleanup 191M->191M(512M) 0,148ms
[2023-07-28T15:23:44.981+0200][58,357s] GC(52) User=0,00s Sys=0,00s Real=0,00s
[2023-07-28T15:23:44.981+0200][58,357s] GC(52) Concurrent Cleanup for Next Mark
[2023-07-28T15:23:44.982+0200][58,357s] GC(52) Concurrent Cleanup for Next Mark 0,188ms
[2023-07-28T15:23:44.982+0200][58,357s] GC(52) Concurrent Mark Cycle 48,693ms
[2023-07-28T15:23:45.756+0200][59,131s] GC(53) Pause Young (Prepare Mixed) (G1 Preventive Collection)
[2023-07-28T15:23:45.756+0200][59,131s] GC(53) Using 8 workers of 8 for evacuation
[2023-07-28T15:23:45.760+0200][59,135s] GC(53)   Pre Evacuate Collection Set: 0,1ms
[2023-07-28T15:23:45.760+0200][59,135s] GC(53)   Merge Heap Roots: 0,1ms
[2023-07-28T15:23:45.760+0200][59,135s] GC(53)   Evacuate Collection Set: 3,0ms
[2023-07-28T15:23:45.760+0200][59,135s] GC(53)   Post Evacuate Collection Set: 0,3ms
[2023-07-28T15:23:45.760+0200][59,135s] GC(53)   Other: 0,1ms
[2023-07-28T15:23:45.760+0200][59,135s] GC(53) Eden regions: 88->0(13)
[2023-07-28T15:23:45.760+0200][59,135s] GC(53) Survivor regions: 15->12(14)
[2023-07-28T15:23:45.760+0200][59,135s] GC(53) Old regions: 109->125
[2023-07-28T15:23:45.760+0200][59,135s] GC(53) Archive regions: 2->2
[2023-07-28T15:23:45.760+0200][59,135s] GC(53) Humongous regions: 231->48
[2023-07-28T15:23:45.760+0200][59,135s] GC(53) Metaspace: 59029K(59520K)->59029K(59520K) NonClass: 51897K(52160K)->51897K(52160K) Class: 7132K(7360K)->7132K(7360K)
[2023-07-28T15:23:45.760+0200][59,135s] GC(53) Pause Young (Prepare Mixed) (G1 Preventive Collection) 443M->184M(512M) 3,716ms
[2023-07-28T15:23:45.760+0200][59,135s] GC(53) User=0,01s Sys=0,00s Real=0,01s
[2023-07-28T15:23:45.891+0200][59,266s] GC(54) Pause Young (Mixed) (G1 Evacuation Pause)
[2023-07-28T15:23:45.891+0200][59,266s] GC(54) Using 8 workers of 8 for evacuation
[2023-07-28T15:23:45.895+0200][59,270s] GC(54)   Pre Evacuate Collection Set: 0,1ms
[2023-07-28T15:23:45.895+0200][59,270s] GC(54)   Merge Heap Roots: 0,1ms
[2023-07-28T15:23:45.895+0200][59,270s] GC(54)   Evacuate Collection Set: 3,0ms
[2023-07-28T15:23:45.895+0200][59,270s] GC(54)   Post Evacuate Collection Set: 0,3ms
[2023-07-28T15:23:45.895+0200][59,270s] GC(54)   Other: 0,1ms
[2023-07-28T15:23:45.895+0200][59,270s] GC(54) Eden regions: 13->0(125)
[2023-07-28T15:23:45.895+0200][59,270s] GC(54) Survivor regions: 12->1(4)
[2023-07-28T15:23:45.895+0200][59,270s] GC(54) Old regions: 125->130
[2023-07-28T15:23:45.895+0200][59,270s] GC(54) Archive regions: 2->2
[2023-07-28T15:23:45.895+0200][59,270s] GC(54) Humongous regions: 106->59
[2023-07-28T15:23:45.895+0200][59,270s] GC(54) Metaspace: 59029K(59520K)->59029K(59520K) NonClass: 51897K(52160K)->51897K(52160K) Class: 7132K(7360K)->7132K(7360K)
[2023-07-28T15:23:45.895+0200][59,270s] GC(54) Pause Young (Mixed) (G1 Evacuation Pause) 255M->190M(512M) 3,644ms
[2023-07-28T15:23:45.895+0200][59,270s] GC(54) User=0,00s Sys=0,00s Real=0,00s
[2023-07-28T15:23:45.896+0200][59,272s] GC(55) Pause Young (Concurrent Start) (G1 Humongous Allocation)
[2023-07-28T15:23:45.896+0200][59,272s] GC(55) Using 8 workers of 8 for evacuation
[2023-07-28T15:23:45.897+0200][59,273s] GC(55)   Pre Evacuate Collection Set: 0,1ms
[2023-07-28T15:23:45.897+0200][59,273s] GC(55)   Merge Heap Roots: 0,1ms
[2023-07-28T15:23:45.897+0200][59,273s] GC(55)   Evacuate Collection Set: 0,5ms
[2023-07-28T15:23:45.897+0200][59,273s] GC(55)   Post Evacuate Collection Set: 0,2ms
[2023-07-28T15:23:45.897+0200][59,273s] GC(55)   Other: 0,1ms
[2023-07-28T15:23:45.897+0200][59,273s] GC(55) Eden regions: 1->0(126)
[2023-07-28T15:23:45.897+0200][59,273s] GC(55) Survivor regions: 1->1(16)
[2023-07-28T15:23:45.897+0200][59,273s] GC(55) Old regions: 130->130
[2023-07-28T15:23:45.897+0200][59,273s] GC(55) Archive regions: 2->2
[2023-07-28T15:23:45.897+0200][59,273s] GC(55) Humongous regions: 59->59
[2023-07-28T15:23:45.897+0200][59,273s] GC(55) Metaspace: 59029K(59520K)->59029K(59520K) NonClass: 51897K(52160K)->51897K(52160K) Class: 7132K(7360K)->7132K(7360K)
[2023-07-28T15:23:45.897+0200][59,273s] GC(55) Pause Young (Concurrent Start) (G1 Humongous Allocation) 190M->190M(512M) 1,041ms
[2023-07-28T15:23:45.897+0200][59,273s] GC(55) User=0,00s Sys=0,00s Real=0,00s
[2023-07-28T15:23:45.897+0200][59,273s] GC(56) Concurrent Mark Cycle
[2023-07-28T15:23:45.898+0200][59,273s] GC(56) Concurrent Clear Claimed Marks
[2023-07-28T15:23:45.898+0200][59,273s] GC(56) Concurrent Clear Claimed Marks 0,007ms
[2023-07-28T15:23:45.898+0200][59,273s] GC(56) Concurrent Scan Root Regions
[2023-07-28T15:23:45.898+0200][59,274s] GC(56) Concurrent Scan Root Regions 0,978ms
[2023-07-28T15:23:45.899+0200][59,274s] GC(56) Concurrent Mark
[2023-07-28T15:23:45.899+0200][59,274s] GC(56) Concurrent Mark From Roots
[2023-07-28T15:23:45.899+0200][59,274s] GC(56) Using 2 workers of 2 for marking
[2023-07-28T15:23:45.920+0200][59,295s] GC(56) Concurrent Mark From Roots 21,358ms
[2023-07-28T15:23:45.920+0200][59,295s] GC(56) Concurrent Preclean
[2023-07-28T15:23:45.920+0200][59,295s] GC(56) Concurrent Preclean 0,133ms
[2023-07-28T15:23:45.920+0200][59,296s] GC(56) Pause Remark
[2023-07-28T15:23:45.934+0200][59,309s] GC(56) Pause Remark 208M->176M(512M) 13,250ms
[2023-07-28T15:23:45.934+0200][59,309s] GC(56) User=0,02s Sys=0,03s Real=0,01s
[2023-07-28T15:23:45.934+0200][59,309s] GC(56) Concurrent Mark 35,133ms
[2023-07-28T15:23:45.934+0200][59,309s] GC(56) Concurrent Rebuild Remembered Sets
[2023-07-28T15:23:45.946+0200][59,321s] GC(56) Concurrent Rebuild Remembered Sets 12,291ms
[2023-07-28T15:23:45.946+0200][59,322s] GC(56) Pause Cleanup
[2023-07-28T15:23:45.946+0200][59,322s] GC(56) Pause Cleanup 176M->176M(512M) 0,161ms
[2023-07-28T15:23:45.946+0200][59,322s] GC(56) User=0,00s Sys=0,00s Real=0,00s
[2023-07-28T15:23:45.946+0200][59,322s] GC(56) Concurrent Cleanup for Next Mark
[2023-07-28T15:23:45.947+0200][59,322s] GC(56) Concurrent Cleanup for Next Mark 0,213ms
[2023-07-28T15:23:45.947+0200][59,322s] GC(56) Concurrent Mark Cycle 49,154ms
[2023-07-28T15:23:46.550+0200][59,926s] GC(57) Pause Young (Prepare Mixed) (G1 Humongous Allocation)
[2023-07-28T15:23:46.551+0200][59,926s] GC(57) Using 8 workers of 8 for evacuation
[2023-07-28T15:23:46.553+0200][59,929s] GC(57)   Pre Evacuate Collection Set: 0,1ms
[2023-07-28T15:23:46.553+0200][59,929s] GC(57)   Merge Heap Roots: 0,1ms
[2023-07-28T15:23:46.553+0200][59,929s] GC(57)   Evacuate Collection Set: 2,1ms
[2023-07-28T15:23:46.553+0200][59,929s] GC(57)   Post Evacuate Collection Set: 0,4ms
[2023-07-28T15:23:46.553+0200][59,929s] GC(57)   Other: 0,1ms
[2023-07-28T15:23:46.553+0200][59,929s] GC(57) Eden regions: 34->0(18)
[2023-07-28T15:23:46.553+0200][59,929s] GC(57) Survivor regions: 1->7(16)
[2023-07-28T15:23:46.553+0200][59,929s] GC(57) Old regions: 129->129
[2023-07-28T15:23:46.553+0200][59,929s] GC(57) Archive regions: 2->2
[2023-07-28T15:23:46.553+0200][59,929s] GC(57) Humongous regions: 243->78
[2023-07-28T15:23:46.553+0200][59,929s] GC(57) Metaspace: 59029K(59520K)->59029K(59520K) NonClass: 51897K(52160K)->51897K(52160K) Class: 7132K(7360K)->7132K(7360K)
[2023-07-28T15:23:46.553+0200][59,929s] GC(57) Pause Young (Prepare Mixed) (G1 Humongous Allocation) 406M->214M(512M) 2,770ms
[2023-07-28T15:23:46.553+0200][59,929s] GC(57) User=0,00s Sys=0,00s Real=0,00s
[2023-07-28T15:23:46.553+0200][59,929s] Attempting full compaction
[2023-07-28T15:23:46.553+0200][59,929s] GC(58) Using 8 workers of 8 for full compaction
[2023-07-28T15:23:46.553+0200][59,929s] GC(58) Pause Full (G1 Compaction Pause)
[2023-07-28T15:23:46.553+0200][59,929s] GC(58) Phase 1: Mark live objects
[2023-07-28T15:23:46.605+0200][59,980s] GC(58) Phase 1: Mark live objects 51,188ms
[2023-07-28T15:23:46.605+0200][59,980s] GC(58) Phase 2: Prepare for compaction
[2023-07-28T15:23:46.607+0200][59,982s] GC(58) Phase 2: Prepare for compaction 2,254ms
[2023-07-28T15:23:46.607+0200][59,982s] GC(58) Phase 3: Adjust pointers
[2023-07-28T15:23:46.631+0200][60,007s] GC(58) Phase 3: Adjust pointers 24,207ms
[2023-07-28T15:23:46.631+0200][60,007s] GC(58) Phase 4: Compact heap
[2023-07-28T15:23:46.635+0200][60,011s] GC(58) Phase 4: Compact heap 4,117ms
[2023-07-28T15:23:46.640+0200][60,015s] GC(58) Eden regions: 0->0(120)
[2023-07-28T15:23:46.640+0200][60,015s] GC(58) Survivor regions: 7->0(16)
[2023-07-28T15:23:46.640+0200][60,015s] GC(58) Old regions: 129->114
[2023-07-28T15:23:46.640+0200][60,015s] GC(58) Archive regions: 2->2
[2023-07-28T15:23:46.640+0200][60,015s] GC(58) Humongous regions: 78->78
[2023-07-28T15:23:46.640+0200][60,015s] GC(58) Metaspace: 59029K(59520K)->59029K(59520K) NonClass: 51897K(52160K)->51897K(52160K) Class: 7132K(7360K)->7132K(7360K)
[2023-07-28T15:23:46.640+0200][60,015s] GC(58) Pause Full (G1 Compaction Pause) 214M->183M(512M) 86,379ms
[2023-07-28T15:23:46.640+0200][60,015s] GC(58) User=0,14s Sys=0,05s Real=0,09s
[2023-07-28T15:23:46.640+0200][60,015s] Attempting maximum full compaction clearing soft references
[2023-07-28T15:23:46.640+0200][60,015s] GC(59) Using 8 workers of 8 for full compaction
[2023-07-28T15:23:46.640+0200][60,015s] GC(59) Pause Full (G1 Compaction Pause)
[2023-07-28T15:23:46.640+0200][60,016s] GC(59) Phase 1: Mark live objects
[2023-07-28T15:23:46.655+0200][60,031s] GC(59) Phase 1: Mark live objects 15,185ms
[2023-07-28T15:23:46.655+0200][60,031s] GC(59) Phase 2: Prepare for compaction
[2023-07-28T15:23:46.659+0200][60,034s] GC(59) Phase 2: Prepare for compaction 3,403ms
[2023-07-28T15:23:46.659+0200][60,034s] GC(59) Phase 3: Adjust pointers
[2023-07-28T15:23:46.673+0200][60,048s] GC(59) Phase 3: Adjust pointers 13,741ms
[2023-07-28T15:23:46.673+0200][60,048s] GC(59) Phase 4: Compact heap
[2023-07-28T15:23:46.680+0200][60,056s] GC(59) Phase 4: Compact heap 7,663ms
[2023-07-28T15:23:46.686+0200][60,061s] GC(59) Eden regions: 0->0(121)
[2023-07-28T15:23:46.686+0200][60,062s] GC(59) Survivor regions: 0->0(16)
[2023-07-28T15:23:46.686+0200][60,062s] GC(59) Old regions: 114->111
[2023-07-28T15:23:46.686+0200][60,062s] GC(59) Archive regions: 2->2
[2023-07-28T15:23:46.686+0200][60,062s] GC(59) Humongous regions: 78->78
[2023-07-28T15:23:46.686+0200][60,062s] GC(59) Metaspace: 59029K(59520K)->58822K(59520K) NonClass: 51897K(52160K)->51738K(52160K) Class: 7132K(7360K)->7084K(7360K)
[2023-07-28T15:23:46.686+0200][60,062s] GC(59) Pause Full (G1 Compaction Pause) 183M->180M(512M) 46,066ms
[2023-07-28T15:23:46.686+0200][60,062s] GC(59) User=0,17s Sys=0,04s Real=0,04s
[2023-07-28T15:23:46.759+0200][60,135s] GC(60) Pause Young (Concurrent Start) (G1 Humongous Allocation)
[2023-07-28T15:23:46.759+0200][60,135s] GC(60) Using 8 workers of 8 for evacuation
[2023-07-28T15:23:46.761+0200][60,137s] GC(60)   Pre Evacuate Collection Set: 0,1ms
[2023-07-28T15:23:46.761+0200][60,137s] GC(60)   Merge Heap Roots: 0,1ms
[2023-07-28T15:23:46.761+0200][60,137s] GC(60)   Evacuate Collection Set: 1,5ms
[2023-07-28T15:23:46.761+0200][60,137s] GC(60)   Post Evacuate Collection Set: 0,2ms
[2023-07-28T15:23:46.761+0200][60,137s] GC(60)   Other: 0,1ms
[2023-07-28T15:23:46.761+0200][60,137s] GC(60) Eden regions: 3->0(104)
[2023-07-28T15:23:46.761+0200][60,137s] GC(60) Survivor regions: 0->1(16)
[2023-07-28T15:23:46.761+0200][60,137s] GC(60) Old regions: 111->111
[2023-07-28T15:23:46.761+0200][60,137s] GC(60) Archive regions: 2->2
[2023-07-28T15:23:46.761+0200][60,137s] GC(60) Humongous regions: 143->143
[2023-07-28T15:23:46.761+0200][60,137s] GC(60) Metaspace: 58822K(59520K)->58822K(59520K) NonClass: 51738K(52160K)->51738K(52160K) Class: 7084K(7360K)->7084K(7360K)
[2023-07-28T15:23:46.761+0200][60,137s] GC(60) Pause Young (Concurrent Start) (G1 Humongous Allocation) 248M->246M(512M) 2,051ms
[2023-07-28T15:23:46.761+0200][60,137s] GC(60) User=0,01s Sys=0,00s Real=0,01s
[2023-07-28T15:23:46.761+0200][60,137s] GC(61) Concurrent Mark Cycle
[2023-07-28T15:23:46.761+0200][60,137s] GC(61) Concurrent Clear Claimed Marks
[2023-07-28T15:23:46.762+0200][60,137s] GC(61) Concurrent Clear Claimed Marks 0,016ms
[2023-07-28T15:23:46.762+0200][60,137s] GC(61) Concurrent Scan Root Regions
[2023-07-28T15:23:46.762+0200][60,137s] GC(61) Concurrent Scan Root Regions 0,448ms
[2023-07-28T15:23:46.762+0200][60,137s] GC(61) Concurrent Mark
[2023-07-28T15:23:46.762+0200][60,137s] GC(61) Concurrent Mark From Roots
[2023-07-28T15:23:46.762+0200][60,137s] GC(61) Using 2 workers of 2 for marking
[2023-07-28T15:23:46.762+0200][60,138s] GC(62) Pause Young (Normal) (G1 Humongous Allocation)
[2023-07-28T15:23:46.762+0200][60,138s] GC(62) Using 8 workers of 8 for evacuation
[2023-07-28T15:23:46.763+0200][60,139s] GC(62)   Pre Evacuate Collection Set: 0,0ms
[2023-07-28T15:23:46.763+0200][60,139s] GC(62)   Merge Heap Roots: 0,0ms
[2023-07-28T15:23:46.763+0200][60,139s] GC(62)   Evacuate Collection Set: 0,3ms
[2023-07-28T15:23:46.763+0200][60,139s] GC(62)   Post Evacuate Collection Set: 0,2ms
[2023-07-28T15:23:46.763+0200][60,139s] GC(62)   Other: 0,0ms
[2023-07-28T15:23:46.763+0200][60,139s] GC(62) Eden regions: 1->0(104)
[2023-07-28T15:23:46.763+0200][60,139s] GC(62) Survivor regions: 1->1(14)
[2023-07-28T15:23:46.763+0200][60,139s] GC(62) Old regions: 111->111
[2023-07-28T15:23:46.763+0200][60,139s] GC(62) Archive regions: 2->2
[2023-07-28T15:23:46.763+0200][60,139s] GC(62) Humongous regions: 143->143
[2023-07-28T15:23:46.763+0200][60,139s] GC(62) Metaspace: 58822K(59520K)->58822K(59520K) NonClass: 51738K(52160K)->51738K(52160K) Class: 7084K(7360K)->7084K(7360K)
[2023-07-28T15:23:46.763+0200][60,139s] GC(62) Pause Young (Normal) (G1 Humongous Allocation) 246M->246M(512M) 0,733ms
[2023-07-28T15:23:46.763+0200][60,139s] GC(62) User=0,00s Sys=0,00s Real=0,00s
[2023-07-28T15:23:46.763+0200][60,139s] Attempting full compaction
[2023-07-28T15:23:46.763+0200][60,139s] GC(63) Using 8 workers of 8 for full compaction
[2023-07-28T15:23:46.763+0200][60,139s] GC(63) Pause Full (G1 Compaction Pause)
[2023-07-28T15:23:46.763+0200][60,139s] GC(63) Phase 1: Mark live objects
[2023-07-28T15:23:46.780+0200][60,155s] GC(63) Phase 1: Mark live objects 16,232ms
[2023-07-28T15:23:46.780+0200][60,155s] GC(63) Phase 2: Prepare for compaction
[2023-07-28T15:23:46.781+0200][60,156s] GC(63) Phase 2: Prepare for compaction 0,873ms
[2023-07-28T15:23:46.781+0200][60,156s] GC(63) Phase 3: Adjust pointers
[2023-07-28T15:23:46.789+0200][60,164s] GC(63) Phase 3: Adjust pointers 8,265ms
[2023-07-28T15:23:46.789+0200][60,164s] GC(63) Phase 4: Compact heap
[2023-07-28T15:23:46.791+0200][60,166s] GC(63) Phase 4: Compact heap 1,653ms
[2023-07-28T15:23:46.795+0200][60,170s] GC(63) Eden regions: 0->0(121)
[2023-07-28T15:23:46.795+0200][60,170s] GC(63) Survivor regions: 1->0(14)
[2023-07-28T15:23:46.795+0200][60,170s] GC(63) Old regions: 111->110
[2023-07-28T15:23:46.795+0200][60,170s] GC(63) Archive regions: 2->2
[2023-07-28T15:23:46.795+0200][60,170s] GC(63) Humongous regions: 143->110
[2023-07-28T15:23:46.795+0200][60,170s] GC(63) Metaspace: 58822K(59520K)->58822K(59520K) NonClass: 51738K(52160K)->51738K(52160K) Class: 7084K(7360K)->7084K(7360K)
[2023-07-28T15:23:46.795+0200][60,170s] GC(63) Pause Full (G1 Compaction Pause) 246M->213M(512M) 31,586ms
[2023-07-28T15:23:46.795+0200][60,170s] GC(63) User=0,12s Sys=0,02s Real=0,03s
[2023-07-28T15:23:46.798+0200][60,174s] GC(61) Concurrent Mark From Roots 36,299ms
[2023-07-28T15:23:46.798+0200][60,174s] GC(61) Concurrent Mark Abort
[2023-07-28T15:23:46.798+0200][60,174s] GC(61) Concurrent Mark Cycle 36,835ms
[2023-07-28T15:23:46.898+0200][60,274s] GC(64) Pause Young (Concurrent Start) (G1 Humongous Allocation)
[2023-07-28T15:23:46.898+0200][60,274s] GC(64) Using 8 workers of 8 for evacuation
[2023-07-28T15:23:46.900+0200][60,276s] GC(64)   Pre Evacuate Collection Set: 0,1ms
[2023-07-28T15:23:46.900+0200][60,276s] GC(64)   Merge Heap Roots: 0,1ms
[2023-07-28T15:23:46.900+0200][60,276s] GC(64)   Evacuate Collection Set: 1,5ms
[2023-07-28T15:23:46.900+0200][60,276s] GC(64)   Post Evacuate Collection Set: 0,3ms
[2023-07-28T15:23:46.900+0200][60,276s] GC(64)   Other: 0,1ms
[2023-07-28T15:23:46.900+0200][60,276s] GC(64) Eden regions: 3->0(94)
[2023-07-28T15:23:46.900+0200][60,276s] GC(64) Survivor regions: 0->1(16)
[2023-07-28T15:23:46.900+0200][60,276s] GC(64) Old regions: 110->110
[2023-07-28T15:23:46.900+0200][60,276s] GC(64) Archive regions: 2->2
[2023-07-28T15:23:46.900+0200][60,276s] GC(64) Humongous regions: 183->183
[2023-07-28T15:23:46.900+0200][60,276s] GC(64) Metaspace: 58822K(59520K)->58822K(59520K) NonClass: 51738K(52160K)->51738K(52160K) Class: 7084K(7360K)->7084K(7360K)
[2023-07-28T15:23:46.900+0200][60,276s] GC(64) Pause Young (Concurrent Start) (G1 Humongous Allocation) 288M->286M(512M) 2,113ms
[2023-07-28T15:23:46.900+0200][60,276s] GC(64) User=0,00s Sys=0,00s Real=0,01s
[2023-07-28T15:23:46.901+0200][60,276s] GC(65) Concurrent Mark Cycle
[2023-07-28T15:23:46.901+0200][60,276s] GC(65) Concurrent Clear Claimed Marks
[2023-07-28T15:23:46.901+0200][60,276s] GC(65) Concurrent Clear Claimed Marks 0,007ms
[2023-07-28T15:23:46.901+0200][60,276s] GC(65) Concurrent Scan Root Regions
[2023-07-28T15:23:46.901+0200][60,276s] GC(65) Concurrent Scan Root Regions 0,453ms
[2023-07-28T15:23:46.901+0200][60,276s] GC(65) Concurrent Mark
[2023-07-28T15:23:46.901+0200][60,276s] GC(65) Concurrent Mark From Roots
[2023-07-28T15:23:46.901+0200][60,276s] GC(65) Using 2 workers of 2 for marking
[2023-07-28T15:23:46.920+0200][60,296s] GC(65) Concurrent Mark From Roots 19,152ms
[2023-07-28T15:23:46.920+0200][60,296s] GC(65) Concurrent Preclean
[2023-07-28T15:23:46.920+0200][60,296s] GC(65) Concurrent Preclean 0,128ms
[2023-07-28T15:23:46.920+0200][60,296s] GC(65) Pause Remark
[2023-07-28T15:23:46.933+0200][60,308s] GC(65) Pause Remark 292M->255M(512M) 12,221ms
[2023-07-28T15:23:46.933+0200][60,308s] GC(65) User=0,02s Sys=0,03s Real=0,01s
[2023-07-28T15:23:46.933+0200][60,308s] GC(65) Concurrent Mark 31,896ms
[2023-07-28T15:23:46.933+0200][60,308s] GC(65) Concurrent Rebuild Remembered Sets
[2023-07-28T15:23:46.944+0200][60,319s] GC(65) Concurrent Rebuild Remembered Sets 11,207ms
[2023-07-28T15:23:46.944+0200][60,320s] GC(65) Pause Cleanup
[2023-07-28T15:23:46.945+0200][60,320s] GC(65) Pause Cleanup 255M->255M(512M) 0,108ms
[2023-07-28T15:23:46.945+0200][60,320s] GC(65) User=0,00s Sys=0,00s Real=0,00s
[2023-07-28T15:23:46.945+0200][60,320s] GC(65) Concurrent Cleanup for Next Mark
[2023-07-28T15:23:46.945+0200][60,320s] GC(65) Concurrent Cleanup for Next Mark 0,198ms
[2023-07-28T15:23:46.945+0200][60,320s] GC(65) Concurrent Mark Cycle 44,299ms
[2023-07-28T15:23:47.044+0200][60,420s] GC(66) Pause Young (Prepare Mixed) (G1 Humongous Allocation)
[2023-07-28T15:23:47.044+0200][60,420s] GC(66) Using 8 workers of 8 for evacuation
[2023-07-28T15:23:47.046+0200][60,422s] GC(66)   Pre Evacuate Collection Set: 0,1ms
[2023-07-28T15:23:47.046+0200][60,422s] GC(66)   Merge Heap Roots: 0,1ms
[2023-07-28T15:23:47.046+0200][60,422s] GC(66)   Evacuate Collection Set: 1,5ms
[2023-07-28T15:23:47.046+0200][60,422s] GC(66)   Post Evacuate Collection Set: 0,2ms
[2023-07-28T15:23:47.046+0200][60,422s] GC(66)   Other: 0,1ms
[2023-07-28T15:23:47.046+0200][60,422s] GC(66) Eden regions: 7->0(24)
[2023-07-28T15:23:47.046+0200][60,422s] GC(66) Survivor regions: 1->1(12)
[2023-07-28T15:23:47.046+0200][60,422s] GC(66) Old regions: 110->110
[2023-07-28T15:23:47.046+0200][60,422s] GC(66) Archive regions: 2->2
[2023-07-28T15:23:47.046+0200][60,422s] GC(66) Humongous regions: 249->208
[2023-07-28T15:23:47.046+0200][60,422s] GC(66) Metaspace: 58822K(59520K)->58822K(59520K) NonClass: 51738K(52160K)->51738K(52160K) Class: 7084K(7360K)->7084K(7360K)
[2023-07-28T15:23:47.047+0200][60,422s] GC(66) Pause Young (Prepare Mixed) (G1 Humongous Allocation) 359M->311M(512M) 2,097ms
[2023-07-28T15:23:47.047+0200][60,422s] GC(66) User=0,00s Sys=0,00s Real=0,00s
[2023-07-28T15:23:47.047+0200][60,422s] Attempting full compaction
[2023-07-28T15:23:47.047+0200][60,422s] GC(67) Using 8 workers of 8 for full compaction
[2023-07-28T15:23:47.047+0200][60,422s] GC(67) Pause Full (G1 Compaction Pause)
[2023-07-28T15:23:47.047+0200][60,422s] GC(67) Phase 1: Mark live objects
[2023-07-28T15:23:47.066+0200][60,442s] GC(67) Phase 1: Mark live objects 19,884ms
[2023-07-28T15:23:47.066+0200][60,442s] GC(67) Phase 2: Prepare for compaction
[2023-07-28T15:23:47.067+0200][60,443s] GC(67) Phase 2: Prepare for compaction 0,699ms
[2023-07-28T15:23:47.067+0200][60,443s] GC(67) Phase 3: Adjust pointers
[2023-07-28T15:23:47.075+0200][60,450s] GC(67) Phase 3: Adjust pointers 7,653ms
[2023-07-28T15:23:47.075+0200][60,450s] GC(67) Phase 4: Compact heap
[2023-07-28T15:23:47.076+0200][60,451s] GC(67) Phase 4: Compact heap 0,642ms
[2023-07-28T15:23:47.080+0200][60,455s] GC(67) Eden regions: 0->0(88)
[2023-07-28T15:23:47.080+0200][60,455s] GC(67) Survivor regions: 1->0(12)
[2023-07-28T15:23:47.080+0200][60,455s] GC(67) Old regions: 110->108
[2023-07-28T15:23:47.080+0200][60,455s] GC(67) Archive regions: 2->2
[2023-07-28T15:23:47.080+0200][60,455s] GC(67) Humongous regions: 208->208
[2023-07-28T15:23:47.080+0200][60,455s] GC(67) Metaspace: 58822K(59520K)->58822K(59520K) NonClass: 51738K(52160K)->51738K(52160K) Class: 7084K(7360K)->7084K(7360K)
[2023-07-28T15:23:47.080+0200][60,455s] GC(67) Pause Full (G1 Compaction Pause) 311M->310M(512M) 33,184ms
[2023-07-28T15:23:47.080+0200][60,455s] GC(67) User=0,12s Sys=0,03s Real=0,04s
[2023-07-28T15:23:47.080+0200][60,455s] Attempting maximum full compaction clearing soft references
[2023-07-28T15:23:47.080+0200][60,455s] GC(68) Using 8 workers of 8 for full compaction
[2023-07-28T15:23:47.080+0200][60,455s] GC(68) Pause Full (G1 Compaction Pause)
[2023-07-28T15:23:47.080+0200][60,455s] GC(68) Phase 1: Mark live objects
[2023-07-28T15:23:47.091+0200][60,466s] GC(68) Phase 1: Mark live objects 10,654ms
[2023-07-28T15:23:47.091+0200][60,466s] GC(68) Phase 2: Prepare for compaction
[2023-07-28T15:23:47.093+0200][60,468s] GC(68) Phase 2: Prepare for compaction 2,502ms
[2023-07-28T15:23:47.093+0200][60,468s] GC(68) Phase 3: Adjust pointers
[2023-07-28T15:23:47.105+0200][60,481s] GC(68) Phase 3: Adjust pointers 12,195ms
[2023-07-28T15:23:47.105+0200][60,481s] GC(68) Phase 4: Compact heap
[2023-07-28T15:23:47.109+0200][60,484s] GC(68) Phase 4: Compact heap 3,677ms
[2023-07-28T15:23:47.113+0200][60,489s] GC(68) Eden regions: 0->0(88)
[2023-07-28T15:23:47.113+0200][60,489s] GC(68) Survivor regions: 0->0(12)
[2023-07-28T15:23:47.113+0200][60,489s] GC(68) Old regions: 108->108
[2023-07-28T15:23:47.113+0200][60,489s] GC(68) Archive regions: 2->2
[2023-07-28T15:23:47.113+0200][60,489s] GC(68) Humongous regions: 208->208
[2023-07-28T15:23:47.113+0200][60,489s] GC(68) Metaspace: 58822K(59520K)->58822K(59520K) NonClass: 51738K(52160K)->51738K(52160K) Class: 7084K(7360K)->7084K(7360K)
[2023-07-28T15:23:47.113+0200][60,489s] GC(68) Pause Full (G1 Compaction Pause) 310M->310M(512M) 33,412ms
[2023-07-28T15:23:47.113+0200][60,489s] GC(68) User=0,15s Sys=0,00s Real=0,03s
