[2023-07-28T15:24:22.149+0200][0.011s] Using G1
[2023-07-28T15:24:22.263+0200][0.126s] Version: 17.0.1+12-39 (release)
[2023-07-28T15:24:22.263+0200][0.126s] CPUs: 8 total, 8 available
[2023-07-28T15:24:22.263+0200][0.126s] Memory: 8192M
[2023-07-28T15:24:22.263+0200][0.126s] Large Page Support: Disabled
[2023-07-28T15:24:22.263+0200][0.126s] NUMA Support: Disabled
[2023-07-28T15:24:22.263+0200][0.126s] Compressed Oops: Enabled (Zero based)
[2023-07-28T15:24:22.263+0200][0.126s] Heap Region Size: 1M
[2023-07-28T15:24:22.263+0200][0.126s] Heap Min Capacity: 512M
[2023-07-28T15:24:22.263+0200][0.126s] Heap Initial Capacity: 512M
[2023-07-28T15:24:22.263+0200][0.126s] Heap Max Capacity: 512M
[2023-07-28T15:24:22.263+0200][0.126s] Pre-touch: Enabled
[2023-07-28T15:24:22.263+0200][0.126s] Parallel Workers: 8
[2023-07-28T15:24:22.263+0200][0.126s] Concurrent Workers: 2
[2023-07-28T15:24:22.263+0200][0.126s] Concurrent Refinement Workers: 8
[2023-07-28T15:24:22.263+0200][0.126s] Periodic GC: Disabled
[2023-07-28T15:24:22.263+0200][0.126s] CDS archive(s) mapped at: [0x0000000800000000-0x0000000800bd4000-0x0000000800bd4000), size 12402688, SharedBaseAddress: 0x0000000800000000, ArchiveRelocationMode: 0.
[2023-07-28T15:24:22.263+0200][0.126s] Compressed class space mapped at: 0x0000000800c00000-0x0000000840c00000, reserved size: 1073741824
[2023-07-28T15:24:22.263+0200][0.126s] Narrow klass base: 0x0000000800000000, Narrow klass shift: 0, Narrow klass range: 0x100000000
[2023-07-28T15:24:23.103+0200][0,966s] GC(0) Pause Young (Normal) (G1 Evacuation Pause)
[2023-07-28T15:24:23.104+0200][0,966s] GC(0) Using 8 workers of 8 for evacuation
[2023-07-28T15:24:23.111+0200][0,973s] GC(0)   Pre Evacuate Collection Set: 0,1ms
[2023-07-28T15:24:23.111+0200][0,974s] GC(0)   Merge Heap Roots: 0,1ms
[2023-07-28T15:24:23.111+0200][0,974s] GC(0)   Evacuate Collection Set: 6,5ms
[2023-07-28T15:24:23.111+0200][0,974s] GC(0)   Post Evacuate Collection Set: 0,3ms
[2023-07-28T15:24:23.111+0200][0,974s] GC(0)   Other: 0,6ms
[2023-07-28T15:24:23.111+0200][0,974s] GC(0) Eden regions: 29->0(67)
[2023-07-28T15:24:23.111+0200][0,974s] GC(0) Survivor regions: 0->4(4)
[2023-07-28T15:24:23.111+0200][0,974s] GC(0) Old regions: 0->0
[2023-07-28T15:24:23.111+0200][0,974s] GC(0) Archive regions: 2->2
[2023-07-28T15:24:23.111+0200][0,974s] GC(0) Humongous regions: 0->0
[2023-07-28T15:24:23.111+0200][0,974s] GC(0) Metaspace: 7411K(7680K)->7411K(7680K) NonClass: 6523K(6656K)->6523K(6656K) Class: 888K(1024K)->888K(1024K)
[2023-07-28T15:24:23.111+0200][0,974s] GC(0) Pause Young (Normal) (G1 Evacuation Pause) 29M->4M(512M) 7,590ms
[2023-07-28T15:24:23.111+0200][0,974s] GC(0) User=0,02s Sys=0,00s Real=0,01s
[2023-07-28T15:24:24.414+0200][2,277s] GC(1) Pause Young (Normal) (G1 Evacuation Pause)
[2023-07-28T15:24:24.414+0200][2,277s] GC(1) Using 8 workers of 8 for evacuation
[2023-07-28T15:24:24.428+0200][2,290s] GC(1)   Pre Evacuate Collection Set: 0,1ms
[2023-07-28T15:24:24.428+0200][2,290s] GC(1)   Merge Heap Roots: 0,1ms
[2023-07-28T15:24:24.428+0200][2,290s] GC(1)   Evacuate Collection Set: 13,1ms
[2023-07-28T15:24:24.428+0200][2,290s] GC(1)   Post Evacuate Collection Set: 0,4ms
[2023-07-28T15:24:24.428+0200][2,290s] GC(1)   Other: 0,1ms
[2023-07-28T15:24:24.428+0200][2,291s] GC(1) Eden regions: 67->0(83)
[2023-07-28T15:24:24.428+0200][2,291s] GC(1) Survivor regions: 4->9(9)
[2023-07-28T15:24:24.428+0200][2,291s] GC(1) Old regions: 0->9
[2023-07-28T15:24:24.428+0200][2,291s] GC(1) Archive regions: 2->2
[2023-07-28T15:24:24.428+0200][2,291s] GC(1) Humongous regions: 4->4
[2023-07-28T15:24:24.428+0200][2,291s] GC(1) Metaspace: 18447K(18688K)->18447K(18688K) NonClass: 16279K(16384K)->16279K(16384K) Class: 2167K(2304K)->2167K(2304K)
[2023-07-28T15:24:24.428+0200][2,291s] GC(1) Pause Young (Normal) (G1 Evacuation Pause) 75M->22M(512M) 13,956ms
[2023-07-28T15:24:24.428+0200][2,291s] GC(1) User=0,04s Sys=0,02s Real=0,01s
[2023-07-28T15:24:24.779+0200][2,642s] GC(2) Pause Young (Concurrent Start) (Metadata GC Threshold)
[2023-07-28T15:24:24.779+0200][2,642s] GC(2) Using 8 workers of 8 for evacuation
[2023-07-28T15:24:24.787+0200][2,650s] GC(2)   Pre Evacuate Collection Set: 0,1ms
[2023-07-28T15:24:24.787+0200][2,650s] GC(2)   Merge Heap Roots: 0,0ms
[2023-07-28T15:24:24.787+0200][2,650s] GC(2)   Evacuate Collection Set: 7,8ms
[2023-07-28T15:24:24.787+0200][2,650s] GC(2)   Post Evacuate Collection Set: 0,3ms
[2023-07-28T15:24:24.787+0200][2,650s] GC(2)   Other: 0,2ms
[2023-07-28T15:24:24.787+0200][2,650s] GC(2) Eden regions: 23->0(130)
[2023-07-28T15:24:24.787+0200][2,650s] GC(2) Survivor regions: 9->2(11)
[2023-07-28T15:24:24.787+0200][2,650s] GC(2) Old regions: 9->19
[2023-07-28T15:24:24.787+0200][2,650s] GC(2) Archive regions: 2->2
[2023-07-28T15:24:24.787+0200][2,650s] GC(2) Humongous regions: 4->4
[2023-07-28T15:24:24.787+0200][2,650s] GC(2) Metaspace: 21256K(21504K)->21256K(21504K) NonClass: 18764K(18880K)->18764K(18880K) Class: 2492K(2624K)->2492K(2624K)
[2023-07-28T15:24:24.787+0200][2,650s] GC(2) Pause Young (Concurrent Start) (Metadata GC Threshold) 44M->24M(512M) 8,499ms
[2023-07-28T15:24:24.787+0200][2,650s] GC(2) User=0,03s Sys=0,01s Real=0,01s
[2023-07-28T15:24:24.788+0200][2,650s] GC(3) Concurrent Mark Cycle
[2023-07-28T15:24:24.788+0200][2,650s] GC(3) Concurrent Clear Claimed Marks
[2023-07-28T15:24:24.788+0200][2,650s] GC(3) Concurrent Clear Claimed Marks 0,020ms
[2023-07-28T15:24:24.788+0200][2,650s] GC(3) Concurrent Scan Root Regions
[2023-07-28T15:24:24.795+0200][2,658s] GC(3) Concurrent Scan Root Regions 7,540ms
[2023-07-28T15:24:24.796+0200][2,658s] GC(3) Concurrent Mark
[2023-07-28T15:24:24.796+0200][2,658s] GC(3) Concurrent Mark From Roots
[2023-07-28T15:24:24.796+0200][2,658s] GC(3) Using 2 workers of 2 for marking
[2023-07-28T15:24:24.802+0200][2,665s] GC(3) Concurrent Mark From Roots 6,489ms
[2023-07-28T15:24:24.802+0200][2,665s] GC(3) Concurrent Preclean
[2023-07-28T15:24:24.802+0200][2,665s] GC(3) Concurrent Preclean 0,036ms
[2023-07-28T15:24:24.803+0200][2,666s] GC(3) Pause Remark
[2023-07-28T15:24:24.813+0200][2,676s] GC(3) Pause Remark 24M->24M(512M) 10,276ms
[2023-07-28T15:24:24.813+0200][2,676s] GC(3) User=0,01s Sys=0,01s Real=0,01s
[2023-07-28T15:24:24.814+0200][2,676s] GC(3) Concurrent Mark 18,020ms
[2023-07-28T15:24:24.814+0200][2,676s] GC(3) Concurrent Rebuild Remembered Sets
[2023-07-28T15:24:24.822+0200][2,685s] GC(3) Concurrent Rebuild Remembered Sets 8,738ms
[2023-07-28T15:24:24.823+0200][2,685s] GC(3) Pause Cleanup
[2023-07-28T15:24:24.823+0200][2,685s] GC(3) Pause Cleanup 24M->24M(512M) 0,080ms
[2023-07-28T15:24:24.823+0200][2,685s] GC(3) User=0,00s Sys=0,00s Real=0,00s
[2023-07-28T15:24:24.823+0200][2,685s] GC(3) Concurrent Cleanup for Next Mark
[2023-07-28T15:24:24.823+0200][2,686s] GC(3) Concurrent Cleanup for Next Mark 0,723ms
[2023-07-28T15:24:24.823+0200][2,686s] GC(3) Concurrent Mark Cycle 35,782ms
[2023-07-28T15:24:26.704+0200][4,567s] GC(4) Pause Young (Concurrent Start) (Metadata GC Threshold)
[2023-07-28T15:24:26.704+0200][4,567s] GC(4) Using 8 workers of 8 for evacuation
[2023-07-28T15:24:26.710+0200][4,572s] GC(4)   Pre Evacuate Collection Set: 0,1ms
[2023-07-28T15:24:26.710+0200][4,572s] GC(4)   Merge Heap Roots: 0,0ms
[2023-07-28T15:24:26.710+0200][4,572s] GC(4)   Evacuate Collection Set: 4,9ms
[2023-07-28T15:24:26.710+0200][4,572s] GC(4)   Post Evacuate Collection Set: 0,6ms
[2023-07-28T15:24:26.710+0200][4,572s] GC(4)   Other: 0,1ms
[2023-07-28T15:24:26.710+0200][4,572s] GC(4) Eden regions: 97->0(299)
[2023-07-28T15:24:26.710+0200][4,572s] GC(4) Survivor regions: 2->8(17)
[2023-07-28T15:24:26.710+0200][4,572s] GC(4) Old regions: 19->19
[2023-07-28T15:24:26.710+0200][4,572s] GC(4) Archive regions: 2->2
[2023-07-28T15:24:26.710+0200][4,572s] GC(4) Humongous regions: 5->4
[2023-07-28T15:24:26.710+0200][4,572s] GC(4) Metaspace: 35999K(36288K)->35999K(36288K) NonClass: 31659K(31808K)->31659K(31808K) Class: 4340K(4480K)->4340K(4480K)
[2023-07-28T15:24:26.710+0200][4,572s] GC(4) Pause Young (Concurrent Start) (Metadata GC Threshold) 122M->30M(512M) 5,872ms
[2023-07-28T15:24:26.710+0200][4,572s] GC(4) User=0,03s Sys=0,01s Real=0,01s
[2023-07-28T15:24:26.710+0200][4,573s] GC(5) Concurrent Mark Cycle
[2023-07-28T15:24:26.710+0200][4,573s] GC(5) Concurrent Clear Claimed Marks
[2023-07-28T15:24:26.710+0200][4,573s] GC(5) Concurrent Clear Claimed Marks 0,025ms
[2023-07-28T15:24:26.710+0200][4,573s] GC(5) Concurrent Scan Root Regions
[2023-07-28T15:24:26.712+0200][4,575s] GC(5) Concurrent Scan Root Regions 2,042ms
[2023-07-28T15:24:26.712+0200][4,575s] GC(5) Concurrent Mark
[2023-07-28T15:24:26.714+0200][4,577s] GC(5) Concurrent Mark From Roots
[2023-07-28T15:24:26.714+0200][4,577s] GC(5) Using 2 workers of 2 for marking
[2023-07-28T15:24:26.722+0200][4,584s] GC(5) Concurrent Mark From Roots 7,808ms
[2023-07-28T15:24:26.722+0200][4,584s] GC(5) Concurrent Preclean
[2023-07-28T15:24:26.722+0200][4,585s] GC(5) Concurrent Preclean 0,052ms
[2023-07-28T15:24:26.722+0200][4,585s] GC(5) Pause Remark
[2023-07-28T15:24:26.734+0200][4,597s] GC(5) Pause Remark 32M->32M(512M) 11,883ms
[2023-07-28T15:24:26.734+0200][4,597s] GC(5) User=0,02s Sys=0,02s Real=0,01s
[2023-07-28T15:24:26.734+0200][4,597s] GC(5) Concurrent Mark 22,598ms
[2023-07-28T15:24:26.734+0200][4,597s] GC(5) Concurrent Rebuild Remembered Sets
[2023-07-28T15:24:26.739+0200][4,602s] GC(5) Concurrent Rebuild Remembered Sets 4,894ms
[2023-07-28T15:24:26.740+0200][4,602s] GC(5) Pause Cleanup
[2023-07-28T15:24:26.740+0200][4,602s] GC(5) Pause Cleanup 32M->32M(512M) 0,110ms
[2023-07-28T15:24:26.740+0200][4,602s] GC(5) User=0,00s Sys=0,00s Real=0,00s
[2023-07-28T15:24:26.740+0200][4,603s] GC(5) Concurrent Cleanup for Next Mark
[2023-07-28T15:24:26.741+0200][4,603s] GC(5) Concurrent Cleanup for Next Mark 0,680ms
[2023-07-28T15:24:26.741+0200][4,603s] GC(5) Concurrent Mark Cycle 30,809ms
[2023-07-28T15:24:29.807+0200][7,670s] GC(6) Pause Young (Concurrent Start) (G1 Humongous Allocation)
[2023-07-28T15:24:29.807+0200][7,670s] GC(6) Using 8 workers of 8 for evacuation
[2023-07-28T15:24:29.819+0200][7,682s] GC(6)   Pre Evacuate Collection Set: 0,1ms
[2023-07-28T15:24:29.819+0200][7,682s] GC(6)   Merge Heap Roots: 0,1ms
[2023-07-28T15:24:29.819+0200][7,682s] GC(6)   Evacuate Collection Set: 10,4ms
[2023-07-28T15:24:29.819+0200][7,682s] GC(6)   Post Evacuate Collection Set: 1,0ms
[2023-07-28T15:24:29.819+0200][7,682s] GC(6)   Other: 0,2ms
[2023-07-28T15:24:29.819+0200][7,682s] GC(6) Eden regions: 221->0(210)
[2023-07-28T15:24:29.819+0200][7,682s] GC(6) Survivor regions: 8->28(39)
[2023-07-28T15:24:29.819+0200][7,682s] GC(6) Old regions: 19->19
[2023-07-28T15:24:29.819+0200][7,682s] GC(6) Archive regions: 2->2
[2023-07-28T15:24:29.819+0200][7,682s] GC(6) Humongous regions: 196->126
[2023-07-28T15:24:29.819+0200][7,682s] GC(6) Metaspace: 55955K(56448K)->55955K(56448K) NonClass: 48875K(49152K)->48875K(49152K) Class: 7079K(7296K)->7079K(7296K)
[2023-07-28T15:24:29.819+0200][7,682s] GC(6) Pause Young (Concurrent Start) (G1 Humongous Allocation) 443M->172M(512M) 11,833ms
[2023-07-28T15:24:29.819+0200][7,682s] GC(6) User=0,06s Sys=0,01s Real=0,01s
[2023-07-28T15:24:29.819+0200][7,682s] GC(7) Concurrent Undo Cycle
[2023-07-28T15:24:29.819+0200][7,682s] GC(7) Concurrent Cleanup for Next Mark
[2023-07-28T15:24:29.819+0200][7,682s] GC(7) Concurrent Cleanup for Next Mark 0,339ms
[2023-07-28T15:24:29.819+0200][7,682s] GC(7) Concurrent Undo Cycle 0,540ms
[2023-07-28T15:24:29.883+0200][7,746s] GC(8) Pause Young (Concurrent Start) (G1 Humongous Allocation)
[2023-07-28T15:24:29.883+0200][7,746s] GC(8) Using 8 workers of 8 for evacuation
[2023-07-28T15:24:29.891+0200][7,753s] GC(8)   Pre Evacuate Collection Set: 0,1ms
[2023-07-28T15:24:29.891+0200][7,753s] GC(8)   Merge Heap Roots: 0,1ms
[2023-07-28T15:24:29.891+0200][7,753s] GC(8)   Evacuate Collection Set: 6,7ms
[2023-07-28T15:24:29.891+0200][7,753s] GC(8)   Post Evacuate Collection Set: 0,4ms
[2023-07-28T15:24:29.891+0200][7,753s] GC(8)   Other: 0,2ms
[2023-07-28T15:24:29.891+0200][7,753s] GC(8) Eden regions: 12->0(167)
[2023-07-28T15:24:29.891+0200][7,753s] GC(8) Survivor regions: 28->8(30)
[2023-07-28T15:24:29.891+0200][7,753s] GC(8) Old regions: 19->47
[2023-07-28T15:24:29.891+0200][7,753s] GC(8) Archive regions: 2->2
[2023-07-28T15:24:29.891+0200][7,753s] GC(8) Humongous regions: 205->189
[2023-07-28T15:24:29.891+0200][7,753s] GC(8) Metaspace: 55969K(56512K)->55969K(56512K) NonClass: 48889K(49216K)->48889K(49216K) Class: 7080K(7296K)->7080K(7296K)
[2023-07-28T15:24:29.891+0200][7,753s] GC(8) Pause Young (Concurrent Start) (G1 Humongous Allocation) 263M->243M(512M) 7,614ms
[2023-07-28T15:24:29.891+0200][7,754s] GC(8) User=0,04s Sys=0,00s Real=0,01s
[2023-07-28T15:24:29.891+0200][7,754s] GC(9) Concurrent Mark Cycle
[2023-07-28T15:24:29.891+0200][7,754s] GC(9) Concurrent Clear Claimed Marks
[2023-07-28T15:24:29.891+0200][7,754s] GC(9) Concurrent Clear Claimed Marks 0,031ms
[2023-07-28T15:24:29.891+0200][7,754s] GC(9) Concurrent Scan Root Regions
[2023-07-28T15:24:29.897+0200][7,759s] GC(9) Concurrent Scan Root Regions 5,800ms
[2023-07-28T15:24:29.897+0200][7,759s] GC(9) Concurrent Mark
[2023-07-28T15:24:29.897+0200][7,759s] GC(9) Concurrent Mark From Roots
[2023-07-28T15:24:29.897+0200][7,759s] GC(9) Using 2 workers of 2 for marking
[2023-07-28T15:24:29.904+0200][7,767s] GC(9) Concurrent Mark From Roots 7,647ms
[2023-07-28T15:24:29.904+0200][7,767s] GC(9) Concurrent Preclean
[2023-07-28T15:24:29.904+0200][7,767s] GC(9) Concurrent Preclean 0,048ms
[2023-07-28T15:24:29.905+0200][7,767s] GC(9) Pause Remark
[2023-07-28T15:24:29.921+0200][7,784s] GC(9) Pause Remark 260M->260M(512M) 16,295ms
[2023-07-28T15:24:29.921+0200][7,784s] GC(9) User=0,02s Sys=0,02s Real=0,02s
[2023-07-28T15:24:29.921+0200][7,784s] GC(9) Concurrent Mark 24,456ms
[2023-07-28T15:24:29.921+0200][7,784s] GC(9) Concurrent Rebuild Remembered Sets
[2023-07-28T15:24:29.933+0200][7,796s] GC(9) Concurrent Rebuild Remembered Sets 12,047ms
[2023-07-28T15:24:29.933+0200][7,796s] GC(9) Pause Cleanup
[2023-07-28T15:24:29.933+0200][7,796s] GC(9) Pause Cleanup 260M->260M(512M) 0,099ms
[2023-07-28T15:24:29.933+0200][7,796s] GC(9) User=0,00s Sys=0,00s Real=0,00s
[2023-07-28T15:24:29.934+0200][7,796s] GC(9) Concurrent Cleanup for Next Mark
[2023-07-28T15:24:29.934+0200][7,796s] GC(9) Concurrent Cleanup for Next Mark 0,189ms
[2023-07-28T15:24:29.934+0200][7,797s] GC(9) Concurrent Mark Cycle 42,979ms
[2023-07-28T15:24:30.264+0200][8,127s] GC(10) Pause Young (Concurrent Start) (G1 Humongous Allocation)
[2023-07-28T15:24:30.264+0200][8,127s] GC(10) Using 8 workers of 8 for evacuation
[2023-07-28T15:24:30.265+0200][8,128s] GC(10)   Pre Evacuate Collection Set: 0,1ms
[2023-07-28T15:24:30.265+0200][8,128s] GC(10)   Merge Heap Roots: 0,1ms
[2023-07-28T15:24:30.265+0200][8,128s] GC(10)   Evacuate Collection Set: 0,9ms
[2023-07-28T15:24:30.265+0200][8,128s] GC(10)   Post Evacuate Collection Set: 0,3ms
[2023-07-28T15:24:30.265+0200][8,128s] GC(10)   Other: 0,1ms
[2023-07-28T15:24:30.265+0200][8,128s] GC(10) Eden regions: 15->0(162)
[2023-07-28T15:24:30.265+0200][8,128s] GC(10) Survivor regions: 8->11(22)
[2023-07-28T15:24:30.265+0200][8,128s] GC(10) Old regions: 47->47
[2023-07-28T15:24:30.265+0200][8,128s] GC(10) Archive regions: 2->2
[2023-07-28T15:24:30.265+0200][8,128s] GC(10) Humongous regions: 196->196
[2023-07-28T15:24:30.265+0200][8,128s] GC(10) Metaspace: 56000K(56512K)->56000K(56512K) NonClass: 48912K(49216K)->48912K(49216K) Class: 7088K(7296K)->7088K(7296K)
[2023-07-28T15:24:30.265+0200][8,128s] GC(10) Pause Young (Concurrent Start) (G1 Humongous Allocation) 265M->253M(512M) 1,571ms
[2023-07-28T15:24:30.265+0200][8,128s] GC(10) User=0,00s Sys=0,00s Real=0,00s
[2023-07-28T15:24:30.265+0200][8,128s] GC(11) Concurrent Mark Cycle
[2023-07-28T15:24:30.265+0200][8,128s] GC(11) Concurrent Clear Claimed Marks
[2023-07-28T15:24:30.266+0200][8,128s] GC(11) Concurrent Clear Claimed Marks 0,030ms
[2023-07-28T15:24:30.266+0200][8,128s] GC(11) Concurrent Scan Root Regions
[2023-07-28T15:24:30.266+0200][8,129s] GC(11) Concurrent Scan Root Regions 0,373ms
[2023-07-28T15:24:30.266+0200][8,129s] GC(11) Concurrent Mark
[2023-07-28T15:24:30.266+0200][8,129s] GC(11) Concurrent Mark From Roots
[2023-07-28T15:24:30.266+0200][8,129s] GC(11) Using 2 workers of 2 for marking
[2023-07-28T15:24:30.287+0200][8,150s] GC(11) Concurrent Mark From Roots 21,312ms
[2023-07-28T15:24:30.287+0200][8,150s] GC(11) Concurrent Preclean
[2023-07-28T15:24:30.287+0200][8,150s] GC(11) Concurrent Preclean 0,130ms
[2023-07-28T15:24:30.288+0200][8,150s] GC(11) Pause Remark
[2023-07-28T15:24:30.299+0200][8,162s] GC(11) Pause Remark 287M->265M(512M) 11,874ms
[2023-07-28T15:24:30.300+0200][8,162s] GC(11) User=0,03s Sys=0,02s Real=0,02s
[2023-07-28T15:24:30.300+0200][8,162s] GC(11) Concurrent Mark 33,722ms
[2023-07-28T15:24:30.300+0200][8,162s] GC(11) Concurrent Rebuild Remembered Sets
[2023-07-28T15:24:30.311+0200][8,174s] GC(11) Concurrent Rebuild Remembered Sets 11,841ms
[2023-07-28T15:24:30.312+0200][8,174s] GC(11) Pause Cleanup
[2023-07-28T15:24:30.312+0200][8,175s] GC(11) Pause Cleanup 265M->265M(512M) 0,135ms
[2023-07-28T15:24:30.312+0200][8,175s] GC(11) User=0,00s Sys=0,00s Real=0,00s
[2023-07-28T15:24:30.312+0200][8,175s] GC(11) Concurrent Cleanup for Next Mark
[2023-07-28T15:24:30.312+0200][8,175s] GC(11) Concurrent Cleanup for Next Mark 0,182ms
[2023-07-28T15:24:30.312+0200][8,175s] GC(11) Concurrent Mark Cycle 46,622ms
[2023-07-28T15:24:32.645+0200][10,507s] GC(12) Pause Young (Prepare Mixed) (G1 Preventive Collection)
[2023-07-28T15:24:32.645+0200][10,507s] GC(12) Using 8 workers of 8 for evacuation
[2023-07-28T15:24:32.648+0200][10,511s] GC(12) To-space exhausted
[2023-07-28T15:24:32.648+0200][10,511s] GC(12)   Pre Evacuate Collection Set: 0,1ms
[2023-07-28T15:24:32.648+0200][10,511s] GC(12)   Merge Heap Roots: 0,0ms
[2023-07-28T15:24:32.648+0200][10,511s] GC(12)   Evacuate Collection Set: 2,9ms
[2023-07-28T15:24:32.648+0200][10,511s] GC(12)   Post Evacuate Collection Set: 0,5ms
[2023-07-28T15:24:32.648+0200][10,511s] GC(12)   Other: 0,1ms
[2023-07-28T15:24:32.648+0200][10,511s] GC(12) Eden regions: 32->0(4)
[2023-07-28T15:24:32.648+0200][10,511s] GC(12) Survivor regions: 11->21(21)
[2023-07-28T15:24:32.648+0200][10,511s] GC(12) Old regions: 47->55
[2023-07-28T15:24:32.648+0200][10,511s] GC(12) Archive regions: 2->2
[2023-07-28T15:24:32.648+0200][10,511s] GC(12) Humongous regions: 399->157
[2023-07-28T15:24:32.648+0200][10,511s] GC(12) Metaspace: 56141K(56640K)->56141K(56640K) NonClass: 49064K(49344K)->49064K(49344K) Class: 7077K(7296K)->7077K(7296K)
[2023-07-28T15:24:32.648+0200][10,511s] GC(12) Pause Young (Prepare Mixed) (G1 Preventive Collection) 488M->233M(512M) 3,677ms
[2023-07-28T15:24:32.648+0200][10,511s] GC(12) User=0,01s Sys=0,00s Real=0,00s
[2023-07-28T15:24:32.737+0200][10,600s] GC(13) Pause Young (Mixed) (G1 Evacuation Pause)
[2023-07-28T15:24:32.737+0200][10,600s] GC(13) Using 8 workers of 8 for evacuation
[2023-07-28T15:24:32.741+0200][10,603s] GC(13)   Pre Evacuate Collection Set: 0,1ms
[2023-07-28T15:24:32.741+0200][10,603s] GC(13)   Merge Heap Roots: 0,1ms
[2023-07-28T15:24:32.741+0200][10,603s] GC(13)   Evacuate Collection Set: 2,6ms
[2023-07-28T15:24:32.741+0200][10,603s] GC(13)   Post Evacuate Collection Set: 0,3ms
[2023-07-28T15:24:32.741+0200][10,603s] GC(13)   Other: 0,1ms
[2023-07-28T15:24:32.741+0200][10,603s] GC(13) Eden regions: 4->0(204)
[2023-07-28T15:24:32.741+0200][10,603s] GC(13) Survivor regions: 21->2(4)
[2023-07-28T15:24:32.741+0200][10,603s] GC(13) Old regions: 55->76
[2023-07-28T15:24:32.741+0200][10,603s] GC(13) Archive regions: 2->2
[2023-07-28T15:24:32.741+0200][10,603s] GC(13) Humongous regions: 157->126
[2023-07-28T15:24:32.741+0200][10,603s] GC(13) Metaspace: 56225K(56704K)->56225K(56704K) NonClass: 49142K(49408K)->49142K(49408K) Class: 7083K(7296K)->7083K(7296K)
[2023-07-28T15:24:32.741+0200][10,603s] GC(13) Pause Young (Mixed) (G1 Evacuation Pause) 237M->203M(512M) 3,277ms
[2023-07-28T15:24:32.741+0200][10,603s] GC(13) User=0,01s Sys=0,00s Real=0,01s
[2023-07-28T15:24:33.094+0200][10,956s] GC(14) Pause Young (Concurrent Start) (G1 Humongous Allocation)
[2023-07-28T15:24:33.094+0200][10,956s] GC(14) Using 8 workers of 8 for evacuation
[2023-07-28T15:24:33.095+0200][10,958s] GC(14)   Pre Evacuate Collection Set: 0,1ms
[2023-07-28T15:24:33.095+0200][10,958s] GC(14)   Merge Heap Roots: 0,1ms
[2023-07-28T15:24:33.095+0200][10,958s] GC(14)   Evacuate Collection Set: 1,1ms
[2023-07-28T15:24:33.095+0200][10,958s] GC(14)   Post Evacuate Collection Set: 0,4ms
[2023-07-28T15:24:33.095+0200][10,958s] GC(14)   Other: 0,1ms
[2023-07-28T15:24:33.095+0200][10,958s] GC(14) Eden regions: 13->0(197)
[2023-07-28T15:24:33.095+0200][10,958s] GC(14) Survivor regions: 2->5(26)
[2023-07-28T15:24:33.095+0200][10,958s] GC(14) Old regions: 76->76
[2023-07-28T15:24:33.095+0200][10,958s] GC(14) Archive regions: 2->2
[2023-07-28T15:24:33.095+0200][10,958s] GC(14) Humongous regions: 150->138
[2023-07-28T15:24:33.095+0200][10,958s] GC(14) Metaspace: 56383K(56896K)->56383K(56896K) NonClass: 49300K(49600K)->49300K(49600K) Class: 7083K(7296K)->7083K(7296K)
[2023-07-28T15:24:33.095+0200][10,958s] GC(14) Pause Young (Concurrent Start) (G1 Humongous Allocation) 240M->219M(512M) 1,867ms
[2023-07-28T15:24:33.095+0200][10,958s] GC(14) User=0,01s Sys=0,00s Real=0,00s
[2023-07-28T15:24:33.095+0200][10,958s] GC(15) Concurrent Undo Cycle
[2023-07-28T15:24:33.095+0200][10,958s] GC(15) Concurrent Cleanup for Next Mark
[2023-07-28T15:24:33.096+0200][10,959s] GC(15) Concurrent Cleanup for Next Mark 0,235ms
[2023-07-28T15:24:33.096+0200][10,959s] GC(15) Concurrent Undo Cycle 0,274ms
[2023-07-28T15:24:33.097+0200][10,959s] GC(16) Pause Young (Concurrent Start) (G1 Humongous Allocation)
[2023-07-28T15:24:33.097+0200][10,959s] GC(16) Using 8 workers of 8 for evacuation
[2023-07-28T15:24:33.098+0200][10,961s] GC(16)   Pre Evacuate Collection Set: 0,2ms
[2023-07-28T15:24:33.098+0200][10,961s] GC(16)   Merge Heap Roots: 0,1ms
[2023-07-28T15:24:33.098+0200][10,961s] GC(16)   Evacuate Collection Set: 0,8ms
[2023-07-28T15:24:33.098+0200][10,961s] GC(16)   Post Evacuate Collection Set: 0,3ms
[2023-07-28T15:24:33.098+0200][10,961s] GC(16)   Other: 0,1ms
[2023-07-28T15:24:33.098+0200][10,961s] GC(16) Eden regions: 0->0(197)
[2023-07-28T15:24:33.098+0200][10,961s] GC(16) Survivor regions: 5->5(26)
[2023-07-28T15:24:33.098+0200][10,961s] GC(16) Old regions: 76->76
[2023-07-28T15:24:33.098+0200][10,961s] GC(16) Archive regions: 2->2
[2023-07-28T15:24:33.098+0200][10,961s] GC(16) Humongous regions: 144->138
[2023-07-28T15:24:33.098+0200][10,961s] GC(16) Metaspace: 56383K(56896K)->56383K(56896K) NonClass: 49300K(49600K)->49300K(49600K) Class: 7083K(7296K)->7083K(7296K)
[2023-07-28T15:24:33.098+0200][10,961s] GC(16) Pause Young (Concurrent Start) (G1 Humongous Allocation) 225M->219M(512M) 1,448ms
[2023-07-28T15:24:33.098+0200][10,961s] GC(16) User=0,00s Sys=0,00s Real=0,00s
[2023-07-28T15:24:33.098+0200][10,961s] GC(17) Concurrent Undo Cycle
[2023-07-28T15:24:33.098+0200][10,961s] GC(17) Concurrent Cleanup for Next Mark
[2023-07-28T15:24:33.098+0200][10,961s] GC(17) Concurrent Cleanup for Next Mark 0,247ms
[2023-07-28T15:24:33.098+0200][10,961s] GC(17) Concurrent Undo Cycle 0,287ms
[2023-07-28T15:24:33.112+0200][10,975s] GC(18) Pause Young (Concurrent Start) (G1 Humongous Allocation)
[2023-07-28T15:24:33.112+0200][10,975s] GC(18) Using 8 workers of 8 for evacuation
[2023-07-28T15:24:33.114+0200][10,976s] GC(18)   Pre Evacuate Collection Set: 0,2ms
[2023-07-28T15:24:33.114+0200][10,976s] GC(18)   Merge Heap Roots: 0,1ms
[2023-07-28T15:24:33.114+0200][10,976s] GC(18)   Evacuate Collection Set: 1,3ms
[2023-07-28T15:24:33.114+0200][10,976s] GC(18)   Post Evacuate Collection Set: 0,3ms
[2023-07-28T15:24:33.114+0200][10,976s] GC(18)   Other: 0,1ms
[2023-07-28T15:24:33.114+0200][10,976s] GC(18) Eden regions: 1->0(192)
[2023-07-28T15:24:33.114+0200][10,977s] GC(18) Survivor regions: 5->5(26)
[2023-07-28T15:24:33.114+0200][10,977s] GC(18) Old regions: 76->76
[2023-07-28T15:24:33.114+0200][10,977s] GC(18) Archive regions: 2->2
[2023-07-28T15:24:33.114+0200][10,977s] GC(18) Humongous regions: 149->148
[2023-07-28T15:24:33.114+0200][10,977s] GC(18) Metaspace: 56383K(56896K)->56383K(56896K) NonClass: 49300K(49600K)->49300K(49600K) Class: 7083K(7296K)->7083K(7296K)
[2023-07-28T15:24:33.114+0200][10,977s] GC(18) Pause Young (Concurrent Start) (G1 Humongous Allocation) 231M->228M(512M) 1,958ms
[2023-07-28T15:24:33.114+0200][10,977s] GC(18) User=0,00s Sys=0,00s Real=0,00s
[2023-07-28T15:24:33.114+0200][10,977s] GC(19) Concurrent Undo Cycle
[2023-07-28T15:24:33.114+0200][10,977s] GC(19) Concurrent Cleanup for Next Mark
[2023-07-28T15:24:33.114+0200][10,977s] GC(19) Concurrent Cleanup for Next Mark 0,306ms
[2023-07-28T15:24:33.114+0200][10,977s] GC(19) Concurrent Undo Cycle 0,359ms
[2023-07-28T15:24:33.126+0200][10,988s] GC(20) Pause Young (Concurrent Start) (G1 Humongous Allocation)
[2023-07-28T15:24:33.126+0200][10,988s] GC(20) Using 8 workers of 8 for evacuation
[2023-07-28T15:24:33.127+0200][10,990s] GC(20)   Pre Evacuate Collection Set: 0,2ms
[2023-07-28T15:24:33.127+0200][10,990s] GC(20)   Merge Heap Roots: 0,1ms
[2023-07-28T15:24:33.127+0200][10,990s] GC(20)   Evacuate Collection Set: 1,0ms
[2023-07-28T15:24:33.127+0200][10,990s] GC(20)   Post Evacuate Collection Set: 0,3ms
[2023-07-28T15:24:33.127+0200][10,990s] GC(20)   Other: 0,1ms
[2023-07-28T15:24:33.127+0200][10,990s] GC(20) Eden regions: 1->0(190)
[2023-07-28T15:24:33.127+0200][10,990s] GC(20) Survivor regions: 5->5(25)
[2023-07-28T15:24:33.127+0200][10,990s] GC(20) Old regions: 76->76
[2023-07-28T15:24:33.127+0200][10,990s] GC(20) Archive regions: 2->2
[2023-07-28T15:24:33.127+0200][10,990s] GC(20) Humongous regions: 155->155
[2023-07-28T15:24:33.127+0200][10,990s] GC(20) Metaspace: 56383K(56896K)->56383K(56896K) NonClass: 49300K(49600K)->49300K(49600K) Class: 7083K(7296K)->7083K(7296K)
[2023-07-28T15:24:33.127+0200][10,990s] GC(20) Pause Young (Concurrent Start) (G1 Humongous Allocation) 236M->235M(512M) 1,666ms
[2023-07-28T15:24:33.127+0200][10,990s] GC(20) User=0,01s Sys=0,01s Real=0,00s
[2023-07-28T15:24:33.127+0200][10,990s] GC(21) Concurrent Mark Cycle
[2023-07-28T15:24:33.127+0200][10,990s] GC(21) Concurrent Clear Claimed Marks
[2023-07-28T15:24:33.127+0200][10,990s] GC(21) Concurrent Clear Claimed Marks 0,015ms
[2023-07-28T15:24:33.127+0200][10,990s] GC(21) Concurrent Scan Root Regions
[2023-07-28T15:24:33.128+0200][10,991s] GC(21) Concurrent Scan Root Regions 0,485ms
[2023-07-28T15:24:33.128+0200][10,991s] GC(21) Concurrent Mark
[2023-07-28T15:24:33.128+0200][10,991s] GC(21) Concurrent Mark From Roots
[2023-07-28T15:24:33.128+0200][10,991s] GC(21) Using 2 workers of 2 for marking
[2023-07-28T15:24:33.149+0200][11,011s] GC(21) Concurrent Mark From Roots 20,834ms
[2023-07-28T15:24:33.149+0200][11,011s] GC(21) Concurrent Preclean
[2023-07-28T15:24:33.149+0200][11,012s] GC(21) Concurrent Preclean 0,118ms
[2023-07-28T15:24:33.149+0200][11,012s] GC(21) Pause Remark
[2023-07-28T15:24:33.156+0200][11,019s] GC(21) Pause Remark 264M->185M(512M) 7,388ms
[2023-07-28T15:24:33.156+0200][11,019s] GC(21) User=0,01s Sys=0,01s Real=0,01s
[2023-07-28T15:24:33.156+0200][11,019s] GC(21) Concurrent Mark 28,677ms
[2023-07-28T15:24:33.156+0200][11,019s] GC(21) Concurrent Rebuild Remembered Sets
[2023-07-28T15:24:33.168+0200][11,031s] GC(21) Concurrent Rebuild Remembered Sets 11,902ms
[2023-07-28T15:24:33.169+0200][11,031s] GC(21) Pause Cleanup
[2023-07-28T15:24:33.169+0200][11,032s] GC(21) Pause Cleanup 185M->185M(512M) 0,138ms
[2023-07-28T15:24:33.169+0200][11,032s] GC(21) User=0,00s Sys=0,00s Real=0,00s
[2023-07-28T15:24:33.169+0200][11,032s] GC(21) Concurrent Cleanup for Next Mark
[2023-07-28T15:24:33.169+0200][11,032s] GC(21) Concurrent Cleanup for Next Mark 0,171ms
[2023-07-28T15:24:33.169+0200][11,032s] GC(21) Concurrent Mark Cycle 41,736ms
[2023-07-28T15:24:35.729+0200][13,592s] GC(22) Pause Young (Prepare Mixed) (G1 Preventive Collection)
[2023-07-28T15:24:35.730+0200][13,593s] GC(22) Using 8 workers of 8 for evacuation
[2023-07-28T15:24:35.733+0200][13,596s] GC(22) To-space exhausted
[2023-07-28T15:24:35.733+0200][13,596s] GC(22)   Pre Evacuate Collection Set: 0,1ms
[2023-07-28T15:24:35.733+0200][13,596s] GC(22)   Merge Heap Roots: 0,1ms
[2023-07-28T15:24:35.733+0200][13,596s] GC(22)   Evacuate Collection Set: 2,0ms
[2023-07-28T15:24:35.733+0200][13,596s] GC(22)   Post Evacuate Collection Set: 0,9ms
[2023-07-28T15:24:35.733+0200][13,596s] GC(22)   Other: 0,9ms
[2023-07-28T15:24:35.733+0200][13,596s] GC(22) Eden regions: 80->0(9)
[2023-07-28T15:24:35.733+0200][13,596s] GC(22) Survivor regions: 5->16(16)
[2023-07-28T15:24:35.733+0200][13,596s] GC(22) Old regions: 76->124
[2023-07-28T15:24:35.733+0200][13,596s] GC(22) Archive regions: 2->2
[2023-07-28T15:24:35.733+0200][13,596s] GC(22) Humongous regions: 333->81
[2023-07-28T15:24:35.733+0200][13,596s] GC(22) Metaspace: 56992K(57536K)->56992K(57536K) NonClass: 49853K(50176K)->49853K(50176K) Class: 7138K(7360K)->7138K(7360K)
[2023-07-28T15:24:35.733+0200][13,596s] GC(22) Pause Young (Prepare Mixed) (G1 Preventive Collection) 493M->221M(512M) 4,053ms
[2023-07-28T15:24:35.733+0200][13,596s] GC(22) User=0,01s Sys=0,00s Real=0,01s
[2023-07-28T15:24:35.818+0200][13,681s] GC(23) Pause Young (Mixed) (G1 Evacuation Pause)
[2023-07-28T15:24:35.818+0200][13,681s] GC(23) Using 8 workers of 8 for evacuation
[2023-07-28T15:24:35.820+0200][13,683s] GC(23)   Pre Evacuate Collection Set: 0,1ms
[2023-07-28T15:24:35.820+0200][13,683s] GC(23)   Merge Heap Roots: 0,1ms
[2023-07-28T15:24:35.820+0200][13,683s] GC(23)   Evacuate Collection Set: 1,5ms
[2023-07-28T15:24:35.820+0200][13,683s] GC(23)   Post Evacuate Collection Set: 0,3ms
[2023-07-28T15:24:35.820+0200][13,683s] GC(23)   Other: 0,1ms
[2023-07-28T15:24:35.820+0200][13,683s] GC(23) Eden regions: 9->0(195)
[2023-07-28T15:24:35.820+0200][13,683s] GC(23) Survivor regions: 16->1(4)
[2023-07-28T15:24:35.820+0200][13,683s] GC(23) Old regions: 124->139
[2023-07-28T15:24:35.820+0200][13,683s] GC(23) Archive regions: 2->2
[2023-07-28T15:24:35.820+0200][13,683s] GC(23) Humongous regions: 81->81
[2023-07-28T15:24:35.820+0200][13,683s] GC(23) Metaspace: 57012K(57536K)->57012K(57536K) NonClass: 49873K(50176K)->49873K(50176K) Class: 7138K(7360K)->7138K(7360K)
[2023-07-28T15:24:35.820+0200][13,683s] GC(23) Pause Young (Mixed) (G1 Evacuation Pause) 230M->219M(512M) 2,164ms
[2023-07-28T15:24:35.820+0200][13,683s] GC(23) User=0,01s Sys=0,00s Real=0,01s
[2023-07-28T15:24:37.899+0200][15,762s] GC(24) Pause Young (Concurrent Start) (G1 Humongous Allocation)
[2023-07-28T15:24:37.899+0200][15,762s] GC(24) Using 8 workers of 8 for evacuation
[2023-07-28T15:24:37.902+0200][15,765s] GC(24)   Pre Evacuate Collection Set: 0,1ms
[2023-07-28T15:24:37.902+0200][15,765s] GC(24)   Merge Heap Roots: 0,0ms
[2023-07-28T15:24:37.902+0200][15,765s] GC(24)   Evacuate Collection Set: 2,0ms
[2023-07-28T15:24:37.902+0200][15,765s] GC(24)   Post Evacuate Collection Set: 0,4ms
[2023-07-28T15:24:37.902+0200][15,765s] GC(24)   Other: 0,1ms
[2023-07-28T15:24:37.902+0200][15,765s] GC(24) Eden regions: 145->0(195)
[2023-07-28T15:24:37.902+0200][15,765s] GC(24) Survivor regions: 1->4(25)
[2023-07-28T15:24:37.902+0200][15,765s] GC(24) Old regions: 139->139
[2023-07-28T15:24:37.902+0200][15,765s] GC(24) Archive regions: 2->2
[2023-07-28T15:24:37.902+0200][15,765s] GC(24) Humongous regions: 90->85
[2023-07-28T15:24:37.902+0200][15,765s] GC(24) Metaspace: 57588K(58112K)->57588K(58112K) NonClass: 50375K(50624K)->50375K(50624K) Class: 7212K(7488K)->7212K(7488K)
[2023-07-28T15:24:37.902+0200][15,765s] GC(24) Pause Young (Concurrent Start) (G1 Humongous Allocation) 373M->227M(512M) 2,763ms
[2023-07-28T15:24:37.902+0200][15,765s] GC(24) User=0,01s Sys=0,00s Real=0,01s
[2023-07-28T15:24:37.902+0200][15,765s] GC(25) Concurrent Undo Cycle
[2023-07-28T15:24:37.902+0200][15,765s] GC(25) Concurrent Cleanup for Next Mark
[2023-07-28T15:24:37.902+0200][15,765s] GC(25) Concurrent Cleanup for Next Mark 0,301ms
[2023-07-28T15:24:37.902+0200][15,765s] GC(25) Concurrent Undo Cycle 0,354ms
[2023-07-28T15:24:37.952+0200][15,814s] GC(26) Pause Young (Concurrent Start) (G1 Humongous Allocation)
[2023-07-28T15:24:37.952+0200][15,814s] GC(26) Using 8 workers of 8 for evacuation
[2023-07-28T15:24:37.953+0200][15,816s] GC(26)   Pre Evacuate Collection Set: 0,1ms
[2023-07-28T15:24:37.953+0200][15,816s] GC(26)   Merge Heap Roots: 0,1ms
[2023-07-28T15:24:37.953+0200][15,816s] GC(26)   Evacuate Collection Set: 1,2ms
[2023-07-28T15:24:37.953+0200][15,816s] GC(26)   Post Evacuate Collection Set: 0,3ms
[2023-07-28T15:24:37.953+0200][15,816s] GC(26)   Other: 0,1ms
[2023-07-28T15:24:37.953+0200][15,816s] GC(26) Eden regions: 1->0(177)
[2023-07-28T15:24:37.953+0200][15,816s] GC(26) Survivor regions: 4->4(25)
[2023-07-28T15:24:37.953+0200][15,816s] GC(26) Old regions: 139->139
[2023-07-28T15:24:37.953+0200][15,816s] GC(26) Archive regions: 2->2
[2023-07-28T15:24:37.953+0200][15,816s] GC(26) Humongous regions: 101->101
[2023-07-28T15:24:37.953+0200][15,816s] GC(26) Metaspace: 57590K(58176K)->57590K(58176K) NonClass: 50378K(50688K)->50378K(50688K) Class: 7212K(7488K)->7212K(7488K)
[2023-07-28T15:24:37.953+0200][15,816s] GC(26) Pause Young (Concurrent Start) (G1 Humongous Allocation) 243M->243M(512M) 1,814ms
[2023-07-28T15:24:37.953+0200][15,816s] GC(26) User=0,00s Sys=0,01s Real=0,00s
[2023-07-28T15:24:37.953+0200][15,816s] GC(27) Concurrent Mark Cycle
[2023-07-28T15:24:37.953+0200][15,816s] GC(27) Concurrent Clear Claimed Marks
[2023-07-28T15:24:37.953+0200][15,816s] GC(27) Concurrent Clear Claimed Marks 0,009ms
[2023-07-28T15:24:37.953+0200][15,816s] GC(27) Concurrent Scan Root Regions
[2023-07-28T15:24:37.955+0200][15,818s] GC(27) Concurrent Scan Root Regions 1,310ms
[2023-07-28T15:24:37.955+0200][15,818s] GC(27) Concurrent Mark
[2023-07-28T15:24:37.955+0200][15,818s] GC(27) Concurrent Mark From Roots
[2023-07-28T15:24:37.955+0200][15,818s] GC(27) Using 2 workers of 2 for marking
[2023-07-28T15:24:37.976+0200][15,838s] GC(27) Concurrent Mark From Roots 20,718ms
[2023-07-28T15:24:37.976+0200][15,838s] GC(27) Concurrent Preclean
[2023-07-28T15:24:37.976+0200][15,839s] GC(27) Concurrent Preclean 0,130ms
[2023-07-28T15:24:37.978+0200][15,841s] GC(27) Pause Remark
[2023-07-28T15:24:38.000+0200][15,863s] GC(27) Pause Remark 273M->130M(512M) 22,330ms
[2023-07-28T15:24:38.001+0200][15,863s] GC(27) User=0,02s Sys=0,03s Real=0,03s
[2023-07-28T15:24:38.001+0200][15,863s] GC(27) Concurrent Mark 45,792ms
[2023-07-28T15:24:38.001+0200][15,863s] GC(27) Concurrent Rebuild Remembered Sets
[2023-07-28T15:24:38.013+0200][15,875s] GC(27) Concurrent Rebuild Remembered Sets 12,019ms
[2023-07-28T15:24:38.013+0200][15,876s] GC(27) Pause Cleanup
[2023-07-28T15:24:38.013+0200][15,876s] GC(27) Pause Cleanup 131M->131M(512M) 0,112ms
[2023-07-28T15:24:38.013+0200][15,876s] GC(27) User=0,00s Sys=0,00s Real=0,00s
[2023-07-28T15:24:38.013+0200][15,876s] GC(27) Concurrent Cleanup for Next Mark
[2023-07-28T15:24:38.013+0200][15,876s] GC(27) Concurrent Cleanup for Next Mark 0,197ms
[2023-07-28T15:24:38.013+0200][15,876s] GC(27) Concurrent Mark Cycle 59,830ms
[2023-07-28T15:29:53.856+0200][331,722s] GC(28) Pause Young (Prepare Mixed) (G1 Evacuation Pause)
[2023-07-28T15:29:53.856+0200][331,722s] GC(28) Using 8 workers of 8 for evacuation
[2023-07-28T15:29:53.869+0200][331,735s] GC(28)   Pre Evacuate Collection Set: 0,1ms
[2023-07-28T15:29:53.869+0200][331,735s] GC(28)   Merge Heap Roots: 0,1ms
[2023-07-28T15:29:53.869+0200][331,735s] GC(28)   Evacuate Collection Set: 12,2ms
[2023-07-28T15:29:53.869+0200][331,735s] GC(28)   Post Evacuate Collection Set: 0,8ms
[2023-07-28T15:29:53.869+0200][331,735s] GC(28)   Other: 0,4ms
[2023-07-28T15:29:53.869+0200][331,735s] GC(28) Eden regions: 177->0(19)
[2023-07-28T15:29:53.869+0200][331,735s] GC(28) Survivor regions: 4->6(23)
[2023-07-28T15:29:53.869+0200][331,735s] GC(28) Old regions: 72->72
[2023-07-28T15:29:53.869+0200][331,735s] GC(28) Archive regions: 2->2
[2023-07-28T15:29:53.869+0200][331,735s] GC(28) Humongous regions: 204->48
[2023-07-28T15:29:53.869+0200][331,735s] GC(28) Metaspace: 59827K(60480K)->59827K(60480K) NonClass: 52588K(52928K)->52588K(52928K) Class: 7239K(7552K)->7239K(7552K)
[2023-07-28T15:29:53.869+0200][331,735s] GC(28) Pause Young (Prepare Mixed) (G1 Evacuation Pause) 457M->126M(512M) 13,634ms
[2023-07-28T15:29:53.869+0200][331,735s] GC(28) User=0,03s Sys=0,03s Real=0,01s
[2023-07-28T15:29:56.356+0200][334,221s] GC(29) Pause Young (Mixed) (G1 Evacuation Pause)
[2023-07-28T15:29:56.356+0200][334,221s] GC(29) Using 8 workers of 8 for evacuation
[2023-07-28T15:29:56.366+0200][334,232s] GC(29)   Pre Evacuate Collection Set: 0,1ms
[2023-07-28T15:29:56.366+0200][334,232s] GC(29)   Merge Heap Roots: 0,0ms
[2023-07-28T15:29:56.366+0200][334,232s] GC(29)   Evacuate Collection Set: 9,6ms
[2023-07-28T15:29:56.366+0200][334,232s] GC(29)   Post Evacuate Collection Set: 0,4ms
[2023-07-28T15:29:56.366+0200][334,232s] GC(29)   Other: 0,1ms
[2023-07-28T15:29:56.366+0200][334,232s] GC(29) Eden regions: 19->0(306)
[2023-07-28T15:29:56.366+0200][334,232s] GC(29) Survivor regions: 6->1(4)
[2023-07-28T15:29:56.366+0200][334,232s] GC(29) Old regions: 72->74
[2023-07-28T15:29:56.366+0200][334,232s] GC(29) Archive regions: 2->2
[2023-07-28T15:29:56.366+0200][334,232s] GC(29) Humongous regions: 190->4
[2023-07-28T15:29:56.366+0200][334,232s] GC(29) Metaspace: 59829K(60480K)->59829K(60480K) NonClass: 52590K(52928K)->52590K(52928K) Class: 7239K(7552K)->7239K(7552K)
[2023-07-28T15:29:56.366+0200][334,232s] GC(29) Pause Young (Mixed) (G1 Evacuation Pause) 287M->79M(512M) 10,341ms
[2023-07-28T15:29:56.366+0200][334,232s] GC(29) User=0,02s Sys=0,02s Real=0,01s
[2023-07-28T15:29:57.251+0200][335,117s] GC(30) Pause Young (Concurrent Start) (G1 Humongous Allocation)
[2023-07-28T15:29:57.251+0200][335,117s] GC(30) Using 8 workers of 8 for evacuation
[2023-07-28T15:29:57.253+0200][335,119s] GC(30)   Pre Evacuate Collection Set: 0,1ms
[2023-07-28T15:29:57.253+0200][335,119s] GC(30)   Merge Heap Roots: 0,1ms
[2023-07-28T15:29:57.253+0200][335,119s] GC(30)   Evacuate Collection Set: 1,8ms
[2023-07-28T15:29:57.253+0200][335,119s] GC(30)   Post Evacuate Collection Set: 0,3ms
[2023-07-28T15:29:57.253+0200][335,119s] GC(30)   Other: 0,2ms
[2023-07-28T15:29:57.253+0200][335,119s] GC(30) Eden regions: 28->0(306)
[2023-07-28T15:29:57.253+0200][335,119s] GC(30) Survivor regions: 1->1(39)
[2023-07-28T15:29:57.253+0200][335,119s] GC(30) Old regions: 74->74
[2023-07-28T15:29:57.253+0200][335,119s] GC(30) Archive regions: 2->2
[2023-07-28T15:29:57.253+0200][335,119s] GC(30) Humongous regions: 4->4
[2023-07-28T15:29:57.253+0200][335,119s] GC(30) Metaspace: 59829K(60480K)->59829K(60480K) NonClass: 52590K(52928K)->52590K(52928K) Class: 7239K(7552K)->7239K(7552K)
[2023-07-28T15:29:57.253+0200][335,119s] GC(30) Pause Young (Concurrent Start) (G1 Humongous Allocation) 106M->79M(512M) 2,475ms
[2023-07-28T15:29:57.253+0200][335,119s] GC(30) User=0,00s Sys=0,00s Real=0,00s
[2023-07-28T15:29:57.254+0200][335,120s] GC(31) Concurrent Mark Cycle
[2023-07-28T15:29:57.254+0200][335,120s] GC(31) Concurrent Clear Claimed Marks
[2023-07-28T15:29:57.254+0200][335,120s] GC(31) Concurrent Clear Claimed Marks 0,017ms
[2023-07-28T15:29:57.254+0200][335,120s] GC(31) Concurrent Scan Root Regions
[2023-07-28T15:29:57.255+0200][335,121s] GC(31) Concurrent Scan Root Regions 1,603ms
[2023-07-28T15:29:57.255+0200][335,121s] GC(31) Concurrent Mark
[2023-07-28T15:29:57.255+0200][335,121s] GC(31) Concurrent Mark From Roots
[2023-07-28T15:29:57.255+0200][335,121s] GC(31) Using 2 workers of 2 for marking
[2023-07-28T15:29:57.281+0200][335,147s] GC(31) Concurrent Mark From Roots 26,150ms
[2023-07-28T15:29:57.281+0200][335,147s] GC(31) Concurrent Preclean
[2023-07-28T15:29:57.282+0200][335,148s] GC(31) Concurrent Preclean 0,133ms
[2023-07-28T15:29:57.282+0200][335,148s] GC(31) Pause Remark
[2023-07-28T15:29:57.296+0200][335,162s] GC(31) Pause Remark 81M->77M(512M) 14,273ms
[2023-07-28T15:29:57.296+0200][335,162s] GC(31) User=0,02s Sys=0,03s Real=0,01s
[2023-07-28T15:29:57.296+0200][335,162s] GC(31) Concurrent Mark 40,901ms
[2023-07-28T15:29:57.296+0200][335,162s] GC(31) Concurrent Rebuild Remembered Sets
[2023-07-28T15:29:57.310+0200][335,176s] GC(31) Concurrent Rebuild Remembered Sets 13,430ms
[2023-07-28T15:29:57.310+0200][335,176s] GC(31) Pause Cleanup
[2023-07-28T15:29:57.310+0200][335,176s] GC(31) Pause Cleanup 77M->77M(512M) 0,108ms
[2023-07-28T15:29:57.310+0200][335,176s] GC(31) User=0,00s Sys=0,00s Real=0,00s
[2023-07-28T15:29:57.310+0200][335,176s] GC(31) Concurrent Cleanup for Next Mark
[2023-07-28T15:29:57.312+0200][335,178s] GC(31) Concurrent Cleanup for Next Mark 1,613ms
[2023-07-28T15:29:57.312+0200][335,178s] GC(31) Concurrent Mark Cycle 58,043ms
[2023-07-28T15:30:15.849+0200][353,721s] GC(32) Pause Young (Prepare Mixed) (G1 Preventive Collection)
[2023-07-28T15:30:15.850+0200][353,722s] GC(32) Using 8 workers of 8 for evacuation
[2023-07-28T15:30:15.875+0200][353,747s] GC(32)   Pre Evacuate Collection Set: 0,3ms
[2023-07-28T15:30:15.875+0200][353,747s] GC(32)   Merge Heap Roots: 0,1ms
[2023-07-28T15:30:15.875+0200][353,747s] GC(32)   Evacuate Collection Set: 22,3ms
[2023-07-28T15:30:15.875+0200][353,747s] GC(32)   Post Evacuate Collection Set: 2,5ms
[2023-07-28T15:30:15.875+0200][353,747s] GC(32)   Other: 1,0ms
[2023-07-28T15:30:15.875+0200][353,747s] GC(32) Eden regions: 174->0(22)
[2023-07-28T15:30:15.875+0200][353,747s] GC(32) Survivor regions: 1->3(24)
[2023-07-28T15:30:15.875+0200][353,748s] GC(32) Old regions: 70->70
[2023-07-28T15:30:15.875+0200][353,748s] GC(32) Archive regions: 2->2
[2023-07-28T15:30:15.875+0200][353,748s] GC(32) Humongous regions: 241->37
[2023-07-28T15:30:15.875+0200][353,748s] GC(32) Metaspace: 59944K(60544K)->59944K(60544K) NonClass: 52691K(52992K)->52691K(52992K) Class: 7252K(7552K)->7252K(7552K)
[2023-07-28T15:30:15.875+0200][353,748s] GC(32) Pause Young (Prepare Mixed) (G1 Preventive Collection) 486M->109M(512M) 26,312ms
[2023-07-28T15:30:15.875+0200][353,748s] GC(32) User=0,02s Sys=0,06s Real=0,03s
[2023-07-28T15:30:16.341+0200][354,214s] GC(33) Pause Young (Mixed) (G1 Humongous Allocation)
[2023-07-28T15:30:16.341+0200][354,214s] GC(33) Using 8 workers of 8 for evacuation
[2023-07-28T15:30:16.346+0200][354,219s] GC(33)   Pre Evacuate Collection Set: 0,1ms
[2023-07-28T15:30:16.346+0200][354,219s] GC(33)   Merge Heap Roots: 0,1ms
[2023-07-28T15:30:16.346+0200][354,219s] GC(33)   Evacuate Collection Set: 4,8ms
[2023-07-28T15:30:16.346+0200][354,219s] GC(33)   Post Evacuate Collection Set: 0,3ms
[2023-07-28T15:30:16.346+0200][354,219s] GC(33)   Other: 0,1ms
[2023-07-28T15:30:16.346+0200][354,219s] GC(33) Eden regions: 21->0(245)
[2023-07-28T15:30:16.346+0200][354,219s] GC(33) Survivor regions: 3->4(4)
[2023-07-28T15:30:16.346+0200][354,219s] GC(33) Old regions: 70->70
[2023-07-28T15:30:16.346+0200][354,219s] GC(33) Archive regions: 2->2
[2023-07-28T15:30:16.346+0200][354,219s] GC(33) Humongous regions: 218->110
[2023-07-28T15:30:16.346+0200][354,219s] GC(33) Metaspace: 59948K(60544K)->59948K(60544K) NonClass: 52696K(52992K)->52696K(52992K) Class: 7252K(7552K)->7252K(7552K)
[2023-07-28T15:30:16.346+0200][354,219s] GC(33) Pause Young (Mixed) (G1 Humongous Allocation) 311M->184M(512M) 5,477ms
[2023-07-28T15:30:16.346+0200][354,219s] GC(33) User=0,00s Sys=0,02s Real=0,00s
[2023-07-28T15:30:16.420+0200][354,293s] GC(34) Pause Young (Concurrent Start) (G1 Humongous Allocation)
[2023-07-28T15:30:16.420+0200][354,293s] GC(34) Using 8 workers of 8 for evacuation
[2023-07-28T15:30:16.422+0200][354,295s] GC(34)   Pre Evacuate Collection Set: 0,1ms
[2023-07-28T15:30:16.422+0200][354,295s] GC(34)   Merge Heap Roots: 0,1ms
[2023-07-28T15:30:16.422+0200][354,295s] GC(34)   Evacuate Collection Set: 1,9ms
[2023-07-28T15:30:16.422+0200][354,295s] GC(34)   Post Evacuate Collection Set: 0,2ms
[2023-07-28T15:30:16.422+0200][354,295s] GC(34)   Other: 0,2ms
[2023-07-28T15:30:16.422+0200][354,295s] GC(34) Eden regions: 6->0(211)
[2023-07-28T15:30:16.422+0200][354,295s] GC(34) Survivor regions: 4->5(32)
[2023-07-28T15:30:16.422+0200][354,295s] GC(34) Old regions: 70->70
[2023-07-28T15:30:16.422+0200][354,295s] GC(34) Archive regions: 2->2
[2023-07-28T15:30:16.422+0200][354,295s] GC(34) Humongous regions: 183->146
[2023-07-28T15:30:16.422+0200][354,295s] GC(34) Metaspace: 59957K(60544K)->59957K(60544K) NonClass: 52705K(52992K)->52705K(52992K) Class: 7252K(7552K)->7252K(7552K)
[2023-07-28T15:30:16.422+0200][354,295s] GC(34) Pause Young (Concurrent Start) (G1 Humongous Allocation) 262M->221M(512M) 2,608ms
[2023-07-28T15:30:16.422+0200][354,295s] GC(34) User=0,01s Sys=0,01s Real=0,00s
[2023-07-28T15:30:16.422+0200][354,295s] GC(35) Concurrent Mark Cycle
[2023-07-28T15:30:16.423+0200][354,295s] GC(35) Concurrent Clear Claimed Marks
[2023-07-28T15:30:16.423+0200][354,295s] GC(35) Concurrent Clear Claimed Marks 0,035ms
[2023-07-28T15:30:16.423+0200][354,295s] GC(35) Concurrent Scan Root Regions
[2023-07-28T15:30:16.424+0200][354,297s] GC(35) Concurrent Scan Root Regions 1,339ms
[2023-07-28T15:30:16.424+0200][354,297s] GC(35) Concurrent Mark
[2023-07-28T15:30:16.424+0200][354,297s] GC(35) Concurrent Mark From Roots
[2023-07-28T15:30:16.424+0200][354,297s] GC(35) Using 2 workers of 2 for marking
[2023-07-28T15:30:16.455+0200][354,327s] GC(35) Concurrent Mark From Roots 30,625ms
[2023-07-28T15:30:16.455+0200][354,327s] GC(35) Concurrent Preclean
[2023-07-28T15:30:16.455+0200][354,328s] GC(35) Concurrent Preclean 0,613ms
[2023-07-28T15:30:16.456+0200][354,329s] GC(35) Pause Remark
[2023-07-28T15:30:16.485+0200][354,358s] GC(35) Pause Remark 224M->224M(512M) 29,313ms
[2023-07-28T15:30:16.485+0200][354,358s] GC(35) User=0,04s Sys=0,07s Real=0,03s
[2023-07-28T15:30:16.485+0200][354,358s] GC(35) Concurrent Mark 61,528ms
[2023-07-28T15:30:16.485+0200][354,358s] GC(35) Concurrent Rebuild Remembered Sets
[2023-07-28T15:30:16.500+0200][354,373s] GC(35) Concurrent Rebuild Remembered Sets 14,249ms
[2023-07-28T15:30:16.500+0200][354,373s] GC(35) Pause Cleanup
[2023-07-28T15:30:16.500+0200][354,373s] GC(35) Pause Cleanup 224M->224M(512M) 0,116ms
[2023-07-28T15:30:16.500+0200][354,373s] GC(35) User=0,00s Sys=0,00s Real=0,00s
[2023-07-28T15:30:16.500+0200][354,373s] GC(35) Concurrent Cleanup for Next Mark
[2023-07-28T15:30:16.503+0200][354,376s] GC(35) Concurrent Cleanup for Next Mark 2,430ms
[2023-07-28T15:30:16.503+0200][354,376s] GC(35) Concurrent Mark Cycle 80,449ms
[2023-07-28T15:30:16.717+0200][354,590s] GC(36) Pause Young (Prepare Mixed) (G1 Humongous Allocation)
[2023-07-28T15:30:16.717+0200][354,590s] GC(36) Using 8 workers of 8 for evacuation
[2023-07-28T15:30:16.719+0200][354,592s] GC(36)   Pre Evacuate Collection Set: 0,1ms
[2023-07-28T15:30:16.720+0200][354,592s] GC(36)   Merge Heap Roots: 0,1ms
[2023-07-28T15:30:16.720+0200][354,592s] GC(36)   Evacuate Collection Set: 1,5ms
[2023-07-28T15:30:16.720+0200][354,592s] GC(36)   Post Evacuate Collection Set: 0,4ms
[2023-07-28T15:30:16.720+0200][354,592s] GC(36)   Other: 0,1ms
[2023-07-28T15:30:16.720+0200][354,592s] GC(36) Eden regions: 5->0(21)
[2023-07-28T15:30:16.720+0200][354,592s] GC(36) Survivor regions: 5->4(27)
[2023-07-28T15:30:16.720+0200][354,592s] GC(36) Old regions: 70->70
[2023-07-28T15:30:16.720+0200][354,592s] GC(36) Archive regions: 2->2
[2023-07-28T15:30:16.720+0200][354,592s] GC(36) Humongous regions: 263->218
[2023-07-28T15:30:16.720+0200][354,592s] GC(36) Metaspace: 59659K(60544K)->59659K(60544K) NonClass: 52474K(52992K)->52474K(52992K) Class: 7185K(7552K)->7185K(7552K)
[2023-07-28T15:30:16.720+0200][354,592s] GC(36) Pause Young (Prepare Mixed) (G1 Humongous Allocation) 343M->292M(512M) 2,275ms
[2023-07-28T15:30:16.720+0200][354,592s] GC(36) User=0,01s Sys=0,00s Real=0,01s
[2023-07-28T15:30:16.720+0200][354,592s] Attempting full compaction
[2023-07-28T15:30:16.720+0200][354,593s] GC(37) Using 8 workers of 8 for full compaction
[2023-07-28T15:30:16.720+0200][354,593s] GC(37) Pause Full (G1 Compaction Pause)
[2023-07-28T15:30:16.720+0200][354,593s] GC(37) Phase 1: Mark live objects
[2023-07-28T15:30:16.735+0200][354,608s] GC(37) Phase 1: Mark live objects 15,403ms
[2023-07-28T15:30:16.735+0200][354,608s] GC(37) Phase 2: Prepare for compaction
[2023-07-28T15:30:16.741+0200][354,614s] GC(37) Phase 2: Prepare for compaction 6,195ms
[2023-07-28T15:30:16.741+0200][354,614s] GC(37) Phase 3: Adjust pointers
[2023-07-28T15:30:16.772+0200][354,645s] GC(37) Phase 3: Adjust pointers 30,199ms
[2023-07-28T15:30:16.772+0200][354,645s] GC(37) Phase 4: Compact heap
[2023-07-28T15:30:16.780+0200][354,653s] GC(37) Phase 4: Compact heap 8,090ms
[2023-07-28T15:30:16.787+0200][354,660s] GC(37) Eden regions: 0->0(165)
[2023-07-28T15:30:16.787+0200][354,660s] GC(37) Survivor regions: 4->0(27)
[2023-07-28T15:30:16.787+0200][354,660s] GC(37) Old regions: 70->57
[2023-07-28T15:30:16.787+0200][354,660s] GC(37) Archive regions: 2->2
[2023-07-28T15:30:16.787+0200][354,660s] GC(37) Humongous regions: 218->218
[2023-07-28T15:30:16.787+0200][354,660s] GC(37) Metaspace: 59659K(60544K)->59659K(60544K) NonClass: 52474K(52992K)->52474K(52992K) Class: 7185K(7552K)->7185K(7552K)
[2023-07-28T15:30:16.787+0200][354,660s] GC(37) Pause Full (G1 Compaction Pause) 292M->271M(512M) 67,088ms
[2023-07-28T15:30:16.787+0200][354,660s] GC(37) User=0,16s Sys=0,08s Real=0,06s
[2023-07-28T15:30:16.787+0200][354,660s] Attempting maximum full compaction clearing soft references
[2023-07-28T15:30:16.787+0200][354,660s] GC(38) Using 8 workers of 8 for full compaction
[2023-07-28T15:30:16.787+0200][354,660s] GC(38) Pause Full (G1 Compaction Pause)
[2023-07-28T15:30:16.787+0200][354,660s] GC(38) Phase 1: Mark live objects
[2023-07-28T15:30:16.801+0200][354,674s] GC(38) Phase 1: Mark live objects 13,711ms
[2023-07-28T15:30:16.801+0200][354,674s] GC(38) Phase 2: Prepare for compaction
[2023-07-28T15:30:16.804+0200][354,677s] GC(38) Phase 2: Prepare for compaction 3,384ms
[2023-07-28T15:30:16.804+0200][354,677s] GC(38) Phase 3: Adjust pointers
[2023-07-28T15:30:16.816+0200][354,689s] GC(38) Phase 3: Adjust pointers 12,012ms
[2023-07-28T15:30:16.816+0200][354,689s] GC(38) Phase 4: Compact heap
[2023-07-28T15:30:16.822+0200][354,695s] GC(38) Phase 4: Compact heap 5,872ms
[2023-07-28T15:30:16.827+0200][354,700s] GC(38) Eden regions: 0->0(166)
[2023-07-28T15:30:16.827+0200][354,700s] GC(38) Survivor regions: 0->0(27)
[2023-07-28T15:30:16.827+0200][354,700s] GC(38) Old regions: 57->55
[2023-07-28T15:30:16.827+0200][354,700s] GC(38) Archive regions: 2->2
[2023-07-28T15:30:16.827+0200][354,700s] GC(38) Humongous regions: 218->218
[2023-07-28T15:30:16.827+0200][354,700s] GC(38) Metaspace: 59659K(60544K)->59659K(60544K) NonClass: 52474K(52992K)->52474K(52992K) Class: 7185K(7552K)->7185K(7552K)
[2023-07-28T15:30:16.827+0200][354,700s] GC(38) Pause Full (G1 Compaction Pause) 271M->271M(512M) 39,708ms
[2023-07-28T15:30:16.827+0200][354,700s] GC(38) User=0,16s Sys=0,01s Real=0,04s
