[2023-07-28T15:18:32.331+0200][0.009s] Using G1
[2023-07-28T15:18:32.450+0200][0.128s] Version: 17.0.1+12-39 (release)
[2023-07-28T15:18:32.450+0200][0.128s] CPUs: 8 total, 8 available
[2023-07-28T15:18:32.450+0200][0.128s] Memory: 8192M
[2023-07-28T15:18:32.450+0200][0.128s] Large Page Support: Disabled
[2023-07-28T15:18:32.450+0200][0.128s] NUMA Support: Disabled
[2023-07-28T15:18:32.450+0200][0.128s] Compressed Oops: Enabled (Zero based)
[2023-07-28T15:18:32.450+0200][0.128s] Heap Region Size: 1M
[2023-07-28T15:18:32.450+0200][0.128s] Heap Min Capacity: 512M
[2023-07-28T15:18:32.450+0200][0.128s] Heap Initial Capacity: 512M
[2023-07-28T15:18:32.450+0200][0.128s] Heap Max Capacity: 512M
[2023-07-28T15:18:32.450+0200][0.128s] Pre-touch: Enabled
[2023-07-28T15:18:32.450+0200][0.128s] Parallel Workers: 8
[2023-07-28T15:18:32.450+0200][0.128s] Concurrent Workers: 2
[2023-07-28T15:18:32.450+0200][0.128s] Concurrent Refinement Workers: 8
[2023-07-28T15:18:32.450+0200][0.128s] Periodic GC: Disabled
[2023-07-28T15:18:32.450+0200][0.128s] CDS archive(s) mapped at: [0x0000000800000000-0x0000000800bd4000-0x0000000800bd4000), size 12402688, SharedBaseAddress: 0x0000000800000000, ArchiveRelocationMode: 0.
[2023-07-28T15:18:32.450+0200][0.128s] Compressed class space mapped at: 0x0000000800c00000-0x0000000840c00000, reserved size: 1073741824
[2023-07-28T15:18:32.450+0200][0.128s] Narrow klass base: 0x0000000800000000, Narrow klass shift: 0, Narrow klass range: 0x100000000
[2023-07-28T15:18:33.300+0200][0,978s] GC(0) Pause Young (Normal) (G1 Evacuation Pause)
[2023-07-28T15:18:33.300+0200][0,978s] GC(0) Using 8 workers of 8 for evacuation
[2023-07-28T15:18:33.306+0200][0,984s] GC(0)   Pre Evacuate Collection Set: 0,0ms
[2023-07-28T15:18:33.306+0200][0,984s] GC(0)   Merge Heap Roots: 0,0ms
[2023-07-28T15:18:33.306+0200][0,984s] GC(0)   Evacuate Collection Set: 5,4ms
[2023-07-28T15:18:33.306+0200][0,984s] GC(0)   Post Evacuate Collection Set: 0,2ms
[2023-07-28T15:18:33.306+0200][0,984s] GC(0)   Other: 0,5ms
[2023-07-28T15:18:33.306+0200][0,984s] GC(0) Eden regions: 29->0(67)
[2023-07-28T15:18:33.306+0200][0,984s] GC(0) Survivor regions: 0->4(4)
[2023-07-28T15:18:33.306+0200][0,984s] GC(0) Old regions: 0->0
[2023-07-28T15:18:33.306+0200][0,984s] GC(0) Archive regions: 2->2
[2023-07-28T15:18:33.306+0200][0,984s] GC(0) Humongous regions: 0->0
[2023-07-28T15:18:33.306+0200][0,984s] GC(0) Metaspace: 7425K(7680K)->7425K(7680K) NonClass: 6536K(6656K)->6536K(6656K) Class: 888K(1024K)->888K(1024K)
[2023-07-28T15:18:33.306+0200][0,984s] GC(0) Pause Young (Normal) (G1 Evacuation Pause) 29M->4M(512M) 6,255ms
[2023-07-28T15:18:33.306+0200][0,984s] GC(0) User=0,01s Sys=0,00s Real=0,00s
[2023-07-28T15:18:34.479+0200][2,157s] GC(1) Pause Young (Normal) (G1 Evacuation Pause)
[2023-07-28T15:18:34.479+0200][2,157s] GC(1) Using 8 workers of 8 for evacuation
[2023-07-28T15:18:34.492+0200][2,170s] GC(1)   Pre Evacuate Collection Set: 0,1ms
[2023-07-28T15:18:34.492+0200][2,170s] GC(1)   Merge Heap Roots: 0,1ms
[2023-07-28T15:18:34.492+0200][2,170s] GC(1)   Evacuate Collection Set: 12,4ms
[2023-07-28T15:18:34.492+0200][2,170s] GC(1)   Post Evacuate Collection Set: 0,5ms
[2023-07-28T15:18:34.492+0200][2,170s] GC(1)   Other: 0,1ms
[2023-07-28T15:18:34.492+0200][2,170s] GC(1) Eden regions: 67->0(84)
[2023-07-28T15:18:34.492+0200][2,170s] GC(1) Survivor regions: 4->9(9)
[2023-07-28T15:18:34.492+0200][2,170s] GC(1) Old regions: 0->9
[2023-07-28T15:18:34.492+0200][2,170s] GC(1) Archive regions: 2->2
[2023-07-28T15:18:34.492+0200][2,170s] GC(1) Humongous regions: 4->4
[2023-07-28T15:18:34.492+0200][2,170s] GC(1) Metaspace: 18453K(18752K)->18453K(18752K) NonClass: 16288K(16448K)->16288K(16448K) Class: 2165K(2304K)->2165K(2304K)
[2023-07-28T15:18:34.493+0200][2,170s] GC(1) Pause Young (Normal) (G1 Evacuation Pause) 75M->22M(512M) 13,362ms
[2023-07-28T15:18:34.493+0200][2,170s] GC(1) User=0,03s Sys=0,02s Real=0,02s
[2023-07-28T15:18:34.838+0200][2,516s] GC(2) Pause Young (Concurrent Start) (Metadata GC Threshold)
[2023-07-28T15:18:34.838+0200][2,516s] GC(2) Using 8 workers of 8 for evacuation
[2023-07-28T15:18:34.847+0200][2,524s] GC(2)   Pre Evacuate Collection Set: 0,0ms
[2023-07-28T15:18:34.847+0200][2,524s] GC(2)   Merge Heap Roots: 0,1ms
[2023-07-28T15:18:34.847+0200][2,524s] GC(2)   Evacuate Collection Set: 8,1ms
[2023-07-28T15:18:34.847+0200][2,524s] GC(2)   Post Evacuate Collection Set: 0,3ms
[2023-07-28T15:18:34.847+0200][2,524s] GC(2)   Other: 0,2ms
[2023-07-28T15:18:34.847+0200][2,524s] GC(2) Eden regions: 23->0(136)
[2023-07-28T15:18:34.847+0200][2,524s] GC(2) Survivor regions: 9->2(11)
[2023-07-28T15:18:34.847+0200][2,524s] GC(2) Old regions: 9->18
[2023-07-28T15:18:34.847+0200][2,524s] GC(2) Archive regions: 2->2
[2023-07-28T15:18:34.847+0200][2,525s] GC(2) Humongous regions: 4->4
[2023-07-28T15:18:34.847+0200][2,525s] GC(2) Metaspace: 21187K(21504K)->21187K(21504K) NonClass: 18703K(18880K)->18703K(18880K) Class: 2483K(2624K)->2483K(2624K)
[2023-07-28T15:18:34.847+0200][2,525s] GC(2) Pause Young (Concurrent Start) (Metadata GC Threshold) 44M->24M(512M) 8,774ms
[2023-07-28T15:18:34.847+0200][2,525s] GC(2) User=0,03s Sys=0,01s Real=0,01s
[2023-07-28T15:18:34.847+0200][2,525s] GC(3) Concurrent Mark Cycle
[2023-07-28T15:18:34.847+0200][2,525s] GC(3) Concurrent Clear Claimed Marks
[2023-07-28T15:18:34.847+0200][2,525s] GC(3) Concurrent Clear Claimed Marks 0,017ms
[2023-07-28T15:18:34.847+0200][2,525s] GC(3) Concurrent Scan Root Regions
[2023-07-28T15:18:34.849+0200][2,527s] GC(3) Concurrent Scan Root Regions 2,636ms
[2023-07-28T15:18:34.850+0200][2,528s] GC(3) Concurrent Mark
[2023-07-28T15:18:34.850+0200][2,528s] GC(3) Concurrent Mark From Roots
[2023-07-28T15:18:34.850+0200][2,528s] GC(3) Using 2 workers of 2 for marking
[2023-07-28T15:18:34.854+0200][2,532s] GC(3) Concurrent Mark From Roots 4,895ms
[2023-07-28T15:18:34.855+0200][2,533s] GC(3) Concurrent Preclean
[2023-07-28T15:18:34.856+0200][2,534s] GC(3) Concurrent Preclean 0,904ms
[2023-07-28T15:18:34.856+0200][2,534s] GC(3) Pause Remark
[2023-07-28T15:18:34.866+0200][2,543s] GC(3) Pause Remark 24M->24M(512M) 9,595ms
[2023-07-28T15:18:34.866+0200][2,544s] GC(3) User=0,01s Sys=0,01s Real=0,01s
[2023-07-28T15:18:34.866+0200][2,544s] GC(3) Concurrent Mark 16,238ms
[2023-07-28T15:18:34.866+0200][2,544s] GC(3) Concurrent Rebuild Remembered Sets
[2023-07-28T15:18:34.870+0200][2,548s] GC(3) Concurrent Rebuild Remembered Sets 4,379ms
[2023-07-28T15:18:34.871+0200][2,549s] GC(3) Pause Cleanup
[2023-07-28T15:18:34.871+0200][2,549s] GC(3) Pause Cleanup 24M->24M(512M) 0,064ms
[2023-07-28T15:18:34.871+0200][2,549s] GC(3) User=0,00s Sys=0,00s Real=0,00s
[2023-07-28T15:18:34.871+0200][2,549s] GC(3) Concurrent Cleanup for Next Mark
[2023-07-28T15:18:34.872+0200][2,550s] GC(3) Concurrent Cleanup for Next Mark 0,711ms
[2023-07-28T15:18:34.872+0200][2,550s] GC(3) Concurrent Mark Cycle 25,300ms
[2023-07-28T15:18:36.879+0200][4,557s] GC(4) Pause Young (Concurrent Start) (Metadata GC Threshold)
[2023-07-28T15:18:36.879+0200][4,557s] GC(4) Using 8 workers of 8 for evacuation
[2023-07-28T15:18:36.884+0200][4,562s] GC(4)   Pre Evacuate Collection Set: 0,1ms
[2023-07-28T15:18:36.884+0200][4,562s] GC(4)   Merge Heap Roots: 0,1ms
[2023-07-28T15:18:36.884+0200][4,562s] GC(4)   Evacuate Collection Set: 4,0ms
[2023-07-28T15:18:36.884+0200][4,562s] GC(4)   Post Evacuate Collection Set: 0,3ms
[2023-07-28T15:18:36.884+0200][4,562s] GC(4)   Other: 0,1ms
[2023-07-28T15:18:36.884+0200][4,562s] GC(4) Eden regions: 111->0(299)
[2023-07-28T15:18:36.884+0200][4,562s] GC(4) Survivor regions: 2->8(18)
[2023-07-28T15:18:36.884+0200][4,562s] GC(4) Old regions: 18->18
[2023-07-28T15:18:36.884+0200][4,562s] GC(4) Archive regions: 2->2
[2023-07-28T15:18:36.884+0200][4,562s] GC(4) Humongous regions: 5->4
[2023-07-28T15:18:36.884+0200][4,562s] GC(4) Metaspace: 35611K(35968K)->35611K(35968K) NonClass: 31316K(31488K)->31316K(31488K) Class: 4295K(4480K)->4295K(4480K)
[2023-07-28T15:18:36.884+0200][4,562s] GC(4) Pause Young (Concurrent Start) (Metadata GC Threshold) 136M->29M(512M) 4,677ms
[2023-07-28T15:18:36.884+0200][4,562s] GC(4) User=0,02s Sys=0,00s Real=0,01s
[2023-07-28T15:18:36.884+0200][4,562s] GC(5) Concurrent Mark Cycle
[2023-07-28T15:18:36.884+0200][4,562s] GC(5) Concurrent Clear Claimed Marks
[2023-07-28T15:18:36.884+0200][4,562s] GC(5) Concurrent Clear Claimed Marks 0,014ms
[2023-07-28T15:18:36.884+0200][4,562s] GC(5) Concurrent Scan Root Regions
[2023-07-28T15:18:36.886+0200][4,564s] GC(5) Concurrent Scan Root Regions 1,863ms
[2023-07-28T15:18:36.886+0200][4,564s] GC(5) Concurrent Mark
[2023-07-28T15:18:36.886+0200][4,564s] GC(5) Concurrent Mark From Roots
[2023-07-28T15:18:36.886+0200][4,564s] GC(5) Using 2 workers of 2 for marking
[2023-07-28T15:18:36.894+0200][4,572s] GC(5) Concurrent Mark From Roots 8,451ms
[2023-07-28T15:18:36.894+0200][4,572s] GC(5) Concurrent Preclean
[2023-07-28T15:18:36.894+0200][4,572s] GC(5) Concurrent Preclean 0,046ms
[2023-07-28T15:18:36.895+0200][4,573s] GC(5) Pause Remark
[2023-07-28T15:18:36.906+0200][4,584s] GC(5) Pause Remark 31M->31M(512M) 11,649ms
[2023-07-28T15:18:36.906+0200][4,584s] GC(5) User=0,03s Sys=0,02s Real=0,01s
[2023-07-28T15:18:36.906+0200][4,584s] GC(5) Concurrent Mark 20,495ms
[2023-07-28T15:18:36.906+0200][4,584s] GC(5) Concurrent Rebuild Remembered Sets
[2023-07-28T15:18:36.912+0200][4,590s] GC(5) Concurrent Rebuild Remembered Sets 5,514ms
[2023-07-28T15:18:36.912+0200][4,590s] GC(5) Pause Cleanup
[2023-07-28T15:18:36.912+0200][4,590s] GC(5) Pause Cleanup 31M->31M(512M) 0,066ms
[2023-07-28T15:18:36.912+0200][4,590s] GC(5) User=0,00s Sys=0,00s Real=0,00s
[2023-07-28T15:18:36.912+0200][4,590s] GC(5) Concurrent Cleanup for Next Mark
[2023-07-28T15:18:36.913+0200][4,591s] GC(5) Concurrent Cleanup for Next Mark 0,660ms
[2023-07-28T15:18:36.913+0200][4,591s] GC(5) Concurrent Mark Cycle 29,195ms
[2023-07-28T15:18:49.937+0200][17,616s] GC(6) Pause Young (Prepare Mixed) (G1 Evacuation Pause)
[2023-07-28T15:18:49.938+0200][17,616s] GC(6) Using 8 workers of 8 for evacuation
[2023-07-28T15:18:49.959+0200][17,637s] GC(6)   Pre Evacuate Collection Set: 0,1ms
[2023-07-28T15:18:49.959+0200][17,637s] GC(6)   Merge Heap Roots: 0,1ms
[2023-07-28T15:18:49.959+0200][17,637s] GC(6)   Evacuate Collection Set: 19,7ms
[2023-07-28T15:18:49.959+0200][17,637s] GC(6)   Post Evacuate Collection Set: 0,8ms
[2023-07-28T15:18:49.959+0200][17,637s] GC(6)   Other: 0,4ms
[2023-07-28T15:18:49.959+0200][17,637s] GC(6) Eden regions: 299->0(1)
[2023-07-28T15:18:49.959+0200][17,637s] GC(6) Survivor regions: 8->35(39)
[2023-07-28T15:18:49.959+0200][17,637s] GC(6) Old regions: 18->18
[2023-07-28T15:18:49.959+0200][17,637s] GC(6) Archive regions: 2->2
[2023-07-28T15:18:49.959+0200][17,637s] GC(6) Humongous regions: 68->33
[2023-07-28T15:18:49.959+0200][17,637s] GC(6) Metaspace: 57412K(57984K)->57412K(57984K) NonClass: 50375K(50688K)->50375K(50688K) Class: 7037K(7296K)->7037K(7296K)
[2023-07-28T15:18:49.959+0200][17,637s] GC(6) Pause Young (Prepare Mixed) (G1 Evacuation Pause) 392M->85M(512M) 21,220ms
[2023-07-28T15:18:49.959+0200][17,637s] GC(6) User=0,07s Sys=0,04s Real=0,02s
[2023-07-28T15:18:50.064+0200][17,742s] GC(7) Pause Young (Mixed) (G1 Evacuation Pause)
[2023-07-28T15:18:50.064+0200][17,742s] GC(7) Using 8 workers of 8 for evacuation
[2023-07-28T15:18:50.078+0200][17,756s] GC(7)   Pre Evacuate Collection Set: 0,1ms
[2023-07-28T15:18:50.078+0200][17,756s] GC(7)   Merge Heap Roots: 0,0ms
[2023-07-28T15:18:50.078+0200][17,756s] GC(7)   Evacuate Collection Set: 13,6ms
[2023-07-28T15:18:50.078+0200][17,756s] GC(7)   Post Evacuate Collection Set: 0,5ms
[2023-07-28T15:18:50.078+0200][17,756s] GC(7)   Other: 0,1ms
[2023-07-28T15:18:50.078+0200][17,756s] GC(7) Eden regions: 1->0(278)
[2023-07-28T15:18:50.078+0200][17,756s] GC(7) Survivor regions: 35->3(5)
[2023-07-28T15:18:50.078+0200][17,756s] GC(7) Old regions: 18->51
[2023-07-28T15:18:50.078+0200][17,756s] GC(7) Archive regions: 2->2
[2023-07-28T15:18:50.078+0200][17,756s] GC(7) Humongous regions: 33->33
[2023-07-28T15:18:50.078+0200][17,756s] GC(7) Metaspace: 57412K(57984K)->57412K(57984K) NonClass: 50375K(50688K)->50375K(50688K) Class: 7037K(7296K)->7037K(7296K)
[2023-07-28T15:18:50.078+0200][17,756s] GC(7) Pause Young (Mixed) (G1 Evacuation Pause) 86M->87M(512M) 14,460ms
[2023-07-28T15:18:50.078+0200][17,756s] GC(7) User=0,05s Sys=0,02s Real=0,01s
[2023-07-28T15:19:21.972+0200][49,651s] GC(8) Pause Young (Concurrent Start) (G1 Humongous Allocation)
[2023-07-28T15:19:21.973+0200][49,652s] GC(8) Using 8 workers of 8 for evacuation
[2023-07-28T15:19:22.007+0200][49,685s] GC(8)   Pre Evacuate Collection Set: 0,2ms
[2023-07-28T15:19:22.007+0200][49,685s] GC(8)   Merge Heap Roots: 0,1ms
[2023-07-28T15:19:22.007+0200][49,685s] GC(8)   Evacuate Collection Set: 32,1ms
[2023-07-28T15:19:22.007+0200][49,685s] GC(8)   Post Evacuate Collection Set: 0,7ms
[2023-07-28T15:19:22.007+0200][49,685s] GC(8)   Other: 1,1ms
[2023-07-28T15:19:22.007+0200][49,685s] GC(8) Eden regions: 214->0(241)
[2023-07-28T15:19:22.007+0200][49,685s] GC(8) Survivor regions: 3->3(36)
[2023-07-28T15:19:22.007+0200][49,685s] GC(8) Old regions: 51->51
[2023-07-28T15:19:22.007+0200][49,685s] GC(8) Archive regions: 2->2
[2023-07-28T15:19:22.007+0200][49,685s] GC(8) Humongous regions: 177->109
[2023-07-28T15:19:22.007+0200][49,685s] GC(8) Metaspace: 58132K(58688K)->58132K(58688K) NonClass: 51058K(51392K)->51058K(51392K) Class: 7073K(7296K)->7073K(7296K)
[2023-07-28T15:19:22.007+0200][49,685s] GC(8) Pause Young (Concurrent Start) (G1 Humongous Allocation) 445M->163M(512M) 34,389ms
[2023-07-28T15:19:22.007+0200][49,685s] GC(8) User=0,02s Sys=0,08s Real=0,03s
[2023-07-28T15:19:22.007+0200][49,685s] GC(9) Concurrent Undo Cycle
[2023-07-28T15:19:22.007+0200][49,685s] GC(9) Concurrent Cleanup for Next Mark
[2023-07-28T15:19:22.009+0200][49,688s] GC(9) Concurrent Cleanup for Next Mark 2,746ms
[2023-07-28T15:19:22.010+0200][49,688s] GC(9) Concurrent Undo Cycle 2,814ms
[2023-07-28T15:19:22.030+0200][49,708s] GC(10) Pause Young (Concurrent Start) (G1 Humongous Allocation)
[2023-07-28T15:19:22.030+0200][49,708s] GC(10) Using 8 workers of 8 for evacuation
[2023-07-28T15:19:22.037+0200][49,715s] GC(10)   Pre Evacuate Collection Set: 0,1ms
[2023-07-28T15:19:22.037+0200][49,715s] GC(10)   Merge Heap Roots: 0,1ms
[2023-07-28T15:19:22.037+0200][49,715s] GC(10)   Evacuate Collection Set: 4,6ms
[2023-07-28T15:19:22.037+0200][49,715s] GC(10)   Post Evacuate Collection Set: 1,7ms
[2023-07-28T15:19:22.037+0200][49,715s] GC(10)   Other: 0,1ms
[2023-07-28T15:19:22.037+0200][49,715s] GC(10) Eden regions: 2->0(235)
[2023-07-28T15:19:22.037+0200][49,715s] GC(10) Survivor regions: 3->3(31)
[2023-07-28T15:19:22.037+0200][49,715s] GC(10) Old regions: 51->51
[2023-07-28T15:19:22.037+0200][49,715s] GC(10) Archive regions: 2->2
[2023-07-28T15:19:22.037+0200][49,715s] GC(10) Humongous regions: 175->132
[2023-07-28T15:19:22.037+0200][49,715s] GC(10) Metaspace: 58138K(58688K)->58138K(58688K) NonClass: 51064K(51392K)->51064K(51392K) Class: 7074K(7296K)->7074K(7296K)
[2023-07-28T15:19:22.037+0200][49,715s] GC(10) Pause Young (Concurrent Start) (G1 Humongous Allocation) 231M->186M(512M) 6,753ms
[2023-07-28T15:19:22.037+0200][49,715s] GC(10) User=0,01s Sys=0,01s Real=0,00s
[2023-07-28T15:19:22.037+0200][49,715s] GC(11) Concurrent Undo Cycle
[2023-07-28T15:19:22.037+0200][49,715s] GC(11) Concurrent Cleanup for Next Mark
[2023-07-28T15:19:22.037+0200][49,715s] GC(11) Concurrent Cleanup for Next Mark 0,350ms
[2023-07-28T15:19:22.037+0200][49,716s] GC(11) Concurrent Undo Cycle 0,402ms
[2023-07-28T15:19:22.066+0200][49,744s] GC(12) Pause Young (Concurrent Start) (G1 Humongous Allocation)
[2023-07-28T15:19:22.066+0200][49,744s] GC(12) Using 8 workers of 8 for evacuation
[2023-07-28T15:19:22.068+0200][49,746s] GC(12)   Pre Evacuate Collection Set: 0,2ms
[2023-07-28T15:19:22.068+0200][49,746s] GC(12)   Merge Heap Roots: 0,0ms
[2023-07-28T15:19:22.068+0200][49,747s] GC(12)   Evacuate Collection Set: 1,7ms
[2023-07-28T15:19:22.068+0200][49,747s] GC(12)   Post Evacuate Collection Set: 0,3ms
[2023-07-28T15:19:22.068+0200][49,747s] GC(12)   Other: 0,2ms
[2023-07-28T15:19:22.068+0200][49,747s] GC(12) Eden regions: 4->0(211)
[2023-07-28T15:19:22.068+0200][49,747s] GC(12) Survivor regions: 3->3(30)
[2023-07-28T15:19:22.068+0200][49,747s] GC(12) Old regions: 51->51
[2023-07-28T15:19:22.068+0200][49,747s] GC(12) Archive regions: 2->2
[2023-07-28T15:19:22.068+0200][49,747s] GC(12) Humongous regions: 175->165
[2023-07-28T15:19:22.068+0200][49,747s] GC(12) Metaspace: 58138K(58688K)->58138K(58688K) NonClass: 51064K(51392K)->51064K(51392K) Class: 7074K(7296K)->7074K(7296K)
[2023-07-28T15:19:22.068+0200][49,747s] GC(12) Pause Young (Concurrent Start) (G1 Humongous Allocation) 233M->219M(512M) 2,515ms
[2023-07-28T15:19:22.068+0200][49,747s] GC(12) User=0,01s Sys=0,00s Real=0,00s
[2023-07-28T15:19:22.068+0200][49,747s] GC(13) Concurrent Undo Cycle
[2023-07-28T15:19:22.068+0200][49,747s] GC(13) Concurrent Cleanup for Next Mark
[2023-07-28T15:19:22.069+0200][49,747s] GC(13) Concurrent Cleanup for Next Mark 0,757ms
[2023-07-28T15:19:22.069+0200][49,748s] GC(13) Concurrent Undo Cycle 0,976ms
[2023-07-28T15:19:22.075+0200][49,753s] GC(14) Pause Young (Concurrent Start) (G1 Humongous Allocation)
[2023-07-28T15:19:22.075+0200][49,754s] GC(14) Using 8 workers of 8 for evacuation
[2023-07-28T15:19:22.078+0200][49,756s] GC(14)   Pre Evacuate Collection Set: 0,1ms
[2023-07-28T15:19:22.078+0200][49,756s] GC(14)   Merge Heap Roots: 0,1ms
[2023-07-28T15:19:22.078+0200][49,756s] GC(14)   Evacuate Collection Set: 2,0ms
[2023-07-28T15:19:22.078+0200][49,756s] GC(14)   Post Evacuate Collection Set: 0,2ms
[2023-07-28T15:19:22.078+0200][49,756s] GC(14)   Other: 0,1ms
[2023-07-28T15:19:22.078+0200][49,756s] GC(14) Eden regions: 3->0(228)
[2023-07-28T15:19:22.078+0200][49,756s] GC(14) Survivor regions: 3->3(27)
[2023-07-28T15:19:22.078+0200][49,756s] GC(14) Old regions: 51->51
[2023-07-28T15:19:22.078+0200][49,756s] GC(14) Archive regions: 2->2
[2023-07-28T15:19:22.078+0200][49,756s] GC(14) Humongous regions: 173->153
[2023-07-28T15:19:22.078+0200][49,756s] GC(14) Metaspace: 58138K(58688K)->58138K(58688K) NonClass: 51064K(51392K)->51064K(51392K) Class: 7074K(7296K)->7074K(7296K)
[2023-07-28T15:19:22.078+0200][49,756s] GC(14) Pause Young (Concurrent Start) (G1 Humongous Allocation) 230M->207M(512M) 2,573ms
[2023-07-28T15:19:22.078+0200][49,756s] GC(14) User=0,01s Sys=0,00s Real=0,00s
[2023-07-28T15:19:22.078+0200][49,756s] GC(15) Concurrent Undo Cycle
[2023-07-28T15:19:22.078+0200][49,756s] GC(15) Concurrent Cleanup for Next Mark
[2023-07-28T15:19:22.078+0200][49,757s] GC(15) Concurrent Cleanup for Next Mark 0,456ms
[2023-07-28T15:19:22.078+0200][49,757s] GC(15) Concurrent Undo Cycle 0,591ms
[2023-07-28T15:19:22.082+0200][49,761s] GC(16) Pause Young (Concurrent Start) (G1 Humongous Allocation)
[2023-07-28T15:19:22.082+0200][49,761s] GC(16) Using 8 workers of 8 for evacuation
[2023-07-28T15:19:22.084+0200][49,763s] GC(16)   Pre Evacuate Collection Set: 0,1ms
[2023-07-28T15:19:22.084+0200][49,763s] GC(16)   Merge Heap Roots: 0,1ms
[2023-07-28T15:19:22.084+0200][49,763s] GC(16)   Evacuate Collection Set: 1,7ms
[2023-07-28T15:19:22.084+0200][49,763s] GC(16)   Post Evacuate Collection Set: 0,3ms
[2023-07-28T15:19:22.084+0200][49,763s] GC(16)   Other: 0,1ms
[2023-07-28T15:19:22.084+0200][49,763s] GC(16) Eden regions: 3->0(221)
[2023-07-28T15:19:22.084+0200][49,763s] GC(16) Survivor regions: 3->3(29)
[2023-07-28T15:19:22.084+0200][49,763s] GC(16) Old regions: 51->51
[2023-07-28T15:19:22.084+0200][49,763s] GC(16) Archive regions: 2->2
[2023-07-28T15:19:22.084+0200][49,763s] GC(16) Humongous regions: 174->165
[2023-07-28T15:19:22.084+0200][49,763s] GC(16) Metaspace: 58138K(58688K)->58138K(58688K) NonClass: 51064K(51392K)->51064K(51392K) Class: 7074K(7296K)->7074K(7296K)
[2023-07-28T15:19:22.084+0200][49,763s] GC(16) Pause Young (Concurrent Start) (G1 Humongous Allocation) 231M->219M(512M) 2,262ms
[2023-07-28T15:19:22.084+0200][49,763s] GC(16) User=0,01s Sys=0,01s Real=0,00s
[2023-07-28T15:19:22.084+0200][49,763s] GC(17) Concurrent Undo Cycle
[2023-07-28T15:19:22.084+0200][49,763s] GC(17) Concurrent Cleanup for Next Mark
[2023-07-28T15:19:22.085+0200][49,763s] GC(17) Concurrent Cleanup for Next Mark 0,397ms
[2023-07-28T15:19:22.085+0200][49,763s] GC(17) Concurrent Undo Cycle 0,446ms
[2023-07-28T15:19:22.092+0200][49,771s] GC(18) Pause Young (Concurrent Start) (G1 Humongous Allocation)
[2023-07-28T15:19:22.093+0200][49,771s] GC(18) Using 8 workers of 8 for evacuation
[2023-07-28T15:19:22.094+0200][49,773s] GC(18)   Pre Evacuate Collection Set: 0,1ms
[2023-07-28T15:19:22.095+0200][49,773s] GC(18)   Merge Heap Roots: 0,1ms
[2023-07-28T15:19:22.095+0200][49,773s] GC(18)   Evacuate Collection Set: 1,3ms
[2023-07-28T15:19:22.095+0200][49,773s] GC(18)   Post Evacuate Collection Set: 0,3ms
[2023-07-28T15:19:22.095+0200][49,773s] GC(18)   Other: 0,1ms
[2023-07-28T15:19:22.095+0200][49,773s] GC(18) Eden regions: 4->0(220)
[2023-07-28T15:19:22.095+0200][49,773s] GC(18) Survivor regions: 3->3(28)
[2023-07-28T15:19:22.095+0200][49,773s] GC(18) Old regions: 51->51
[2023-07-28T15:19:22.095+0200][49,773s] GC(18) Archive regions: 2->2
[2023-07-28T15:19:22.095+0200][49,773s] GC(18) Humongous regions: 175->169
[2023-07-28T15:19:22.095+0200][49,773s] GC(18) Metaspace: 58148K(58688K)->58148K(58688K) NonClass: 51073K(51392K)->51073K(51392K) Class: 7074K(7296K)->7074K(7296K)
[2023-07-28T15:19:22.095+0200][49,773s] GC(18) Pause Young (Concurrent Start) (G1 Humongous Allocation) 232M->223M(512M) 2,076ms
[2023-07-28T15:19:22.095+0200][49,773s] GC(18) User=0,01s Sys=0,00s Real=0,00s
[2023-07-28T15:19:22.095+0200][49,773s] GC(19) Concurrent Undo Cycle
[2023-07-28T15:19:22.095+0200][49,773s] GC(19) Concurrent Cleanup for Next Mark
[2023-07-28T15:19:22.095+0200][49,773s] GC(19) Concurrent Cleanup for Next Mark 0,385ms
[2023-07-28T15:19:22.095+0200][49,773s] GC(19) Concurrent Undo Cycle 0,474ms
[2023-07-28T15:19:22.104+0200][49,782s] GC(20) Pause Young (Concurrent Start) (G1 Humongous Allocation)
[2023-07-28T15:19:22.104+0200][49,782s] GC(20) Using 8 workers of 8 for evacuation
[2023-07-28T15:19:22.106+0200][49,785s] GC(20)   Pre Evacuate Collection Set: 0,2ms
[2023-07-28T15:19:22.106+0200][49,785s] GC(20)   Merge Heap Roots: 0,1ms
[2023-07-28T15:19:22.106+0200][49,785s] GC(20)   Evacuate Collection Set: 2,0ms
[2023-07-28T15:19:22.106+0200][49,785s] GC(20)   Post Evacuate Collection Set: 0,3ms
[2023-07-28T15:19:22.106+0200][49,785s] GC(20)   Other: 0,1ms
[2023-07-28T15:19:22.106+0200][49,785s] GC(20) Eden regions: 3->0(222)
[2023-07-28T15:19:22.106+0200][49,785s] GC(20) Survivor regions: 3->3(28)
[2023-07-28T15:19:22.106+0200][49,785s] GC(20) Old regions: 51->51
[2023-07-28T15:19:22.106+0200][49,785s] GC(20) Archive regions: 2->2
[2023-07-28T15:19:22.106+0200][49,785s] GC(20) Humongous regions: 176->170
[2023-07-28T15:19:22.106+0200][49,785s] GC(20) Metaspace: 58149K(58688K)->58149K(58688K) NonClass: 51074K(51392K)->51074K(51392K) Class: 7075K(7296K)->7075K(7296K)
[2023-07-28T15:19:22.106+0200][49,785s] GC(20) Pause Young (Concurrent Start) (G1 Humongous Allocation) 233M->224M(512M) 2,707ms
[2023-07-28T15:19:22.106+0200][49,785s] GC(20) User=0,01s Sys=0,00s Real=0,00s
[2023-07-28T15:19:22.106+0200][49,785s] GC(21) Concurrent Undo Cycle
[2023-07-28T15:19:22.106+0200][49,785s] GC(21) Concurrent Cleanup for Next Mark
[2023-07-28T15:19:22.107+0200][49,785s] GC(21) Concurrent Cleanup for Next Mark 0,329ms
[2023-07-28T15:19:22.107+0200][49,785s] GC(21) Concurrent Undo Cycle 0,359ms
[2023-07-28T15:19:22.122+0200][49,800s] GC(22) Pause Young (Concurrent Start) (G1 Humongous Allocation)
[2023-07-28T15:19:22.122+0200][49,800s] GC(22) Using 8 workers of 8 for evacuation
[2023-07-28T15:19:22.124+0200][49,803s] GC(22)   Pre Evacuate Collection Set: 0,1ms
[2023-07-28T15:19:22.124+0200][49,803s] GC(22)   Merge Heap Roots: 0,1ms
[2023-07-28T15:19:22.124+0200][49,803s] GC(22)   Evacuate Collection Set: 1,7ms
[2023-07-28T15:19:22.124+0200][49,803s] GC(22)   Post Evacuate Collection Set: 0,3ms
[2023-07-28T15:19:22.124+0200][49,803s] GC(22)   Other: 0,1ms
[2023-07-28T15:19:22.124+0200][49,803s] GC(22) Eden regions: 4->0(224)
[2023-07-28T15:19:22.124+0200][49,803s] GC(22) Survivor regions: 3->3(29)
[2023-07-28T15:19:22.124+0200][49,803s] GC(22) Old regions: 51->51
[2023-07-28T15:19:22.124+0200][49,803s] GC(22) Archive regions: 2->2
[2023-07-28T15:19:22.124+0200][49,803s] GC(22) Humongous regions: 173->170
[2023-07-28T15:19:22.124+0200][49,803s] GC(22) Metaspace: 58149K(58688K)->58149K(58688K) NonClass: 51074K(51392K)->51074K(51392K) Class: 7075K(7296K)->7075K(7296K)
[2023-07-28T15:19:22.124+0200][49,803s] GC(22) Pause Young (Concurrent Start) (G1 Humongous Allocation) 230M->224M(512M) 2,380ms
[2023-07-28T15:19:22.124+0200][49,803s] GC(22) User=0,01s Sys=0,00s Real=0,00s
[2023-07-28T15:19:22.124+0200][49,803s] GC(23) Concurrent Undo Cycle
[2023-07-28T15:19:22.124+0200][49,803s] GC(23) Concurrent Cleanup for Next Mark
[2023-07-28T15:19:22.125+0200][49,803s] GC(23) Concurrent Cleanup for Next Mark 0,260ms
[2023-07-28T15:19:22.125+0200][49,803s] GC(23) Concurrent Undo Cycle 0,292ms
[2023-07-28T15:19:22.131+0200][49,809s] GC(24) Pause Young (Concurrent Start) (G1 Humongous Allocation)
[2023-07-28T15:19:22.131+0200][49,809s] GC(24) Using 8 workers of 8 for evacuation
[2023-07-28T15:19:22.133+0200][49,811s] GC(24)   Pre Evacuate Collection Set: 0,1ms
[2023-07-28T15:19:22.133+0200][49,811s] GC(24)   Merge Heap Roots: 0,1ms
[2023-07-28T15:19:22.133+0200][49,811s] GC(24)   Evacuate Collection Set: 1,3ms
[2023-07-28T15:19:22.133+0200][49,811s] GC(24)   Post Evacuate Collection Set: 0,3ms
[2023-07-28T15:19:22.133+0200][49,811s] GC(24)   Other: 0,1ms
[2023-07-28T15:19:22.133+0200][49,811s] GC(24) Eden regions: 4->0(224)
[2023-07-28T15:19:22.133+0200][49,811s] GC(24) Survivor regions: 3->3(29)
[2023-07-28T15:19:22.133+0200][49,811s] GC(24) Old regions: 51->51
[2023-07-28T15:19:22.133+0200][49,811s] GC(24) Archive regions: 2->2
[2023-07-28T15:19:22.133+0200][49,811s] GC(24) Humongous regions: 175->172
[2023-07-28T15:19:22.133+0200][49,811s] GC(24) Metaspace: 58149K(58688K)->58149K(58688K) NonClass: 51074K(51392K)->51074K(51392K) Class: 7075K(7296K)->7075K(7296K)
[2023-07-28T15:19:22.133+0200][49,811s] GC(24) Pause Young (Concurrent Start) (G1 Humongous Allocation) 233M->226M(512M) 2,043ms
[2023-07-28T15:19:22.133+0200][49,811s] GC(24) User=0,01s Sys=0,00s Real=0,00s
[2023-07-28T15:19:22.133+0200][49,811s] GC(25) Concurrent Undo Cycle
[2023-07-28T15:19:22.133+0200][49,811s] GC(25) Concurrent Cleanup for Next Mark
[2023-07-28T15:19:22.133+0200][49,811s] GC(25) Concurrent Cleanup for Next Mark 0,254ms
[2023-07-28T15:19:22.133+0200][49,811s] GC(25) Concurrent Undo Cycle 0,300ms
[2023-07-28T15:19:22.141+0200][49,820s] GC(26) Pause Young (Concurrent Start) (G1 Humongous Allocation)
[2023-07-28T15:19:22.141+0200][49,820s] GC(26) Using 8 workers of 8 for evacuation
[2023-07-28T15:19:22.143+0200][49,822s] GC(26)   Pre Evacuate Collection Set: 0,1ms
[2023-07-28T15:19:22.143+0200][49,822s] GC(26)   Merge Heap Roots: 0,1ms
[2023-07-28T15:19:22.143+0200][49,822s] GC(26)   Evacuate Collection Set: 1,2ms
[2023-07-28T15:19:22.143+0200][49,822s] GC(26)   Post Evacuate Collection Set: 0,3ms
[2023-07-28T15:19:22.143+0200][49,822s] GC(26)   Other: 0,1ms
[2023-07-28T15:19:22.143+0200][49,822s] GC(26) Eden regions: 4->0(221)
[2023-07-28T15:19:22.143+0200][49,822s] GC(26) Survivor regions: 3->3(29)
[2023-07-28T15:19:22.143+0200][49,822s] GC(26) Old regions: 51->51
[2023-07-28T15:19:22.143+0200][49,822s] GC(26) Archive regions: 2->2
[2023-07-28T15:19:22.143+0200][49,822s] GC(26) Humongous regions: 181->176
[2023-07-28T15:19:22.143+0200][49,822s] GC(26) Metaspace: 58149K(58688K)->58149K(58688K) NonClass: 51074K(51392K)->51074K(51392K) Class: 7075K(7296K)->7075K(7296K)
[2023-07-28T15:19:22.143+0200][49,822s] GC(26) Pause Young (Concurrent Start) (G1 Humongous Allocation) 239M->230M(512M) 1,922ms
[2023-07-28T15:19:22.143+0200][49,822s] GC(26) User=0,00s Sys=0,00s Real=0,00s
[2023-07-28T15:19:22.143+0200][49,822s] GC(27) Concurrent Undo Cycle
[2023-07-28T15:19:22.143+0200][49,822s] GC(27) Concurrent Cleanup for Next Mark
[2023-07-28T15:19:22.150+0200][49,828s] GC(27) Concurrent Cleanup for Next Mark 6,713ms
[2023-07-28T15:19:22.150+0200][49,828s] GC(27) Concurrent Undo Cycle 6,809ms
[2023-07-28T15:19:22.162+0200][49,840s] GC(28) Pause Young (Concurrent Start) (G1 Humongous Allocation)
[2023-07-28T15:19:22.162+0200][49,840s] GC(28) Using 8 workers of 8 for evacuation
[2023-07-28T15:19:22.164+0200][49,842s] GC(28)   Pre Evacuate Collection Set: 0,1ms
[2023-07-28T15:19:22.164+0200][49,842s] GC(28)   Merge Heap Roots: 0,1ms
[2023-07-28T15:19:22.164+0200][49,842s] GC(28)   Evacuate Collection Set: 1,4ms
[2023-07-28T15:19:22.164+0200][49,842s] GC(28)   Post Evacuate Collection Set: 0,3ms
[2023-07-28T15:19:22.164+0200][49,842s] GC(28)   Other: 0,1ms
[2023-07-28T15:19:22.164+0200][49,842s] GC(28) Eden regions: 5->0(212)
[2023-07-28T15:19:22.164+0200][49,842s] GC(28) Survivor regions: 3->3(28)
[2023-07-28T15:19:22.164+0200][49,842s] GC(28) Old regions: 51->51
[2023-07-28T15:19:22.164+0200][49,842s] GC(28) Archive regions: 2->2
[2023-07-28T15:19:22.164+0200][49,842s] GC(28) Humongous regions: 198->186
[2023-07-28T15:19:22.164+0200][49,842s] GC(28) Metaspace: 58149K(58688K)->58149K(58688K) NonClass: 51074K(51392K)->51074K(51392K) Class: 7075K(7296K)->7075K(7296K)
[2023-07-28T15:19:22.164+0200][49,842s] GC(28) Pause Young (Concurrent Start) (G1 Humongous Allocation) 257M->240M(512M) 2,033ms
[2023-07-28T15:19:22.164+0200][49,842s] GC(28) User=0,01s Sys=0,00s Real=0,00s
[2023-07-28T15:19:22.164+0200][49,842s] GC(29) Concurrent Mark Cycle
[2023-07-28T15:19:22.164+0200][49,842s] GC(29) Concurrent Clear Claimed Marks
[2023-07-28T15:19:22.164+0200][49,842s] GC(29) Concurrent Clear Claimed Marks 0,015ms
[2023-07-28T15:19:22.164+0200][49,842s] GC(29) Concurrent Scan Root Regions
[2023-07-28T15:19:22.166+0200][49,844s] GC(29) Concurrent Scan Root Regions 1,908ms
[2023-07-28T15:19:22.166+0200][49,844s] GC(29) Concurrent Mark
[2023-07-28T15:19:22.166+0200][49,844s] GC(29) Concurrent Mark From Roots
[2023-07-28T15:19:22.166+0200][49,844s] GC(29) Using 2 workers of 2 for marking
[2023-07-28T15:19:22.229+0200][49,907s] GC(29) Concurrent Mark From Roots 62,925ms
[2023-07-28T15:19:22.229+0200][49,907s] GC(29) Concurrent Preclean
[2023-07-28T15:19:22.229+0200][49,908s] GC(29) Concurrent Preclean 0,218ms
[2023-07-28T15:19:22.233+0200][49,911s] GC(29) Pause Remark
[2023-07-28T15:19:22.268+0200][49,946s] GC(29) Pause Remark 403M->374M(512M) 34,969ms
[2023-07-28T15:19:22.268+0200][49,946s] GC(29) User=0,05s Sys=0,09s Real=0,03s
[2023-07-28T15:19:22.268+0200][49,946s] GC(29) Concurrent Mark 102,125ms
[2023-07-28T15:19:22.268+0200][49,946s] GC(29) Concurrent Rebuild Remembered Sets
[2023-07-28T15:19:22.284+0200][49,962s] GC(29) Concurrent Rebuild Remembered Sets 15,889ms
[2023-07-28T15:19:22.287+0200][49,966s] GC(29) Pause Cleanup
[2023-07-28T15:19:22.287+0200][49,966s] GC(29) Pause Cleanup 388M->388M(512M) 0,084ms
[2023-07-28T15:19:22.287+0200][49,966s] GC(29) User=0,00s Sys=0,00s Real=0,00s
[2023-07-28T15:19:22.287+0200][49,966s] GC(29) Concurrent Cleanup for Next Mark
[2023-07-28T15:19:22.298+0200][49,976s] GC(29) Concurrent Cleanup for Next Mark 10,702ms
[2023-07-28T15:19:22.298+0200][49,976s] GC(29) Concurrent Mark Cycle 134,195ms
[2023-07-28T15:19:22.314+0200][49,992s] GC(30) Pause Young (Concurrent Start) (G1 Humongous Allocation)
[2023-07-28T15:19:22.314+0200][49,992s] GC(30) Using 8 workers of 8 for evacuation
[2023-07-28T15:19:22.316+0200][49,994s] GC(30)   Pre Evacuate Collection Set: 0,1ms
[2023-07-28T15:19:22.316+0200][49,994s] GC(30)   Merge Heap Roots: 0,0ms
[2023-07-28T15:19:22.316+0200][49,994s] GC(30)   Evacuate Collection Set: 1,7ms
[2023-07-28T15:19:22.316+0200][49,994s] GC(30)   Post Evacuate Collection Set: 0,3ms
[2023-07-28T15:19:22.316+0200][49,994s] GC(30)   Other: 0,1ms
[2023-07-28T15:19:22.316+0200][49,994s] GC(30) Eden regions: 5->0(158)
[2023-07-28T15:19:22.316+0200][49,994s] GC(30) Survivor regions: 3->3(27)
[2023-07-28T15:19:22.316+0200][49,994s] GC(30) Old regions: 51->51
[2023-07-28T15:19:22.316+0200][49,994s] GC(30) Archive regions: 2->2
[2023-07-28T15:19:22.316+0200][49,994s] GC(30) Humongous regions: 330->242
[2023-07-28T15:19:22.316+0200][49,994s] GC(30) Metaspace: 58087K(58688K)->58087K(58688K) NonClass: 51028K(51392K)->51028K(51392K) Class: 7059K(7296K)->7059K(7296K)
[2023-07-28T15:19:22.316+0200][49,994s] GC(30) Pause Young (Concurrent Start) (G1 Humongous Allocation) 388M->296M(512M) 2,389ms
[2023-07-28T15:19:22.316+0200][49,994s] GC(30) User=0,00s Sys=0,00s Real=0,00s
[2023-07-28T15:19:22.316+0200][49,995s] GC(31) Concurrent Mark Cycle
[2023-07-28T15:19:22.316+0200][49,995s] GC(31) Concurrent Clear Claimed Marks
[2023-07-28T15:19:22.316+0200][49,995s] GC(31) Concurrent Clear Claimed Marks 0,017ms
[2023-07-28T15:19:22.316+0200][49,995s] GC(31) Concurrent Scan Root Regions
[2023-07-28T15:19:22.317+0200][49,996s] GC(31) Concurrent Scan Root Regions 0,974ms
[2023-07-28T15:19:22.317+0200][49,996s] GC(31) Concurrent Mark
[2023-07-28T15:19:22.317+0200][49,996s] GC(31) Concurrent Mark From Roots
[2023-07-28T15:19:22.317+0200][49,996s] GC(31) Using 2 workers of 2 for marking
[2023-07-28T15:19:22.338+0200][50,016s] GC(31) Concurrent Mark From Roots 20,439ms
[2023-07-28T15:19:22.339+0200][50,018s] GC(31) Concurrent Preclean
[2023-07-28T15:19:22.339+0200][50,018s] GC(31) Concurrent Preclean 0,227ms
[2023-07-28T15:19:22.340+0200][50,018s] GC(31) Pause Remark
[2023-07-28T15:19:22.345+0200][50,023s] GC(31) Pause Remark 369M->369M(512M) 5,055ms
[2023-07-28T15:19:22.345+0200][50,023s] GC(31) User=0,01s Sys=0,01s Real=0,00s
[2023-07-28T15:19:22.345+0200][50,023s] GC(31) Concurrent Mark 27,679ms
[2023-07-28T15:19:22.345+0200][50,023s] GC(31) Concurrent Rebuild Remembered Sets
[2023-07-28T15:19:22.356+0200][50,034s] GC(31) Concurrent Rebuild Remembered Sets 11,101ms
[2023-07-28T15:19:22.357+0200][50,035s] GC(31) Pause Cleanup
[2023-07-28T15:19:22.357+0200][50,035s] GC(31) Pause Cleanup 369M->369M(512M) 0,122ms
[2023-07-28T15:19:22.357+0200][50,035s] GC(31) User=0,00s Sys=0,00s Real=0,00s
[2023-07-28T15:19:22.357+0200][50,035s] GC(31) Concurrent Cleanup for Next Mark
[2023-07-28T15:19:22.357+0200][50,035s] GC(31) Concurrent Cleanup for Next Mark 0,210ms
[2023-07-28T15:19:22.357+0200][50,035s] GC(31) Concurrent Mark Cycle 40,897ms
[2023-07-28T15:19:22.377+0200][50,056s] GC(32) Pause Young (Concurrent Start) (G1 Humongous Allocation)
[2023-07-28T15:19:22.377+0200][50,056s] GC(32) Using 8 workers of 8 for evacuation
[2023-07-28T15:19:22.380+0200][50,058s] GC(32)   Pre Evacuate Collection Set: 0,1ms
[2023-07-28T15:19:22.380+0200][50,059s] GC(32)   Merge Heap Roots: 0,0ms
[2023-07-28T15:19:22.380+0200][50,059s] GC(32)   Evacuate Collection Set: 2,1ms
[2023-07-28T15:19:22.380+0200][50,059s] GC(32)   Post Evacuate Collection Set: 0,3ms
[2023-07-28T15:19:22.380+0200][50,059s] GC(32)   Other: 0,1ms
[2023-07-28T15:19:22.380+0200][50,059s] GC(32) Eden regions: 4->0(134)
[2023-07-28T15:19:22.380+0200][50,059s] GC(32) Survivor regions: 3->3(21)
[2023-07-28T15:19:22.380+0200][50,059s] GC(32) Old regions: 51->51
[2023-07-28T15:19:22.380+0200][50,059s] GC(32) Archive regions: 2->2
[2023-07-28T15:19:22.380+0200][50,059s] GC(32) Humongous regions: 312->267
[2023-07-28T15:19:22.380+0200][50,059s] GC(32) Metaspace: 58108K(58688K)->58108K(58688K) NonClass: 51041K(51392K)->51041K(51392K) Class: 7066K(7296K)->7066K(7296K)
[2023-07-28T15:19:22.380+0200][50,059s] GC(32) Pause Young (Concurrent Start) (G1 Humongous Allocation) 369M->321M(512M) 2,725ms
[2023-07-28T15:19:22.380+0200][50,059s] GC(32) User=0,01s Sys=0,00s Real=0,01s
[2023-07-28T15:19:22.380+0200][50,059s] GC(33) Concurrent Mark Cycle
[2023-07-28T15:19:22.380+0200][50,059s] GC(33) Concurrent Clear Claimed Marks
[2023-07-28T15:19:22.380+0200][50,059s] GC(33) Concurrent Clear Claimed Marks 0,029ms
[2023-07-28T15:19:22.380+0200][50,059s] GC(33) Concurrent Scan Root Regions
[2023-07-28T15:19:22.381+0200][50,059s] GC(33) Concurrent Scan Root Regions 0,790ms
[2023-07-28T15:19:22.381+0200][50,059s] GC(33) Concurrent Mark
[2023-07-28T15:19:22.381+0200][50,060s] GC(33) Concurrent Mark From Roots
[2023-07-28T15:19:22.381+0200][50,060s] GC(33) Using 2 workers of 2 for marking
[2023-07-28T15:19:22.401+0200][50,079s] GC(33) Concurrent Mark From Roots 19,868ms
[2023-07-28T15:19:22.401+0200][50,079s] GC(33) Concurrent Preclean
[2023-07-28T15:19:22.401+0200][50,080s] GC(33) Concurrent Preclean 0,126ms
[2023-07-28T15:19:22.402+0200][50,080s] GC(33) Pause Remark
[2023-07-28T15:19:22.407+0200][50,086s] GC(33) Pause Remark 353M->353M(512M) 5,656ms
[2023-07-28T15:19:22.408+0200][50,086s] GC(33) User=0,02s Sys=0,01s Real=0,00s
[2023-07-28T15:19:22.408+0200][50,086s] GC(33) Concurrent Mark 26,489ms
[2023-07-28T15:19:22.408+0200][50,086s] GC(33) Concurrent Rebuild Remembered Sets
[2023-07-28T15:19:22.419+0200][50,097s] GC(33) Concurrent Rebuild Remembered Sets 11,199ms
[2023-07-28T15:19:22.491+0200][50,169s] GC(33) Pause Cleanup
[2023-07-28T15:19:22.491+0200][50,169s] GC(33) Pause Cleanup 386M->386M(512M) 0,170ms
[2023-07-28T15:19:22.491+0200][50,169s] GC(33) User=0,00s Sys=0,00s Real=0,00s
[2023-07-28T15:19:22.491+0200][50,169s] GC(33) Concurrent Cleanup for Next Mark
[2023-07-28T15:19:22.492+0200][50,170s] GC(33) Concurrent Cleanup for Next Mark 0,816ms
[2023-07-28T15:19:22.492+0200][50,170s] GC(33) Concurrent Mark Cycle 111,451ms
[2023-07-28T15:19:22.516+0200][50,194s] GC(34) Pause Young (Concurrent Start) (G1 Humongous Allocation)
[2023-07-28T15:19:22.516+0200][50,194s] GC(34) Using 8 workers of 8 for evacuation
[2023-07-28T15:19:22.518+0200][50,196s] GC(34)   Pre Evacuate Collection Set: 0,1ms
[2023-07-28T15:19:22.518+0200][50,196s] GC(34)   Merge Heap Roots: 0,1ms
[2023-07-28T15:19:22.518+0200][50,196s] GC(34)   Evacuate Collection Set: 1,7ms
[2023-07-28T15:19:22.518+0200][50,196s] GC(34)   Post Evacuate Collection Set: 0,3ms
[2023-07-28T15:19:22.518+0200][50,196s] GC(34)   Other: 0,1ms
[2023-07-28T15:19:22.518+0200][50,196s] GC(34) Eden regions: 3->0(105)
[2023-07-28T15:19:22.518+0200][50,196s] GC(34) Survivor regions: 3->3(18)
[2023-07-28T15:19:22.518+0200][50,196s] GC(34) Old regions: 51->51
[2023-07-28T15:19:22.518+0200][50,196s] GC(34) Archive regions: 2->2
[2023-07-28T15:19:22.518+0200][50,196s] GC(34) Humongous regions: 329->296
[2023-07-28T15:19:22.518+0200][50,196s] GC(34) Metaspace: 58118K(58688K)->58118K(58688K) NonClass: 51048K(51392K)->51048K(51392K) Class: 7069K(7296K)->7069K(7296K)
[2023-07-28T15:19:22.518+0200][50,197s] GC(34) Pause Young (Concurrent Start) (G1 Humongous Allocation) 386M->350M(512M) 2,492ms
[2023-07-28T15:19:22.518+0200][50,197s] GC(34) User=0,01s Sys=0,01s Real=0,00s
[2023-07-28T15:19:22.518+0200][50,197s] GC(35) Concurrent Mark Cycle
[2023-07-28T15:19:22.518+0200][50,197s] GC(35) Concurrent Clear Claimed Marks
[2023-07-28T15:19:22.518+0200][50,197s] GC(35) Concurrent Clear Claimed Marks 0,013ms
[2023-07-28T15:19:22.518+0200][50,197s] GC(35) Concurrent Scan Root Regions
[2023-07-28T15:19:22.519+0200][50,197s] GC(35) Concurrent Scan Root Regions 0,686ms
[2023-07-28T15:19:22.519+0200][50,197s] GC(35) Concurrent Mark
[2023-07-28T15:19:22.519+0200][50,197s] GC(35) Concurrent Mark From Roots
[2023-07-28T15:19:22.519+0200][50,197s] GC(35) Using 2 workers of 2 for marking
[2023-07-28T15:19:22.539+0200][50,218s] GC(35) Concurrent Mark From Roots 20,218ms
[2023-07-28T15:19:22.539+0200][50,218s] GC(35) Concurrent Preclean
[2023-07-28T15:19:22.539+0200][50,218s] GC(35) Concurrent Preclean 0,134ms
[2023-07-28T15:19:22.547+0200][50,225s] GC(35) Pause Remark
[2023-07-28T15:19:22.553+0200][50,231s] GC(35) Pause Remark 426M->426M(512M) 5,837ms
[2023-07-28T15:19:22.553+0200][50,231s] GC(35) User=0,01s Sys=0,01s Real=0,01s
[2023-07-28T15:19:22.553+0200][50,231s] GC(35) Concurrent Mark 33,882ms
[2023-07-28T15:19:22.553+0200][50,231s] GC(35) Concurrent Rebuild Remembered Sets
[2023-07-28T15:19:22.564+0200][50,242s] GC(35) Concurrent Rebuild Remembered Sets 11,116ms
[2023-07-28T15:19:22.565+0200][50,243s] GC(35) Pause Cleanup
[2023-07-28T15:19:22.565+0200][50,243s] GC(35) Pause Cleanup 426M->426M(512M) 0,100ms
[2023-07-28T15:19:22.565+0200][50,243s] GC(35) User=0,00s Sys=0,00s Real=0,00s
[2023-07-28T15:19:22.565+0200][50,243s] GC(35) Concurrent Cleanup for Next Mark
[2023-07-28T15:19:22.565+0200][50,243s] GC(35) Concurrent Cleanup for Next Mark 0,235ms
[2023-07-28T15:19:22.565+0200][50,243s] GC(35) Concurrent Mark Cycle 46,919ms
[2023-07-28T15:19:22.580+0200][50,258s] GC(36) Pause Young (Concurrent Start) (G1 Humongous Allocation)
[2023-07-28T15:19:22.580+0200][50,258s] GC(36) Using 8 workers of 8 for evacuation
[2023-07-28T15:19:22.582+0200][50,261s] GC(36)   Pre Evacuate Collection Set: 0,1ms
[2023-07-28T15:19:22.582+0200][50,261s] GC(36)   Merge Heap Roots: 0,0ms
[2023-07-28T15:19:22.582+0200][50,261s] GC(36)   Evacuate Collection Set: 1,7ms
[2023-07-28T15:19:22.582+0200][50,261s] GC(36)   Post Evacuate Collection Set: 0,3ms
[2023-07-28T15:19:22.582+0200][50,261s] GC(36)   Other: 0,1ms
[2023-07-28T15:19:22.582+0200][50,261s] GC(36) Eden regions: 2->0(77)
[2023-07-28T15:19:22.582+0200][50,261s] GC(36) Survivor regions: 3->3(14)
[2023-07-28T15:19:22.582+0200][50,261s] GC(36) Old regions: 51->51
[2023-07-28T15:19:22.582+0200][50,261s] GC(36) Archive regions: 2->2
[2023-07-28T15:19:22.582+0200][50,261s] GC(36) Humongous regions: 370->324
[2023-07-28T15:19:22.582+0200][50,261s] GC(36) Metaspace: 58121K(58688K)->58121K(58688K) NonClass: 51050K(51392K)->51050K(51392K) Class: 7070K(7296K)->7070K(7296K)
[2023-07-28T15:19:22.582+0200][50,261s] GC(36) Pause Young (Concurrent Start) (G1 Humongous Allocation) 426M->378M(512M) 2,328ms
[2023-07-28T15:19:22.582+0200][50,261s] GC(36) User=0,01s Sys=0,00s Real=0,00s
[2023-07-28T15:19:22.582+0200][50,261s] GC(37) Concurrent Mark Cycle
[2023-07-28T15:19:22.582+0200][50,261s] GC(37) Concurrent Clear Claimed Marks
[2023-07-28T15:19:22.582+0200][50,261s] GC(37) Concurrent Clear Claimed Marks 0,016ms
[2023-07-28T15:19:22.582+0200][50,261s] GC(37) Concurrent Scan Root Regions
[2023-07-28T15:19:22.583+0200][50,261s] GC(37) Concurrent Scan Root Regions 0,709ms
[2023-07-28T15:19:22.583+0200][50,261s] GC(37) Concurrent Mark
[2023-07-28T15:19:22.583+0200][50,262s] GC(37) Concurrent Mark From Roots
[2023-07-28T15:19:22.583+0200][50,262s] GC(37) Using 2 workers of 2 for marking
[2023-07-28T15:19:22.604+0200][50,282s] GC(37) Concurrent Mark From Roots 20,391ms
[2023-07-28T15:19:22.604+0200][50,282s] GC(37) Concurrent Preclean
[2023-07-28T15:19:22.604+0200][50,282s] GC(37) Concurrent Preclean 0,181ms
[2023-07-28T15:19:22.604+0200][50,282s] GC(37) Pause Remark
[2023-07-28T15:19:22.609+0200][50,287s] GC(37) Pause Remark 431M->431M(512M) 4,834ms
[2023-07-28T15:19:22.609+0200][50,287s] GC(37) User=0,01s Sys=0,01s Real=0,00s
[2023-07-28T15:19:22.609+0200][50,287s] GC(37) Concurrent Mark 25,870ms
[2023-07-28T15:19:22.609+0200][50,287s] GC(37) Concurrent Rebuild Remembered Sets
[2023-07-28T15:19:22.619+0200][50,298s] GC(38) Pause Young (Normal) (G1 Humongous Allocation)
[2023-07-28T15:19:22.620+0200][50,298s] GC(38) Using 8 workers of 8 for evacuation
[2023-07-28T15:19:22.622+0200][50,301s] GC(38)   Pre Evacuate Collection Set: 0,1ms
[2023-07-28T15:19:22.623+0200][50,301s] GC(38)   Merge Heap Roots: 0,1ms
[2023-07-28T15:19:22.623+0200][50,301s] GC(38)   Evacuate Collection Set: 2,4ms
[2023-07-28T15:19:22.623+0200][50,301s] GC(38)   Post Evacuate Collection Set: 0,3ms
[2023-07-28T15:19:22.623+0200][50,301s] GC(38)   Other: 0,1ms
[2023-07-28T15:19:22.623+0200][50,301s] GC(38) Eden regions: 2->0(42)
[2023-07-28T15:19:22.623+0200][50,301s] GC(38) Survivor regions: 3->1(10)
[2023-07-28T15:19:22.623+0200][50,301s] GC(38) Old regions: 51->54
[2023-07-28T15:19:22.623+0200][50,301s] GC(38) Archive regions: 2->2
[2023-07-28T15:19:22.623+0200][50,301s] GC(38) Humongous regions: 395->360
[2023-07-28T15:19:22.623+0200][50,301s] GC(38) Metaspace: 58121K(58688K)->58121K(58688K) NonClass: 51050K(51392K)->51050K(51392K) Class: 7070K(7296K)->7070K(7296K)
[2023-07-28T15:19:22.623+0200][50,301s] GC(38) Pause Young (Normal) (G1 Humongous Allocation) 450M->415M(512M) 3,071ms
[2023-07-28T15:19:22.623+0200][50,301s] GC(38) User=0,01s Sys=0,00s Real=0,01s
[2023-07-28T15:19:22.627+0200][50,306s] GC(37) Concurrent Rebuild Remembered Sets 18,175ms
[2023-07-28T15:19:22.627+0200][50,306s] GC(37) Pause Cleanup
[2023-07-28T15:19:22.628+0200][50,306s] GC(37) Pause Cleanup 423M->423M(512M) 0,088ms
[2023-07-28T15:19:22.628+0200][50,306s] GC(37) User=0,00s Sys=0,00s Real=0,00s
[2023-07-28T15:19:22.628+0200][50,306s] GC(37) Concurrent Cleanup for Next Mark
[2023-07-28T15:19:22.628+0200][50,306s] GC(37) Concurrent Cleanup for Next Mark 0,213ms
[2023-07-28T15:19:22.628+0200][50,306s] GC(37) Concurrent Mark Cycle 45,493ms
[2023-07-28T15:19:22.639+0200][50,318s] GC(39) Pause Young (Concurrent Start) (G1 Humongous Allocation)
[2023-07-28T15:19:22.639+0200][50,318s] GC(39) Using 8 workers of 8 for evacuation
[2023-07-28T15:19:22.641+0200][50,319s] GC(39)   Pre Evacuate Collection Set: 0,2ms
[2023-07-28T15:19:22.641+0200][50,319s] GC(39)   Merge Heap Roots: 0,1ms
[2023-07-28T15:19:22.641+0200][50,319s] GC(39)   Evacuate Collection Set: 0,8ms
[2023-07-28T15:19:22.641+0200][50,319s] GC(39)   Post Evacuate Collection Set: 0,2ms
[2023-07-28T15:19:22.641+0200][50,319s] GC(39)   Other: 0,1ms
[2023-07-28T15:19:22.641+0200][50,319s] GC(39) Eden regions: 1->0(32)
[2023-07-28T15:19:22.641+0200][50,319s] GC(39) Survivor regions: 1->1(6)
[2023-07-28T15:19:22.641+0200][50,319s] GC(39) Old regions: 54->54
[2023-07-28T15:19:22.641+0200][50,319s] GC(39) Archive regions: 2->2
[2023-07-28T15:19:22.641+0200][50,319s] GC(39) Humongous regions: 368->368
[2023-07-28T15:19:22.641+0200][50,319s] GC(39) Metaspace: 58137K(58688K)->58137K(58688K) NonClass: 51065K(51392K)->51065K(51392K) Class: 7071K(7296K)->7071K(7296K)
[2023-07-28T15:19:22.641+0200][50,319s] GC(39) Pause Young (Concurrent Start) (G1 Humongous Allocation) 423M->422M(512M) 1,464ms
[2023-07-28T15:19:22.641+0200][50,319s] GC(39) User=0,00s Sys=0,00s Real=0,01s
[2023-07-28T15:19:22.641+0200][50,319s] GC(40) Concurrent Mark Cycle
[2023-07-28T15:19:22.641+0200][50,319s] GC(40) Concurrent Clear Claimed Marks
[2023-07-28T15:19:22.641+0200][50,319s] GC(40) Concurrent Clear Claimed Marks 0,008ms
[2023-07-28T15:19:22.641+0200][50,319s] GC(40) Concurrent Scan Root Regions
[2023-07-28T15:19:22.641+0200][50,320s] GC(40) Concurrent Scan Root Regions 0,333ms
[2023-07-28T15:19:22.641+0200][50,320s] GC(40) Concurrent Mark
[2023-07-28T15:19:22.641+0200][50,320s] GC(40) Concurrent Mark From Roots
[2023-07-28T15:19:22.641+0200][50,320s] GC(40) Using 2 workers of 2 for marking
[2023-07-28T15:19:22.642+0200][50,321s] GC(41) Pause Young (Normal) (G1 Humongous Allocation)
[2023-07-28T15:19:22.642+0200][50,321s] GC(41) Using 8 workers of 8 for evacuation
[2023-07-28T15:19:22.643+0200][50,322s] GC(41)   Pre Evacuate Collection Set: 0,1ms
[2023-07-28T15:19:22.643+0200][50,322s] GC(41)   Merge Heap Roots: 0,0ms
[2023-07-28T15:19:22.643+0200][50,322s] GC(41)   Evacuate Collection Set: 0,6ms
[2023-07-28T15:19:22.643+0200][50,322s] GC(41)   Post Evacuate Collection Set: 0,2ms
[2023-07-28T15:19:22.643+0200][50,322s] GC(41)   Other: 0,0ms
[2023-07-28T15:19:22.643+0200][50,322s] GC(41) Eden regions: 1->0(32)
[2023-07-28T15:19:22.643+0200][50,322s] GC(41) Survivor regions: 1->1(5)
[2023-07-28T15:19:22.643+0200][50,322s] GC(41) Old regions: 54->54
[2023-07-28T15:19:22.643+0200][50,322s] GC(41) Archive regions: 2->2
[2023-07-28T15:19:22.643+0200][50,322s] GC(41) Humongous regions: 368->368
[2023-07-28T15:19:22.643+0200][50,322s] GC(41) Metaspace: 58137K(58688K)->58137K(58688K) NonClass: 51065K(51392K)->51065K(51392K) Class: 7071K(7296K)->7071K(7296K)
[2023-07-28T15:19:22.643+0200][50,322s] GC(41) Pause Young (Normal) (G1 Humongous Allocation) 423M->422M(512M) 1,035ms
[2023-07-28T15:19:22.643+0200][50,322s] GC(41) User=0,00s Sys=0,00s Real=0,00s
[2023-07-28T15:19:22.643+0200][50,322s] Attempting full compaction
[2023-07-28T15:19:22.643+0200][50,322s] GC(42) Using 8 workers of 8 for full compaction
[2023-07-28T15:19:22.643+0200][50,322s] GC(42) Pause Full (G1 Compaction Pause)
[2023-07-28T15:19:22.644+0200][50,322s] GC(42) Phase 1: Mark live objects
[2023-07-28T15:19:22.660+0200][50,338s] GC(42) Phase 1: Mark live objects 15,938ms
[2023-07-28T15:19:22.660+0200][50,338s] GC(42) Phase 2: Prepare for compaction
[2023-07-28T15:19:22.662+0200][50,340s] GC(42) Phase 2: Prepare for compaction 2,289ms
[2023-07-28T15:19:22.662+0200][50,340s] GC(42) Phase 3: Adjust pointers
[2023-07-28T15:19:22.684+0200][50,362s] GC(42) Phase 3: Adjust pointers 21,655ms
[2023-07-28T15:19:22.684+0200][50,362s] GC(42) Phase 4: Compact heap
[2023-07-28T15:19:22.685+0200][50,364s] GC(42) Phase 4: Compact heap 1,585ms
[2023-07-28T15:19:22.689+0200][50,368s] GC(42) Eden regions: 0->0(46)
[2023-07-28T15:19:22.689+0200][50,368s] GC(42) Survivor regions: 1->0(5)
[2023-07-28T15:19:22.689+0200][50,368s] GC(42) Old regions: 54->50
[2023-07-28T15:19:22.689+0200][50,368s] GC(42) Archive regions: 2->2
[2023-07-28T15:19:22.689+0200][50,368s] GC(42) Humongous regions: 368->358
[2023-07-28T15:19:22.689+0200][50,368s] GC(42) Metaspace: 58137K(58688K)->58116K(58688K) NonClass: 51065K(51392K)->51050K(51392K) Class: 7071K(7296K)->7065K(7296K)
[2023-07-28T15:19:22.689+0200][50,368s] GC(42) Pause Full (G1 Compaction Pause) 422M->405M(512M) 45,986ms
[2023-07-28T15:19:22.690+0200][50,368s] GC(42) User=0,15s Sys=0,04s Real=0,05s
[2023-07-28T15:19:22.690+0200][50,368s] Attempting maximum full compaction clearing soft references
[2023-07-28T15:19:22.690+0200][50,368s] GC(43) Using 8 workers of 8 for full compaction
[2023-07-28T15:19:22.690+0200][50,368s] GC(43) Pause Full (G1 Compaction Pause)
[2023-07-28T15:19:22.690+0200][50,368s] GC(43) Phase 1: Mark live objects
[2023-07-28T15:19:22.704+0200][50,383s] GC(43) Phase 1: Mark live objects 14,625ms
[2023-07-28T15:19:22.704+0200][50,383s] GC(43) Phase 2: Prepare for compaction
[2023-07-28T15:19:22.708+0200][50,386s] GC(43) Phase 2: Prepare for compaction 3,672ms
[2023-07-28T15:19:22.708+0200][50,387s] GC(43) Phase 3: Adjust pointers
[2023-07-28T15:19:22.721+0200][50,399s] GC(43) Phase 3: Adjust pointers 12,938ms
[2023-07-28T15:19:22.721+0200][50,399s] GC(43) Phase 4: Compact heap
[2023-07-28T15:19:22.727+0200][50,405s] GC(43) Phase 4: Compact heap 5,441ms
[2023-07-28T15:19:22.731+0200][50,409s] GC(43) Eden regions: 0->0(49)
[2023-07-28T15:19:22.731+0200][50,409s] GC(43) Survivor regions: 0->0(5)
[2023-07-28T15:19:22.731+0200][50,409s] GC(43) Old regions: 50->47
[2023-07-28T15:19:22.731+0200][50,409s] GC(43) Archive regions: 2->2
[2023-07-28T15:19:22.731+0200][50,409s] GC(43) Humongous regions: 358->358
[2023-07-28T15:19:22.731+0200][50,409s] GC(43) Metaspace: 58116K(58688K)->57912K(58688K) NonClass: 51050K(51392K)->50895K(51392K) Class: 7065K(7296K)->7017K(7296K)
[2023-07-28T15:19:22.731+0200][50,409s] GC(43) Pause Full (G1 Compaction Pause) 405M->403M(512M) 40,999ms
[2023-07-28T15:19:22.731+0200][50,409s] GC(43) User=0,16s Sys=0,02s Real=0,04s
[2023-07-28T15:19:22.731+0200][50,409s] GC(40) Concurrent Mark From Roots 89,815ms
[2023-07-28T15:19:22.731+0200][50,409s] GC(40) Concurrent Mark Abort
[2023-07-28T15:19:22.731+0200][50,409s] GC(40) Concurrent Mark Cycle 90,198ms
