[2023-07-28T15:42:30.082+0200][0.009s] Using G1
[2023-07-28T15:42:30.205+0200][0.132s] Version: 17.0.1+12-39 (release)
[2023-07-28T15:42:30.205+0200][0.132s] CPUs: 8 total, 8 available
[2023-07-28T15:42:30.205+0200][0.132s] Memory: 8192M
[2023-07-28T15:42:30.205+0200][0.132s] Large Page Support: Disabled
[2023-07-28T15:42:30.205+0200][0.132s] NUMA Support: Disabled
[2023-07-28T15:42:30.205+0200][0.132s] Compressed Oops: Enabled (Zero based)
[2023-07-28T15:42:30.205+0200][0.132s] Heap Region Size: 1M
[2023-07-28T15:42:30.205+0200][0.132s] Heap Min Capacity: 512M
[2023-07-28T15:42:30.205+0200][0.132s] Heap Initial Capacity: 512M
[2023-07-28T15:42:30.205+0200][0.132s] Heap Max Capacity: 512M
[2023-07-28T15:42:30.205+0200][0.132s] Pre-touch: Enabled
[2023-07-28T15:42:30.205+0200][0.132s] Parallel Workers: 8
[2023-07-28T15:42:30.205+0200][0.132s] Concurrent Workers: 2
[2023-07-28T15:42:30.205+0200][0.132s] Concurrent Refinement Workers: 8
[2023-07-28T15:42:30.205+0200][0.132s] Periodic GC: Disabled
[2023-07-28T15:42:30.205+0200][0.132s] CDS archive(s) mapped at: [0x0000000800000000-0x0000000800bd4000-0x0000000800bd4000), size 12402688, SharedBaseAddress: 0x0000000800000000, ArchiveRelocationMode: 0.
[2023-07-28T15:42:30.205+0200][0.132s] Compressed class space mapped at: 0x0000000800c00000-0x0000000840c00000, reserved size: 1073741824
[2023-07-28T15:42:30.205+0200][0.132s] Narrow klass base: 0x0000000800000000, Narrow klass shift: 0, Narrow klass range: 0x100000000
[2023-07-28T15:42:31.101+0200][1,028s] GC(0) Pause Young (Normal) (G1 Evacuation Pause)
[2023-07-28T15:42:31.102+0200][1,028s] GC(0) Using 8 workers of 8 for evacuation
[2023-07-28T15:42:31.109+0200][1,036s] GC(0)   Pre Evacuate Collection Set: 0,1ms
[2023-07-28T15:42:31.110+0200][1,036s] GC(0)   Merge Heap Roots: 0,1ms
[2023-07-28T15:42:31.110+0200][1,036s] GC(0)   Evacuate Collection Set: 7,2ms
[2023-07-28T15:42:31.110+0200][1,036s] GC(0)   Post Evacuate Collection Set: 0,3ms
[2023-07-28T15:42:31.110+0200][1,036s] GC(0)   Other: 0,6ms
[2023-07-28T15:42:31.110+0200][1,036s] GC(0) Eden regions: 29->0(67)
[2023-07-28T15:42:31.110+0200][1,036s] GC(0) Survivor regions: 0->4(4)
[2023-07-28T15:42:31.110+0200][1,036s] GC(0) Old regions: 0->0
[2023-07-28T15:42:31.110+0200][1,036s] GC(0) Archive regions: 2->2
[2023-07-28T15:42:31.110+0200][1,036s] GC(0) Humongous regions: 0->0
[2023-07-28T15:42:31.110+0200][1,036s] GC(0) Metaspace: 7425K(7680K)->7425K(7680K) NonClass: 6536K(6656K)->6536K(6656K) Class: 888K(1024K)->888K(1024K)
[2023-07-28T15:42:31.110+0200][1,036s] GC(0) Pause Young (Normal) (G1 Evacuation Pause) 29M->4M(512M) 8,527ms
[2023-07-28T15:42:31.110+0200][1,036s] GC(0) User=0,01s Sys=0,00s Real=0,01s
[2023-07-28T15:42:32.347+0200][2,273s] GC(1) Pause Young (Normal) (G1 Evacuation Pause)
[2023-07-28T15:42:32.347+0200][2,273s] GC(1) Using 8 workers of 8 for evacuation
[2023-07-28T15:42:32.362+0200][2,288s] GC(1)   Pre Evacuate Collection Set: 0,1ms
[2023-07-28T15:42:32.362+0200][2,288s] GC(1)   Merge Heap Roots: 0,1ms
[2023-07-28T15:42:32.362+0200][2,288s] GC(1)   Evacuate Collection Set: 14,2ms
[2023-07-28T15:42:32.362+0200][2,288s] GC(1)   Post Evacuate Collection Set: 0,5ms
[2023-07-28T15:42:32.362+0200][2,288s] GC(1)   Other: 0,1ms
[2023-07-28T15:42:32.362+0200][2,288s] GC(1) Eden regions: 67->0(83)
[2023-07-28T15:42:32.362+0200][2,288s] GC(1) Survivor regions: 4->9(9)
[2023-07-28T15:42:32.362+0200][2,288s] GC(1) Old regions: 0->9
[2023-07-28T15:42:32.362+0200][2,288s] GC(1) Archive regions: 2->2
[2023-07-28T15:42:32.362+0200][2,288s] GC(1) Humongous regions: 4->4
[2023-07-28T15:42:32.362+0200][2,288s] GC(1) Metaspace: 18439K(18688K)->18439K(18688K) NonClass: 16274K(16384K)->16274K(16384K) Class: 2165K(2304K)->2165K(2304K)
[2023-07-28T15:42:32.362+0200][2,288s] GC(1) Pause Young (Normal) (G1 Evacuation Pause) 75M->22M(512M) 15,140ms
[2023-07-28T15:42:32.362+0200][2,288s] GC(1) User=0,04s Sys=0,02s Real=0,02s
[2023-07-28T15:42:32.720+0200][2,646s] GC(2) Pause Young (Concurrent Start) (Metadata GC Threshold)
[2023-07-28T15:42:32.720+0200][2,646s] GC(2) Using 8 workers of 8 for evacuation
[2023-07-28T15:42:32.729+0200][2,656s] GC(2)   Pre Evacuate Collection Set: 0,1ms
[2023-07-28T15:42:32.730+0200][2,656s] GC(2)   Merge Heap Roots: 0,0ms
[2023-07-28T15:42:32.730+0200][2,656s] GC(2)   Evacuate Collection Set: 9,4ms
[2023-07-28T15:42:32.730+0200][2,656s] GC(2)   Post Evacuate Collection Set: 0,3ms
[2023-07-28T15:42:32.730+0200][2,656s] GC(2)   Other: 0,2ms
[2023-07-28T15:42:32.730+0200][2,656s] GC(2) Eden regions: 23->0(134)
[2023-07-28T15:42:32.730+0200][2,656s] GC(2) Survivor regions: 9->2(11)
[2023-07-28T15:42:32.730+0200][2,656s] GC(2) Old regions: 9->18
[2023-07-28T15:42:32.730+0200][2,656s] GC(2) Archive regions: 2->2
[2023-07-28T15:42:32.730+0200][2,656s] GC(2) Humongous regions: 4->4
[2023-07-28T15:42:32.730+0200][2,656s] GC(2) Metaspace: 21195K(21504K)->21195K(21504K) NonClass: 18710K(18880K)->18710K(18880K) Class: 2485K(2624K)->2485K(2624K)
[2023-07-28T15:42:32.730+0200][2,656s] GC(2) Pause Young (Concurrent Start) (Metadata GC Threshold) 45M->23M(512M) 10,045ms
[2023-07-28T15:42:32.730+0200][2,656s] GC(2) User=0,02s Sys=0,01s Real=0,01s
[2023-07-28T15:42:32.730+0200][2,656s] GC(3) Concurrent Mark Cycle
[2023-07-28T15:42:32.730+0200][2,656s] GC(3) Concurrent Clear Claimed Marks
[2023-07-28T15:42:32.730+0200][2,656s] GC(3) Concurrent Clear Claimed Marks 0,020ms
[2023-07-28T15:42:32.730+0200][2,656s] GC(3) Concurrent Scan Root Regions
[2023-07-28T15:42:32.732+0200][2,658s] GC(3) Concurrent Scan Root Regions 1,733ms
[2023-07-28T15:42:32.732+0200][2,658s] GC(3) Concurrent Mark
[2023-07-28T15:42:32.732+0200][2,658s] GC(3) Concurrent Mark From Roots
[2023-07-28T15:42:32.732+0200][2,658s] GC(3) Using 2 workers of 2 for marking
[2023-07-28T15:42:32.740+0200][2,667s] GC(3) Concurrent Mark From Roots 8,305ms
[2023-07-28T15:42:32.740+0200][2,667s] GC(3) Concurrent Preclean
[2023-07-28T15:42:32.740+0200][2,667s] GC(3) Concurrent Preclean 0,030ms
[2023-07-28T15:42:32.740+0200][2,667s] GC(3) Pause Remark
[2023-07-28T15:42:32.750+0200][2,676s] GC(3) Pause Remark 24M->24M(512M) 9,339ms
[2023-07-28T15:42:32.750+0200][2,676s] GC(3) User=0,01s Sys=0,01s Real=0,01s
[2023-07-28T15:42:32.750+0200][2,676s] GC(3) Concurrent Mark 18,095ms
[2023-07-28T15:42:32.750+0200][2,676s] GC(3) Concurrent Rebuild Remembered Sets
[2023-07-28T15:42:32.754+0200][2,681s] GC(3) Concurrent Rebuild Remembered Sets 4,335ms
[2023-07-28T15:42:32.754+0200][2,681s] GC(3) Pause Cleanup
[2023-07-28T15:42:32.755+0200][2,681s] GC(3) Pause Cleanup 24M->24M(512M) 0,080ms
[2023-07-28T15:42:32.755+0200][2,681s] GC(3) User=0,00s Sys=0,00s Real=0,00s
[2023-07-28T15:42:32.755+0200][2,681s] GC(3) Concurrent Cleanup for Next Mark
[2023-07-28T15:42:32.755+0200][2,682s] GC(3) Concurrent Cleanup for Next Mark 0,698ms
[2023-07-28T15:42:32.755+0200][2,682s] GC(3) Concurrent Mark Cycle 25,617ms
[2023-07-28T15:42:34.793+0200][4,720s] GC(4) Pause Young (Concurrent Start) (Metadata GC Threshold)
[2023-07-28T15:42:34.793+0200][4,720s] GC(4) Using 8 workers of 8 for evacuation
[2023-07-28T15:42:34.802+0200][4,729s] GC(4)   Pre Evacuate Collection Set: 0,1ms
[2023-07-28T15:42:34.802+0200][4,729s] GC(4)   Merge Heap Roots: 0,1ms
[2023-07-28T15:42:34.802+0200][4,729s] GC(4)   Evacuate Collection Set: 7,7ms
[2023-07-28T15:42:34.802+0200][4,729s] GC(4)   Post Evacuate Collection Set: 0,8ms
[2023-07-28T15:42:34.802+0200][4,729s] GC(4)   Other: 0,2ms
[2023-07-28T15:42:34.802+0200][4,729s] GC(4) Eden regions: 91->0(299)
[2023-07-28T15:42:34.802+0200][4,729s] GC(4) Survivor regions: 2->8(17)
[2023-07-28T15:42:34.802+0200][4,729s] GC(4) Old regions: 18->18
[2023-07-28T15:42:34.802+0200][4,729s] GC(4) Archive regions: 2->2
[2023-07-28T15:42:34.802+0200][4,729s] GC(4) Humongous regions: 5->4
[2023-07-28T15:42:34.802+0200][4,729s] GC(4) Metaspace: 35631K(35968K)->35631K(35968K) NonClass: 31332K(31488K)->31332K(31488K) Class: 4298K(4480K)->4298K(4480K)
[2023-07-28T15:42:34.802+0200][4,729s] GC(4) Pause Young (Concurrent Start) (Metadata GC Threshold) 115M->29M(512M) 9,003ms
[2023-07-28T15:42:34.802+0200][4,729s] GC(4) User=0,03s Sys=0,01s Real=0,01s
[2023-07-28T15:42:34.802+0200][4,729s] GC(5) Concurrent Mark Cycle
[2023-07-28T15:42:34.802+0200][4,729s] GC(5) Concurrent Clear Claimed Marks
[2023-07-28T15:42:34.802+0200][4,729s] GC(5) Concurrent Clear Claimed Marks 0,043ms
[2023-07-28T15:42:34.803+0200][4,729s] GC(5) Concurrent Scan Root Regions
[2023-07-28T15:42:34.808+0200][4,734s] GC(5) Concurrent Scan Root Regions 5,100ms
[2023-07-28T15:42:34.808+0200][4,734s] GC(5) Concurrent Mark
[2023-07-28T15:42:34.808+0200][4,734s] GC(5) Concurrent Mark From Roots
[2023-07-28T15:42:34.808+0200][4,734s] GC(5) Using 2 workers of 2 for marking
[2023-07-28T15:42:34.832+0200][4,759s] GC(5) Concurrent Mark From Roots 24,391ms
[2023-07-28T15:42:34.832+0200][4,759s] GC(5) Concurrent Preclean
[2023-07-28T15:42:34.832+0200][4,759s] GC(5) Concurrent Preclean 0,339ms
[2023-07-28T15:42:34.835+0200][4,761s] GC(5) Pause Remark
[2023-07-28T15:42:34.857+0200][4,784s] GC(5) Pause Remark 31M->31M(512M) 22,488ms
[2023-07-28T15:42:34.857+0200][4,784s] GC(5) User=0,03s Sys=0,04s Real=0,02s
[2023-07-28T15:42:34.857+0200][4,784s] GC(5) Concurrent Mark 49,789ms
[2023-07-28T15:42:34.857+0200][4,784s] GC(5) Concurrent Rebuild Remembered Sets
[2023-07-28T15:42:34.866+0200][4,792s] GC(5) Concurrent Rebuild Remembered Sets 7,999ms
[2023-07-28T15:42:34.866+0200][4,792s] GC(5) Pause Cleanup
[2023-07-28T15:42:34.866+0200][4,793s] GC(5) Pause Cleanup 31M->31M(512M) 0,087ms
[2023-07-28T15:42:34.866+0200][4,793s] GC(5) User=0,01s Sys=0,00s Real=0,00s
[2023-07-28T15:42:34.866+0200][4,793s] GC(5) Concurrent Cleanup for Next Mark
[2023-07-28T15:42:34.868+0200][4,794s] GC(5) Concurrent Cleanup for Next Mark 1,723ms
[2023-07-28T15:42:34.868+0200][4,794s] GC(5) Concurrent Mark Cycle 65,554ms
[2023-07-28T15:42:39.217+0200][9,143s] GC(6) Pause Young (Prepare Mixed) (G1 Preventive Collection)
[2023-07-28T15:42:39.218+0200][9,144s] GC(6) Using 8 workers of 8 for evacuation
[2023-07-28T15:42:39.240+0200][9,167s] GC(6) To-space exhausted
[2023-07-28T15:42:39.240+0200][9,167s] GC(6)   Pre Evacuate Collection Set: 0,1ms
[2023-07-28T15:42:39.240+0200][9,167s] GC(6)   Merge Heap Roots: 0,1ms
[2023-07-28T15:42:39.240+0200][9,167s] GC(6)   Evacuate Collection Set: 15,9ms
[2023-07-28T15:42:39.240+0200][9,167s] GC(6)   Post Evacuate Collection Set: 6,6ms
[2023-07-28T15:42:39.240+0200][9,167s] GC(6)   Other: 1,0ms
[2023-07-28T15:42:39.240+0200][9,167s] GC(6) Eden regions: 275->0(1)
[2023-07-28T15:42:39.240+0200][9,167s] GC(6) Survivor regions: 8->35(35)
[2023-07-28T15:42:39.240+0200][9,167s] GC(6) Old regions: 18->201
[2023-07-28T15:42:39.240+0200][9,167s] GC(6) Archive regions: 2->2
[2023-07-28T15:42:39.240+0200][9,167s] GC(6) Humongous regions: 174->57
[2023-07-28T15:42:39.240+0200][9,167s] GC(6) Metaspace: 56323K(56832K)->56323K(56832K) NonClass: 49227K(49536K)->49227K(49536K) Class: 7096K(7296K)->7096K(7296K)
[2023-07-28T15:42:39.241+0200][9,167s] GC(6) Pause Young (Prepare Mixed) (G1 Preventive Collection) 474M->293M(512M) 23,762ms
[2023-07-28T15:42:39.241+0200][9,167s] GC(6) User=0,09s Sys=0,05s Real=0,03s
[2023-07-28T15:42:39.272+0200][9,199s] GC(7) Pause Young (Mixed) (G1 Evacuation Pause)
[2023-07-28T15:42:39.272+0200][9,199s] GC(7) Using 8 workers of 8 for evacuation
[2023-07-28T15:42:39.283+0200][9,210s] GC(7)   Pre Evacuate Collection Set: 0,1ms
[2023-07-28T15:42:39.283+0200][9,210s] GC(7)   Merge Heap Roots: 0,1ms
[2023-07-28T15:42:39.283+0200][9,210s] GC(7)   Evacuate Collection Set: 10,1ms
[2023-07-28T15:42:39.283+0200][9,210s] GC(7)   Post Evacuate Collection Set: 0,5ms
[2023-07-28T15:42:39.283+0200][9,210s] GC(7)   Other: 0,1ms
[2023-07-28T15:42:39.283+0200][9,210s] GC(7) Eden regions: 1->0(114)
[2023-07-28T15:42:39.283+0200][9,210s] GC(7) Survivor regions: 35->3(5)
[2023-07-28T15:42:39.283+0200][9,210s] GC(7) Old regions: 201->236
[2023-07-28T15:42:39.283+0200][9,210s] GC(7) Archive regions: 2->2
[2023-07-28T15:42:39.283+0200][9,210s] GC(7) Humongous regions: 57->57
[2023-07-28T15:42:39.283+0200][9,210s] GC(7) Metaspace: 56328K(56832K)->56328K(56832K) NonClass: 49232K(49536K)->49232K(49536K) Class: 7096K(7296K)->7096K(7296K)
[2023-07-28T15:42:39.283+0200][9,210s] GC(7) Pause Young (Mixed) (G1 Evacuation Pause) 294M->294M(512M) 11,096ms
[2023-07-28T15:42:39.283+0200][9,210s] GC(7) User=0,05s Sys=0,01s Real=0,01s
[2023-07-28T15:42:42.740+0200][12,667s] GC(8) Pause Young (Concurrent Start) (G1 Humongous Allocation)
[2023-07-28T15:42:42.740+0200][12,667s] GC(8) Using 8 workers of 8 for evacuation
[2023-07-28T15:42:42.743+0200][12,669s] GC(8)   Pre Evacuate Collection Set: 0,1ms
[2023-07-28T15:42:42.743+0200][12,669s] GC(8)   Merge Heap Roots: 0,0ms
[2023-07-28T15:42:42.743+0200][12,669s] GC(8)   Evacuate Collection Set: 2,0ms
[2023-07-28T15:42:42.743+0200][12,670s] GC(8)   Post Evacuate Collection Set: 0,2ms
[2023-07-28T15:42:42.743+0200][12,670s] GC(8)   Other: 0,1ms
[2023-07-28T15:42:42.743+0200][12,670s] GC(8) Eden regions: 57->0(123)
[2023-07-28T15:42:42.743+0200][12,670s] GC(8) Survivor regions: 3->3(15)
[2023-07-28T15:42:42.743+0200][12,670s] GC(8) Old regions: 236->236
[2023-07-28T15:42:42.743+0200][12,670s] GC(8) Archive regions: 2->2
[2023-07-28T15:42:42.743+0200][12,670s] GC(8) Humongous regions: 57->57
[2023-07-28T15:42:42.743+0200][12,670s] GC(8) Metaspace: 57748K(58304K)->57748K(58304K) NonClass: 50549K(50880K)->50549K(50880K) Class: 7198K(7424K)->7198K(7424K)
[2023-07-28T15:42:42.743+0200][12,670s] GC(8) Pause Young (Concurrent Start) (G1 Humongous Allocation) 350M->295M(512M) 2,484ms
[2023-07-28T15:42:42.743+0200][12,670s] GC(8) User=0,00s Sys=0,00s Real=0,00s
[2023-07-28T15:42:42.743+0200][12,670s] GC(9) Concurrent Mark Cycle
[2023-07-28T15:42:42.743+0200][12,670s] GC(9) Concurrent Clear Claimed Marks
[2023-07-28T15:42:42.743+0200][12,670s] GC(9) Concurrent Clear Claimed Marks 0,014ms
[2023-07-28T15:42:42.743+0200][12,670s] GC(9) Concurrent Scan Root Regions
[2023-07-28T15:42:42.743+0200][12,670s] GC(9) Concurrent Scan Root Regions 0,443ms
[2023-07-28T15:42:42.743+0200][12,670s] GC(9) Concurrent Mark
[2023-07-28T15:42:42.743+0200][12,670s] GC(9) Concurrent Mark From Roots
[2023-07-28T15:42:42.743+0200][12,670s] GC(9) Using 2 workers of 2 for marking
[2023-07-28T15:42:42.763+0200][12,690s] GC(9) Concurrent Mark From Roots 19,854ms
[2023-07-28T15:42:42.763+0200][12,690s] GC(9) Concurrent Preclean
[2023-07-28T15:42:42.763+0200][12,690s] GC(9) Concurrent Preclean 0,145ms
[2023-07-28T15:42:42.764+0200][12,690s] GC(9) Pause Remark
[2023-07-28T15:42:42.783+0200][12,710s] GC(9) Pause Remark 299M->237M(512M) 19,303ms
[2023-07-28T15:42:42.783+0200][12,710s] GC(9) User=0,04s Sys=0,04s Real=0,02s
[2023-07-28T15:42:42.783+0200][12,710s] GC(9) Concurrent Mark 39,663ms
[2023-07-28T15:42:42.783+0200][12,710s] GC(9) Concurrent Rebuild Remembered Sets
[2023-07-28T15:42:42.797+0200][12,723s] GC(9) Concurrent Rebuild Remembered Sets 13,701ms
[2023-07-28T15:42:42.797+0200][12,724s] GC(9) Pause Cleanup
[2023-07-28T15:42:42.797+0200][12,724s] GC(9) Pause Cleanup 237M->237M(512M) 0,223ms
[2023-07-28T15:42:42.797+0200][12,724s] GC(9) User=0,00s Sys=0,00s Real=0,00s
[2023-07-28T15:42:42.797+0200][12,724s] GC(9) Concurrent Cleanup for Next Mark
[2023-07-28T15:42:42.798+0200][12,724s] GC(9) Concurrent Cleanup for Next Mark 0,204ms
[2023-07-28T15:42:42.798+0200][12,724s] GC(9) Concurrent Mark Cycle 54,647ms
[2023-07-28T15:42:48.676+0200][18,603s] GC(10) Pause Young (Prepare Mixed) (G1 Evacuation Pause)
[2023-07-28T15:42:48.677+0200][18,604s] GC(10) Using 8 workers of 8 for evacuation
[2023-07-28T15:42:48.685+0200][18,612s] GC(10)   Pre Evacuate Collection Set: 0,1ms
[2023-07-28T15:42:48.685+0200][18,612s] GC(10)   Merge Heap Roots: 0,1ms
[2023-07-28T15:42:48.685+0200][18,612s] GC(10)   Evacuate Collection Set: 7,4ms
[2023-07-28T15:42:48.685+0200][18,612s] GC(10)   Post Evacuate Collection Set: 0,4ms
[2023-07-28T15:42:48.685+0200][18,612s] GC(10)   Other: 0,9ms
[2023-07-28T15:42:48.685+0200][18,612s] GC(10) Eden regions: 123->0(21)
[2023-07-28T15:42:48.685+0200][18,612s] GC(10) Survivor regions: 3->4(16)
[2023-07-28T15:42:48.685+0200][18,612s] GC(10) Old regions: 227->227
[2023-07-28T15:42:48.685+0200][18,612s] GC(10) Archive regions: 2->2
[2023-07-28T15:42:48.685+0200][18,612s] GC(10) Humongous regions: 66->4
[2023-07-28T15:42:48.685+0200][18,612s] GC(10) Metaspace: 59094K(59584K)->59094K(59584K) NonClass: 51912K(52160K)->51912K(52160K) Class: 7181K(7424K)->7181K(7424K)
[2023-07-28T15:42:48.685+0200][18,612s] GC(10) Pause Young (Prepare Mixed) (G1 Evacuation Pause) 418M->233M(512M) 8,980ms
[2023-07-28T15:42:48.685+0200][18,612s] GC(10) User=0,01s Sys=0,01s Real=0,01s
[2023-07-28T15:42:49.633+0200][19,560s] GC(11) Pause Young (Mixed) (G1 Evacuation Pause)
[2023-07-28T15:42:49.633+0200][19,560s] GC(11) Using 8 workers of 8 for evacuation
[2023-07-28T15:42:49.641+0200][19,568s] GC(11)   Pre Evacuate Collection Set: 0,1ms
[2023-07-28T15:42:49.641+0200][19,568s] GC(11)   Merge Heap Roots: 0,1ms
[2023-07-28T15:42:49.641+0200][19,568s] GC(11)   Evacuate Collection Set: 7,6ms
[2023-07-28T15:42:49.641+0200][19,568s] GC(11)   Post Evacuate Collection Set: 0,3ms
[2023-07-28T15:42:49.641+0200][19,568s] GC(11)   Other: 0,1ms
[2023-07-28T15:42:49.641+0200][19,568s] GC(11) Eden regions: 21->0(24)
[2023-07-28T15:42:49.641+0200][19,568s] GC(11) Survivor regions: 4->1(4)
[2023-07-28T15:42:49.641+0200][19,568s] GC(11) Old regions: 227->177
[2023-07-28T15:42:49.641+0200][19,568s] GC(11) Archive regions: 2->2
[2023-07-28T15:42:49.641+0200][19,568s] GC(11) Humongous regions: 4->4
[2023-07-28T15:42:49.641+0200][19,568s] GC(11) Metaspace: 59248K(59776K)->59248K(59776K) NonClass: 52065K(52352K)->52065K(52352K) Class: 7183K(7424K)->7183K(7424K)
[2023-07-28T15:42:49.641+0200][19,568s] GC(11) Pause Young (Mixed) (G1 Evacuation Pause) 254M->182M(512M) 8,234ms
[2023-07-28T15:42:49.641+0200][19,568s] GC(11) User=0,02s Sys=0,01s Real=0,01s
[2023-07-28T15:42:51.479+0200][21,406s] GC(12) Pause Young (Mixed) (G1 Evacuation Pause)
[2023-07-28T15:42:51.479+0200][21,406s] GC(12) Using 8 workers of 8 for evacuation
[2023-07-28T15:42:51.484+0200][21,411s] GC(12)   Pre Evacuate Collection Set: 0,1ms
[2023-07-28T15:42:51.484+0200][21,411s] GC(12)   Merge Heap Roots: 0,1ms
[2023-07-28T15:42:51.484+0200][21,411s] GC(12)   Evacuate Collection Set: 3,9ms
[2023-07-28T15:42:51.484+0200][21,411s] GC(12)   Post Evacuate Collection Set: 0,3ms
[2023-07-28T15:42:51.484+0200][21,411s] GC(12)   Other: 0,1ms
[2023-07-28T15:42:51.484+0200][21,411s] GC(12) Eden regions: 24->0(24)
[2023-07-28T15:42:51.484+0200][21,411s] GC(12) Survivor regions: 1->1(4)
[2023-07-28T15:42:51.484+0200][21,411s] GC(12) Old regions: 177->126
[2023-07-28T15:42:51.484+0200][21,411s] GC(12) Archive regions: 2->2
[2023-07-28T15:42:51.484+0200][21,411s] GC(12) Humongous regions: 66->35
[2023-07-28T15:42:51.484+0200][21,411s] GC(12) Metaspace: 59314K(59840K)->59314K(59840K) NonClass: 52130K(52416K)->52130K(52416K) Class: 7184K(7424K)->7184K(7424K)
[2023-07-28T15:42:51.484+0200][21,411s] GC(12) Pause Young (Mixed) (G1 Evacuation Pause) 268M->161M(512M) 4,555ms
[2023-07-28T15:42:51.484+0200][21,411s] GC(12) User=0,01s Sys=0,01s Real=0,01s
[2023-07-28T15:42:54.613+0200][24,540s] GC(13) Pause Young (Mixed) (G1 Evacuation Pause)
[2023-07-28T15:42:54.613+0200][24,540s] GC(13) Using 8 workers of 8 for evacuation
[2023-07-28T15:42:54.616+0200][24,543s] GC(13)   Pre Evacuate Collection Set: 0,1ms
[2023-07-28T15:42:54.616+0200][24,543s] GC(13)   Merge Heap Roots: 0,1ms
[2023-07-28T15:42:54.616+0200][24,543s] GC(13)   Evacuate Collection Set: 3,0ms
[2023-07-28T15:42:54.616+0200][24,543s] GC(13)   Post Evacuate Collection Set: 0,4ms
[2023-07-28T15:42:54.617+0200][24,543s] GC(13)   Other: 0,1ms
[2023-07-28T15:42:54.617+0200][24,543s] GC(13) Eden regions: 24->0(306)
[2023-07-28T15:42:54.617+0200][24,543s] GC(13) Survivor regions: 1->1(4)
[2023-07-28T15:42:54.617+0200][24,543s] GC(13) Old regions: 126->77
[2023-07-28T15:42:54.617+0200][24,543s] GC(13) Archive regions: 2->2
[2023-07-28T15:42:54.617+0200][24,543s] GC(13) Humongous regions: 203->4
[2023-07-28T15:42:54.617+0200][24,543s] GC(13) Metaspace: 59316K(59840K)->59316K(59840K) NonClass: 52132K(52416K)->52132K(52416K) Class: 7184K(7424K)->7184K(7424K)
[2023-07-28T15:42:54.617+0200][24,543s] GC(13) Pause Young (Mixed) (G1 Evacuation Pause) 353M->81M(512M) 3,713ms
[2023-07-28T15:42:54.617+0200][24,543s] GC(13) User=0,01s Sys=0,00s Real=0,00s
[2023-07-28T15:42:59.118+0200][29,045s] GC(14) Pause Young (Concurrent Start) (G1 Humongous Allocation)
[2023-07-28T15:42:59.119+0200][29,046s] GC(14) Using 8 workers of 8 for evacuation
[2023-07-28T15:42:59.123+0200][29,049s] GC(14)   Pre Evacuate Collection Set: 0,1ms
[2023-07-28T15:42:59.123+0200][29,049s] GC(14)   Merge Heap Roots: 0,1ms
[2023-07-28T15:42:59.123+0200][29,049s] GC(14)   Evacuate Collection Set: 2,6ms
[2023-07-28T15:42:59.123+0200][29,049s] GC(14)   Post Evacuate Collection Set: 0,4ms
[2023-07-28T15:42:59.123+0200][29,049s] GC(14)   Other: 0,9ms
[2023-07-28T15:42:59.123+0200][29,049s] GC(14) Eden regions: 79->0(305)
[2023-07-28T15:42:59.123+0200][29,049s] GC(14) Survivor regions: 1->2(39)
[2023-07-28T15:42:59.123+0200][29,049s] GC(14) Old regions: 77->77
[2023-07-28T15:42:59.123+0200][29,049s] GC(14) Archive regions: 2->2
[2023-07-28T15:42:59.123+0200][29,049s] GC(14) Humongous regions: 150->8
[2023-07-28T15:42:59.123+0200][29,049s] GC(14) Metaspace: 59318K(59840K)->59318K(59840K) NonClass: 52134K(52416K)->52134K(52416K) Class: 7184K(7424K)->7184K(7424K)
[2023-07-28T15:42:59.123+0200][29,050s] GC(14) Pause Young (Concurrent Start) (G1 Humongous Allocation) 306M->86M(512M) 4,198ms
[2023-07-28T15:42:59.123+0200][29,050s] GC(14) User=0,01s Sys=0,00s Real=0,01s
[2023-07-28T15:42:59.123+0200][29,050s] GC(15) Concurrent Undo Cycle
[2023-07-28T15:42:59.123+0200][29,050s] GC(15) Concurrent Cleanup for Next Mark
[2023-07-28T15:42:59.124+0200][29,051s] GC(15) Concurrent Cleanup for Next Mark 1,370ms
[2023-07-28T15:42:59.124+0200][29,051s] GC(15) Concurrent Undo Cycle 1,418ms
[2023-07-28T15:43:13.220+0200][43,147s] GC(16) Pause Young (Concurrent Start) (G1 Humongous Allocation)
[2023-07-28T15:43:13.220+0200][43,148s] GC(16) Using 8 workers of 8 for evacuation
[2023-07-28T15:43:13.230+0200][43,157s] GC(16)   Pre Evacuate Collection Set: 0,2ms
[2023-07-28T15:43:13.230+0200][43,157s] GC(16)   Merge Heap Roots: 0,1ms
[2023-07-28T15:43:13.230+0200][43,157s] GC(16)   Evacuate Collection Set: 7,7ms
[2023-07-28T15:43:13.230+0200][43,157s] GC(16)   Post Evacuate Collection Set: 1,2ms
[2023-07-28T15:43:13.230+0200][43,157s] GC(16)   Other: 1,0ms
[2023-07-28T15:43:13.230+0200][43,157s] GC(16) Eden regions: 172->0(304)
[2023-07-28T15:43:13.230+0200][43,157s] GC(16) Survivor regions: 2->3(39)
[2023-07-28T15:43:13.230+0200][43,157s] GC(16) Old regions: 77->77
[2023-07-28T15:43:13.230+0200][43,157s] GC(16) Archive regions: 2->2
[2023-07-28T15:43:13.230+0200][43,157s] GC(16) Humongous regions: 145->30
[2023-07-28T15:43:13.230+0200][43,157s] GC(16) Metaspace: 59560K(60032K)->59560K(60032K) NonClass: 52350K(52608K)->52350K(52608K) Class: 7210K(7424K)->7210K(7424K)
[2023-07-28T15:43:13.230+0200][43,157s] GC(16) Pause Young (Concurrent Start) (G1 Humongous Allocation) 395M->109M(512M) 10,292ms
[2023-07-28T15:43:13.230+0200][43,157s] GC(16) User=0,01s Sys=0,02s Real=0,01s
[2023-07-28T15:43:13.230+0200][43,157s] GC(17) Concurrent Undo Cycle
[2023-07-28T15:43:13.230+0200][43,157s] GC(17) Concurrent Cleanup for Next Mark
[2023-07-28T15:43:13.232+0200][43,159s] GC(17) Concurrent Cleanup for Next Mark 2,409ms
[2023-07-28T15:43:13.232+0200][43,159s] GC(17) Concurrent Undo Cycle 2,501ms
[2023-07-28T15:43:13.535+0200][43,462s] GC(18) Pause Young (Concurrent Start) (G1 Humongous Allocation)
[2023-07-28T15:43:13.535+0200][43,462s] GC(18) Using 8 workers of 8 for evacuation
[2023-07-28T15:43:13.539+0200][43,466s] GC(18)   Pre Evacuate Collection Set: 0,1ms
[2023-07-28T15:43:13.539+0200][43,466s] GC(18)   Merge Heap Roots: 0,1ms
[2023-07-28T15:43:13.539+0200][43,466s] GC(18)   Evacuate Collection Set: 2,9ms
[2023-07-28T15:43:13.539+0200][43,466s] GC(18)   Post Evacuate Collection Set: 0,3ms
[2023-07-28T15:43:13.539+0200][43,466s] GC(18)   Other: 0,1ms
[2023-07-28T15:43:13.539+0200][43,466s] GC(18) Eden regions: 15->0(265)
[2023-07-28T15:43:13.539+0200][43,466s] GC(18) Survivor regions: 3->3(39)
[2023-07-28T15:43:13.539+0200][43,466s] GC(18) Old regions: 77->77
[2023-07-28T15:43:13.539+0200][43,466s] GC(18) Archive regions: 2->2
[2023-07-28T15:43:13.539+0200][43,466s] GC(18) Humongous regions: 136->81
[2023-07-28T15:43:13.539+0200][43,466s] GC(18) Metaspace: 59614K(60096K)->59614K(60096K) NonClass: 52404K(52672K)->52404K(52672K) Class: 7210K(7424K)->7210K(7424K)
[2023-07-28T15:43:13.539+0200][43,466s] GC(18) Pause Young (Concurrent Start) (G1 Humongous Allocation) 229M->161M(512M) 3,603ms
[2023-07-28T15:43:13.539+0200][43,466s] GC(18) User=0,01s Sys=0,00s Real=0,00s
[2023-07-28T15:43:13.539+0200][43,466s] GC(19) Concurrent Undo Cycle
[2023-07-28T15:43:13.539+0200][43,466s] GC(19) Concurrent Cleanup for Next Mark
[2023-07-28T15:43:13.539+0200][43,466s] GC(19) Concurrent Cleanup for Next Mark 0,375ms
[2023-07-28T15:43:13.539+0200][43,466s] GC(19) Concurrent Undo Cycle 0,439ms
[2023-07-28T15:43:13.619+0200][43,546s] GC(20) Pause Young (Concurrent Start) (G1 Humongous Allocation)
[2023-07-28T15:43:13.619+0200][43,546s] GC(20) Using 8 workers of 8 for evacuation
[2023-07-28T15:43:13.621+0200][43,548s] GC(20)   Pre Evacuate Collection Set: 0,1ms
[2023-07-28T15:43:13.621+0200][43,548s] GC(20)   Merge Heap Roots: 0,0ms
[2023-07-28T15:43:13.621+0200][43,548s] GC(20)   Evacuate Collection Set: 1,9ms
[2023-07-28T15:43:13.621+0200][43,548s] GC(20)   Post Evacuate Collection Set: 0,3ms
[2023-07-28T15:43:13.621+0200][43,548s] GC(20)   Other: 0,1ms
[2023-07-28T15:43:13.621+0200][43,548s] GC(20) Eden regions: 9->0(225)
[2023-07-28T15:43:13.621+0200][43,548s] GC(20) Survivor regions: 3->3(34)
[2023-07-28T15:43:13.621+0200][43,548s] GC(20) Old regions: 77->77
[2023-07-28T15:43:13.621+0200][43,548s] GC(20) Archive regions: 2->2
[2023-07-28T15:43:13.621+0200][43,548s] GC(20) Humongous regions: 146->113
[2023-07-28T15:43:13.621+0200][43,548s] GC(20) Metaspace: 59620K(60096K)->59620K(60096K) NonClass: 52410K(52672K)->52410K(52672K) Class: 7210K(7424K)->7210K(7424K)
[2023-07-28T15:43:13.621+0200][43,548s] GC(20) Pause Young (Concurrent Start) (G1 Humongous Allocation) 234M->193M(512M) 2,498ms
[2023-07-28T15:43:13.621+0200][43,548s] GC(20) User=0,00s Sys=0,00s Real=0,01s
[2023-07-28T15:43:13.621+0200][43,548s] GC(21) Concurrent Undo Cycle
[2023-07-28T15:43:13.621+0200][43,548s] GC(21) Concurrent Cleanup for Next Mark
[2023-07-28T15:43:13.622+0200][43,549s] GC(21) Concurrent Cleanup for Next Mark 0,245ms
[2023-07-28T15:43:13.622+0200][43,549s] GC(21) Concurrent Undo Cycle 0,288ms
[2023-07-28T15:43:13.892+0200][43,819s] GC(22) Pause Young (Concurrent Start) (G1 Humongous Allocation)
[2023-07-28T15:43:13.892+0200][43,819s] GC(22) Using 8 workers of 8 for evacuation
[2023-07-28T15:43:13.895+0200][43,822s] GC(22)   Pre Evacuate Collection Set: 0,1ms
[2023-07-28T15:43:13.895+0200][43,822s] GC(22)   Merge Heap Roots: 0,0ms
[2023-07-28T15:43:13.895+0200][43,822s] GC(22)   Evacuate Collection Set: 3,0ms
[2023-07-28T15:43:13.895+0200][43,822s] GC(22)   Post Evacuate Collection Set: 0,3ms
[2023-07-28T15:43:13.895+0200][43,822s] GC(22)   Other: 0,1ms
[2023-07-28T15:43:13.895+0200][43,822s] GC(22) Eden regions: 13->0(198)
[2023-07-28T15:43:13.895+0200][43,822s] GC(22) Survivor regions: 3->4(29)
[2023-07-28T15:43:13.895+0200][43,822s] GC(22) Old regions: 77->77
[2023-07-28T15:43:13.895+0200][43,822s] GC(22) Archive regions: 2->2
[2023-07-28T15:43:13.895+0200][43,822s] GC(22) Humongous regions: 186->149
[2023-07-28T15:43:13.895+0200][43,822s] GC(22) Metaspace: 59645K(60096K)->59645K(60096K) NonClass: 52435K(52672K)->52435K(52672K) Class: 7210K(7424K)->7210K(7424K)
[2023-07-28T15:43:13.895+0200][43,822s] GC(22) Pause Young (Concurrent Start) (G1 Humongous Allocation) 278M->229M(512M) 3,687ms
[2023-07-28T15:43:13.895+0200][43,822s] GC(22) User=0,00s Sys=0,01s Real=0,00s
[2023-07-28T15:43:13.895+0200][43,822s] GC(23) Concurrent Undo Cycle
[2023-07-28T15:43:13.895+0200][43,822s] GC(23) Concurrent Cleanup for Next Mark
[2023-07-28T15:43:13.896+0200][43,823s] GC(23) Concurrent Cleanup for Next Mark 0,284ms
[2023-07-28T15:43:13.896+0200][43,823s] GC(23) Concurrent Undo Cycle 0,343ms
[2023-07-28T15:43:13.897+0200][43,824s] GC(24) Pause Young (Concurrent Start) (G1 Humongous Allocation)
[2023-07-28T15:43:13.897+0200][43,824s] GC(24) Using 8 workers of 8 for evacuation
[2023-07-28T15:43:13.898+0200][43,825s] GC(24)   Pre Evacuate Collection Set: 0,1ms
[2023-07-28T15:43:13.898+0200][43,825s] GC(24)   Merge Heap Roots: 0,0ms
[2023-07-28T15:43:13.898+0200][43,825s] GC(24)   Evacuate Collection Set: 1,2ms
[2023-07-28T15:43:13.898+0200][43,825s] GC(24)   Post Evacuate Collection Set: 0,3ms
[2023-07-28T15:43:13.898+0200][43,825s] GC(24)   Other: 0,1ms
[2023-07-28T15:43:13.898+0200][43,825s] GC(24) Eden regions: 1->0(204)
[2023-07-28T15:43:13.898+0200][43,825s] GC(24) Survivor regions: 4->4(26)
[2023-07-28T15:43:13.898+0200][43,825s] GC(24) Old regions: 77->77
[2023-07-28T15:43:13.898+0200][43,825s] GC(24) Archive regions: 2->2
[2023-07-28T15:43:13.898+0200][43,825s] GC(24) Humongous regions: 180->149
[2023-07-28T15:43:13.898+0200][43,825s] GC(24) Metaspace: 59645K(60096K)->59645K(60096K) NonClass: 52435K(52672K)->52435K(52672K) Class: 7210K(7424K)->7210K(7424K)
[2023-07-28T15:43:13.898+0200][43,825s] GC(24) Pause Young (Concurrent Start) (G1 Humongous Allocation) 260M->229M(512M) 1,811ms
[2023-07-28T15:43:13.898+0200][43,825s] GC(24) User=0,00s Sys=0,00s Real=0,00s
[2023-07-28T15:43:13.898+0200][43,825s] GC(25) Concurrent Undo Cycle
[2023-07-28T15:43:13.898+0200][43,825s] GC(25) Concurrent Cleanup for Next Mark
[2023-07-28T15:43:13.899+0200][43,826s] GC(25) Concurrent Cleanup for Next Mark 0,216ms
[2023-07-28T15:43:13.899+0200][43,826s] GC(25) Concurrent Undo Cycle 0,264ms
[2023-07-28T15:43:13.899+0200][43,826s] GC(26) Pause Young (Normal) (G1 Humongous Allocation)
[2023-07-28T15:43:13.899+0200][43,826s] GC(26) Using 8 workers of 8 for evacuation
[2023-07-28T15:43:13.900+0200][43,827s] GC(26)   Pre Evacuate Collection Set: 0,1ms
[2023-07-28T15:43:13.900+0200][43,827s] GC(26)   Merge Heap Roots: 0,1ms
[2023-07-28T15:43:13.900+0200][43,827s] GC(26)   Evacuate Collection Set: 0,7ms
[2023-07-28T15:43:13.900+0200][43,827s] GC(26)   Post Evacuate Collection Set: 0,3ms
[2023-07-28T15:43:13.900+0200][43,827s] GC(26)   Other: 0,1ms
[2023-07-28T15:43:13.900+0200][43,827s] GC(26) Eden regions: 1->0(209)
[2023-07-28T15:43:13.900+0200][43,827s] GC(26) Survivor regions: 4->4(26)
[2023-07-28T15:43:13.900+0200][43,827s] GC(26) Old regions: 77->77
[2023-07-28T15:43:13.900+0200][43,827s] GC(26) Archive regions: 2->2
[2023-07-28T15:43:13.900+0200][43,827s] GC(26) Humongous regions: 149->149
[2023-07-28T15:43:13.900+0200][43,827s] GC(26) Metaspace: 59645K(60096K)->59645K(60096K) NonClass: 52435K(52672K)->52435K(52672K) Class: 7210K(7424K)->7210K(7424K)
[2023-07-28T15:43:13.900+0200][43,827s] GC(26) Pause Young (Normal) (G1 Humongous Allocation) 229M->229M(512M) 1,217ms
[2023-07-28T15:43:13.900+0200][43,827s] GC(26) User=0,01s Sys=0,00s Real=0,01s
[2023-07-28T15:43:13.900+0200][43,828s] Attempting full compaction
[2023-07-28T15:43:13.900+0200][43,828s] GC(27) Using 8 workers of 8 for full compaction
[2023-07-28T15:43:13.901+0200][43,828s] GC(27) Pause Full (G1 Compaction Pause)
[2023-07-28T15:43:13.901+0200][43,828s] GC(27) Phase 1: Mark live objects
[2023-07-28T15:43:13.938+0200][43,865s] GC(27) Phase 1: Mark live objects 36,968ms
[2023-07-28T15:43:13.938+0200][43,865s] GC(27) Phase 2: Prepare for compaction
[2023-07-28T15:43:13.942+0200][43,869s] GC(27) Phase 2: Prepare for compaction 4,105ms
[2023-07-28T15:43:13.942+0200][43,869s] GC(27) Phase 3: Adjust pointers
[2023-07-28T15:43:13.970+0200][43,897s] GC(27) Phase 3: Adjust pointers 28,420ms
[2023-07-28T15:43:13.970+0200][43,897s] GC(27) Phase 4: Compact heap
[2023-07-28T15:43:13.974+0200][43,902s] GC(27) Phase 4: Compact heap 4,267ms
[2023-07-28T15:43:13.981+0200][43,908s] GC(27) Eden regions: 0->0(234)
[2023-07-28T15:43:13.981+0200][43,908s] GC(27) Survivor regions: 4->0(26)
[2023-07-28T15:43:13.981+0200][43,908s] GC(27) Old regions: 77->53
[2023-07-28T15:43:13.981+0200][43,908s] GC(27) Archive regions: 2->2
[2023-07-28T15:43:13.981+0200][43,908s] GC(27) Humongous regions: 149->149
[2023-07-28T15:43:13.981+0200][43,908s] GC(27) Metaspace: 59645K(60096K)->59645K(60096K) NonClass: 52435K(52672K)->52435K(52672K) Class: 7210K(7424K)->7210K(7424K)
[2023-07-28T15:43:13.982+0200][43,909s] GC(27) Pause Full (G1 Compaction Pause) 229M->197M(512M) 80,880ms
[2023-07-28T15:43:13.982+0200][43,909s] GC(27) User=0,16s Sys=0,12s Real=0,08s
[2023-07-28T15:43:14.003+0200][43,930s] GC(28) Pause Young (Concurrent Start) (G1 Humongous Allocation)
[2023-07-28T15:43:14.003+0200][43,930s] GC(28) Using 8 workers of 8 for evacuation
[2023-07-28T15:43:14.004+0200][43,931s] GC(28)   Pre Evacuate Collection Set: 0,1ms
[2023-07-28T15:43:14.004+0200][43,931s] GC(28)   Merge Heap Roots: 0,1ms
[2023-07-28T15:43:14.004+0200][43,931s] GC(28)   Evacuate Collection Set: 0,7ms
[2023-07-28T15:43:14.004+0200][43,931s] GC(28)   Post Evacuate Collection Set: 0,3ms
[2023-07-28T15:43:14.004+0200][43,931s] GC(28)   Other: 0,1ms
[2023-07-28T15:43:14.004+0200][43,931s] GC(28) Eden regions: 2->0(179)
[2023-07-28T15:43:14.004+0200][43,931s] GC(28) Survivor regions: 0->1(30)
[2023-07-28T15:43:14.004+0200][43,931s] GC(28) Old regions: 53->53
[2023-07-28T15:43:14.004+0200][43,931s] GC(28) Archive regions: 2->2
[2023-07-28T15:43:14.004+0200][43,931s] GC(28) Humongous regions: 211->211
[2023-07-28T15:43:14.004+0200][43,931s] GC(28) Metaspace: 59645K(60096K)->59645K(60096K) NonClass: 52435K(52672K)->52435K(52672K) Class: 7210K(7424K)->7210K(7424K)
[2023-07-28T15:43:14.004+0200][43,931s] GC(28) Pause Young (Concurrent Start) (G1 Humongous Allocation) 261M->260M(512M) 1,278ms
[2023-07-28T15:43:14.004+0200][43,931s] GC(28) User=0,00s Sys=0,00s Real=0,00s
[2023-07-28T15:43:14.004+0200][43,931s] GC(29) Concurrent Mark Cycle
[2023-07-28T15:43:14.004+0200][43,931s] GC(29) Concurrent Clear Claimed Marks
[2023-07-28T15:43:14.004+0200][43,931s] GC(29) Concurrent Clear Claimed Marks 0,008ms
[2023-07-28T15:43:14.004+0200][43,931s] GC(29) Concurrent Scan Root Regions
[2023-07-28T15:43:14.004+0200][43,931s] GC(29) Concurrent Scan Root Regions 0,180ms
[2023-07-28T15:43:14.004+0200][43,931s] GC(29) Concurrent Mark
[2023-07-28T15:43:14.004+0200][43,931s] GC(29) Concurrent Mark From Roots
[2023-07-28T15:43:14.004+0200][43,931s] GC(29) Using 2 workers of 2 for marking
[2023-07-28T15:43:14.027+0200][43,954s] GC(29) Concurrent Mark From Roots 22,783ms
[2023-07-28T15:43:14.027+0200][43,954s] GC(29) Concurrent Preclean
[2023-07-28T15:43:14.027+0200][43,954s] GC(29) Concurrent Preclean 0,178ms
[2023-07-28T15:43:14.047+0200][43,974s] GC(29) Pause Remark
[2023-07-28T15:43:14.053+0200][43,980s] GC(29) Pause Remark 324M->324M(512M) 5,514ms
[2023-07-28T15:43:14.053+0200][43,980s] GC(29) User=0,01s Sys=0,01s Real=0,01s
[2023-07-28T15:43:14.053+0200][43,980s] GC(29) Concurrent Mark 48,752ms
[2023-07-28T15:43:14.053+0200][43,980s] GC(29) Concurrent Rebuild Remembered Sets
[2023-07-28T15:43:14.065+0200][43,992s] GC(29) Concurrent Rebuild Remembered Sets 11,599ms
[2023-07-28T15:43:14.065+0200][43,992s] GC(29) Pause Cleanup
[2023-07-28T15:43:14.065+0200][43,992s] GC(29) Pause Cleanup 324M->324M(512M) 0,149ms
[2023-07-28T15:43:14.065+0200][43,992s] GC(29) User=0,00s Sys=0,00s Real=0,00s
[2023-07-28T15:43:14.065+0200][43,992s] GC(29) Concurrent Cleanup for Next Mark
[2023-07-28T15:43:14.065+0200][43,992s] GC(29) Concurrent Cleanup for Next Mark 0,257ms
[2023-07-28T15:43:14.065+0200][43,993s] GC(29) Concurrent Mark Cycle 61,492ms
[2023-07-28T15:43:14.168+0200][44,095s] GC(30) Pause Young (Concurrent Start) (G1 Humongous Allocation)
[2023-07-28T15:43:14.168+0200][44,095s] GC(30) Using 8 workers of 8 for evacuation
[2023-07-28T15:43:14.172+0200][44,099s] GC(30)   Pre Evacuate Collection Set: 0,1ms
[2023-07-28T15:43:14.172+0200][44,099s] GC(30)   Merge Heap Roots: 0,0ms
[2023-07-28T15:43:14.172+0200][44,099s] GC(30)   Evacuate Collection Set: 3,9ms
[2023-07-28T15:43:14.172+0200][44,099s] GC(30)   Post Evacuate Collection Set: 0,3ms
[2023-07-28T15:43:14.172+0200][44,099s] GC(30)   Other: 0,1ms
[2023-07-28T15:43:14.172+0200][44,099s] GC(30) Eden regions: 62->0(64)
[2023-07-28T15:43:14.172+0200][44,099s] GC(30) Survivor regions: 1->23(23)
[2023-07-28T15:43:14.172+0200][44,099s] GC(30) Old regions: 53->64
[2023-07-28T15:43:14.172+0200][44,099s] GC(30) Archive regions: 2->2
[2023-07-28T15:43:14.172+0200][44,099s] GC(30) Humongous regions: 274->274
[2023-07-28T15:43:14.172+0200][44,099s] GC(30) Metaspace: 59647K(60096K)->59647K(60096K) NonClass: 52437K(52672K)->52437K(52672K) Class: 7210K(7424K)->7210K(7424K)
[2023-07-28T15:43:14.172+0200][44,099s] GC(30) Pause Young (Concurrent Start) (G1 Humongous Allocation) 384M->356M(512M) 4,579ms
[2023-07-28T15:43:14.172+0200][44,099s] GC(30) User=0,01s Sys=0,01s Real=0,01s
[2023-07-28T15:43:14.172+0200][44,099s] GC(31) Concurrent Mark Cycle
[2023-07-28T15:43:14.172+0200][44,099s] GC(31) Concurrent Clear Claimed Marks
[2023-07-28T15:43:14.172+0200][44,100s] GC(31) Concurrent Clear Claimed Marks 0,033ms
[2023-07-28T15:43:14.172+0200][44,100s] GC(31) Concurrent Scan Root Regions
[2023-07-28T15:43:14.173+0200][44,100s] GC(31) Concurrent Scan Root Regions 0,378ms
[2023-07-28T15:43:14.173+0200][44,100s] GC(31) Concurrent Mark
[2023-07-28T15:43:14.173+0200][44,100s] GC(31) Concurrent Mark From Roots
[2023-07-28T15:43:14.173+0200][44,100s] GC(31) Using 2 workers of 2 for marking
[2023-07-28T15:43:14.194+0200][44,121s] GC(31) Concurrent Mark From Roots 20,901ms
[2023-07-28T15:43:14.194+0200][44,121s] GC(31) Concurrent Preclean
[2023-07-28T15:43:14.194+0200][44,121s] GC(31) Concurrent Preclean 0,148ms
[2023-07-28T15:43:14.194+0200][44,121s] GC(31) Pause Remark
[2023-07-28T15:43:14.209+0200][44,136s] GC(31) Pause Remark 423M->350M(512M) 14,456ms
[2023-07-28T15:43:14.209+0200][44,136s] GC(31) User=0,03s Sys=0,03s Real=0,01s
[2023-07-28T15:43:14.209+0200][44,136s] GC(31) Concurrent Mark 35,966ms
[2023-07-28T15:43:14.209+0200][44,136s] GC(31) Concurrent Rebuild Remembered Sets
[2023-07-28T15:43:14.220+0200][44,147s] GC(31) Concurrent Rebuild Remembered Sets 11,521ms
[2023-07-28T15:43:14.221+0200][44,148s] GC(31) Pause Cleanup
[2023-07-28T15:43:14.221+0200][44,148s] GC(31) Pause Cleanup 360M->360M(512M) 0,106ms
[2023-07-28T15:43:14.221+0200][44,148s] GC(31) User=0,00s Sys=0,00s Real=0,00s
[2023-07-28T15:43:14.221+0200][44,148s] GC(31) Concurrent Cleanup for Next Mark
[2023-07-28T15:43:14.221+0200][44,148s] GC(31) Concurrent Cleanup for Next Mark 0,204ms
[2023-07-28T15:43:14.221+0200][44,148s] GC(31) Concurrent Mark Cycle 48,788ms
[2023-07-28T15:43:14.222+0200][44,149s] GC(32) Pause Young (Concurrent Start) (G1 Humongous Allocation)
[2023-07-28T15:43:14.222+0200][44,149s] GC(32) Using 8 workers of 8 for evacuation
[2023-07-28T15:43:14.223+0200][44,150s] GC(32)   Pre Evacuate Collection Set: 0,1ms
[2023-07-28T15:43:14.223+0200][44,150s] GC(32)   Merge Heap Roots: 0,1ms
[2023-07-28T15:43:14.223+0200][44,150s] GC(32)   Evacuate Collection Set: 0,7ms
[2023-07-28T15:43:14.223+0200][44,150s] GC(32)   Post Evacuate Collection Set: 0,2ms
[2023-07-28T15:43:14.223+0200][44,150s] GC(32)   Other: 0,1ms
[2023-07-28T15:43:14.223+0200][44,150s] GC(32) Eden regions: 3->0(87)
[2023-07-28T15:43:14.223+0200][44,150s] GC(32) Survivor regions: 23->1(11)
[2023-07-28T15:43:14.223+0200][44,150s] GC(32) Old regions: 64->64
[2023-07-28T15:43:14.223+0200][44,150s] GC(32) Archive regions: 2->2
[2023-07-28T15:43:14.223+0200][44,150s] GC(32) Humongous regions: 276->276
[2023-07-28T15:43:14.223+0200][44,150s] GC(32) Metaspace: 59647K(60096K)->59647K(60096K) NonClass: 52437K(52672K)->52437K(52672K) Class: 7210K(7424K)->7210K(7424K)
[2023-07-28T15:43:14.223+0200][44,150s] GC(32) Pause Young (Concurrent Start) (G1 Humongous Allocation) 360M->335M(512M) 1,215ms
[2023-07-28T15:43:14.223+0200][44,150s] GC(32) User=0,00s Sys=0,00s Real=0,00s
[2023-07-28T15:43:14.223+0200][44,150s] GC(33) Concurrent Mark Cycle
[2023-07-28T15:43:14.223+0200][44,150s] GC(33) Concurrent Clear Claimed Marks
[2023-07-28T15:43:14.223+0200][44,150s] GC(33) Concurrent Clear Claimed Marks 0,008ms
[2023-07-28T15:43:14.223+0200][44,150s] GC(33) Concurrent Scan Root Regions
[2023-07-28T15:43:14.224+0200][44,151s] GC(33) Concurrent Scan Root Regions 0,399ms
[2023-07-28T15:43:14.224+0200][44,151s] GC(33) Concurrent Mark
[2023-07-28T15:43:14.224+0200][44,151s] GC(33) Concurrent Mark From Roots
[2023-07-28T15:43:14.224+0200][44,151s] GC(33) Using 2 workers of 2 for marking
[2023-07-28T15:43:14.244+0200][44,171s] GC(33) Concurrent Mark From Roots 20,061ms
[2023-07-28T15:43:14.244+0200][44,171s] GC(33) Concurrent Preclean
[2023-07-28T15:43:14.244+0200][44,171s] GC(33) Concurrent Preclean 0,134ms
[2023-07-28T15:43:14.244+0200][44,171s] GC(33) Pause Remark
[2023-07-28T15:43:14.252+0200][44,179s] GC(33) Pause Remark 341M->331M(512M) 7,794ms
[2023-07-28T15:43:14.252+0200][44,179s] GC(33) User=0,01s Sys=0,01s Real=0,01s
[2023-07-28T15:43:14.252+0200][44,179s] GC(33) Concurrent Mark 28,427ms
[2023-07-28T15:43:14.252+0200][44,179s] GC(33) Concurrent Rebuild Remembered Sets
[2023-07-28T15:43:14.264+0200][44,191s] GC(33) Concurrent Rebuild Remembered Sets 11,495ms
[2023-07-28T15:43:14.264+0200][44,191s] GC(33) Pause Cleanup
[2023-07-28T15:43:14.264+0200][44,191s] GC(33) Pause Cleanup 341M->341M(512M) 0,102ms
[2023-07-28T15:43:14.264+0200][44,191s] GC(33) User=0,00s Sys=0,00s Real=0,00s
[2023-07-28T15:43:14.264+0200][44,191s] GC(33) Concurrent Cleanup for Next Mark
[2023-07-28T15:43:14.264+0200][44,191s] GC(33) Concurrent Cleanup for Next Mark 0,202ms
[2023-07-28T15:43:14.264+0200][44,191s] GC(33) Concurrent Mark Cycle 41,055ms
[2023-07-28T15:43:14.265+0200][44,192s] GC(34) Pause Young (Concurrent Start) (G1 Humongous Allocation)
[2023-07-28T15:43:14.265+0200][44,192s] GC(34) Using 8 workers of 8 for evacuation
[2023-07-28T15:43:14.266+0200][44,193s] GC(34)   Pre Evacuate Collection Set: 0,1ms
[2023-07-28T15:43:14.266+0200][44,193s] GC(34)   Merge Heap Roots: 0,0ms
[2023-07-28T15:43:14.266+0200][44,193s] GC(34)   Evacuate Collection Set: 0,9ms
[2023-07-28T15:43:14.266+0200][44,193s] GC(34)   Post Evacuate Collection Set: 0,2ms
[2023-07-28T15:43:14.266+0200][44,193s] GC(34)   Other: 0,1ms
[2023-07-28T15:43:14.266+0200][44,193s] GC(34) Eden regions: 1->0(88)
[2023-07-28T15:43:14.266+0200][44,193s] GC(34) Survivor regions: 1->1(11)
[2023-07-28T15:43:14.266+0200][44,193s] GC(34) Old regions: 54->54
[2023-07-28T15:43:14.266+0200][44,193s] GC(34) Archive regions: 2->2
[2023-07-28T15:43:14.266+0200][44,193s] GC(34) Humongous regions: 291->291
[2023-07-28T15:43:14.266+0200][44,193s] GC(34) Metaspace: 59647K(60096K)->59647K(60096K) NonClass: 52437K(52672K)->52437K(52672K) Class: 7210K(7424K)->7210K(7424K)
[2023-07-28T15:43:14.266+0200][44,193s] GC(34) Pause Young (Concurrent Start) (G1 Humongous Allocation) 341M->340M(512M) 1,390ms
[2023-07-28T15:43:14.266+0200][44,193s] GC(34) User=0,00s Sys=0,01s Real=0,00s
[2023-07-28T15:43:14.266+0200][44,193s] GC(35) Concurrent Mark Cycle
[2023-07-28T15:43:14.266+0200][44,193s] GC(35) Concurrent Clear Claimed Marks
[2023-07-28T15:43:14.266+0200][44,193s] GC(35) Concurrent Clear Claimed Marks 0,009ms
[2023-07-28T15:43:14.266+0200][44,193s] GC(35) Concurrent Scan Root Regions
[2023-07-28T15:43:14.267+0200][44,194s] GC(35) Concurrent Scan Root Regions 0,516ms
[2023-07-28T15:43:14.267+0200][44,194s] GC(35) Concurrent Mark
[2023-07-28T15:43:14.267+0200][44,194s] GC(35) Concurrent Mark From Roots
[2023-07-28T15:43:14.267+0200][44,194s] GC(35) Using 2 workers of 2 for marking
[2023-07-28T15:43:14.287+0200][44,214s] GC(35) Concurrent Mark From Roots 20,366ms
[2023-07-28T15:43:14.287+0200][44,214s] GC(35) Concurrent Preclean
[2023-07-28T15:43:14.287+0200][44,214s] GC(35) Concurrent Preclean 0,217ms
[2023-07-28T15:43:14.287+0200][44,215s] GC(35) Pause Remark
[2023-07-28T15:43:14.294+0200][44,221s] GC(35) Pause Remark 392M->392M(512M) 6,195ms
[2023-07-28T15:43:14.294+0200][44,221s] GC(35) User=0,01s Sys=0,01s Real=0,01s
[2023-07-28T15:43:14.294+0200][44,221s] GC(35) Concurrent Mark 27,137ms
[2023-07-28T15:43:14.294+0200][44,221s] GC(35) Concurrent Rebuild Remembered Sets
[2023-07-28T15:43:14.305+0200][44,232s] GC(35) Concurrent Rebuild Remembered Sets 11,511ms
[2023-07-28T15:43:14.306+0200][44,233s] GC(35) Pause Cleanup
[2023-07-28T15:43:14.306+0200][44,233s] GC(35) Pause Cleanup 392M->392M(512M) 0,070ms
[2023-07-28T15:43:14.306+0200][44,233s] GC(35) User=0,00s Sys=0,00s Real=0,00s
[2023-07-28T15:43:14.306+0200][44,233s] GC(35) Concurrent Cleanup for Next Mark
[2023-07-28T15:43:14.306+0200][44,233s] GC(35) Concurrent Cleanup for Next Mark 0,181ms
[2023-07-28T15:43:14.306+0200][44,233s] GC(35) Concurrent Mark Cycle 40,215ms
[2023-07-28T15:43:14.307+0200][44,234s] GC(36) Pause Young (Concurrent Start) (G1 Humongous Allocation)
[2023-07-28T15:43:14.307+0200][44,234s] GC(36) Using 8 workers of 8 for evacuation
[2023-07-28T15:43:14.309+0200][44,236s] GC(36)   Pre Evacuate Collection Set: 0,1ms
[2023-07-28T15:43:14.309+0200][44,236s] GC(36)   Merge Heap Roots: 0,0ms
[2023-07-28T15:43:14.309+0200][44,236s] GC(36)   Evacuate Collection Set: 1,1ms
[2023-07-28T15:43:14.309+0200][44,236s] GC(36)   Post Evacuate Collection Set: 0,2ms
[2023-07-28T15:43:14.309+0200][44,236s] GC(36)   Other: 0,1ms
[2023-07-28T15:43:14.309+0200][44,236s] GC(36) Eden regions: 2->0(82)
[2023-07-28T15:43:14.309+0200][44,236s] GC(36) Survivor regions: 1->1(12)
[2023-07-28T15:43:14.309+0200][44,236s] GC(36) Old regions: 54->54
[2023-07-28T15:43:14.309+0200][44,236s] GC(36) Archive regions: 2->2
[2023-07-28T15:43:14.309+0200][44,236s] GC(36) Humongous regions: 341->302
[2023-07-28T15:43:14.309+0200][44,236s] GC(36) Metaspace: 59647K(60096K)->59647K(60096K) NonClass: 52437K(52672K)->52437K(52672K) Class: 7210K(7424K)->7210K(7424K)
[2023-07-28T15:43:14.309+0200][44,236s] GC(36) Pause Young (Concurrent Start) (G1 Humongous Allocation) 392M->351M(512M) 1,643ms
[2023-07-28T15:43:14.309+0200][44,236s] GC(36) User=0,00s Sys=0,00s Real=0,00s
[2023-07-28T15:43:14.309+0200][44,236s] GC(37) Concurrent Mark Cycle
[2023-07-28T15:43:14.309+0200][44,236s] GC(37) Concurrent Clear Claimed Marks
[2023-07-28T15:43:14.309+0200][44,236s] GC(37) Concurrent Clear Claimed Marks 0,009ms
[2023-07-28T15:43:14.309+0200][44,236s] GC(37) Concurrent Scan Root Regions
[2023-07-28T15:43:14.309+0200][44,236s] GC(37) Concurrent Scan Root Regions 0,482ms
[2023-07-28T15:43:14.309+0200][44,236s] GC(37) Concurrent Mark
[2023-07-28T15:43:14.309+0200][44,236s] GC(37) Concurrent Mark From Roots
[2023-07-28T15:43:14.309+0200][44,236s] GC(37) Using 2 workers of 2 for marking
[2023-07-28T15:43:14.329+0200][44,256s] GC(37) Concurrent Mark From Roots 19,948ms
[2023-07-28T15:43:14.329+0200][44,256s] GC(37) Concurrent Preclean
[2023-07-28T15:43:14.330+0200][44,257s] GC(37) Concurrent Preclean 0,154ms
[2023-07-28T15:43:14.330+0200][44,257s] GC(37) Pause Remark
[2023-07-28T15:43:14.336+0200][44,264s] GC(37) Pause Remark 363M->362M(512M) 6,741ms
[2023-07-28T15:43:14.337+0200][44,264s] GC(37) User=0,02s Sys=0,01s Real=0,00s
[2023-07-28T15:43:14.337+0200][44,264s] GC(37) Concurrent Mark 27,231ms
[2023-07-28T15:43:14.337+0200][44,264s] GC(37) Concurrent Rebuild Remembered Sets
[2023-07-28T15:43:14.348+0200][44,275s] GC(37) Concurrent Rebuild Remembered Sets 11,701ms
[2023-07-28T15:43:14.349+0200][44,276s] GC(37) Pause Cleanup
[2023-07-28T15:43:14.349+0200][44,276s] GC(37) Pause Cleanup 412M->412M(512M) 0,145ms
[2023-07-28T15:43:14.349+0200][44,276s] GC(37) User=0,00s Sys=0,00s Real=0,00s
[2023-07-28T15:43:14.349+0200][44,276s] GC(37) Concurrent Cleanup for Next Mark
[2023-07-28T15:43:14.349+0200][44,276s] GC(37) Concurrent Cleanup for Next Mark 0,217ms
[2023-07-28T15:43:14.349+0200][44,276s] GC(37) Concurrent Mark Cycle 40,532ms
[2023-07-28T15:43:14.355+0200][44,282s] GC(38) Pause Young (Concurrent Start) (G1 Humongous Allocation)
[2023-07-28T15:43:14.355+0200][44,282s] GC(38) Using 8 workers of 8 for evacuation
[2023-07-28T15:43:14.356+0200][44,283s] GC(38)   Pre Evacuate Collection Set: 0,2ms
[2023-07-28T15:43:14.356+0200][44,283s] GC(38)   Merge Heap Roots: 0,1ms
[2023-07-28T15:43:14.356+0200][44,284s] GC(38)   Evacuate Collection Set: 0,8ms
[2023-07-28T15:43:14.356+0200][44,284s] GC(38)   Post Evacuate Collection Set: 0,2ms
[2023-07-28T15:43:14.356+0200][44,284s] GC(38)   Other: 0,1ms
[2023-07-28T15:43:14.356+0200][44,284s] GC(38) Eden regions: 2->0(84)
[2023-07-28T15:43:14.356+0200][44,284s] GC(38) Survivor regions: 1->1(11)
[2023-07-28T15:43:14.356+0200][44,284s] GC(38) Old regions: 54->54
[2023-07-28T15:43:14.356+0200][44,284s] GC(38) Archive regions: 2->2
[2023-07-28T15:43:14.356+0200][44,284s] GC(38) Humongous regions: 361->302
[2023-07-28T15:43:14.357+0200][44,284s] GC(38) Metaspace: 59647K(60096K)->59647K(60096K) NonClass: 52437K(52672K)->52437K(52672K) Class: 7210K(7424K)->7210K(7424K)
[2023-07-28T15:43:14.357+0200][44,284s] GC(38) Pause Young (Concurrent Start) (G1 Humongous Allocation) 412M->351M(512M) 1,470ms
[2023-07-28T15:43:14.357+0200][44,284s] GC(38) User=0,01s Sys=0,00s Real=0,00s
[2023-07-28T15:43:14.357+0200][44,284s] GC(39) Concurrent Mark Cycle
[2023-07-28T15:43:14.357+0200][44,284s] GC(39) Concurrent Clear Claimed Marks
[2023-07-28T15:43:14.357+0200][44,284s] GC(39) Concurrent Clear Claimed Marks 0,008ms
[2023-07-28T15:43:14.357+0200][44,284s] GC(39) Concurrent Scan Root Regions
[2023-07-28T15:43:14.357+0200][44,284s] GC(39) Concurrent Scan Root Regions 0,510ms
[2023-07-28T15:43:14.357+0200][44,284s] GC(39) Concurrent Mark
[2023-07-28T15:43:14.357+0200][44,284s] GC(39) Concurrent Mark From Roots
[2023-07-28T15:43:14.357+0200][44,284s] GC(39) Using 2 workers of 2 for marking
[2023-07-28T15:43:14.377+0200][44,304s] GC(39) Concurrent Mark From Roots 20,113ms
[2023-07-28T15:43:14.377+0200][44,304s] GC(39) Concurrent Preclean
[2023-07-28T15:43:14.377+0200][44,304s] GC(39) Concurrent Preclean 0,137ms
[2023-07-28T15:43:14.378+0200][44,305s] GC(39) Pause Remark
[2023-07-28T15:43:14.386+0200][44,313s] GC(39) Pause Remark 378M->378M(512M) 7,744ms
[2023-07-28T15:43:14.386+0200][44,313s] GC(39) User=0,01s Sys=0,01s Real=0,01s
[2023-07-28T15:43:14.386+0200][44,313s] GC(39) Concurrent Mark 28,588ms
[2023-07-28T15:43:14.386+0200][44,313s] GC(39) Concurrent Rebuild Remembered Sets
[2023-07-28T15:43:14.397+0200][44,324s] GC(39) Concurrent Rebuild Remembered Sets 11,483ms
[2023-07-28T15:43:14.397+0200][44,325s] GC(39) Pause Cleanup
[2023-07-28T15:43:14.398+0200][44,325s] GC(39) Pause Cleanup 378M->378M(512M) 0,135ms
[2023-07-28T15:43:14.398+0200][44,325s] GC(39) User=0,00s Sys=0,00s Real=0,00s
[2023-07-28T15:43:14.398+0200][44,325s] GC(39) Concurrent Cleanup for Next Mark
[2023-07-28T15:43:14.398+0200][44,325s] GC(39) Concurrent Cleanup for Next Mark 0,208ms
[2023-07-28T15:43:14.398+0200][44,325s] GC(39) Concurrent Mark Cycle 41,439ms
[2023-07-28T15:43:15.866+0200][45,794s] GC(40) Pause Young (Normal) (G1 Evacuation Pause)
[2023-07-28T15:43:15.866+0200][45,794s] GC(40) Using 8 workers of 8 for evacuation
[2023-07-28T15:43:15.869+0200][45,796s] GC(40)   Pre Evacuate Collection Set: 0,1ms
[2023-07-28T15:43:15.869+0200][45,796s] GC(40)   Merge Heap Roots: 0,1ms
[2023-07-28T15:43:15.869+0200][45,796s] GC(40)   Evacuate Collection Set: 1,9ms
[2023-07-28T15:43:15.869+0200][45,796s] GC(40)   Post Evacuate Collection Set: 0,3ms
[2023-07-28T15:43:15.869+0200][45,796s] GC(40)   Other: 0,1ms
[2023-07-28T15:43:15.869+0200][45,796s] GC(40) Eden regions: 84->0(47)
[2023-07-28T15:43:15.869+0200][45,796s] GC(40) Survivor regions: 1->11(11)
[2023-07-28T15:43:15.869+0200][45,796s] GC(40) Old regions: 54->57
[2023-07-28T15:43:15.869+0200][45,796s] GC(40) Archive regions: 2->2
[2023-07-28T15:43:15.869+0200][45,796s] GC(40) Humongous regions: 328->327
[2023-07-28T15:43:15.869+0200][45,796s] GC(40) Metaspace: 59801K(60352K)->59801K(60352K) NonClass: 52589K(52928K)->52589K(52928K) Class: 7212K(7424K)->7212K(7424K)
[2023-07-28T15:43:15.869+0200][45,796s] GC(40) Pause Young (Normal) (G1 Evacuation Pause) 461M->390M(512M) 2,633ms
[2023-07-28T15:43:15.869+0200][45,796s] GC(40) User=0,01s Sys=0,00s Real=0,00s
[2023-07-28T15:43:15.966+0200][45,893s] GC(41) Pause Young (Concurrent Start) (G1 Evacuation Pause)
[2023-07-28T15:43:15.966+0200][45,893s] GC(41) Using 8 workers of 8 for evacuation
[2023-07-28T15:43:15.973+0200][45,900s] GC(41)   Pre Evacuate Collection Set: 0,2ms
[2023-07-28T15:43:15.973+0200][45,900s] GC(41)   Merge Heap Roots: 0,1ms
[2023-07-28T15:43:15.973+0200][45,900s] GC(41)   Evacuate Collection Set: 7,0ms
[2023-07-28T15:43:15.973+0200][45,900s] GC(41)   Post Evacuate Collection Set: 0,3ms
[2023-07-28T15:43:15.973+0200][45,900s] GC(41)   Other: 0,1ms
[2023-07-28T15:43:15.973+0200][45,900s] GC(41) Eden regions: 47->0(17)
[2023-07-28T15:43:15.973+0200][45,900s] GC(41) Survivor regions: 11->8(8)
[2023-07-28T15:43:15.973+0200][45,900s] GC(41) Old regions: 57->106
[2023-07-28T15:43:15.973+0200][45,900s] GC(41) Archive regions: 2->2
[2023-07-28T15:43:15.973+0200][45,900s] GC(41) Humongous regions: 327->327
[2023-07-28T15:43:15.973+0200][45,900s] GC(41) Metaspace: 59801K(60352K)->59801K(60352K) NonClass: 52589K(52928K)->52589K(52928K) Class: 7212K(7424K)->7212K(7424K)
[2023-07-28T15:43:15.973+0200][45,900s] GC(41) Pause Young (Concurrent Start) (G1 Evacuation Pause) 437M->436M(512M) 7,699ms
[2023-07-28T15:43:15.973+0200][45,901s] GC(41) User=0,02s Sys=0,02s Real=0,01s
[2023-07-28T15:43:15.973+0200][45,901s] GC(42) Concurrent Mark Cycle
[2023-07-28T15:43:15.973+0200][45,901s] GC(42) Concurrent Clear Claimed Marks
[2023-07-28T15:43:15.974+0200][45,901s] GC(42) Concurrent Clear Claimed Marks 0,030ms
[2023-07-28T15:43:15.974+0200][45,901s] GC(42) Concurrent Scan Root Regions
[2023-07-28T15:43:15.974+0200][45,901s] GC(42) Concurrent Scan Root Regions 0,730ms
[2023-07-28T15:43:15.974+0200][45,901s] GC(42) Concurrent Mark
[2023-07-28T15:43:15.974+0200][45,901s] GC(42) Concurrent Mark From Roots
[2023-07-28T15:43:15.974+0200][45,901s] GC(42) Using 2 workers of 2 for marking
[2023-07-28T15:43:15.994+0200][45,921s] GC(42) Concurrent Mark From Roots 19,947ms
[2023-07-28T15:43:15.994+0200][45,921s] GC(42) Concurrent Preclean
[2023-07-28T15:43:15.994+0200][45,921s] GC(42) Concurrent Preclean 0,127ms
[2023-07-28T15:43:15.995+0200][45,922s] GC(42) Pause Remark
[2023-07-28T15:43:15.997+0200][45,924s] GC(42) Pause Remark 446M->446M(512M) 2,626ms
[2023-07-28T15:43:15.997+0200][45,924s] GC(42) User=0,02s Sys=0,00s Real=0,00s
[2023-07-28T15:43:15.997+0200][45,924s] GC(42) Concurrent Mark 23,055ms
[2023-07-28T15:43:15.997+0200][45,924s] GC(42) Concurrent Rebuild Remembered Sets
[2023-07-28T15:43:16.009+0200][45,936s] GC(42) Concurrent Rebuild Remembered Sets 11,892ms
[2023-07-28T15:43:16.009+0200][45,937s] GC(42) Pause Cleanup
[2023-07-28T15:43:16.010+0200][45,937s] GC(42) Pause Cleanup 451M->451M(512M) 0,139ms
[2023-07-28T15:43:16.010+0200][45,937s] GC(42) User=0,00s Sys=0,00s Real=0,01s
[2023-07-28T15:43:16.010+0200][45,937s] GC(42) Concurrent Cleanup for Next Mark
[2023-07-28T15:43:16.010+0200][45,937s] GC(42) Concurrent Cleanup for Next Mark 0,196ms
[2023-07-28T15:43:16.010+0200][45,937s] GC(42) Concurrent Mark Cycle 36,419ms
[2023-07-28T15:43:16.086+0200][46,013s] GC(43) Pause Young (Prepare Mixed) (G1 Evacuation Pause)
[2023-07-28T15:43:16.086+0200][46,013s] GC(43) Using 8 workers of 8 for evacuation
[2023-07-28T15:43:16.090+0200][46,017s] GC(43)   Pre Evacuate Collection Set: 0,1ms
[2023-07-28T15:43:16.090+0200][46,017s] GC(43)   Merge Heap Roots: 0,1ms
[2023-07-28T15:43:16.090+0200][46,017s] GC(43)   Evacuate Collection Set: 2,8ms
[2023-07-28T15:43:16.090+0200][46,017s] GC(43)   Post Evacuate Collection Set: 0,4ms
[2023-07-28T15:43:16.090+0200][46,017s] GC(43)   Other: 0,1ms
[2023-07-28T15:43:16.090+0200][46,017s] GC(43) Eden regions: 17->0(21)
[2023-07-28T15:43:16.090+0200][46,017s] GC(43) Survivor regions: 8->4(4)
[2023-07-28T15:43:16.090+0200][46,017s] GC(43) Old regions: 106->127
[2023-07-28T15:43:16.090+0200][46,017s] GC(43) Archive regions: 2->2
[2023-07-28T15:43:16.090+0200][46,017s] GC(43) Humongous regions: 327->327
[2023-07-28T15:43:16.090+0200][46,017s] GC(43) Metaspace: 59801K(60352K)->59801K(60352K) NonClass: 52589K(52928K)->52589K(52928K) Class: 7212K(7424K)->7212K(7424K)
[2023-07-28T15:43:16.090+0200][46,017s] GC(43) Pause Young (Prepare Mixed) (G1 Evacuation Pause) 453M->453M(512M) 3,506ms
[2023-07-28T15:43:16.090+0200][46,017s] GC(43) User=0,01s Sys=0,01s Real=0,01s
[2023-07-28T15:43:16.139+0200][46,066s] GC(44) Pause Young (Mixed) (G1 Evacuation Pause)
[2023-07-28T15:43:16.139+0200][46,066s] GC(44) Using 8 workers of 8 for evacuation
[2023-07-28T15:43:16.142+0200][46,069s] GC(44)   Pre Evacuate Collection Set: 0,1ms
[2023-07-28T15:43:16.142+0200][46,069s] GC(44)   Merge Heap Roots: 0,0ms
[2023-07-28T15:43:16.142+0200][46,069s] GC(44)   Evacuate Collection Set: 2,7ms
[2023-07-28T15:43:16.142+0200][46,069s] GC(44)   Post Evacuate Collection Set: 0,3ms
[2023-07-28T15:43:16.142+0200][46,069s] GC(44)   Other: 0,2ms
[2023-07-28T15:43:16.142+0200][46,069s] GC(44) Eden regions: 21->0(21)
[2023-07-28T15:43:16.142+0200][46,069s] GC(44) Survivor regions: 4->4(4)
[2023-07-28T15:43:16.142+0200][46,069s] GC(44) Old regions: 127->147
[2023-07-28T15:43:16.142+0200][46,069s] GC(44) Archive regions: 2->2
[2023-07-28T15:43:16.142+0200][46,069s] GC(44) Humongous regions: 327->327
[2023-07-28T15:43:16.142+0200][46,069s] GC(44) Metaspace: 59801K(60352K)->59801K(60352K) NonClass: 52589K(52928K)->52589K(52928K) Class: 7212K(7424K)->7212K(7424K)
[2023-07-28T15:43:16.142+0200][46,069s] GC(44) Pause Young (Mixed) (G1 Evacuation Pause) 474M->474M(512M) 3,371ms
[2023-07-28T15:43:16.142+0200][46,069s] GC(44) User=0,01s Sys=0,01s Real=0,01s
[2023-07-28T15:43:16.170+0200][46,097s] GC(45) Pause Young (Concurrent Start) (G1 Preventive Collection)
[2023-07-28T15:43:16.170+0200][46,097s] GC(45) Using 8 workers of 8 for evacuation
[2023-07-28T15:43:16.172+0200][46,100s] GC(45)   Pre Evacuate Collection Set: 0,1ms
[2023-07-28T15:43:16.172+0200][46,100s] GC(45)   Merge Heap Roots: 0,0ms
[2023-07-28T15:43:16.173+0200][46,100s] GC(45)   Evacuate Collection Set: 1,7ms
[2023-07-28T15:43:16.173+0200][46,100s] GC(45)   Post Evacuate Collection Set: 0,3ms
[2023-07-28T15:43:16.173+0200][46,100s] GC(45)   Other: 0,2ms
[2023-07-28T15:43:16.173+0200][46,100s] GC(45) Eden regions: 14->0(21)
[2023-07-28T15:43:16.173+0200][46,100s] GC(45) Survivor regions: 4->4(4)
[2023-07-28T15:43:16.173+0200][46,100s] GC(45) Old regions: 147->161
[2023-07-28T15:43:16.173+0200][46,100s] GC(45) Archive regions: 2->2
[2023-07-28T15:43:16.173+0200][46,100s] GC(45) Humongous regions: 327->327
[2023-07-28T15:43:16.173+0200][46,100s] GC(45) Metaspace: 59801K(60352K)->59801K(60352K) NonClass: 52589K(52928K)->52589K(52928K) Class: 7212K(7424K)->7212K(7424K)
[2023-07-28T15:43:16.173+0200][46,100s] GC(45) Pause Young (Concurrent Start) (G1 Preventive Collection) 488M->488M(512M) 2,399ms
[2023-07-28T15:43:16.173+0200][46,100s] GC(45) User=0,00s Sys=0,00s Real=0,00s
[2023-07-28T15:43:16.173+0200][46,100s] GC(46) Concurrent Mark Cycle
[2023-07-28T15:43:16.173+0200][46,100s] GC(46) Concurrent Clear Claimed Marks
[2023-07-28T15:43:16.173+0200][46,100s] GC(46) Concurrent Clear Claimed Marks 0,034ms
[2023-07-28T15:43:16.173+0200][46,100s] GC(46) Concurrent Scan Root Regions
[2023-07-28T15:43:16.173+0200][46,100s] GC(46) Concurrent Scan Root Regions 0,645ms
[2023-07-28T15:43:16.173+0200][46,100s] GC(46) Concurrent Mark
[2023-07-28T15:43:16.173+0200][46,100s] GC(46) Concurrent Mark From Roots
[2023-07-28T15:43:16.173+0200][46,100s] GC(46) Using 2 workers of 2 for marking
[2023-07-28T15:43:16.195+0200][46,122s] GC(46) Concurrent Mark From Roots 21,801ms
[2023-07-28T15:43:16.195+0200][46,122s] GC(46) Concurrent Preclean
[2023-07-28T15:43:16.196+0200][46,123s] GC(46) Concurrent Preclean 0,520ms
[2023-07-28T15:43:16.196+0200][46,123s] GC(46) Pause Remark
[2023-07-28T15:43:16.210+0200][46,138s] GC(46) Pause Remark 493M->493M(512M) 14,584ms
[2023-07-28T15:43:16.210+0200][46,138s] GC(46) User=0,03s Sys=0,05s Real=0,02s
[2023-07-28T15:43:16.211+0200][46,138s] GC(46) Concurrent Mark 37,249ms
[2023-07-28T15:43:16.211+0200][46,138s] GC(46) Concurrent Rebuild Remembered Sets
[2023-07-28T15:43:16.223+0200][46,150s] GC(46) Concurrent Rebuild Remembered Sets 12,372ms
[2023-07-28T15:43:16.223+0200][46,150s] GC(46) Pause Cleanup
[2023-07-28T15:43:16.223+0200][46,150s] GC(46) Pause Cleanup 493M->493M(512M) 0,124ms
[2023-07-28T15:43:16.223+0200][46,150s] GC(46) User=0,00s Sys=0,00s Real=0,00s
[2023-07-28T15:43:16.223+0200][46,150s] GC(46) Concurrent Cleanup for Next Mark
[2023-07-28T15:43:16.224+0200][46,151s] GC(46) Concurrent Cleanup for Next Mark 0,288ms
[2023-07-28T15:43:16.224+0200][46,151s] GC(46) Concurrent Mark Cycle 51,012ms
[2023-07-28T15:43:16.302+0200][46,229s] GC(47) Pause Young (Prepare Mixed) (G1 Preventive Collection)
[2023-07-28T15:43:16.302+0200][46,229s] GC(47) Using 8 workers of 8 for evacuation
[2023-07-28T15:43:16.304+0200][46,231s] GC(47)   Pre Evacuate Collection Set: 0,1ms
[2023-07-28T15:43:16.304+0200][46,231s] GC(47)   Merge Heap Roots: 0,1ms
[2023-07-28T15:43:16.304+0200][46,231s] GC(47)   Evacuate Collection Set: 1,7ms
[2023-07-28T15:43:16.304+0200][46,231s] GC(47)   Post Evacuate Collection Set: 0,3ms
[2023-07-28T15:43:16.304+0200][46,231s] GC(47)   Other: 0,1ms
[2023-07-28T15:43:16.304+0200][46,231s] GC(47) Eden regions: 6->0(21)
[2023-07-28T15:43:16.304+0200][46,231s] GC(47) Survivor regions: 4->4(4)
[2023-07-28T15:43:16.304+0200][46,231s] GC(47) Old regions: 161->166
[2023-07-28T15:43:16.304+0200][46,231s] GC(47) Archive regions: 2->2
[2023-07-28T15:43:16.304+0200][46,231s] GC(47) Humongous regions: 327->327
[2023-07-28T15:43:16.304+0200][46,231s] GC(47) Metaspace: 59567K(60352K)->59567K(60352K) NonClass: 52408K(52928K)->52408K(52928K) Class: 7158K(7424K)->7158K(7424K)
[2023-07-28T15:43:16.304+0200][46,231s] GC(47) Pause Young (Prepare Mixed) (G1 Preventive Collection) 494M->493M(512M) 2,395ms
[2023-07-28T15:43:16.304+0200][46,231s] GC(47) User=0,01s Sys=0,00s Real=0,00s
[2023-07-28T15:43:16.433+0200][46,360s] GC(48) Pause Young (Mixed) (G1 Preventive Collection)
[2023-07-28T15:43:16.433+0200][46,360s] GC(48) Using 8 workers of 8 for evacuation
[2023-07-28T15:43:16.435+0200][46,362s] GC(48)   Pre Evacuate Collection Set: 0,1ms
[2023-07-28T15:43:16.435+0200][46,363s] GC(48)   Merge Heap Roots: 0,1ms
[2023-07-28T15:43:16.435+0200][46,363s] GC(48)   Evacuate Collection Set: 2,3ms
[2023-07-28T15:43:16.435+0200][46,363s] GC(48)   Post Evacuate Collection Set: 0,3ms
[2023-07-28T15:43:16.435+0200][46,363s] GC(48)   Other: 0,1ms
[2023-07-28T15:43:16.435+0200][46,363s] GC(48) Eden regions: 2->0(24)
[2023-07-28T15:43:16.435+0200][46,363s] GC(48) Survivor regions: 4->1(4)
[2023-07-28T15:43:16.435+0200][46,363s] GC(48) Old regions: 166->169
[2023-07-28T15:43:16.435+0200][46,363s] GC(48) Archive regions: 2->2
[2023-07-28T15:43:16.435+0200][46,363s] GC(48) Humongous regions: 329->327
[2023-07-28T15:43:16.436+0200][46,363s] GC(48) Metaspace: 59567K(60352K)->59567K(60352K) NonClass: 52408K(52928K)->52408K(52928K) Class: 7158K(7424K)->7158K(7424K)
[2023-07-28T15:43:16.436+0200][46,363s] GC(48) Pause Young (Mixed) (G1 Preventive Collection) 497M->493M(512M) 3,005ms
[2023-07-28T15:43:16.436+0200][46,363s] GC(48) User=0,01s Sys=0,00s Real=0,00s
[2023-07-28T15:43:16.511+0200][46,438s] GC(49) Pause Young (Concurrent Start) (G1 Preventive Collection)
[2023-07-28T15:43:16.511+0200][46,438s] GC(49) Using 8 workers of 8 for evacuation
[2023-07-28T15:43:16.514+0200][46,441s] GC(49)   Pre Evacuate Collection Set: 0,1ms
[2023-07-28T15:43:16.514+0200][46,441s] GC(49)   Merge Heap Roots: 0,1ms
[2023-07-28T15:43:16.514+0200][46,441s] GC(49)   Evacuate Collection Set: 2,2ms
[2023-07-28T15:43:16.514+0200][46,441s] GC(49)   Post Evacuate Collection Set: 0,2ms
[2023-07-28T15:43:16.514+0200][46,441s] GC(49)   Other: 0,3ms
[2023-07-28T15:43:16.514+0200][46,441s] GC(49) Eden regions: 6->0(24)
[2023-07-28T15:43:16.514+0200][46,441s] GC(49) Survivor regions: 1->1(4)
[2023-07-28T15:43:16.514+0200][46,441s] GC(49) Old regions: 169->169
[2023-07-28T15:43:16.514+0200][46,441s] GC(49) Archive regions: 2->2
[2023-07-28T15:43:16.514+0200][46,441s] GC(49) Humongous regions: 327->327
[2023-07-28T15:43:16.514+0200][46,441s] GC(49) Metaspace: 59567K(60352K)->59567K(60352K) NonClass: 52408K(52928K)->52408K(52928K) Class: 7158K(7424K)->7158K(7424K)
[2023-07-28T15:43:16.514+0200][46,441s] GC(49) Pause Young (Concurrent Start) (G1 Preventive Collection) 499M->493M(512M) 2,992ms
[2023-07-28T15:43:16.514+0200][46,441s] GC(49) User=0,01s Sys=0,00s Real=0,00s
[2023-07-28T15:43:16.514+0200][46,441s] GC(50) Concurrent Mark Cycle
[2023-07-28T15:43:16.514+0200][46,441s] GC(50) Concurrent Clear Claimed Marks
[2023-07-28T15:43:16.514+0200][46,441s] GC(50) Concurrent Clear Claimed Marks 0,027ms
[2023-07-28T15:43:16.514+0200][46,441s] GC(50) Concurrent Scan Root Regions
[2023-07-28T15:43:16.514+0200][46,441s] GC(50) Concurrent Scan Root Regions 0,586ms
[2023-07-28T15:43:16.514+0200][46,441s] GC(50) Concurrent Mark
[2023-07-28T15:43:16.514+0200][46,441s] GC(50) Concurrent Mark From Roots
[2023-07-28T15:43:16.514+0200][46,441s] GC(50) Using 2 workers of 2 for marking
[2023-07-28T15:43:16.534+0200][46,461s] GC(50) Concurrent Mark From Roots 20,030ms
[2023-07-28T15:43:16.534+0200][46,462s] GC(50) Concurrent Preclean
[2023-07-28T15:43:16.535+0200][46,462s] GC(50) Concurrent Preclean 0,190ms
[2023-07-28T15:43:16.535+0200][46,462s] GC(50) Pause Remark
[2023-07-28T15:43:16.549+0200][46,476s] GC(50) Pause Remark 494M->207M(512M) 14,366ms
[2023-07-28T15:43:16.549+0200][46,477s] GC(50) User=0,03s Sys=0,02s Real=0,01s
[2023-07-28T15:43:16.550+0200][46,477s] GC(50) Concurrent Mark 35,193ms
[2023-07-28T15:43:16.550+0200][46,477s] GC(50) Concurrent Rebuild Remembered Sets
[2023-07-28T15:43:16.562+0200][46,489s] GC(50) Concurrent Rebuild Remembered Sets 12,620ms
[2023-07-28T15:43:16.562+0200][46,489s] GC(50) Pause Cleanup
[2023-07-28T15:43:16.562+0200][46,490s] GC(50) Pause Cleanup 207M->207M(512M) 0,079ms
[2023-07-28T15:43:16.562+0200][46,490s] GC(50) User=0,00s Sys=0,00s Real=0,00s
[2023-07-28T15:43:16.563+0200][46,490s] GC(50) Concurrent Cleanup for Next Mark
[2023-07-28T15:43:16.563+0200][46,490s] GC(50) Concurrent Cleanup for Next Mark 0,189ms
[2023-07-28T15:43:16.563+0200][46,490s] GC(50) Concurrent Mark Cycle 49,023ms
[2023-07-28T15:43:16.898+0200][46,825s] GC(51) Pause Young (Prepare Mixed) (G1 Evacuation Pause)
[2023-07-28T15:43:16.898+0200][46,825s] GC(51) Using 8 workers of 8 for evacuation
[2023-07-28T15:43:16.901+0200][46,828s] GC(51)   Pre Evacuate Collection Set: 0,2ms
[2023-07-28T15:43:16.901+0200][46,828s] GC(51)   Merge Heap Roots: 0,1ms
[2023-07-28T15:43:16.901+0200][46,828s] GC(51)   Evacuate Collection Set: 2,4ms
[2023-07-28T15:43:16.901+0200][46,828s] GC(51)   Post Evacuate Collection Set: 0,3ms
[2023-07-28T15:43:16.901+0200][46,828s] GC(51)   Other: 0,1ms
[2023-07-28T15:43:16.901+0200][46,828s] GC(51) Eden regions: 24->0(22)
[2023-07-28T15:43:16.901+0200][46,828s] GC(51) Survivor regions: 1->3(4)
[2023-07-28T15:43:16.901+0200][46,828s] GC(51) Old regions: 72->72
[2023-07-28T15:43:16.901+0200][46,828s] GC(51) Archive regions: 2->2
[2023-07-28T15:43:16.901+0200][46,828s] GC(51) Humongous regions: 139->139
[2023-07-28T15:43:16.901+0200][46,828s] GC(51) Metaspace: 59567K(60352K)->59567K(60352K) NonClass: 52409K(52928K)->52409K(52928K) Class: 7158K(7424K)->7158K(7424K)
[2023-07-28T15:43:16.901+0200][46,828s] GC(51) Pause Young (Prepare Mixed) (G1 Evacuation Pause) 232M->210M(512M) 3,095ms
[2023-07-28T15:43:16.901+0200][46,828s] GC(51) User=0,00s Sys=0,00s Real=0,01s
[2023-07-28T15:43:28.397+0200][58,324s] GC(52) Pause Young (Mixed) (G1 Evacuation Pause)
[2023-07-28T15:43:28.397+0200][58,324s] GC(52) Using 8 workers of 8 for evacuation
[2023-07-28T15:43:28.401+0200][58,328s] GC(52)   Pre Evacuate Collection Set: 0,1ms
[2023-07-28T15:43:28.401+0200][58,328s] GC(52)   Merge Heap Roots: 0,1ms
[2023-07-28T15:43:28.401+0200][58,328s] GC(52)   Evacuate Collection Set: 3,1ms
[2023-07-28T15:43:28.401+0200][58,328s] GC(52)   Post Evacuate Collection Set: 0,3ms
[2023-07-28T15:43:28.401+0200][58,328s] GC(52)   Other: 0,4ms
[2023-07-28T15:43:28.401+0200][58,328s] GC(52) Eden regions: 22->0(104)
[2023-07-28T15:43:28.401+0200][58,328s] GC(52) Survivor regions: 3->4(4)
[2023-07-28T15:43:28.401+0200][58,328s] GC(52) Old regions: 72->71
[2023-07-28T15:43:28.401+0200][58,328s] GC(52) Archive regions: 2->2
[2023-07-28T15:43:28.401+0200][58,328s] GC(52) Humongous regions: 143->137
[2023-07-28T15:43:28.401+0200][58,328s] GC(52) Metaspace: 59611K(60352K)->59611K(60352K) NonClass: 52450K(52928K)->52450K(52928K) Class: 7161K(7424K)->7161K(7424K)
[2023-07-28T15:43:28.401+0200][58,328s] GC(52) Pause Young (Mixed) (G1 Evacuation Pause) 236M->208M(512M) 4,060ms
[2023-07-28T15:43:28.401+0200][58,328s] GC(52) User=0,01s Sys=0,00s Real=0,01s
[2023-07-28T15:43:35.248+0200][65,175s] GC(53) Pause Young (Concurrent Start) (G1 Humongous Allocation)
[2023-07-28T15:43:35.248+0200][65,176s] GC(53) Using 8 workers of 8 for evacuation
[2023-07-28T15:43:35.251+0200][65,179s] GC(53)   Pre Evacuate Collection Set: 0,1ms
[2023-07-28T15:43:35.251+0200][65,179s] GC(53)   Merge Heap Roots: 0,0ms
[2023-07-28T15:43:35.251+0200][65,179s] GC(53)   Evacuate Collection Set: 2,5ms
[2023-07-28T15:43:35.251+0200][65,179s] GC(53)   Post Evacuate Collection Set: 0,3ms
[2023-07-28T15:43:35.251+0200][65,179s] GC(53)   Other: 0,1ms
[2023-07-28T15:43:35.251+0200][65,179s] GC(53) Eden regions: 76->0(118)
[2023-07-28T15:43:35.251+0200][65,179s] GC(53) Survivor regions: 4->5(14)
[2023-07-28T15:43:35.251+0200][65,179s] GC(53) Old regions: 71->71
[2023-07-28T15:43:35.251+0200][65,179s] GC(53) Archive regions: 2->2
[2023-07-28T15:43:35.251+0200][65,179s] GC(53) Humongous regions: 137->137
[2023-07-28T15:43:35.251+0200][65,179s] GC(53) Metaspace: 59822K(60416K)->59822K(60416K) NonClass: 52637K(52992K)->52637K(52992K) Class: 7185K(7424K)->7185K(7424K)
[2023-07-28T15:43:35.251+0200][65,179s] GC(53) Pause Young (Concurrent Start) (G1 Humongous Allocation) 284M->209M(512M) 3,129ms
[2023-07-28T15:43:35.251+0200][65,179s] GC(53) User=0,01s Sys=0,00s Real=0,01s
[2023-07-28T15:43:35.251+0200][65,179s] GC(54) Concurrent Mark Cycle
[2023-07-28T15:43:35.251+0200][65,179s] GC(54) Concurrent Clear Claimed Marks
[2023-07-28T15:43:35.251+0200][65,179s] GC(54) Concurrent Clear Claimed Marks 0,024ms
[2023-07-28T15:43:35.251+0200][65,179s] GC(54) Concurrent Scan Root Regions
[2023-07-28T15:43:35.252+0200][65,179s] GC(54) Concurrent Scan Root Regions 0,647ms
[2023-07-28T15:43:35.252+0200][65,179s] GC(54) Concurrent Mark
[2023-07-28T15:43:35.252+0200][65,179s] GC(54) Concurrent Mark From Roots
[2023-07-28T15:43:35.252+0200][65,179s] GC(54) Using 2 workers of 2 for marking
[2023-07-28T15:43:35.273+0200][65,200s] GC(54) Concurrent Mark From Roots 20,659ms
[2023-07-28T15:43:35.273+0200][65,200s] GC(54) Concurrent Preclean
[2023-07-28T15:43:35.273+0200][65,200s] GC(54) Concurrent Preclean 0,149ms
[2023-07-28T15:43:35.273+0200][65,200s] GC(54) Pause Remark
[2023-07-28T15:43:35.291+0200][65,218s] GC(54) Pause Remark 216M->80M(512M) 18,061ms
[2023-07-28T15:43:35.291+0200][65,218s] GC(54) User=0,03s Sys=0,02s Real=0,02s
[2023-07-28T15:43:35.291+0200][65,219s] GC(54) Concurrent Mark 39,186ms
[2023-07-28T15:43:35.291+0200][65,219s] GC(54) Concurrent Rebuild Remembered Sets
[2023-07-28T15:43:35.303+0200][65,230s] GC(54) Concurrent Rebuild Remembered Sets 11,555ms
[2023-07-28T15:43:35.303+0200][65,231s] GC(54) Pause Cleanup
[2023-07-28T15:43:35.303+0200][65,231s] GC(54) Pause Cleanup 80M->80M(512M) 0,122ms
[2023-07-28T15:43:35.303+0200][65,231s] GC(54) User=0,00s Sys=0,00s Real=0,00s
[2023-07-28T15:43:35.303+0200][65,231s] GC(54) Concurrent Cleanup for Next Mark
[2023-07-28T15:43:35.304+0200][65,231s] GC(54) Concurrent Cleanup for Next Mark 0,192ms
[2023-07-28T15:43:35.304+0200][65,231s] GC(54) Concurrent Mark Cycle 52,299ms
[2023-07-28T15:44:16.063+0200][105,990s] GC(55) Pause Young (Prepare Mixed) (G1 Evacuation Pause)
[2023-07-28T15:44:16.063+0200][105,991s] GC(55) Using 8 workers of 8 for evacuation
[2023-07-28T15:44:16.086+0200][106,014s] GC(55)   Pre Evacuate Collection Set: 0,2ms
[2023-07-28T15:44:16.086+0200][106,014s] GC(55)   Merge Heap Roots: 0,1ms
[2023-07-28T15:44:16.086+0200][106,014s] GC(55)   Evacuate Collection Set: 21,1ms
[2023-07-28T15:44:16.086+0200][106,014s] GC(55)   Post Evacuate Collection Set: 1,2ms
[2023-07-28T15:44:16.086+0200][106,014s] GC(55)   Other: 1,0ms
[2023-07-28T15:44:16.086+0200][106,014s] GC(55) Eden regions: 118->0(15)
[2023-07-28T15:44:16.086+0200][106,014s] GC(55) Survivor regions: 5->10(16)
[2023-07-28T15:44:16.086+0200][106,014s] GC(55) Old regions: 61->61
[2023-07-28T15:44:16.086+0200][106,014s] GC(55) Archive regions: 2->2
[2023-07-28T15:44:16.086+0200][106,014s] GC(55) Humongous regions: 82->42
[2023-07-28T15:44:16.086+0200][106,014s] GC(55) Metaspace: 60136K(60608K)->60136K(60608K) NonClass: 52925K(53184K)->52925K(53184K) Class: 7211K(7424K)->7211K(7424K)
[2023-07-28T15:44:16.086+0200][106,014s] GC(55) Pause Young (Prepare Mixed) (G1 Evacuation Pause) 262M->109M(512M) 23,683ms
[2023-07-28T15:44:16.086+0200][106,014s] GC(55) User=0,02s Sys=0,06s Real=0,02s
[2023-07-28T15:44:16.402+0200][106,330s] GC(56) Pause Young (Mixed) (G1 Evacuation Pause)
[2023-07-28T15:44:16.402+0200][106,330s] GC(56) Using 8 workers of 8 for evacuation
[2023-07-28T15:44:16.409+0200][106,337s] GC(56)   Pre Evacuate Collection Set: 0,1ms
[2023-07-28T15:44:16.409+0200][106,337s] GC(56)   Merge Heap Roots: 0,1ms
[2023-07-28T15:44:16.409+0200][106,337s] GC(56)   Evacuate Collection Set: 6,1ms
[2023-07-28T15:44:16.409+0200][106,337s] GC(56)   Post Evacuate Collection Set: 0,2ms
[2023-07-28T15:44:16.409+0200][106,337s] GC(56)   Other: 0,1ms
[2023-07-28T15:44:16.409+0200][106,337s] GC(56) Eden regions: 15->0(188)
[2023-07-28T15:44:16.409+0200][106,337s] GC(56) Survivor regions: 10->1(4)
[2023-07-28T15:44:16.409+0200][106,337s] GC(56) Old regions: 61->68
[2023-07-28T15:44:16.409+0200][106,337s] GC(56) Archive regions: 2->2
[2023-07-28T15:44:16.409+0200][106,337s] GC(56) Humongous regions: 42->42
[2023-07-28T15:44:16.409+0200][106,337s] GC(56) Metaspace: 60136K(60608K)->60136K(60608K) NonClass: 52925K(53184K)->52925K(53184K) Class: 7211K(7424K)->7211K(7424K)
[2023-07-28T15:44:16.409+0200][106,337s] GC(56) Pause Young (Mixed) (G1 Evacuation Pause) 124M->107M(512M) 6,662ms
[2023-07-28T15:44:16.409+0200][106,337s] GC(56) User=0,01s Sys=0,02s Real=0,00s
[2023-07-28T15:44:19.352+0200][109,280s] GC(57) Pause Young (Concurrent Start) (G1 Humongous Allocation)
[2023-07-28T15:44:19.352+0200][109,280s] GC(57) Using 8 workers of 8 for evacuation
[2023-07-28T15:44:19.355+0200][109,283s] GC(57)   Pre Evacuate Collection Set: 0,1ms
[2023-07-28T15:44:19.355+0200][109,283s] GC(57)   Merge Heap Roots: 0,0ms
[2023-07-28T15:44:19.355+0200][109,283s] GC(57)   Evacuate Collection Set: 2,3ms
[2023-07-28T15:44:19.355+0200][109,283s] GC(57)   Post Evacuate Collection Set: 0,2ms
[2023-07-28T15:44:19.355+0200][109,283s] GC(57)   Other: 0,1ms
[2023-07-28T15:44:19.355+0200][109,283s] GC(57) Eden regions: 135->0(207)
[2023-07-28T15:44:19.355+0200][109,283s] GC(57) Survivor regions: 1->3(24)
[2023-07-28T15:44:19.355+0200][109,283s] GC(57) Old regions: 68->68
[2023-07-28T15:44:19.355+0200][109,283s] GC(57) Archive regions: 2->2
[2023-07-28T15:44:19.355+0200][109,283s] GC(57) Humongous regions: 42->42
[2023-07-28T15:44:19.355+0200][109,283s] GC(57) Metaspace: 60139K(60608K)->60139K(60608K) NonClass: 52927K(53184K)->52927K(53184K) Class: 7211K(7424K)->7211K(7424K)
[2023-07-28T15:44:19.355+0200][109,283s] GC(57) Pause Young (Concurrent Start) (G1 Humongous Allocation) 241M->109M(512M) 2,832ms
[2023-07-28T15:44:19.355+0200][109,283s] GC(57) User=0,01s Sys=0,00s Real=0,00s
[2023-07-28T15:44:19.355+0200][109,283s] GC(58) Concurrent Mark Cycle
[2023-07-28T15:44:19.355+0200][109,283s] GC(58) Concurrent Clear Claimed Marks
[2023-07-28T15:44:19.355+0200][109,283s] GC(58) Concurrent Clear Claimed Marks 0,019ms
[2023-07-28T15:44:19.355+0200][109,283s] GC(58) Concurrent Scan Root Regions
[2023-07-28T15:44:19.357+0200][109,285s] GC(58) Concurrent Scan Root Regions 1,602ms
[2023-07-28T15:44:19.357+0200][109,285s] GC(58) Concurrent Mark
[2023-07-28T15:44:19.357+0200][109,285s] GC(58) Concurrent Mark From Roots
[2023-07-28T15:44:19.357+0200][109,285s] GC(58) Using 2 workers of 2 for marking
[2023-07-28T15:44:19.382+0200][109,310s] GC(58) Concurrent Mark From Roots 25,511ms
[2023-07-28T15:44:19.382+0200][109,310s] GC(58) Concurrent Preclean
[2023-07-28T15:44:19.382+0200][109,310s] GC(58) Concurrent Preclean 0,141ms
[2023-07-28T15:44:19.383+0200][109,311s] GC(58) Pause Remark
[2023-07-28T15:44:19.405+0200][109,333s] GC(58) Pause Remark 132M->94M(512M) 22,187ms
[2023-07-28T15:44:19.405+0200][109,333s] GC(58) User=0,04s Sys=0,07s Real=0,02s
[2023-07-28T15:44:19.405+0200][109,333s] GC(58) Concurrent Mark 48,174ms
[2023-07-28T15:44:19.405+0200][109,333s] GC(58) Concurrent Rebuild Remembered Sets
[2023-07-28T15:44:19.418+0200][109,345s] GC(58) Concurrent Rebuild Remembered Sets 12,582ms
[2023-07-28T15:44:19.418+0200][109,346s] GC(58) Pause Cleanup
[2023-07-28T15:44:19.418+0200][109,346s] GC(58) Pause Cleanup 94M->94M(512M) 0,107ms
[2023-07-28T15:44:19.418+0200][109,346s] GC(58) User=0,00s Sys=0,00s Real=0,00s
[2023-07-28T15:44:19.418+0200][109,346s] GC(58) Concurrent Cleanup for Next Mark
[2023-07-28T15:44:19.420+0200][109,347s] GC(58) Concurrent Cleanup for Next Mark 1,640ms
[2023-07-28T15:44:19.420+0200][109,348s] GC(58) Concurrent Mark Cycle 64,508ms
[2023-07-28T15:44:25.511+0200][115,438s] GC(59) Pause Young (Prepare Mixed) (G1 Preventive Collection)
[2023-07-28T15:44:25.511+0200][115,439s] GC(59) Using 8 workers of 8 for evacuation
[2023-07-28T15:44:25.514+0200][115,442s] GC(59)   Pre Evacuate Collection Set: 0,1ms
[2023-07-28T15:44:25.514+0200][115,442s] GC(59)   Merge Heap Roots: 0,1ms
[2023-07-28T15:44:25.514+0200][115,442s] GC(59)   Evacuate Collection Set: 2,1ms
[2023-07-28T15:44:25.514+0200][115,442s] GC(59)   Post Evacuate Collection Set: 0,6ms
[2023-07-28T15:44:25.514+0200][115,442s] GC(59)   Other: 0,9ms
[2023-07-28T15:44:25.514+0200][115,442s] GC(59) Eden regions: 97->0(21)
[2023-07-28T15:44:25.514+0200][115,442s] GC(59) Survivor regions: 3->4(27)
[2023-07-28T15:44:25.514+0200][115,442s] GC(59) Old regions: 68->68
[2023-07-28T15:44:25.514+0200][115,442s] GC(59) Archive regions: 2->2
[2023-07-28T15:44:25.514+0200][115,442s] GC(59) Humongous regions: 306->4
[2023-07-28T15:44:25.514+0200][115,442s] GC(59) Metaspace: 60136K(60608K)->60136K(60608K) NonClass: 52924K(53184K)->52924K(53184K) Class: 7211K(7424K)->7211K(7424K)
[2023-07-28T15:44:25.514+0200][115,442s] GC(59) Pause Young (Prepare Mixed) (G1 Preventive Collection) 469M->72M(512M) 3,882ms
[2023-07-28T15:44:25.514+0200][115,442s] GC(59) User=0,01s Sys=0,00s Real=0,00s
[2023-07-28T15:44:27.313+0200][117,241s] GC(60) Pause Young (Mixed) (G1 Evacuation Pause)
[2023-07-28T15:44:27.313+0200][117,241s] GC(60) Using 8 workers of 8 for evacuation
[2023-07-28T15:44:27.316+0200][117,244s] GC(60)   Pre Evacuate Collection Set: 0,1ms
[2023-07-28T15:44:27.316+0200][117,244s] GC(60)   Merge Heap Roots: 0,1ms
[2023-07-28T15:44:27.316+0200][117,244s] GC(60)   Evacuate Collection Set: 2,1ms
[2023-07-28T15:44:27.316+0200][117,244s] GC(60)   Post Evacuate Collection Set: 0,3ms
[2023-07-28T15:44:27.316+0200][117,244s] GC(60)   Other: 0,1ms
[2023-07-28T15:44:27.316+0200][117,244s] GC(60) Eden regions: 21->0(250)
[2023-07-28T15:44:27.316+0200][117,244s] GC(60) Survivor regions: 4->1(4)
[2023-07-28T15:44:27.316+0200][117,244s] GC(60) Old regions: 68->67
[2023-07-28T15:44:27.316+0200][117,244s] GC(60) Archive regions: 2->2
[2023-07-28T15:44:27.316+0200][117,244s] GC(60) Humongous regions: 82->10
[2023-07-28T15:44:27.316+0200][117,244s] GC(60) Metaspace: 60136K(60608K)->60136K(60608K) NonClass: 52924K(53184K)->52924K(53184K) Class: 7211K(7424K)->7211K(7424K)
[2023-07-28T15:44:27.316+0200][117,244s] GC(60) Pause Young (Mixed) (G1 Evacuation Pause) 171M->74M(512M) 2,707ms
[2023-07-28T15:44:27.316+0200][117,244s] GC(60) User=0,01s Sys=0,01s Real=0,00s
[2023-07-28T15:44:27.317+0200][117,245s] GC(61) Pause Young (Concurrent Start) (G1 Humongous Allocation)
[2023-07-28T15:44:27.317+0200][117,245s] GC(61) Using 8 workers of 8 for evacuation
[2023-07-28T15:44:27.317+0200][117,245s] GC(61)   Pre Evacuate Collection Set: 0,1ms
[2023-07-28T15:44:27.317+0200][117,245s] GC(61)   Merge Heap Roots: 0,1ms
[2023-07-28T15:44:27.317+0200][117,245s] GC(61)   Evacuate Collection Set: 0,4ms
[2023-07-28T15:44:27.318+0200][117,246s] GC(61)   Post Evacuate Collection Set: 0,3ms
[2023-07-28T15:44:27.318+0200][117,246s] GC(61)   Other: 0,1ms
[2023-07-28T15:44:27.318+0200][117,246s] GC(61) Eden regions: 1->0(260)
[2023-07-28T15:44:27.318+0200][117,246s] GC(61) Survivor regions: 1->1(32)
[2023-07-28T15:44:27.318+0200][117,246s] GC(61) Old regions: 67->67
[2023-07-28T15:44:27.318+0200][117,246s] GC(61) Archive regions: 2->2
[2023-07-28T15:44:27.318+0200][117,246s] GC(61) Humongous regions: 10->10
[2023-07-28T15:44:27.318+0200][117,246s] GC(61) Metaspace: 60136K(60608K)->60136K(60608K) NonClass: 52924K(53184K)->52924K(53184K) Class: 7211K(7424K)->7211K(7424K)
[2023-07-28T15:44:27.318+0200][117,246s] GC(61) Pause Young (Concurrent Start) (G1 Humongous Allocation) 75M->74M(512M) 1,018ms
[2023-07-28T15:44:27.318+0200][117,246s] GC(61) User=0,00s Sys=0,00s Real=0,00s
[2023-07-28T15:44:27.318+0200][117,246s] GC(62) Concurrent Mark Cycle
[2023-07-28T15:44:27.318+0200][117,246s] GC(62) Concurrent Clear Claimed Marks
[2023-07-28T15:44:27.318+0200][117,246s] GC(62) Concurrent Clear Claimed Marks 0,013ms
[2023-07-28T15:44:27.318+0200][117,246s] GC(62) Concurrent Scan Root Regions
[2023-07-28T15:44:27.318+0200][117,246s] GC(62) Concurrent Scan Root Regions 0,584ms
[2023-07-28T15:44:27.318+0200][117,246s] GC(62) Concurrent Mark
[2023-07-28T15:44:27.318+0200][117,246s] GC(62) Concurrent Mark From Roots
[2023-07-28T15:44:27.318+0200][117,246s] GC(62) Using 2 workers of 2 for marking
[2023-07-28T15:44:27.339+0200][117,267s] GC(62) Concurrent Mark From Roots 20,661ms
[2023-07-28T15:44:27.339+0200][117,267s] GC(62) Concurrent Preclean
[2023-07-28T15:44:27.339+0200][117,267s] GC(62) Concurrent Preclean 0,137ms
[2023-07-28T15:44:27.339+0200][117,267s] GC(62) Pause Remark
[2023-07-28T15:44:27.351+0200][117,279s] GC(62) Pause Remark 79M->79M(512M) 11,924ms
[2023-07-28T15:44:27.351+0200][117,279s] GC(62) User=0,02s Sys=0,02s Real=0,02s
[2023-07-28T15:44:27.351+0200][117,279s] GC(62) Concurrent Mark 33,019ms
[2023-07-28T15:44:27.351+0200][117,279s] GC(62) Concurrent Rebuild Remembered Sets
[2023-07-28T15:44:27.363+0200][117,291s] GC(62) Concurrent Rebuild Remembered Sets 12,205ms
[2023-07-28T15:44:27.364+0200][117,292s] GC(62) Pause Cleanup
[2023-07-28T15:44:27.364+0200][117,292s] GC(62) Pause Cleanup 79M->79M(512M) 0,116ms
[2023-07-28T15:44:27.364+0200][117,292s] GC(62) User=0,00s Sys=0,00s Real=0,00s
[2023-07-28T15:44:27.364+0200][117,292s] GC(62) Concurrent Cleanup for Next Mark
[2023-07-28T15:44:27.365+0200][117,293s] GC(62) Concurrent Cleanup for Next Mark 1,444ms
[2023-07-28T15:44:27.365+0200][117,293s] GC(62) Concurrent Mark Cycle 47,731ms
[2023-07-28T15:44:35.085+0200][125,013s] GC(63) Pause Young (Prepare Mixed) (G1 Preventive Collection)
[2023-07-28T15:44:35.086+0200][125,014s] GC(63) Using 8 workers of 8 for evacuation
[2023-07-28T15:44:35.089+0200][125,017s] GC(63)   Pre Evacuate Collection Set: 0,1ms
[2023-07-28T15:44:35.089+0200][125,017s] GC(63)   Merge Heap Roots: 0,1ms
[2023-07-28T15:44:35.089+0200][125,017s] GC(63)   Evacuate Collection Set: 2,4ms
[2023-07-28T15:44:35.089+0200][125,017s] GC(63)   Post Evacuate Collection Set: 0,3ms
[2023-07-28T15:44:35.089+0200][125,017s] GC(63)   Other: 0,4ms
[2023-07-28T15:44:35.089+0200][125,017s] GC(63) Eden regions: 173->0(23)
[2023-07-28T15:44:35.089+0200][125,017s] GC(63) Survivor regions: 1->2(33)
[2023-07-28T15:44:35.089+0200][125,017s] GC(63) Old regions: 67->67
[2023-07-28T15:44:35.089+0200][125,017s] GC(63) Archive regions: 2->2
[2023-07-28T15:44:35.089+0200][125,017s] GC(63) Humongous regions: 228->11
[2023-07-28T15:44:35.089+0200][125,017s] GC(63) Metaspace: 60236K(60736K)->60236K(60736K) NonClass: 53023K(53312K)->53023K(53312K) Class: 7212K(7424K)->7212K(7424K)
[2023-07-28T15:44:35.089+0200][125,017s] GC(63) Pause Young (Prepare Mixed) (G1 Preventive Collection) 465M->76M(512M) 3,354ms
[2023-07-28T15:44:35.089+0200][125,017s] GC(63) User=0,01s Sys=0,01s Real=0,00s
[2023-07-28T15:44:35.557+0200][125,485s] GC(64) Pause Young (Mixed) (G1 Evacuation Pause)
[2023-07-28T15:44:35.557+0200][125,485s] GC(64) Using 8 workers of 8 for evacuation
[2023-07-28T15:44:35.559+0200][125,487s] GC(64)   Pre Evacuate Collection Set: 0,1ms
[2023-07-28T15:44:35.559+0200][125,487s] GC(64)   Merge Heap Roots: 0,1ms
[2023-07-28T15:44:35.559+0200][125,487s] GC(64)   Evacuate Collection Set: 1,4ms
[2023-07-28T15:44:35.559+0200][125,487s] GC(64)   Post Evacuate Collection Set: 0,3ms
[2023-07-28T15:44:35.559+0200][125,487s] GC(64)   Other: 0,1ms
[2023-07-28T15:44:35.559+0200][125,487s] GC(64) Eden regions: 23->0(280)
[2023-07-28T15:44:35.559+0200][125,487s] GC(64) Survivor regions: 2->2(4)
[2023-07-28T15:44:35.559+0200][125,487s] GC(64) Old regions: 67->64
[2023-07-28T15:44:35.559+0200][125,487s] GC(64) Archive regions: 2->2
[2023-07-28T15:44:35.559+0200][125,487s] GC(64) Humongous regions: 11->11
[2023-07-28T15:44:35.559+0200][125,487s] GC(64) Metaspace: 60239K(60736K)->60239K(60736K) NonClass: 53026K(53312K)->53026K(53312K) Class: 7213K(7424K)->7213K(7424K)
[2023-07-28T15:44:35.559+0200][125,487s] GC(64) Pause Young (Mixed) (G1 Evacuation Pause) 99M->73M(512M) 1,972ms
[2023-07-28T15:44:35.559+0200][125,487s] GC(64) User=0,00s Sys=0,00s Real=0,00s
[2023-07-28T15:44:37.630+0200][127,558s] GC(65) Pause Young (Concurrent Start) (G1 Humongous Allocation)
[2023-07-28T15:44:37.630+0200][127,559s] GC(65) Using 8 workers of 8 for evacuation
[2023-07-28T15:44:37.633+0200][127,561s] GC(65)   Pre Evacuate Collection Set: 0,1ms
[2023-07-28T15:44:37.633+0200][127,561s] GC(65)   Merge Heap Roots: 0,0ms
[2023-07-28T15:44:37.633+0200][127,561s] GC(65)   Evacuate Collection Set: 2,4ms
[2023-07-28T15:44:37.633+0200][127,561s] GC(65)   Post Evacuate Collection Set: 0,2ms
[2023-07-28T15:44:37.633+0200][127,561s] GC(65)   Other: 0,1ms
[2023-07-28T15:44:37.633+0200][127,561s] GC(65) Eden regions: 57->0(292)
[2023-07-28T15:44:37.633+0200][127,561s] GC(65) Survivor regions: 2->5(36)
[2023-07-28T15:44:37.633+0200][127,561s] GC(65) Old regions: 64->64
[2023-07-28T15:44:37.633+0200][127,561s] GC(65) Archive regions: 2->2
[2023-07-28T15:44:37.633+0200][127,561s] GC(65) Humongous regions: 11->11
[2023-07-28T15:44:37.633+0200][127,561s] GC(65) Metaspace: 60257K(60736K)->60257K(60736K) NonClass: 53042K(53312K)->53042K(53312K) Class: 7215K(7424K)->7215K(7424K)
[2023-07-28T15:44:37.633+0200][127,562s] GC(65) Pause Young (Concurrent Start) (G1 Humongous Allocation) 130M->76M(512M) 3,027ms
[2023-07-28T15:44:37.633+0200][127,562s] GC(65) User=0,01s Sys=0,00s Real=0,00s
[2023-07-28T15:44:37.633+0200][127,562s] GC(66) Concurrent Mark Cycle
[2023-07-28T15:44:37.633+0200][127,562s] GC(66) Concurrent Clear Claimed Marks
[2023-07-28T15:44:37.633+0200][127,562s] GC(66) Concurrent Clear Claimed Marks 0,020ms
[2023-07-28T15:44:37.633+0200][127,562s] GC(66) Concurrent Scan Root Regions
[2023-07-28T15:44:37.634+0200][127,563s] GC(66) Concurrent Scan Root Regions 0,931ms
[2023-07-28T15:44:37.634+0200][127,563s] GC(66) Concurrent Mark
[2023-07-28T15:44:37.634+0200][127,563s] GC(66) Concurrent Mark From Roots
[2023-07-28T15:44:37.634+0200][127,563s] GC(66) Using 2 workers of 2 for marking
[2023-07-28T15:44:37.657+0200][127,585s] GC(66) Concurrent Mark From Roots 22,237ms
[2023-07-28T15:44:37.657+0200][127,585s] GC(66) Concurrent Preclean
[2023-07-28T15:44:37.657+0200][127,585s] GC(66) Concurrent Preclean 0,149ms
[2023-07-28T15:44:37.657+0200][127,585s] GC(66) Pause Remark
[2023-07-28T15:44:37.672+0200][127,600s] GC(66) Pause Remark 83M->83M(512M) 14,864ms
[2023-07-28T15:44:37.672+0200][127,600s] GC(66) User=0,03s Sys=0,03s Real=0,02s
[2023-07-28T15:44:37.672+0200][127,600s] GC(66) Concurrent Mark 37,608ms
[2023-07-28T15:44:37.672+0200][127,600s] GC(66) Concurrent Rebuild Remembered Sets
[2023-07-28T15:44:37.684+0200][127,612s] GC(66) Concurrent Rebuild Remembered Sets 12,261ms
[2023-07-28T15:44:37.685+0200][127,613s] GC(66) Pause Cleanup
[2023-07-28T15:44:37.685+0200][127,613s] GC(66) Pause Cleanup 83M->83M(512M) 0,127ms
[2023-07-28T15:44:37.685+0200][127,613s] GC(66) User=0,00s Sys=0,00s Real=0,00s
[2023-07-28T15:44:37.685+0200][127,613s] GC(66) Concurrent Cleanup for Next Mark
[2023-07-28T15:44:37.686+0200][127,614s] GC(66) Concurrent Cleanup for Next Mark 0,631ms
[2023-07-28T15:44:37.686+0200][127,614s] GC(66) Concurrent Mark Cycle 52,208ms
[2023-07-28T15:54:54.499+0200][744,435s] GC(67) Pause Young (Prepare Mixed) (G1 Preventive Collection)
[2023-07-28T15:54:54.499+0200][744,435s] GC(67) Using 8 workers of 8 for evacuation
[2023-07-28T15:54:54.517+0200][744,453s] GC(67)   Pre Evacuate Collection Set: 0,5ms
[2023-07-28T15:54:54.517+0200][744,453s] GC(67)   Merge Heap Roots: 0,3ms
[2023-07-28T15:54:54.517+0200][744,453s] GC(67)   Evacuate Collection Set: 14,8ms
[2023-07-28T15:54:54.517+0200][744,453s] GC(67)   Post Evacuate Collection Set: 1,9ms
[2023-07-28T15:54:54.517+0200][744,453s] GC(67)   Other: 0,4ms
[2023-07-28T15:54:54.517+0200][744,453s] GC(67) Eden regions: 205->0(17)
[2023-07-28T15:54:54.517+0200][744,453s] GC(67) Survivor regions: 5->8(34)
[2023-07-28T15:54:54.517+0200][744,453s] GC(67) Old regions: 64->64
[2023-07-28T15:54:54.517+0200][744,453s] GC(67) Archive regions: 2->2
[2023-07-28T15:54:54.517+0200][744,453s] GC(67) Humongous regions: 202->4
[2023-07-28T15:54:54.517+0200][744,453s] GC(67) Metaspace: 60563K(61056K)->60563K(61056K) NonClass: 53333K(53632K)->53333K(53632K) Class: 7230K(7424K)->7230K(7424K)
[2023-07-28T15:54:54.517+0200][744,453s] GC(67) Pause Young (Prepare Mixed) (G1 Preventive Collection) 472M->72M(512M) 17,902ms
[2023-07-28T15:54:54.517+0200][744,453s] GC(67) User=0,03s Sys=0,03s Real=0,02s
[2023-07-28T15:54:54.643+0200][744,580s] GC(68) Pause Young (Mixed) (G1 Evacuation Pause)
[2023-07-28T15:54:54.644+0200][744,580s] GC(68) Using 8 workers of 8 for evacuation
[2023-07-28T15:54:54.662+0200][744,598s] GC(68)   Pre Evacuate Collection Set: 0,1ms
[2023-07-28T15:54:54.662+0200][744,598s] GC(68)   Merge Heap Roots: 0,0ms
[2023-07-28T15:54:54.662+0200][744,598s] GC(68)   Evacuate Collection Set: 18,2ms
[2023-07-28T15:54:54.662+0200][744,598s] GC(68)   Post Evacuate Collection Set: 0,3ms
[2023-07-28T15:54:54.662+0200][744,598s] GC(68)   Other: 0,1ms
[2023-07-28T15:54:54.662+0200][744,598s] GC(68) Eden regions: 17->0(305)
[2023-07-28T15:54:54.662+0200][744,598s] GC(68) Survivor regions: 8->2(4)
[2023-07-28T15:54:54.662+0200][744,598s] GC(68) Old regions: 64->69
[2023-07-28T15:54:54.662+0200][744,598s] GC(68) Archive regions: 2->2
[2023-07-28T15:54:54.662+0200][744,598s] GC(68) Humongous regions: 4->4
[2023-07-28T15:54:54.662+0200][744,598s] GC(68) Metaspace: 60582K(61056K)->60582K(61056K) NonClass: 53351K(53632K)->53351K(53632K) Class: 7230K(7424K)->7230K(7424K)
[2023-07-28T15:54:54.662+0200][744,598s] GC(68) Pause Young (Mixed) (G1 Evacuation Pause) 89M->71M(512M) 18,832ms
[2023-07-28T15:54:54.662+0200][744,598s] GC(68) User=0,02s Sys=0,03s Real=0,02s
[2023-07-28T15:54:54.733+0200][744,669s] GC(69) Pause Young (Concurrent Start) (G1 Humongous Allocation)
[2023-07-28T15:54:54.733+0200][744,669s] GC(69) Using 8 workers of 8 for evacuation
[2023-07-28T15:54:54.735+0200][744,671s] GC(69)   Pre Evacuate Collection Set: 0,1ms
[2023-07-28T15:54:54.735+0200][744,671s] GC(69)   Merge Heap Roots: 0,0ms
[2023-07-28T15:54:54.735+0200][744,671s] GC(69)   Evacuate Collection Set: 1,9ms
[2023-07-28T15:54:54.735+0200][744,671s] GC(69)   Post Evacuate Collection Set: 0,2ms
[2023-07-28T15:54:54.735+0200][744,671s] GC(69)   Other: 0,1ms
[2023-07-28T15:54:54.735+0200][744,671s] GC(69) Eden regions: 8->0(304)
[2023-07-28T15:54:54.735+0200][744,671s] GC(69) Survivor regions: 2->3(39)
[2023-07-28T15:54:54.735+0200][744,671s] GC(69) Old regions: 69->69
[2023-07-28T15:54:54.735+0200][744,671s] GC(69) Archive regions: 2->2
[2023-07-28T15:54:54.735+0200][744,671s] GC(69) Humongous regions: 4->4
[2023-07-28T15:54:54.735+0200][744,671s] GC(69) Metaspace: 60620K(61056K)->60620K(61056K) NonClass: 53388K(53632K)->53388K(53632K) Class: 7232K(7424K)->7232K(7424K)
[2023-07-28T15:54:54.735+0200][744,671s] GC(69) Pause Young (Concurrent Start) (G1 Humongous Allocation) 79M->72M(512M) 2,353ms
[2023-07-28T15:54:54.735+0200][744,671s] GC(69) User=0,00s Sys=0,01s Real=0,00s
[2023-07-28T15:54:54.735+0200][744,671s] GC(70) Concurrent Mark Cycle
[2023-07-28T15:54:54.735+0200][744,671s] GC(70) Concurrent Clear Claimed Marks
[2023-07-28T15:54:54.735+0200][744,671s] GC(70) Concurrent Clear Claimed Marks 0,016ms
[2023-07-28T15:54:54.735+0200][744,671s] GC(70) Concurrent Scan Root Regions
[2023-07-28T15:54:54.737+0200][744,673s] GC(70) Concurrent Scan Root Regions 2,029ms
[2023-07-28T15:54:54.737+0200][744,674s] GC(70) Concurrent Mark
[2023-07-28T15:54:54.738+0200][744,674s] GC(70) Concurrent Mark From Roots
[2023-07-28T15:54:54.738+0200][744,674s] GC(70) Using 2 workers of 2 for marking
[2023-07-28T15:54:54.766+0200][744,702s] GC(70) Concurrent Mark From Roots 28,246ms
[2023-07-28T15:54:54.766+0200][744,702s] GC(70) Concurrent Preclean
[2023-07-28T15:54:54.766+0200][744,702s] GC(70) Concurrent Preclean 0,291ms
[2023-07-28T15:54:54.766+0200][744,702s] GC(70) Pause Remark
[2023-07-28T15:54:54.815+0200][744,751s] GC(70) Pause Remark 81M->80M(512M) 48,291ms
[2023-07-28T15:54:54.815+0200][744,751s] GC(70) User=0,05s Sys=0,05s Real=0,05s
[2023-07-28T15:54:54.815+0200][744,751s] GC(70) Concurrent Mark 77,290ms
[2023-07-28T15:54:54.815+0200][744,751s] GC(70) Concurrent Rebuild Remembered Sets
[2023-07-28T15:54:54.830+0200][744,766s] GC(70) Concurrent Rebuild Remembered Sets 15,625ms
[2023-07-28T15:54:54.831+0200][744,767s] GC(70) Pause Cleanup
[2023-07-28T15:54:54.831+0200][744,767s] GC(70) Pause Cleanup 80M->80M(512M) 0,089ms
[2023-07-28T15:54:54.831+0200][744,767s] GC(70) User=0,00s Sys=0,00s Real=0,00s
[2023-07-28T15:54:54.831+0200][744,767s] GC(70) Concurrent Cleanup for Next Mark
[2023-07-28T15:54:54.833+0200][744,769s] GC(70) Concurrent Cleanup for Next Mark 1,816ms
[2023-07-28T15:54:54.833+0200][744,769s] GC(70) Concurrent Mark Cycle 97,346ms
[2023-07-28T15:59:02.757+0200][992,690s] GC(71) Pause Young (Prepare Mixed) (G1 Preventive Collection)
[2023-07-28T15:59:02.757+0200][992,690s] GC(71) Using 8 workers of 8 for evacuation
[2023-07-28T15:59:02.777+0200][992,709s] GC(71)   Pre Evacuate Collection Set: 0,2ms
[2023-07-28T15:59:02.777+0200][992,709s] GC(71)   Merge Heap Roots: 0,2ms
[2023-07-28T15:59:02.777+0200][992,709s] GC(71)   Evacuate Collection Set: 16,7ms
[2023-07-28T15:59:02.777+0200][992,709s] GC(71)   Post Evacuate Collection Set: 1,9ms
[2023-07-28T15:59:02.777+0200][992,709s] GC(71)   Other: 0,6ms
[2023-07-28T15:59:02.777+0200][992,709s] GC(71) Eden regions: 287->0(18)
[2023-07-28T15:59:02.777+0200][992,709s] GC(71) Survivor regions: 3->7(39)
[2023-07-28T15:59:02.777+0200][992,709s] GC(71) Old regions: 68->68
[2023-07-28T15:59:02.777+0200][992,709s] GC(71) Archive regions: 2->2
[2023-07-28T15:59:02.777+0200][992,709s] GC(71) Humongous regions: 113->23
[2023-07-28T15:59:02.777+0200][992,709s] GC(71) Metaspace: 60585K(61120K)->60585K(61120K) NonClass: 53375K(53696K)->53375K(53696K) Class: 7210K(7424K)->7210K(7424K)
[2023-07-28T15:59:02.777+0200][992,709s] GC(71) Pause Young (Prepare Mixed) (G1 Preventive Collection) 466M->94M(512M) 19,710ms
[2023-07-28T15:59:02.777+0200][992,709s] GC(71) User=0,03s Sys=0,07s Real=0,02s
[2023-07-28T15:59:06.059+0200][995,992s] GC(72) Pause Young (Mixed) (G1 Evacuation Pause)
[2023-07-28T15:59:06.059+0200][995,992s] GC(72) Using 8 workers of 8 for evacuation
[2023-07-28T15:59:06.067+0200][995,999s] GC(72)   Pre Evacuate Collection Set: 0,1ms
[2023-07-28T15:59:06.067+0200][996,000s] GC(72)   Merge Heap Roots: 0,1ms
[2023-07-28T15:59:06.067+0200][996,000s] GC(72)   Evacuate Collection Set: 6,5ms
[2023-07-28T15:59:06.067+0200][996,000s] GC(72)   Post Evacuate Collection Set: 0,5ms
[2023-07-28T15:59:06.067+0200][996,000s] GC(72)   Other: 0,1ms
[2023-07-28T15:59:06.067+0200][996,000s] GC(72) Eden regions: 18->0(306)
[2023-07-28T15:59:06.067+0200][996,000s] GC(72) Survivor regions: 7->1(4)
[2023-07-28T15:59:06.067+0200][996,000s] GC(72) Old regions: 68->70
[2023-07-28T15:59:06.067+0200][996,000s] GC(72) Archive regions: 2->2
[2023-07-28T15:59:06.067+0200][996,000s] GC(72) Humongous regions: 223->4
[2023-07-28T15:59:06.067+0200][996,000s] GC(72) Metaspace: 60585K(61120K)->60585K(61120K) NonClass: 53375K(53696K)->53375K(53696K) Class: 7210K(7424K)->7210K(7424K)
[2023-07-28T15:59:06.067+0200][996,000s] GC(72) Pause Young (Mixed) (G1 Evacuation Pause) 312M->72M(512M) 7,449ms
[2023-07-28T15:59:06.067+0200][996,000s] GC(72) User=0,02s Sys=0,01s Real=0,01s
[2023-07-28T15:59:06.801+0200][996,734s] GC(73) Pause Young (Concurrent Start) (G1 Humongous Allocation)
[2023-07-28T15:59:06.801+0200][996,734s] GC(73) Using 8 workers of 8 for evacuation
[2023-07-28T15:59:06.804+0200][996,737s] GC(73)   Pre Evacuate Collection Set: 0,1ms
[2023-07-28T15:59:06.804+0200][996,737s] GC(73)   Merge Heap Roots: 0,1ms
[2023-07-28T15:59:06.804+0200][996,737s] GC(73)   Evacuate Collection Set: 2,4ms
[2023-07-28T15:59:06.804+0200][996,737s] GC(73)   Post Evacuate Collection Set: 0,3ms
[2023-07-28T15:59:06.804+0200][996,737s] GC(73)   Other: 0,2ms
[2023-07-28T15:59:06.804+0200][996,737s] GC(73) Eden regions: 48->0(306)
[2023-07-28T15:59:06.804+0200][996,737s] GC(73) Survivor regions: 1->1(39)
[2023-07-28T15:59:06.804+0200][996,737s] GC(73) Old regions: 70->70
[2023-07-28T15:59:06.804+0200][996,737s] GC(73) Archive regions: 2->2
[2023-07-28T15:59:06.804+0200][996,737s] GC(73) Humongous regions: 4->4
[2023-07-28T15:59:06.804+0200][996,737s] GC(73) Metaspace: 60585K(61120K)->60585K(61120K) NonClass: 53375K(53696K)->53375K(53696K) Class: 7210K(7424K)->7210K(7424K)
[2023-07-28T15:59:06.804+0200][996,737s] GC(73) Pause Young (Concurrent Start) (G1 Humongous Allocation) 119M->72M(512M) 3,192ms
[2023-07-28T15:59:06.804+0200][996,737s] GC(73) User=0,01s Sys=0,00s Real=0,00s
[2023-07-28T15:59:06.804+0200][996,737s] GC(74) Concurrent Mark Cycle
[2023-07-28T15:59:06.804+0200][996,737s] GC(74) Concurrent Clear Claimed Marks
[2023-07-28T15:59:06.804+0200][996,737s] GC(74) Concurrent Clear Claimed Marks 0,034ms
[2023-07-28T15:59:06.804+0200][996,737s] GC(74) Concurrent Scan Root Regions
[2023-07-28T15:59:06.807+0200][996,739s] GC(74) Concurrent Scan Root Regions 2,350ms
[2023-07-28T15:59:06.807+0200][996,739s] GC(74) Concurrent Mark
[2023-07-28T15:59:06.807+0200][996,739s] GC(74) Concurrent Mark From Roots
[2023-07-28T15:59:06.807+0200][996,739s] GC(74) Using 2 workers of 2 for marking
[2023-07-28T15:59:06.848+0200][996,781s] GC(74) Concurrent Mark From Roots 41,540ms
[2023-07-28T15:59:06.848+0200][996,781s] GC(74) Concurrent Preclean
[2023-07-28T15:59:06.848+0200][996,781s] GC(74) Concurrent Preclean 0,265ms
[2023-07-28T15:59:06.849+0200][996,781s] GC(74) Pause Remark
[2023-07-28T15:59:06.905+0200][996,837s] GC(74) Pause Remark 74M->74M(512M) 55,957ms
[2023-07-28T15:59:06.905+0200][996,837s] GC(74) User=0,06s Sys=0,12s Real=0,06s
[2023-07-28T15:59:06.905+0200][996,838s] GC(74) Concurrent Mark 98,335ms
[2023-07-28T15:59:06.905+0200][996,838s] GC(74) Concurrent Rebuild Remembered Sets
[2023-07-28T15:59:06.918+0200][996,851s] GC(74) Concurrent Rebuild Remembered Sets 13,137ms
[2023-07-28T15:59:06.918+0200][996,851s] GC(74) Pause Cleanup
[2023-07-28T15:59:06.919+0200][996,851s] GC(74) Pause Cleanup 74M->74M(512M) 0,129ms
[2023-07-28T15:59:06.919+0200][996,851s] GC(74) User=0,00s Sys=0,00s Real=0,00s
[2023-07-28T15:59:06.919+0200][996,851s] GC(74) Concurrent Cleanup for Next Mark
[2023-07-28T15:59:06.920+0200][996,853s] GC(74) Concurrent Cleanup for Next Mark 1,688ms
[2023-07-28T15:59:06.920+0200][996,853s] GC(74) Concurrent Mark Cycle 116,165ms
[2023-07-28T16:09:03.011+0200][1592,950s] GC(75) Pause Young (Prepare Mixed) (G1 Preventive Collection)
[2023-07-28T16:09:03.014+0200][1592,953s] GC(75) Using 8 workers of 8 for evacuation
[2023-07-28T16:09:03.042+0200][1592,981s] GC(75)   Pre Evacuate Collection Set: 0,4ms
[2023-07-28T16:09:03.042+0200][1592,981s] GC(75)   Merge Heap Roots: 0,3ms
[2023-07-28T16:09:03.042+0200][1592,981s] GC(75)   Evacuate Collection Set: 21,9ms
[2023-07-28T16:09:03.042+0200][1592,981s] GC(75)   Post Evacuate Collection Set: 4,5ms
[2023-07-28T16:09:03.042+0200][1592,981s] GC(75)   Other: 6,2ms
[2023-07-28T16:09:03.042+0200][1592,981s] GC(75) Eden regions: 277->0(19)
[2023-07-28T16:09:03.042+0200][1592,981s] GC(75) Survivor regions: 1->6(25)
[2023-07-28T16:09:03.042+0200][1592,981s] GC(75) Old regions: 70->70
[2023-07-28T16:09:03.042+0200][1592,981s] GC(75) Archive regions: 2->2
[2023-07-28T16:09:03.042+0200][1592,981s] GC(75) Humongous regions: 137->4
[2023-07-28T16:09:03.042+0200][1592,981s] GC(75) Metaspace: 60663K(61184K)->60663K(61184K) NonClass: 53446K(53760K)->53446K(53760K) Class: 7216K(7424K)->7216K(7424K)
[2023-07-28T16:09:03.042+0200][1592,982s] GC(75) Pause Young (Prepare Mixed) (G1 Preventive Collection) 482M->77M(512M) 31,899ms
[2023-07-28T16:09:03.042+0200][1592,982s] GC(75) User=0,03s Sys=0,07s Real=0,03s
[2023-07-28T16:17:17.652+0200][2087,597s] GC(76) Pause Young (Mixed) (G1 Evacuation Pause)
[2023-07-28T16:17:17.653+0200][2087,598s] GC(76) Using 8 workers of 8 for evacuation
[2023-07-28T16:17:17.672+0200][2087,617s] GC(76)   Pre Evacuate Collection Set: 0,5ms
[2023-07-28T16:17:17.672+0200][2087,617s] GC(76)   Merge Heap Roots: 0,3ms
[2023-07-28T16:17:17.672+0200][2087,617s] GC(76)   Evacuate Collection Set: 17,1ms
[2023-07-28T16:17:17.673+0200][2087,617s] GC(76)   Post Evacuate Collection Set: 1,2ms
[2023-07-28T16:17:17.673+0200][2087,618s] GC(76)   Other: 1,1ms
[2023-07-28T16:17:17.673+0200][2087,618s] GC(76) Eden regions: 19->0(306)
[2023-07-28T16:17:17.673+0200][2087,618s] GC(76) Survivor regions: 6->1(4)
[2023-07-28T16:17:17.673+0200][2087,618s] GC(76) Old regions: 70->72
[2023-07-28T16:17:17.673+0200][2087,618s] GC(76) Archive regions: 2->2
[2023-07-28T16:17:17.673+0200][2087,618s] GC(76) Humongous regions: 26->4
[2023-07-28T16:17:17.673+0200][2087,618s] GC(76) Metaspace: 60738K(61184K)->60738K(61184K) NonClass: 53510K(53760K)->53510K(53760K) Class: 7228K(7424K)->7228K(7424K)
[2023-07-28T16:17:17.673+0200][2087,618s] GC(76) Pause Young (Mixed) (G1 Evacuation Pause) 118M->73M(512M) 20,449ms
[2023-07-28T16:17:17.673+0200][2087,618s] GC(76) User=0,03s Sys=0,04s Real=0,02s
[2023-07-28T16:17:36.488+0200][2106,434s] GC(77) Pause Young (Concurrent Start) (G1 Evacuation Pause)
[2023-07-28T16:17:36.489+0200][2106,434s] GC(77) Using 8 workers of 8 for evacuation
[2023-07-28T16:17:36.509+0200][2106,454s] GC(77)   Pre Evacuate Collection Set: 0,6ms
[2023-07-28T16:17:36.509+0200][2106,454s] GC(77)   Merge Heap Roots: 0,3ms
[2023-07-28T16:17:36.509+0200][2106,454s] GC(77)   Evacuate Collection Set: 17,4ms
[2023-07-28T16:17:36.509+0200][2106,454s] GC(77)   Post Evacuate Collection Set: 0,9ms
[2023-07-28T16:17:36.509+0200][2106,454s] GC(77)   Other: 1,2ms
[2023-07-28T16:17:36.509+0200][2106,454s] GC(77) Eden regions: 306->0(305)
[2023-07-28T16:17:36.509+0200][2106,454s] GC(77) Survivor regions: 1->2(39)
[2023-07-28T16:17:36.509+0200][2106,454s] GC(77) Old regions: 72->72
[2023-07-28T16:17:36.509+0200][2106,454s] GC(77) Archive regions: 2->2
[2023-07-28T16:17:36.509+0200][2106,454s] GC(77) Humongous regions: 4->4
[2023-07-28T16:17:36.509+0200][2106,454s] GC(77) Metaspace: 60739K(61184K)->60739K(61184K) NonClass: 53510K(53760K)->53510K(53760K) Class: 7228K(7424K)->7228K(7424K)
[2023-07-28T16:17:36.509+0200][2106,454s] GC(77) Pause Young (Concurrent Start) (G1 Evacuation Pause) 379M->74M(512M) 20,404ms
[2023-07-28T16:17:36.509+0200][2106,454s] GC(77) User=0,02s Sys=0,04s Real=0,02s
[2023-07-28T16:17:36.509+0200][2106,454s] GC(78) Concurrent Mark Cycle
[2023-07-28T16:17:36.509+0200][2106,454s] GC(78) Concurrent Clear Claimed Marks
[2023-07-28T16:17:36.509+0200][2106,454s] GC(78) Concurrent Clear Claimed Marks 0,043ms
[2023-07-28T16:17:36.509+0200][2106,454s] GC(78) Concurrent Scan Root Regions
[2023-07-28T16:17:36.512+0200][2106,457s] GC(78) Concurrent Scan Root Regions 3,149ms
[2023-07-28T16:17:36.512+0200][2106,457s] GC(78) Concurrent Mark
[2023-07-28T16:17:36.512+0200][2106,457s] GC(78) Concurrent Mark From Roots
[2023-07-28T16:17:36.512+0200][2106,457s] GC(78) Using 2 workers of 2 for marking
[2023-07-28T16:17:36.549+0200][2106,495s] GC(78) Concurrent Mark From Roots 37,201ms
[2023-07-28T16:17:36.549+0200][2106,495s] GC(78) Concurrent Preclean
[2023-07-28T16:17:36.550+0200][2106,495s] GC(78) Concurrent Preclean 0,377ms
[2023-07-28T16:17:36.550+0200][2106,495s] GC(78) Pause Remark
[2023-07-28T16:17:36.607+0200][2106,552s] GC(78) Pause Remark 75M->75M(512M) 56,859ms
[2023-07-28T16:17:36.607+0200][2106,552s] GC(78) User=0,05s Sys=0,14s Real=0,05s
[2023-07-28T16:17:36.607+0200][2106,552s] GC(78) Concurrent Mark 94,829ms
[2023-07-28T16:17:36.607+0200][2106,552s] GC(78) Concurrent Rebuild Remembered Sets
[2023-07-28T16:17:36.621+0200][2106,566s] GC(78) Concurrent Rebuild Remembered Sets 13,711ms
[2023-07-28T16:17:36.621+0200][2106,566s] GC(78) Pause Cleanup
[2023-07-28T16:17:36.621+0200][2106,566s] GC(78) Pause Cleanup 76M->76M(512M) 0,154ms
[2023-07-28T16:17:36.621+0200][2106,566s] GC(78) User=0,00s Sys=0,00s Real=0,00s
[2023-07-28T16:17:36.621+0200][2106,566s] GC(78) Concurrent Cleanup for Next Mark
[2023-07-28T16:17:36.623+0200][2106,568s] GC(78) Concurrent Cleanup for Next Mark 1,715ms
[2023-07-28T16:17:36.623+0200][2106,568s] GC(78) Concurrent Mark Cycle 114,113ms
[2023-07-28T16:18:02.814+0200][2132,760s] GC(79) Pause Young (Prepare Mixed) (G1 Evacuation Pause)
[2023-07-28T16:18:02.815+0200][2132,760s] GC(79) Using 8 workers of 8 for evacuation
[2023-07-28T16:18:02.852+0200][2132,798s] GC(79)   Pre Evacuate Collection Set: 0,4ms
[2023-07-28T16:18:02.852+0200][2132,798s] GC(79)   Merge Heap Roots: 0,4ms
[2023-07-28T16:18:02.852+0200][2132,798s] GC(79)   Evacuate Collection Set: 34,9ms
[2023-07-28T16:18:02.852+0200][2132,798s] GC(79)   Post Evacuate Collection Set: 1,5ms
[2023-07-28T16:18:02.852+0200][2132,798s] GC(79)   Other: 1,0ms
[2023-07-28T16:18:02.852+0200][2132,798s] GC(79) Eden regions: 305->0(23)
[2023-07-28T16:18:02.852+0200][2132,798s] GC(79) Survivor regions: 2->2(39)
[2023-07-28T16:18:02.852+0200][2132,798s] GC(79) Old regions: 72->72
[2023-07-28T16:18:02.852+0200][2132,798s] GC(79) Archive regions: 2->2
[2023-07-28T16:18:02.852+0200][2132,798s] GC(79) Humongous regions: 4->4
[2023-07-28T16:18:02.852+0200][2132,798s] GC(79) Metaspace: 60657K(61184K)->60657K(61184K) NonClass: 53442K(53760K)->53442K(53760K) Class: 7214K(7424K)->7214K(7424K)
[2023-07-28T16:18:02.853+0200][2132,798s] GC(79) Pause Young (Prepare Mixed) (G1 Evacuation Pause) 379M->74M(512M) 38,439ms
[2023-07-28T16:18:02.853+0200][2132,798s] GC(79) User=0,03s Sys=0,08s Real=0,04s
[2023-07-28T16:18:04.324+0200][2134,269s] GC(80) Pause Young (Mixed) (G1 Evacuation Pause)
[2023-07-28T16:18:04.324+0200][2134,269s] GC(80) Using 8 workers of 8 for evacuation
[2023-07-28T16:18:04.333+0200][2134,278s] GC(80)   Pre Evacuate Collection Set: 0,2ms
[2023-07-28T16:18:04.333+0200][2134,278s] GC(80)   Merge Heap Roots: 0,1ms
[2023-07-28T16:18:04.333+0200][2134,278s] GC(80)   Evacuate Collection Set: 7,5ms
[2023-07-28T16:18:04.333+0200][2134,278s] GC(80)   Post Evacuate Collection Set: 0,9ms
[2023-07-28T16:18:04.333+0200][2134,278s] GC(80)   Other: 0,3ms
[2023-07-28T16:18:04.333+0200][2134,278s] GC(80) Eden regions: 23->0(305)
[2023-07-28T16:18:04.333+0200][2134,279s] GC(80) Survivor regions: 2->2(4)
[2023-07-28T16:18:04.333+0200][2134,279s] GC(80) Old regions: 72->68
[2023-07-28T16:18:04.333+0200][2134,279s] GC(80) Archive regions: 2->2
[2023-07-28T16:18:04.333+0200][2134,279s] GC(80) Humongous regions: 4->4
[2023-07-28T16:18:04.333+0200][2134,279s] GC(80) Metaspace: 60657K(61184K)->60657K(61184K) NonClass: 53442K(53760K)->53442K(53760K) Class: 7214K(7424K)->7214K(7424K)
[2023-07-28T16:18:04.333+0200][2134,279s] GC(80) Pause Young (Mixed) (G1 Evacuation Pause) 97M->70M(512M) 9,562ms
[2023-07-28T16:18:04.333+0200][2134,279s] GC(80) User=0,02s Sys=0,01s Real=0,01s
[2023-07-28T16:18:21.608+0200][2151,554s] GC(81) Pause Young (Concurrent Start) (G1 Evacuation Pause)
[2023-07-28T16:18:21.608+0200][2151,554s] GC(81) Using 8 workers of 8 for evacuation
[2023-07-28T16:18:21.639+0200][2151,585s] GC(81)   Pre Evacuate Collection Set: 0,6ms
[2023-07-28T16:18:21.639+0200][2151,585s] GC(81)   Merge Heap Roots: 0,3ms
[2023-07-28T16:18:21.639+0200][2151,585s] GC(81)   Evacuate Collection Set: 25,5ms
[2023-07-28T16:18:21.639+0200][2151,585s] GC(81)   Post Evacuate Collection Set: 3,7ms
[2023-07-28T16:18:21.639+0200][2151,585s] GC(81)   Other: 1,2ms
[2023-07-28T16:18:21.639+0200][2151,585s] GC(81) Eden regions: 305->0(305)
[2023-07-28T16:18:21.639+0200][2151,585s] GC(81) Survivor regions: 2->2(39)
[2023-07-28T16:18:21.639+0200][2151,585s] GC(81) Old regions: 68->68
[2023-07-28T16:18:21.639+0200][2151,585s] GC(81) Archive regions: 2->2
[2023-07-28T16:18:21.639+0200][2151,585s] GC(81) Humongous regions: 4->4
[2023-07-28T16:18:21.639+0200][2151,585s] GC(81) Metaspace: 60657K(61184K)->60657K(61184K) NonClass: 53442K(53760K)->53442K(53760K) Class: 7214K(7424K)->7214K(7424K)
[2023-07-28T16:18:21.639+0200][2151,585s] GC(81) Pause Young (Concurrent Start) (G1 Evacuation Pause) 375M->70M(512M) 31,403ms
[2023-07-28T16:18:21.639+0200][2151,585s] GC(81) User=0,03s Sys=0,05s Real=0,03s
[2023-07-28T16:18:21.640+0200][2151,585s] GC(82) Concurrent Mark Cycle
[2023-07-28T16:18:21.640+0200][2151,585s] GC(82) Concurrent Clear Claimed Marks
[2023-07-28T16:18:21.640+0200][2151,585s] GC(82) Concurrent Clear Claimed Marks 0,091ms
[2023-07-28T16:18:21.640+0200][2151,585s] GC(82) Concurrent Scan Root Regions
[2023-07-28T16:18:21.646+0200][2151,592s] GC(82) Concurrent Scan Root Regions 6,613ms
[2023-07-28T16:18:21.646+0200][2151,592s] GC(82) Concurrent Mark
[2023-07-28T16:18:21.646+0200][2151,592s] GC(82) Concurrent Mark From Roots
[2023-07-28T16:18:21.646+0200][2151,592s] GC(82) Using 2 workers of 2 for marking
[2023-07-28T16:18:21.688+0200][2151,633s] GC(82) Concurrent Mark From Roots 41,235ms
[2023-07-28T16:18:21.688+0200][2151,633s] GC(82) Concurrent Preclean
[2023-07-28T16:18:21.688+0200][2151,634s] GC(82) Concurrent Preclean 0,258ms
[2023-07-28T16:18:21.688+0200][2151,634s] GC(82) Pause Remark
[2023-07-28T16:18:21.735+0200][2151,680s] GC(82) Pause Remark 73M->73M(512M) 46,528ms
[2023-07-28T16:18:21.735+0200][2151,680s] GC(82) User=0,03s Sys=0,12s Real=0,05s
[2023-07-28T16:18:21.735+0200][2151,680s] GC(82) Concurrent Mark 88,280ms
[2023-07-28T16:18:21.735+0200][2151,680s] GC(82) Concurrent Rebuild Remembered Sets
[2023-07-28T16:18:21.748+0200][2151,693s] GC(82) Concurrent Rebuild Remembered Sets 12,856ms
[2023-07-28T16:18:21.748+0200][2151,693s] GC(82) Pause Cleanup
[2023-07-28T16:18:21.748+0200][2151,694s] GC(82) Pause Cleanup 73M->73M(512M) 0,140ms
[2023-07-28T16:18:21.748+0200][2151,694s] GC(82) User=0,00s Sys=0,00s Real=0,00s
[2023-07-28T16:18:21.748+0200][2151,694s] GC(82) Concurrent Cleanup for Next Mark
[2023-07-28T16:18:21.750+0200][2151,695s] GC(82) Concurrent Cleanup for Next Mark 1,705ms
[2023-07-28T16:18:21.750+0200][2151,695s] GC(82) Concurrent Mark Cycle 110,179ms
[2023-07-28T16:19:38.154+0200][2228,101s] GC(83) Pause Young (Prepare Mixed) (G1 Evacuation Pause)
[2023-07-28T16:19:38.155+0200][2228,101s] GC(83) Using 8 workers of 8 for evacuation
[2023-07-28T16:19:38.171+0200][2228,118s] GC(83)   Pre Evacuate Collection Set: 0,3ms
[2023-07-28T16:19:38.171+0200][2228,118s] GC(83)   Merge Heap Roots: 0,4ms
[2023-07-28T16:19:38.171+0200][2228,118s] GC(83)   Evacuate Collection Set: 13,7ms
[2023-07-28T16:19:38.171+0200][2228,118s] GC(83)   Post Evacuate Collection Set: 1,7ms
[2023-07-28T16:19:38.171+0200][2228,118s] GC(83)   Other: 1,2ms
[2023-07-28T16:19:38.171+0200][2228,118s] GC(83) Eden regions: 305->0(23)
[2023-07-28T16:19:38.172+0200][2228,118s] GC(83) Survivor regions: 2->2(39)
[2023-07-28T16:19:38.172+0200][2228,118s] GC(83) Old regions: 68->68
[2023-07-28T16:19:38.172+0200][2228,118s] GC(83) Archive regions: 2->2
[2023-07-28T16:19:38.172+0200][2228,118s] GC(83) Humongous regions: 4->4
[2023-07-28T16:19:38.172+0200][2228,118s] GC(83) Metaspace: 60662K(61184K)->60662K(61184K) NonClass: 53447K(53760K)->53447K(53760K) Class: 7214K(7424K)->7214K(7424K)
[2023-07-28T16:19:38.172+0200][2228,118s] GC(83) Pause Young (Prepare Mixed) (G1 Evacuation Pause) 375M->70M(512M) 17,349ms
[2023-07-28T16:19:38.172+0200][2228,118s] GC(83) User=0,02s Sys=0,03s Real=0,02s
[2023-07-28T16:19:39.493+0200][2229,439s] GC(84) Pause Young (Mixed) (G1 Evacuation Pause)
[2023-07-28T16:19:39.493+0200][2229,440s] GC(84) Using 8 workers of 8 for evacuation
[2023-07-28T16:19:39.506+0200][2229,452s] GC(84)   Pre Evacuate Collection Set: 0,2ms
[2023-07-28T16:19:39.506+0200][2229,452s] GC(84)   Merge Heap Roots: 0,1ms
[2023-07-28T16:19:39.506+0200][2229,452s] GC(84)   Evacuate Collection Set: 11,1ms
[2023-07-28T16:19:39.506+0200][2229,452s] GC(84)   Post Evacuate Collection Set: 0,7ms
[2023-07-28T16:19:39.506+0200][2229,453s] GC(84)   Other: 0,8ms
[2023-07-28T16:19:39.506+0200][2229,453s] GC(84) Eden regions: 23->0(305)
[2023-07-28T16:19:39.506+0200][2229,453s] GC(84) Survivor regions: 2->2(4)
[2023-07-28T16:19:39.506+0200][2229,453s] GC(84) Old regions: 68->65
[2023-07-28T16:19:39.506+0200][2229,453s] GC(84) Archive regions: 2->2
[2023-07-28T16:19:39.506+0200][2229,453s] GC(84) Humongous regions: 4->4
[2023-07-28T16:19:39.506+0200][2229,453s] GC(84) Metaspace: 60662K(61184K)->60662K(61184K) NonClass: 53447K(53760K)->53447K(53760K) Class: 7214K(7424K)->7214K(7424K)
[2023-07-28T16:19:39.506+0200][2229,453s] GC(84) Pause Young (Mixed) (G1 Evacuation Pause) 93M->68M(512M) 13,355ms
[2023-07-28T16:19:39.506+0200][2229,453s] GC(84) User=0,03s Sys=0,01s Real=0,01s
[2023-07-28T16:19:57.714+0200][2247,661s] GC(85) Pause Young (Concurrent Start) (G1 Evacuation Pause)
[2023-07-28T16:19:57.715+0200][2247,661s] GC(85) Using 8 workers of 8 for evacuation
[2023-07-28T16:19:57.759+0200][2247,706s] GC(85)   Pre Evacuate Collection Set: 0,7ms
[2023-07-28T16:19:57.759+0200][2247,706s] GC(85)   Merge Heap Roots: 0,2ms
[2023-07-28T16:19:57.759+0200][2247,706s] GC(85)   Evacuate Collection Set: 36,8ms
[2023-07-28T16:19:57.759+0200][2247,706s] GC(85)   Post Evacuate Collection Set: 6,0ms
[2023-07-28T16:19:57.759+0200][2247,706s] GC(85)   Other: 1,3ms
[2023-07-28T16:19:57.759+0200][2247,706s] GC(85) Eden regions: 305->0(304)
[2023-07-28T16:19:57.759+0200][2247,706s] GC(85) Survivor regions: 2->3(39)
[2023-07-28T16:19:57.759+0200][2247,706s] GC(85) Old regions: 65->65
[2023-07-28T16:19:57.759+0200][2247,706s] GC(85) Archive regions: 2->2
[2023-07-28T16:19:57.759+0200][2247,706s] GC(85) Humongous regions: 4->4
[2023-07-28T16:19:57.759+0200][2247,706s] GC(85) Metaspace: 60662K(61184K)->60662K(61184K) NonClass: 53447K(53760K)->53447K(53760K) Class: 7214K(7424K)->7214K(7424K)
[2023-07-28T16:19:57.759+0200][2247,706s] GC(85) Pause Young (Concurrent Start) (G1 Evacuation Pause) 373M->68M(512M) 45,264ms
[2023-07-28T16:19:57.759+0200][2247,706s] GC(85) User=0,03s Sys=0,06s Real=0,04s
[2023-07-28T16:19:57.760+0200][2247,706s] GC(86) Concurrent Mark Cycle
[2023-07-28T16:19:57.760+0200][2247,706s] GC(86) Concurrent Clear Claimed Marks
[2023-07-28T16:19:57.760+0200][2247,706s] GC(86) Concurrent Clear Claimed Marks 0,067ms
[2023-07-28T16:19:57.760+0200][2247,707s] GC(86) Concurrent Scan Root Regions
[2023-07-28T16:19:57.776+0200][2247,723s] GC(86) Concurrent Scan Root Regions 16,288ms
[2023-07-28T16:19:57.776+0200][2247,723s] GC(86) Concurrent Mark
[2023-07-28T16:19:57.776+0200][2247,723s] GC(86) Concurrent Mark From Roots
[2023-07-28T16:19:57.776+0200][2247,723s] GC(86) Using 2 workers of 2 for marking
[2023-07-28T16:19:57.827+0200][2247,773s] GC(86) Concurrent Mark From Roots 50,549ms
[2023-07-28T16:19:57.827+0200][2247,773s] GC(86) Concurrent Preclean
[2023-07-28T16:19:57.827+0200][2247,774s] GC(86) Concurrent Preclean 0,311ms
[2023-07-28T16:19:57.827+0200][2247,774s] GC(86) Pause Remark
[2023-07-28T16:19:57.857+0200][2247,804s] GC(86) Pause Remark 71M->71M(512M) 30,088ms
[2023-07-28T16:19:57.857+0200][2247,804s] GC(86) User=0,03s Sys=0,10s Real=0,03s
[2023-07-28T16:19:57.858+0200][2247,804s] GC(86) Concurrent Mark 81,377ms
[2023-07-28T16:19:57.858+0200][2247,804s] GC(86) Concurrent Rebuild Remembered Sets
[2023-07-28T16:19:57.870+0200][2247,817s] GC(86) Concurrent Rebuild Remembered Sets 12,651ms
[2023-07-28T16:19:57.870+0200][2247,817s] GC(86) Pause Cleanup
[2023-07-28T16:19:57.871+0200][2247,817s] GC(86) Pause Cleanup 71M->71M(512M) 0,142ms
[2023-07-28T16:19:57.871+0200][2247,817s] GC(86) User=0,00s Sys=0,00s Real=0,00s
[2023-07-28T16:19:57.871+0200][2247,817s] GC(86) Concurrent Cleanup for Next Mark
[2023-07-28T16:19:57.872+0200][2247,819s] GC(86) Concurrent Cleanup for Next Mark 1,739ms
[2023-07-28T16:19:57.872+0200][2247,819s] GC(86) Concurrent Mark Cycle 112,825ms
[2023-07-28T16:20:19.798+0200][2269,745s] GC(87) Pause Young (Prepare Mixed) (G1 Evacuation Pause)
[2023-07-28T16:20:19.799+0200][2269,746s] GC(87) Using 8 workers of 8 for evacuation
[2023-07-28T16:20:19.825+0200][2269,772s] GC(87)   Pre Evacuate Collection Set: 0,4ms
[2023-07-28T16:20:19.825+0200][2269,772s] GC(87)   Merge Heap Roots: 0,5ms
[2023-07-28T16:20:19.825+0200][2269,772s] GC(87)   Evacuate Collection Set: 22,7ms
[2023-07-28T16:20:19.825+0200][2269,772s] GC(87)   Post Evacuate Collection Set: 2,2ms
[2023-07-28T16:20:19.825+0200][2269,772s] GC(87)   Other: 1,0ms
[2023-07-28T16:20:19.825+0200][2269,772s] GC(87) Eden regions: 304->0(22)
[2023-07-28T16:20:19.825+0200][2269,772s] GC(87) Survivor regions: 3->3(39)
[2023-07-28T16:20:19.825+0200][2269,772s] GC(87) Old regions: 65->65
[2023-07-28T16:20:19.825+0200][2269,772s] GC(87) Archive regions: 2->2
[2023-07-28T16:20:19.825+0200][2269,772s] GC(87) Humongous regions: 4->4
[2023-07-28T16:20:19.825+0200][2269,772s] GC(87) Metaspace: 60662K(61184K)->60662K(61184K) NonClass: 53447K(53760K)->53447K(53760K) Class: 7214K(7424K)->7214K(7424K)
[2023-07-28T16:20:19.825+0200][2269,772s] GC(87) Pause Young (Prepare Mixed) (G1 Evacuation Pause) 372M->68M(512M) 26,947ms
[2023-07-28T16:20:19.825+0200][2269,772s] GC(87) User=0,02s Sys=0,03s Real=0,03s
[2023-07-28T16:20:20.982+0200][2270,929s] GC(88) Pause Young (Mixed) (G1 Evacuation Pause)
[2023-07-28T16:20:20.982+0200][2270,929s] GC(88) Using 8 workers of 8 for evacuation
[2023-07-28T16:20:20.998+0200][2270,945s] GC(88)   Pre Evacuate Collection Set: 0,2ms
[2023-07-28T16:20:20.998+0200][2270,945s] GC(88)   Merge Heap Roots: 0,2ms
[2023-07-28T16:20:20.998+0200][2270,945s] GC(88)   Evacuate Collection Set: 14,8ms
[2023-07-28T16:20:20.998+0200][2270,945s] GC(88)   Post Evacuate Collection Set: 0,7ms
[2023-07-28T16:20:20.998+0200][2270,945s] GC(88)   Other: 0,4ms
[2023-07-28T16:20:20.998+0200][2270,945s] GC(88) Eden regions: 22->0(304)
[2023-07-28T16:20:20.998+0200][2270,945s] GC(88) Survivor regions: 3->3(4)
[2023-07-28T16:20:20.998+0200][2270,945s] GC(88) Old regions: 65->62
[2023-07-28T16:20:20.998+0200][2270,945s] GC(88) Archive regions: 2->2
[2023-07-28T16:20:20.998+0200][2270,945s] GC(88) Humongous regions: 4->4
[2023-07-28T16:20:20.998+0200][2270,945s] GC(88) Metaspace: 60662K(61184K)->60662K(61184K) NonClass: 53447K(53760K)->53447K(53760K) Class: 7214K(7424K)->7214K(7424K)
[2023-07-28T16:20:20.998+0200][2270,945s] GC(88) Pause Young (Mixed) (G1 Evacuation Pause) 90M->65M(512M) 16,676ms
[2023-07-28T16:20:20.999+0200][2270,946s] GC(88) User=0,03s Sys=0,02s Real=0,01s
[2023-07-28T16:20:52.177+0200][2302,124s] GC(89) Pause Young (Concurrent Start) (G1 Evacuation Pause)
[2023-07-28T16:20:52.177+0200][2302,125s] GC(89) Using 8 workers of 8 for evacuation
[2023-07-28T16:20:52.195+0200][2302,143s] GC(89)   Pre Evacuate Collection Set: 0,6ms
[2023-07-28T16:20:52.196+0200][2302,143s] GC(89)   Merge Heap Roots: 0,2ms
[2023-07-28T16:20:52.196+0200][2302,143s] GC(89)   Evacuate Collection Set: 14,5ms
[2023-07-28T16:20:52.196+0200][2302,143s] GC(89)   Post Evacuate Collection Set: 2,1ms
[2023-07-28T16:20:52.196+0200][2302,143s] GC(89)   Other: 1,2ms
[2023-07-28T16:20:52.196+0200][2302,143s] GC(89) Eden regions: 304->0(304)
[2023-07-28T16:20:52.196+0200][2302,143s] GC(89) Survivor regions: 3->3(39)
[2023-07-28T16:20:52.196+0200][2302,143s] GC(89) Old regions: 62->62
[2023-07-28T16:20:52.196+0200][2302,143s] GC(89) Archive regions: 2->2
[2023-07-28T16:20:52.196+0200][2302,143s] GC(89) Humongous regions: 4->4
[2023-07-28T16:20:52.196+0200][2302,143s] GC(89) Metaspace: 60670K(61184K)->60670K(61184K) NonClass: 53455K(53760K)->53455K(53760K) Class: 7214K(7424K)->7214K(7424K)
[2023-07-28T16:20:52.196+0200][2302,143s] GC(89) Pause Young (Concurrent Start) (G1 Evacuation Pause) 369M->65M(512M) 18,911ms
[2023-07-28T16:20:52.196+0200][2302,143s] GC(89) User=0,02s Sys=0,04s Real=0,02s
[2023-07-28T16:20:52.196+0200][2302,143s] GC(90) Concurrent Mark Cycle
[2023-07-28T16:20:52.196+0200][2302,143s] GC(90) Concurrent Clear Claimed Marks
[2023-07-28T16:20:52.196+0200][2302,143s] GC(90) Concurrent Clear Claimed Marks 0,061ms
[2023-07-28T16:20:52.196+0200][2302,144s] GC(90) Concurrent Scan Root Regions
[2023-07-28T16:20:52.201+0200][2302,149s] GC(90) Concurrent Scan Root Regions 5,120ms
[2023-07-28T16:20:52.201+0200][2302,149s] GC(90) Concurrent Mark
[2023-07-28T16:20:52.201+0200][2302,149s] GC(90) Concurrent Mark From Roots
[2023-07-28T16:20:52.201+0200][2302,149s] GC(90) Using 2 workers of 2 for marking
[2023-07-28T16:20:52.238+0200][2302,186s] GC(90) Concurrent Mark From Roots 36,855ms
[2023-07-28T16:20:52.238+0200][2302,186s] GC(90) Concurrent Preclean
[2023-07-28T16:20:52.239+0200][2302,186s] GC(90) Concurrent Preclean 0,287ms
[2023-07-28T16:20:52.239+0200][2302,186s] GC(90) Pause Remark
[2023-07-28T16:20:52.268+0200][2302,215s] GC(90) Pause Remark 68M->68M(512M) 28,871ms
[2023-07-28T16:20:52.268+0200][2302,215s] GC(90) User=0,03s Sys=0,10s Real=0,03s
[2023-07-28T16:20:52.268+0200][2302,215s] GC(90) Concurrent Mark 66,421ms
[2023-07-28T16:20:52.268+0200][2302,215s] GC(90) Concurrent Rebuild Remembered Sets
[2023-07-28T16:20:52.281+0200][2302,228s] GC(90) Concurrent Rebuild Remembered Sets 13,107ms
[2023-07-28T16:20:52.282+0200][2302,229s] GC(90) Pause Cleanup
[2023-07-28T16:20:52.282+0200][2302,229s] GC(90) Pause Cleanup 68M->68M(512M) 0,111ms
[2023-07-28T16:20:52.282+0200][2302,229s] GC(90) User=0,00s Sys=0,00s Real=0,00s
[2023-07-28T16:20:52.282+0200][2302,229s] GC(90) Concurrent Cleanup for Next Mark
[2023-07-28T16:20:52.284+0200][2302,231s] GC(90) Concurrent Cleanup for Next Mark 1,872ms
[2023-07-28T16:20:52.284+0200][2302,231s] GC(90) Concurrent Mark Cycle 87,843ms
[2023-07-28T16:21:08.179+0200][2318,126s] GC(91) Pause Young (Prepare Mixed) (G1 Evacuation Pause)
[2023-07-28T16:21:08.179+0200][2318,126s] GC(91) Using 8 workers of 8 for evacuation
[2023-07-28T16:21:08.188+0200][2318,135s] GC(91)   Pre Evacuate Collection Set: 0,1ms
[2023-07-28T16:21:08.188+0200][2318,135s] GC(91)   Merge Heap Roots: 0,1ms
[2023-07-28T16:21:08.188+0200][2318,135s] GC(91)   Evacuate Collection Set: 7,3ms
[2023-07-28T16:21:08.188+0200][2318,135s] GC(91)   Post Evacuate Collection Set: 0,9ms
[2023-07-28T16:21:08.188+0200][2318,135s] GC(91)   Other: 0,6ms
[2023-07-28T16:21:08.188+0200][2318,135s] GC(91) Eden regions: 304->0(22)
[2023-07-28T16:21:08.188+0200][2318,135s] GC(91) Survivor regions: 3->3(39)
[2023-07-28T16:21:08.188+0200][2318,135s] GC(91) Old regions: 62->62
[2023-07-28T16:21:08.188+0200][2318,135s] GC(91) Archive regions: 2->2
[2023-07-28T16:21:08.188+0200][2318,135s] GC(91) Humongous regions: 4->4
[2023-07-28T16:21:08.188+0200][2318,135s] GC(91) Metaspace: 60670K(61184K)->60670K(61184K) NonClass: 53455K(53760K)->53455K(53760K) Class: 7214K(7424K)->7214K(7424K)
[2023-07-28T16:21:08.188+0200][2318,136s] GC(91) Pause Young (Prepare Mixed) (G1 Evacuation Pause) 369M->65M(512M) 9,434ms
[2023-07-28T16:21:08.188+0200][2318,136s] GC(91) User=0,03s Sys=0,01s Real=0,01s
[2023-07-28T16:21:09.202+0200][2319,149s] GC(92) Pause Young (Mixed) (G1 Evacuation Pause)
[2023-07-28T16:21:09.202+0200][2319,149s] GC(92) Using 8 workers of 8 for evacuation
[2023-07-28T16:21:09.216+0200][2319,163s] GC(92)   Pre Evacuate Collection Set: 0,2ms
[2023-07-28T16:21:09.216+0200][2319,164s] GC(92)   Merge Heap Roots: 0,1ms
[2023-07-28T16:21:09.216+0200][2319,164s] GC(92)   Evacuate Collection Set: 12,7ms
[2023-07-28T16:21:09.216+0200][2319,164s] GC(92)   Post Evacuate Collection Set: 1,0ms
[2023-07-28T16:21:09.216+0200][2319,164s] GC(92)   Other: 0,3ms
[2023-07-28T16:21:09.216+0200][2319,164s] GC(92) Eden regions: 22->0(305)
[2023-07-28T16:21:09.216+0200][2319,164s] GC(92) Survivor regions: 3->2(4)
[2023-07-28T16:21:09.216+0200][2319,164s] GC(92) Old regions: 62->60
[2023-07-28T16:21:09.216+0200][2319,164s] GC(92) Archive regions: 2->2
[2023-07-28T16:21:09.216+0200][2319,164s] GC(92) Humongous regions: 4->4
[2023-07-28T16:21:09.216+0200][2319,164s] GC(92) Metaspace: 60670K(61184K)->60670K(61184K) NonClass: 53455K(53760K)->53455K(53760K) Class: 7214K(7424K)->7214K(7424K)
[2023-07-28T16:21:09.216+0200][2319,164s] GC(92) Pause Young (Mixed) (G1 Evacuation Pause) 87M->62M(512M) 14,653ms
[2023-07-28T16:21:09.216+0200][2319,164s] GC(92) User=0,03s Sys=0,01s Real=0,01s
[2023-07-28T16:21:26.916+0200][2336,869s] GC(93) Pause Young (Concurrent Start) (G1 Evacuation Pause)
[2023-07-28T16:21:26.917+0200][2336,869s] GC(93) Using 8 workers of 8 for evacuation
[2023-07-28T16:21:26.933+0200][2336,885s] GC(93)   Pre Evacuate Collection Set: 0,5ms
[2023-07-28T16:21:26.933+0200][2336,885s] GC(93)   Merge Heap Roots: 0,3ms
[2023-07-28T16:21:26.933+0200][2336,885s] GC(93)   Evacuate Collection Set: 13,5ms
[2023-07-28T16:21:26.933+0200][2336,885s] GC(93)   Post Evacuate Collection Set: 1,4ms
[2023-07-28T16:21:26.933+0200][2336,885s] GC(93)   Other: 1,1ms
[2023-07-28T16:21:26.933+0200][2336,886s] GC(93) Eden regions: 305->0(305)
[2023-07-28T16:21:26.933+0200][2336,886s] GC(93) Survivor regions: 2->2(39)
[2023-07-28T16:21:26.933+0200][2336,886s] GC(93) Old regions: 60->60
[2023-07-28T16:21:26.933+0200][2336,886s] GC(93) Archive regions: 2->2
[2023-07-28T16:21:26.933+0200][2336,886s] GC(93) Humongous regions: 4->4
[2023-07-28T16:21:26.933+0200][2336,886s] GC(93) Metaspace: 60670K(61184K)->60670K(61184K) NonClass: 53455K(53760K)->53455K(53760K) Class: 7214K(7424K)->7214K(7424K)
[2023-07-28T16:21:26.933+0200][2336,886s] GC(93) Pause Young (Concurrent Start) (G1 Evacuation Pause) 367M->62M(512M) 16,973ms
[2023-07-28T16:21:26.933+0200][2336,886s] GC(93) User=0,02s Sys=0,04s Real=0,02s
[2023-07-28T16:21:26.933+0200][2336,886s] GC(94) Concurrent Mark Cycle
[2023-07-28T16:21:26.934+0200][2336,886s] GC(94) Concurrent Clear Claimed Marks
[2023-07-28T16:21:26.934+0200][2336,886s] GC(94) Concurrent Clear Claimed Marks 0,053ms
[2023-07-28T16:21:26.934+0200][2336,886s] GC(94) Concurrent Scan Root Regions
[2023-07-28T16:21:26.957+0200][2336,909s] GC(94) Concurrent Scan Root Regions 22,980ms
[2023-07-28T16:21:26.957+0200][2336,909s] GC(94) Concurrent Mark
[2023-07-28T16:21:26.957+0200][2336,909s] GC(94) Concurrent Mark From Roots
[2023-07-28T16:21:26.957+0200][2336,909s] GC(94) Using 2 workers of 2 for marking
[2023-07-28T16:21:27.007+0200][2336,960s] GC(94) Concurrent Mark From Roots 50,578ms
[2023-07-28T16:21:27.007+0200][2336,960s] GC(94) Concurrent Preclean
[2023-07-28T16:21:27.007+0200][2336,960s] GC(94) Concurrent Preclean 0,267ms
[2023-07-28T16:21:27.008+0200][2336,960s] GC(94) Pause Remark
[2023-07-28T16:21:27.034+0200][2336,987s] GC(94) Pause Remark 65M->65M(512M) 26,659ms
[2023-07-28T16:21:27.034+0200][2336,987s] GC(94) User=0,03s Sys=0,09s Real=0,03s
[2023-07-28T16:21:27.034+0200][2336,987s] GC(94) Concurrent Mark 77,801ms
[2023-07-28T16:21:27.034+0200][2336,987s] GC(94) Concurrent Rebuild Remembered Sets
[2023-07-28T16:21:27.047+0200][2337,000s] GC(94) Concurrent Rebuild Remembered Sets 12,890ms
[2023-07-28T16:21:27.048+0200][2337,000s] GC(94) Pause Cleanup
[2023-07-28T16:21:27.048+0200][2337,000s] GC(94) Pause Cleanup 65M->65M(512M) 0,104ms
[2023-07-28T16:21:27.048+0200][2337,000s] GC(94) User=0,00s Sys=0,00s Real=0,00s
[2023-07-28T16:21:27.048+0200][2337,000s] GC(94) Concurrent Cleanup for Next Mark
[2023-07-28T16:21:27.055+0200][2337,007s] GC(94) Concurrent Cleanup for Next Mark 7,236ms
[2023-07-28T16:21:27.055+0200][2337,008s] GC(94) Concurrent Mark Cycle 121,721ms
[2023-07-28T16:21:52.529+0200][2362,512s] GC(95) Pause Young (Prepare Mixed) (G1 Evacuation Pause)
[2023-07-28T16:21:52.530+0200][2362,512s] GC(95) Using 8 workers of 8 for evacuation
[2023-07-28T16:21:52.553+0200][2362,535s] GC(95)   Pre Evacuate Collection Set: 0,7ms
[2023-07-28T16:21:52.553+0200][2362,536s] GC(95)   Merge Heap Roots: 0,3ms
[2023-07-28T16:21:52.553+0200][2362,536s] GC(95)   Evacuate Collection Set: 21,1ms
[2023-07-28T16:21:52.553+0200][2362,536s] GC(95)   Post Evacuate Collection Set: 0,8ms
[2023-07-28T16:21:52.553+0200][2362,536s] GC(95)   Other: 1,1ms
[2023-07-28T16:21:52.553+0200][2362,536s] GC(95) Eden regions: 305->0(23)
[2023-07-28T16:21:52.553+0200][2362,536s] GC(95) Survivor regions: 2->2(39)
[2023-07-28T16:21:52.553+0200][2362,536s] GC(95) Old regions: 60->60
[2023-07-28T16:21:52.553+0200][2362,536s] GC(95) Archive regions: 2->2
[2023-07-28T16:21:52.553+0200][2362,536s] GC(95) Humongous regions: 4->4
[2023-07-28T16:21:52.553+0200][2362,536s] GC(95) Metaspace: 60670K(61184K)->60670K(61184K) NonClass: 53455K(53760K)->53455K(53760K) Class: 7214K(7424K)->7214K(7424K)
[2023-07-28T16:21:52.553+0200][2362,536s] GC(95) Pause Young (Prepare Mixed) (G1 Evacuation Pause) 367M->63M(512M) 24,048ms
[2023-07-28T16:21:52.553+0200][2362,536s] GC(95) User=0,02s Sys=0,03s Real=0,03s
[2023-07-28T16:21:53.783+0200][2363,766s] GC(96) Pause Young (Mixed) (G1 Evacuation Pause)
[2023-07-28T16:21:53.783+0200][2363,766s] GC(96) Using 8 workers of 8 for evacuation
[2023-07-28T16:21:53.795+0200][2363,778s] GC(96)   Pre Evacuate Collection Set: 0,2ms
[2023-07-28T16:21:53.795+0200][2363,778s] GC(96)   Merge Heap Roots: 0,2ms
[2023-07-28T16:21:53.795+0200][2363,778s] GC(96)   Evacuate Collection Set: 10,7ms
[2023-07-28T16:21:53.795+0200][2363,778s] GC(96)   Post Evacuate Collection Set: 0,7ms
[2023-07-28T16:21:53.795+0200][2363,778s] GC(96)   Other: 0,4ms
[2023-07-28T16:21:53.795+0200][2363,778s] GC(96) Eden regions: 23->0(305)
[2023-07-28T16:21:53.795+0200][2363,778s] GC(96) Survivor regions: 2->2(4)
[2023-07-28T16:21:53.795+0200][2363,778s] GC(96) Old regions: 60->58
[2023-07-28T16:21:53.795+0200][2363,778s] GC(96) Archive regions: 2->2
[2023-07-28T16:21:53.795+0200][2363,778s] GC(96) Humongous regions: 4->4
[2023-07-28T16:21:53.795+0200][2363,778s] GC(96) Metaspace: 60670K(61184K)->60670K(61184K) NonClass: 53455K(53760K)->53455K(53760K) Class: 7214K(7424K)->7214K(7424K)
[2023-07-28T16:21:53.795+0200][2363,778s] GC(96) Pause Young (Mixed) (G1 Evacuation Pause) 86M->61M(512M) 12,446ms
[2023-07-28T16:21:53.795+0200][2363,778s] GC(96) User=0,02s Sys=0,01s Real=0,01s
[2023-07-28T16:22:15.718+0200][2385,706s] GC(97) Pause Young (Concurrent Start) (G1 Evacuation Pause)
[2023-07-28T16:22:15.718+0200][2385,707s] GC(97) Using 8 workers of 8 for evacuation
[2023-07-28T16:22:15.738+0200][2385,727s] GC(97)   Pre Evacuate Collection Set: 0,7ms
[2023-07-28T16:22:15.739+0200][2385,727s] GC(97)   Merge Heap Roots: 0,2ms
[2023-07-28T16:22:15.739+0200][2385,727s] GC(97)   Evacuate Collection Set: 17,1ms
[2023-07-28T16:22:15.739+0200][2385,727s] GC(97)   Post Evacuate Collection Set: 1,4ms
[2023-07-28T16:22:15.739+0200][2385,727s] GC(97)   Other: 1,3ms
[2023-07-28T16:22:15.739+0200][2385,727s] GC(97) Eden regions: 305->0(304)
[2023-07-28T16:22:15.739+0200][2385,727s] GC(97) Survivor regions: 2->3(39)
[2023-07-28T16:22:15.739+0200][2385,727s] GC(97) Old regions: 58->58
[2023-07-28T16:22:15.739+0200][2385,727s] GC(97) Archive regions: 2->2
[2023-07-28T16:22:15.739+0200][2385,727s] GC(97) Humongous regions: 4->4
[2023-07-28T16:22:15.739+0200][2385,727s] GC(97) Metaspace: 60670K(61184K)->60670K(61184K) NonClass: 53455K(53760K)->53455K(53760K) Class: 7214K(7424K)->7214K(7424K)
[2023-07-28T16:22:15.739+0200][2385,727s] GC(97) Pause Young (Concurrent Start) (G1 Evacuation Pause) 366M->62M(512M) 21,024ms
[2023-07-28T16:22:15.739+0200][2385,727s] GC(97) User=0,03s Sys=0,03s Real=0,02s
[2023-07-28T16:22:15.739+0200][2385,727s] GC(98) Concurrent Mark Cycle
[2023-07-28T16:22:15.739+0200][2385,727s] GC(98) Concurrent Clear Claimed Marks
[2023-07-28T16:22:15.739+0200][2385,727s] GC(98) Concurrent Clear Claimed Marks 0,058ms
[2023-07-28T16:22:15.739+0200][2385,727s] GC(98) Concurrent Scan Root Regions
[2023-07-28T16:22:15.744+0200][2385,732s] GC(98) Concurrent Scan Root Regions 4,510ms
[2023-07-28T16:22:15.744+0200][2385,732s] GC(98) Concurrent Mark
[2023-07-28T16:22:15.744+0200][2385,732s] GC(98) Concurrent Mark From Roots
[2023-07-28T16:22:15.744+0200][2385,732s] GC(98) Using 2 workers of 2 for marking
[2023-07-28T16:22:15.784+0200][2385,772s] GC(98) Concurrent Mark From Roots 40,179ms
[2023-07-28T16:22:15.784+0200][2385,772s] GC(98) Concurrent Preclean
[2023-07-28T16:22:15.784+0200][2385,772s] GC(98) Concurrent Preclean 0,263ms
[2023-07-28T16:22:15.784+0200][2385,773s] GC(98) Pause Remark
[2023-07-28T16:22:15.814+0200][2385,802s] GC(98) Pause Remark 64M->64M(512M) 29,523ms
[2023-07-28T16:22:15.814+0200][2385,802s] GC(98) User=0,03s Sys=0,11s Real=0,03s
[2023-07-28T16:22:15.814+0200][2385,802s] GC(98) Concurrent Mark 70,298ms
[2023-07-28T16:22:15.814+0200][2385,802s] GC(98) Concurrent Rebuild Remembered Sets
[2023-07-28T16:22:15.827+0200][2385,815s] GC(98) Concurrent Rebuild Remembered Sets 12,742ms
[2023-07-28T16:22:15.827+0200][2385,815s] GC(98) Pause Cleanup
[2023-07-28T16:22:15.827+0200][2385,815s] GC(98) Pause Cleanup 64M->64M(512M) 0,125ms
[2023-07-28T16:22:15.827+0200][2385,815s] GC(98) User=0,00s Sys=0,00s Real=0,00s
[2023-07-28T16:22:15.827+0200][2385,815s] GC(98) Concurrent Cleanup for Next Mark
[2023-07-28T16:22:15.829+0200][2385,818s] GC(98) Concurrent Cleanup for Next Mark 2,381ms
[2023-07-28T16:22:15.830+0200][2385,818s] GC(98) Concurrent Mark Cycle 90,595ms
[2023-07-28T16:22:37.461+0200][2407,451s] GC(99) Pause Young (Prepare Mixed) (G1 Evacuation Pause)
[2023-07-28T16:22:37.462+0200][2407,452s] GC(99) Using 8 workers of 8 for evacuation
[2023-07-28T16:22:37.469+0200][2407,459s] GC(99)   Pre Evacuate Collection Set: 0,1ms
[2023-07-28T16:22:37.470+0200][2407,459s] GC(99)   Merge Heap Roots: 0,1ms
[2023-07-28T16:22:37.470+0200][2407,459s] GC(99)   Evacuate Collection Set: 6,5ms
[2023-07-28T16:22:37.470+0200][2407,460s] GC(99)   Post Evacuate Collection Set: 0,8ms
[2023-07-28T16:22:37.470+0200][2407,460s] GC(99)   Other: 1,0ms
[2023-07-28T16:22:37.470+0200][2407,460s] GC(99) Eden regions: 304->0(19)
[2023-07-28T16:22:37.470+0200][2407,460s] GC(99) Survivor regions: 3->6(39)
[2023-07-28T16:22:37.470+0200][2407,460s] GC(99) Old regions: 58->58
[2023-07-28T16:22:37.470+0200][2407,460s] GC(99) Archive regions: 2->2
[2023-07-28T16:22:37.470+0200][2407,460s] GC(99) Humongous regions: 4->4
[2023-07-28T16:22:37.470+0200][2407,460s] GC(99) Metaspace: 60686K(61184K)->60686K(61184K) NonClass: 53470K(53760K)->53470K(53760K) Class: 7216K(7424K)->7216K(7424K)
[2023-07-28T16:22:37.470+0200][2407,460s] GC(99) Pause Young (Prepare Mixed) (G1 Evacuation Pause) 366M->66M(512M) 8,638ms
[2023-07-28T16:22:37.470+0200][2407,460s] GC(99) User=0,01s Sys=0,02s Real=0,01s
[2023-07-28T16:22:37.602+0200][2407,592s] GC(100) Pause Young (Mixed) (G1 Evacuation Pause)
[2023-07-28T16:22:37.602+0200][2407,592s] GC(100) Using 8 workers of 8 for evacuation
[2023-07-28T16:22:37.611+0200][2407,601s] GC(100)   Pre Evacuate Collection Set: 0,1ms
[2023-07-28T16:22:37.612+0200][2407,601s] GC(100)   Merge Heap Roots: 0,1ms
[2023-07-28T16:22:37.612+0200][2407,601s] GC(100)   Evacuate Collection Set: 9,1ms
[2023-07-28T16:22:37.612+0200][2407,601s] GC(100)   Post Evacuate Collection Set: 0,3ms
[2023-07-28T16:22:37.612+0200][2407,602s] GC(100)   Other: 0,1ms
[2023-07-28T16:22:37.612+0200][2407,602s] GC(100) Eden regions: 19->0(305)
[2023-07-28T16:22:37.612+0200][2407,602s] GC(100) Survivor regions: 6->2(4)
[2023-07-28T16:22:37.612+0200][2407,602s] GC(100) Old regions: 58->61
[2023-07-28T16:22:37.612+0200][2407,602s] GC(100) Archive regions: 2->2
[2023-07-28T16:22:37.612+0200][2407,602s] GC(100) Humongous regions: 4->4
[2023-07-28T16:22:37.612+0200][2407,602s] GC(100) Metaspace: 60686K(61184K)->60686K(61184K) NonClass: 53470K(53760K)->53470K(53760K) Class: 7216K(7424K)->7216K(7424K)
[2023-07-28T16:22:37.612+0200][2407,602s] GC(100) Pause Young (Mixed) (G1 Evacuation Pause) 85M->64M(512M) 9,829ms
[2023-07-28T16:22:37.612+0200][2407,602s] GC(100) User=0,02s Sys=0,01s Real=0,01s
[2023-07-28T16:22:37.663+0200][2407,653s] GC(101) Pause Young (Concurrent Start) (G1 Humongous Allocation)
[2023-07-28T16:22:37.663+0200][2407,653s] GC(101) Using 8 workers of 8 for evacuation
[2023-07-28T16:22:37.667+0200][2407,657s] GC(101)   Pre Evacuate Collection Set: 0,1ms
[2023-07-28T16:22:37.667+0200][2407,657s] GC(101)   Merge Heap Roots: 0,1ms
[2023-07-28T16:22:37.667+0200][2407,657s] GC(101)   Evacuate Collection Set: 2,2ms
[2023-07-28T16:22:37.667+0200][2407,657s] GC(101)   Post Evacuate Collection Set: 1,1ms
[2023-07-28T16:22:37.667+0200][2407,657s] GC(101)   Other: 0,2ms
[2023-07-28T16:22:37.667+0200][2407,657s] GC(101) Eden regions: 7->0(302)
[2023-07-28T16:22:37.667+0200][2407,657s] GC(101) Survivor regions: 2->3(39)
[2023-07-28T16:22:37.667+0200][2407,657s] GC(101) Old regions: 61->61
[2023-07-28T16:22:37.667+0200][2407,657s] GC(101) Archive regions: 2->2
[2023-07-28T16:22:37.667+0200][2407,657s] GC(101) Humongous regions: 4->4
[2023-07-28T16:22:37.667+0200][2407,657s] GC(101) Metaspace: 60686K(61184K)->60686K(61184K) NonClass: 53470K(53760K)->53470K(53760K) Class: 7216K(7424K)->7216K(7424K)
[2023-07-28T16:22:37.667+0200][2407,657s] GC(101) Pause Young (Concurrent Start) (G1 Humongous Allocation) 71M->65M(512M) 3,780ms
[2023-07-28T16:22:37.667+0200][2407,657s] GC(101) User=0,00s Sys=0,00s Real=0,00s
[2023-07-28T16:22:37.667+0200][2407,657s] GC(102) Concurrent Mark Cycle
[2023-07-28T16:22:37.667+0200][2407,657s] GC(102) Concurrent Clear Claimed Marks
[2023-07-28T16:22:37.667+0200][2407,657s] GC(102) Concurrent Clear Claimed Marks 0,035ms
[2023-07-28T16:22:37.667+0200][2407,657s] GC(102) Concurrent Scan Root Regions
[2023-07-28T16:22:37.669+0200][2407,659s] GC(102) Concurrent Scan Root Regions 1,659ms
[2023-07-28T16:22:37.669+0200][2407,659s] GC(102) Concurrent Mark
[2023-07-28T16:22:37.669+0200][2407,659s] GC(102) Concurrent Mark From Roots
[2023-07-28T16:22:37.669+0200][2407,659s] GC(102) Using 2 workers of 2 for marking
[2023-07-28T16:22:37.696+0200][2407,685s] GC(102) Concurrent Mark From Roots 26,916ms
[2023-07-28T16:22:37.696+0200][2407,686s] GC(102) Concurrent Preclean
[2023-07-28T16:22:37.696+0200][2407,686s] GC(102) Concurrent Preclean 0,248ms
[2023-07-28T16:22:37.696+0200][2407,686s] GC(102) Pause Remark
[2023-07-28T16:22:37.717+0200][2407,706s] GC(102) Pause Remark 73M->73M(512M) 20,459ms
[2023-07-28T16:22:37.717+0200][2407,707s] GC(102) User=0,03s Sys=0,05s Real=0,02s
[2023-07-28T16:22:37.717+0200][2407,707s] GC(102) Concurrent Mark 48,073ms
[2023-07-28T16:22:37.717+0200][2407,707s] GC(102) Concurrent Rebuild Remembered Sets
[2023-07-28T16:22:37.729+0200][2407,719s] GC(102) Concurrent Rebuild Remembered Sets 12,783ms
[2023-07-28T16:22:37.730+0200][2407,720s] GC(102) Pause Cleanup
[2023-07-28T16:22:37.730+0200][2407,720s] GC(102) Pause Cleanup 73M->73M(512M) 0,104ms
[2023-07-28T16:22:37.730+0200][2407,720s] GC(102) User=0,00s Sys=0,00s Real=0,00s
[2023-07-28T16:22:37.730+0200][2407,720s] GC(102) Concurrent Cleanup for Next Mark
[2023-07-28T16:22:37.732+0200][2407,722s] GC(102) Concurrent Cleanup for Next Mark 1,847ms
[2023-07-28T16:22:37.732+0200][2407,722s] GC(102) Concurrent Mark Cycle 65,069ms
[2023-07-28T16:22:39.938+0200][2409,928s] GC(103) Pause Young (Prepare Mixed) (G1 Evacuation Pause)
[2023-07-28T16:22:39.938+0200][2409,928s] GC(103) Using 8 workers of 8 for evacuation
[2023-07-28T16:22:39.945+0200][2409,935s] GC(103)   Pre Evacuate Collection Set: 0,1ms
[2023-07-28T16:22:39.945+0200][2409,935s] GC(103)   Merge Heap Roots: 0,1ms
[2023-07-28T16:22:39.945+0200][2409,935s] GC(103)   Evacuate Collection Set: 6,6ms
[2023-07-28T16:22:39.945+0200][2409,935s] GC(103)   Post Evacuate Collection Set: 0,5ms
[2023-07-28T16:22:39.945+0200][2409,935s] GC(103)   Other: 0,2ms
[2023-07-28T16:22:39.945+0200][2409,935s] GC(103) Eden regions: 302->0(8)
[2023-07-28T16:22:39.945+0200][2409,935s] GC(103) Survivor regions: 3->17(39)
[2023-07-28T16:22:39.945+0200][2409,935s] GC(103) Old regions: 61->61
[2023-07-28T16:22:39.945+0200][2409,935s] GC(103) Archive regions: 2->2
[2023-07-28T16:22:39.945+0200][2409,935s] GC(103) Humongous regions: 65->17
[2023-07-28T16:22:39.945+0200][2409,935s] GC(103) Metaspace: 60700K(61184K)->60700K(61184K) NonClass: 53483K(53760K)->53483K(53760K) Class: 7217K(7424K)->7217K(7424K)
[2023-07-28T16:22:39.945+0200][2409,935s] GC(103) Pause Young (Prepare Mixed) (G1 Evacuation Pause) 428M->92M(512M) 7,437ms
[2023-07-28T16:22:39.945+0200][2409,935s] GC(103) User=0,01s Sys=0,01s Real=0,01s
[2023-07-28T16:22:39.982+0200][2409,972s] GC(104) Pause Young (Mixed) (G1 Evacuation Pause)
[2023-07-28T16:22:39.982+0200][2409,972s] GC(104) Using 8 workers of 8 for evacuation
[2023-07-28T16:22:39.988+0200][2409,978s] GC(104)   Pre Evacuate Collection Set: 0,1ms
[2023-07-28T16:22:39.988+0200][2409,978s] GC(104)   Merge Heap Roots: 0,1ms
[2023-07-28T16:22:39.988+0200][2409,978s] GC(104)   Evacuate Collection Set: 5,8ms
[2023-07-28T16:22:39.988+0200][2409,978s] GC(104)   Post Evacuate Collection Set: 0,3ms
[2023-07-28T16:22:39.988+0200][2409,978s] GC(104)   Other: 0,1ms
[2023-07-28T16:22:39.988+0200][2409,978s] GC(104) Eden regions: 8->0(285)
[2023-07-28T16:22:39.988+0200][2409,978s] GC(104) Survivor regions: 17->3(4)
[2023-07-28T16:22:39.988+0200][2409,978s] GC(104) Old regions: 61->76
[2023-07-28T16:22:39.988+0200][2409,978s] GC(104) Archive regions: 2->2
[2023-07-28T16:22:39.988+0200][2409,978s] GC(104) Humongous regions: 27->16
[2023-07-28T16:22:39.988+0200][2409,978s] GC(104) Metaspace: 60700K(61184K)->60700K(61184K) NonClass: 53483K(53760K)->53483K(53760K) Class: 7217K(7424K)->7217K(7424K)
[2023-07-28T16:22:39.988+0200][2409,978s] GC(104) Pause Young (Mixed) (G1 Evacuation Pause) 110M->92M(512M) 6,492ms
[2023-07-28T16:22:39.988+0200][2409,978s] GC(104) User=0,01s Sys=0,01s Real=0,00s
[2023-07-28T16:22:39.997+0200][2409,987s] GC(105) Pause Young (Concurrent Start) (G1 Humongous Allocation)
[2023-07-28T16:22:39.997+0200][2409,987s] GC(105) Using 8 workers of 8 for evacuation
[2023-07-28T16:22:39.998+0200][2409,989s] GC(105)   Pre Evacuate Collection Set: 0,1ms
[2023-07-28T16:22:39.998+0200][2409,989s] GC(105)   Merge Heap Roots: 0,1ms
[2023-07-28T16:22:39.998+0200][2409,989s] GC(105)   Evacuate Collection Set: 0,8ms
[2023-07-28T16:22:39.998+0200][2409,989s] GC(105)   Post Evacuate Collection Set: 0,2ms
[2023-07-28T16:22:39.999+0200][2409,989s] GC(105)   Other: 0,1ms
[2023-07-28T16:22:39.999+0200][2409,989s] GC(105) Eden regions: 4->0(300)
[2023-07-28T16:22:39.999+0200][2409,989s] GC(105) Survivor regions: 3->2(36)
[2023-07-28T16:22:39.999+0200][2409,989s] GC(105) Old regions: 76->76
[2023-07-28T16:22:39.999+0200][2409,989s] GC(105) Archive regions: 2->2
[2023-07-28T16:22:39.999+0200][2409,989s] GC(105) Humongous regions: 16->16
[2023-07-28T16:22:39.999+0200][2409,989s] GC(105) Metaspace: 60700K(61184K)->60700K(61184K) NonClass: 53483K(53760K)->53483K(53760K) Class: 7217K(7424K)->7217K(7424K)
[2023-07-28T16:22:39.999+0200][2409,989s] GC(105) Pause Young (Concurrent Start) (G1 Humongous Allocation) 96M->91M(512M) 1,341ms
[2023-07-28T16:22:39.999+0200][2409,989s] GC(105) User=0,01s Sys=0,01s Real=0,00s
[2023-07-28T16:22:39.999+0200][2409,989s] GC(106) Concurrent Mark Cycle
[2023-07-28T16:22:39.999+0200][2409,989s] GC(106) Concurrent Clear Claimed Marks
[2023-07-28T16:22:39.999+0200][2409,989s] GC(106) Concurrent Clear Claimed Marks 0,010ms
[2023-07-28T16:22:39.999+0200][2409,989s] GC(106) Concurrent Scan Root Regions
[2023-07-28T16:22:39.999+0200][2409,989s] GC(106) Concurrent Scan Root Regions 0,517ms
[2023-07-28T16:22:39.999+0200][2409,989s] GC(106) Concurrent Mark
[2023-07-28T16:22:39.999+0200][2409,989s] GC(106) Concurrent Mark From Roots
[2023-07-28T16:22:39.999+0200][2409,989s] GC(106) Using 2 workers of 2 for marking
[2023-07-28T16:22:40.020+0200][2410,010s] GC(106) Concurrent Mark From Roots 21,142ms
[2023-07-28T16:22:40.020+0200][2410,010s] GC(106) Concurrent Preclean
[2023-07-28T16:22:40.021+0200][2410,011s] GC(106) Concurrent Preclean 0,249ms
[2023-07-28T16:22:40.021+0200][2410,011s] GC(106) Pause Remark
[2023-07-28T16:22:40.030+0200][2410,021s] GC(106) Pause Remark 98M->93M(512M) 9,428ms
[2023-07-28T16:22:40.031+0200][2410,021s] GC(106) User=0,02s Sys=0,01s Real=0,01s
[2023-07-28T16:22:40.031+0200][2410,021s] GC(106) Concurrent Mark 31,430ms
[2023-07-28T16:22:40.031+0200][2410,021s] GC(106) Concurrent Rebuild Remembered Sets
[2023-07-28T16:22:40.043+0200][2410,034s] GC(106) Concurrent Rebuild Remembered Sets 12,892ms
[2023-07-28T16:22:40.044+0200][2410,034s] GC(106) Pause Cleanup
[2023-07-28T16:22:40.044+0200][2410,034s] GC(106) Pause Cleanup 93M->93M(512M) 0,105ms
[2023-07-28T16:22:40.044+0200][2410,034s] GC(106) User=0,00s Sys=0,00s Real=0,00s
[2023-07-28T16:22:40.044+0200][2410,034s] GC(106) Concurrent Cleanup for Next Mark
[2023-07-28T16:22:40.045+0200][2410,036s] GC(106) Concurrent Cleanup for Next Mark 1,432ms
[2023-07-28T16:22:40.045+0200][2410,036s] GC(106) Concurrent Mark Cycle 46,875ms
[2023-07-28T16:22:41.986+0200][2411,977s] GC(107) Pause Young (Prepare Mixed) (G1 Preventive Collection)
[2023-07-28T16:22:41.986+0200][2411,977s] GC(107) Using 8 workers of 8 for evacuation
[2023-07-28T16:22:41.990+0200][2411,980s] GC(107)   Pre Evacuate Collection Set: 0,1ms
[2023-07-28T16:22:41.990+0200][2411,981s] GC(107)   Merge Heap Roots: 0,1ms
[2023-07-28T16:22:41.990+0200][2411,981s] GC(107)   Evacuate Collection Set: 3,2ms
[2023-07-28T16:22:41.990+0200][2411,981s] GC(107)   Post Evacuate Collection Set: 0,4ms
[2023-07-28T16:22:41.990+0200][2411,981s] GC(107)   Other: 0,2ms
[2023-07-28T16:22:41.990+0200][2411,981s] GC(107) Eden regions: 283->0(8)
[2023-07-28T16:22:41.990+0200][2411,981s] GC(107) Survivor regions: 2->17(31)
[2023-07-28T16:22:41.990+0200][2411,981s] GC(107) Old regions: 76->76
[2023-07-28T16:22:41.990+0200][2411,981s] GC(107) Archive regions: 2->2
[2023-07-28T16:22:41.990+0200][2411,981s] GC(107) Humongous regions: 118->7
[2023-07-28T16:22:41.990+0200][2411,981s] GC(107) Metaspace: 60700K(61184K)->60700K(61184K) NonClass: 53483K(53760K)->53483K(53760K) Class: 7217K(7424K)->7217K(7424K)
[2023-07-28T16:22:41.990+0200][2411,981s] GC(107) Pause Young (Prepare Mixed) (G1 Preventive Collection) 476M->98M(512M) 4,007ms
[2023-07-28T16:22:41.990+0200][2411,981s] GC(107) User=0,01s Sys=0,01s Real=0,01s
[2023-07-28T16:22:42.033+0200][2412,023s] GC(108) Pause Young (Mixed) (G1 Evacuation Pause)
[2023-07-28T16:22:42.033+0200][2412,023s] GC(108) Using 8 workers of 8 for evacuation
[2023-07-28T16:22:42.040+0200][2412,030s] GC(108)   Pre Evacuate Collection Set: 0,1ms
[2023-07-28T16:22:42.040+0200][2412,030s] GC(108)   Merge Heap Roots: 0,1ms
[2023-07-28T16:22:42.040+0200][2412,030s] GC(108)   Evacuate Collection Set: 7,0ms
[2023-07-28T16:22:42.040+0200][2412,030s] GC(108)   Post Evacuate Collection Set: 0,2ms
[2023-07-28T16:22:42.040+0200][2412,030s] GC(108)   Other: 0,1ms
[2023-07-28T16:22:42.040+0200][2412,030s] GC(108) Eden regions: 8->0(300)
[2023-07-28T16:22:42.040+0200][2412,030s] GC(108) Survivor regions: 17->2(4)
[2023-07-28T16:22:42.040+0200][2412,030s] GC(108) Old regions: 76->87
[2023-07-28T16:22:42.040+0200][2412,030s] GC(108) Archive regions: 2->2
[2023-07-28T16:22:42.040+0200][2412,030s] GC(108) Humongous regions: 8->7
[2023-07-28T16:22:42.040+0200][2412,030s] GC(108) Metaspace: 60700K(61184K)->60700K(61184K) NonClass: 53483K(53760K)->53483K(53760K) Class: 7217K(7424K)->7217K(7424K)
[2023-07-28T16:22:42.040+0200][2412,030s] GC(108) Pause Young (Mixed) (G1 Evacuation Pause) 107M->94M(512M) 7,593ms
[2023-07-28T16:22:42.040+0200][2412,030s] GC(108) User=0,02s Sys=0,01s Real=0,01s
[2023-07-28T16:22:43.352+0200][2413,342s] GC(109) Pause Young (Concurrent Start) (G1 Humongous Allocation)
[2023-07-28T16:22:43.352+0200][2413,342s] GC(109) Using 8 workers of 8 for evacuation
[2023-07-28T16:22:43.355+0200][2413,345s] GC(109)   Pre Evacuate Collection Set: 0,1ms
[2023-07-28T16:22:43.355+0200][2413,345s] GC(109)   Merge Heap Roots: 0,1ms
[2023-07-28T16:22:43.355+0200][2413,345s] GC(109)   Evacuate Collection Set: 2,4ms
[2023-07-28T16:22:43.355+0200][2413,345s] GC(109)   Post Evacuate Collection Set: 0,3ms
[2023-07-28T16:22:43.355+0200][2413,345s] GC(109)   Other: 0,1ms
[2023-07-28T16:22:43.355+0200][2413,345s] GC(109) Eden regions: 113->0(303)
[2023-07-28T16:22:43.355+0200][2413,345s] GC(109) Survivor regions: 2->4(38)
[2023-07-28T16:22:43.355+0200][2413,345s] GC(109) Old regions: 87->87
[2023-07-28T16:22:43.355+0200][2413,345s] GC(109) Archive regions: 2->2
[2023-07-28T16:22:43.355+0200][2413,345s] GC(109) Humongous regions: 7->7
[2023-07-28T16:22:43.355+0200][2413,345s] GC(109) Metaspace: 60702K(61184K)->60702K(61184K) NonClass: 53485K(53760K)->53485K(53760K) Class: 7217K(7424K)->7217K(7424K)
[2023-07-28T16:22:43.355+0200][2413,345s] GC(109) Pause Young (Concurrent Start) (G1 Humongous Allocation) 207M->96M(512M) 2,993ms
[2023-07-28T16:22:43.355+0200][2413,345s] GC(109) User=0,01s Sys=0,00s Real=0,00s
[2023-07-28T16:22:43.355+0200][2413,345s] GC(110) Concurrent Mark Cycle
[2023-07-28T16:22:43.355+0200][2413,345s] GC(110) Concurrent Clear Claimed Marks
[2023-07-28T16:22:43.355+0200][2413,345s] GC(110) Concurrent Clear Claimed Marks 0,020ms
[2023-07-28T16:22:43.355+0200][2413,345s] GC(110) Concurrent Scan Root Regions
[2023-07-28T16:22:43.355+0200][2413,346s] GC(110) Concurrent Scan Root Regions 0,552ms
[2023-07-28T16:22:43.355+0200][2413,346s] GC(110) Concurrent Mark
[2023-07-28T16:22:43.355+0200][2413,346s] GC(110) Concurrent Mark From Roots
[2023-07-28T16:22:43.356+0200][2413,346s] GC(110) Using 2 workers of 2 for marking
[2023-07-28T16:22:43.378+0200][2413,368s] GC(110) Concurrent Mark From Roots 22,468ms
[2023-07-28T16:22:43.378+0200][2413,368s] GC(110) Concurrent Preclean
[2023-07-28T16:22:43.378+0200][2413,368s] GC(110) Concurrent Preclean 0,252ms
[2023-07-28T16:22:43.379+0200][2413,369s] GC(110) Pause Remark
[2023-07-28T16:22:43.390+0200][2413,380s] GC(110) Pause Remark 100M->100M(512M) 11,476ms
[2023-07-28T16:22:43.390+0200][2413,380s] GC(110) User=0,03s Sys=0,02s Real=0,02s
[2023-07-28T16:22:43.390+0200][2413,380s] GC(110) Concurrent Mark 34,698ms
[2023-07-28T16:22:43.390+0200][2413,380s] GC(110) Concurrent Rebuild Remembered Sets
[2023-07-28T16:22:43.404+0200][2413,394s] GC(110) Concurrent Rebuild Remembered Sets 13,344ms
[2023-07-28T16:22:43.404+0200][2413,394s] GC(110) Pause Cleanup
[2023-07-28T16:22:43.404+0200][2413,394s] GC(110) Pause Cleanup 100M->100M(512M) 0,104ms
[2023-07-28T16:22:43.404+0200][2413,394s] GC(110) User=0,00s Sys=0,00s Real=0,00s
[2023-07-28T16:22:43.404+0200][2413,394s] GC(110) Concurrent Cleanup for Next Mark
[2023-07-28T16:22:43.404+0200][2413,394s] GC(110) Concurrent Cleanup for Next Mark 0,185ms
[2023-07-28T16:22:43.404+0200][2413,395s] GC(110) Concurrent Mark Cycle 49,420ms
[2023-07-28T16:22:44.643+0200][2414,633s] GC(111) Pause Young (Prepare Mixed) (G1 Preventive Collection)
[2023-07-28T16:22:44.644+0200][2414,634s] GC(111) Using 8 workers of 8 for evacuation
[2023-07-28T16:22:44.650+0200][2414,640s] GC(111) To-space exhausted
[2023-07-28T16:22:44.650+0200][2414,640s] GC(111)   Pre Evacuate Collection Set: 0,1ms
[2023-07-28T16:22:44.650+0200][2414,640s] GC(111)   Merge Heap Roots: 0,1ms
[2023-07-28T16:22:44.650+0200][2414,640s] GC(111)   Evacuate Collection Set: 3,9ms
[2023-07-28T16:22:44.650+0200][2414,640s] GC(111)   Post Evacuate Collection Set: 2,0ms
[2023-07-28T16:22:44.650+0200][2414,640s] GC(111)   Other: 1,0ms
[2023-07-28T16:22:44.650+0200][2414,640s] GC(111) Eden regions: 194->0(5)
[2023-07-28T16:22:44.650+0200][2414,640s] GC(111) Survivor regions: 4->20(20)
[2023-07-28T16:22:44.650+0200][2414,640s] GC(111) Old regions: 87->219
[2023-07-28T16:22:44.650+0200][2414,640s] GC(111) Archive regions: 2->2
[2023-07-28T16:22:44.650+0200][2414,640s] GC(111) Humongous regions: 205->64
[2023-07-28T16:22:44.650+0200][2414,640s] GC(111) Metaspace: 60707K(61184K)->60707K(61184K) NonClass: 53490K(53760K)->53490K(53760K) Class: 7217K(7424K)->7217K(7424K)
[2023-07-28T16:22:44.650+0200][2414,640s] GC(111) Pause Young (Prepare Mixed) (G1 Preventive Collection) 488M->302M(512M) 7,148ms
[2023-07-28T16:22:44.650+0200][2414,640s] GC(111) User=0,02s Sys=0,01s Real=0,01s
[2023-07-28T16:22:44.667+0200][2414,657s] GC(112) Pause Young (Mixed) (G1 Evacuation Pause)
[2023-07-28T16:22:44.667+0200][2414,658s] GC(112) Using 8 workers of 8 for evacuation
[2023-07-28T16:22:44.673+0200][2414,663s] GC(112)   Pre Evacuate Collection Set: 0,1ms
[2023-07-28T16:22:44.673+0200][2414,663s] GC(112)   Merge Heap Roots: 0,1ms
[2023-07-28T16:22:44.673+0200][2414,663s] GC(112)   Evacuate Collection Set: 5,1ms
[2023-07-28T16:22:44.673+0200][2414,663s] GC(112)   Post Evacuate Collection Set: 0,3ms
[2023-07-28T16:22:44.673+0200][2414,663s] GC(112)   Other: 0,1ms
[2023-07-28T16:22:44.673+0200][2414,663s] GC(112) Eden regions: 5->0(117)
[2023-07-28T16:22:44.673+0200][2414,663s] GC(112) Survivor regions: 20->4(4)
[2023-07-28T16:22:44.673+0200][2414,663s] GC(112) Old regions: 219->234
[2023-07-28T16:22:44.673+0200][2414,663s] GC(112) Archive regions: 2->2
[2023-07-28T16:22:44.673+0200][2414,663s] GC(112) Humongous regions: 68->65
[2023-07-28T16:22:44.673+0200][2414,663s] GC(112) Metaspace: 60707K(61184K)->60707K(61184K) NonClass: 53490K(53760K)->53490K(53760K) Class: 7217K(7424K)->7217K(7424K)
[2023-07-28T16:22:44.673+0200][2414,663s] GC(112) Pause Young (Mixed) (G1 Evacuation Pause) 311M->302M(512M) 5,843ms
[2023-07-28T16:22:44.673+0200][2414,663s] GC(112) User=0,01s Sys=0,01s Real=0,01s
[2023-07-28T16:22:44.714+0200][2414,705s] GC(113) Pause Young (Concurrent Start) (G1 Humongous Allocation)
[2023-07-28T16:22:44.714+0200][2414,705s] GC(113) Using 8 workers of 8 for evacuation
[2023-07-28T16:22:44.718+0200][2414,708s] GC(113)   Pre Evacuate Collection Set: 0,1ms
[2023-07-28T16:22:44.718+0200][2414,708s] GC(113)   Merge Heap Roots: 0,1ms
[2023-07-28T16:22:44.718+0200][2414,708s] GC(113)   Evacuate Collection Set: 2,7ms
[2023-07-28T16:22:44.718+0200][2414,708s] GC(113)   Post Evacuate Collection Set: 0,3ms
[2023-07-28T16:22:44.718+0200][2414,708s] GC(113)   Other: 0,1ms
[2023-07-28T16:22:44.718+0200][2414,708s] GC(113) Eden regions: 9->0(71)
[2023-07-28T16:22:44.718+0200][2414,708s] GC(113) Survivor regions: 4->10(16)
[2023-07-28T16:22:44.718+0200][2414,708s] GC(113) Old regions: 234->234
[2023-07-28T16:22:44.718+0200][2414,708s] GC(113) Archive regions: 2->2
[2023-07-28T16:22:44.718+0200][2414,708s] GC(113) Humongous regions: 65->65
[2023-07-28T16:22:44.718+0200][2414,708s] GC(113) Metaspace: 60707K(61184K)->60707K(61184K) NonClass: 53490K(53760K)->53490K(53760K) Class: 7217K(7424K)->7217K(7424K)
[2023-07-28T16:22:44.718+0200][2414,708s] GC(113) Pause Young (Concurrent Start) (G1 Humongous Allocation) 311M->307M(512M) 3,415ms
[2023-07-28T16:22:44.718+0200][2414,708s] GC(113) User=0,00s Sys=0,01s Real=0,00s
[2023-07-28T16:22:44.718+0200][2414,708s] GC(114) Concurrent Mark Cycle
[2023-07-28T16:22:44.718+0200][2414,708s] GC(114) Concurrent Clear Claimed Marks
[2023-07-28T16:22:44.718+0200][2414,708s] GC(114) Concurrent Clear Claimed Marks 0,031ms
[2023-07-28T16:22:44.718+0200][2414,708s] GC(114) Concurrent Scan Root Regions
[2023-07-28T16:22:44.718+0200][2414,708s] GC(114) Concurrent Scan Root Regions 0,336ms
[2023-07-28T16:22:44.718+0200][2414,708s] GC(114) Concurrent Mark
[2023-07-28T16:22:44.718+0200][2414,708s] GC(114) Concurrent Mark From Roots
[2023-07-28T16:22:44.718+0200][2414,708s] GC(114) Using 2 workers of 2 for marking
[2023-07-28T16:22:44.742+0200][2414,732s] GC(114) Concurrent Mark From Roots 23,732ms
[2023-07-28T16:22:44.742+0200][2414,732s] GC(114) Concurrent Preclean
[2023-07-28T16:22:44.742+0200][2414,732s] GC(114) Concurrent Preclean 0,267ms
[2023-07-28T16:22:44.743+0200][2414,733s] GC(114) Pause Remark
[2023-07-28T16:22:44.754+0200][2414,744s] GC(114) Pause Remark 319M->300M(512M) 10,500ms
[2023-07-28T16:22:44.754+0200][2414,744s] GC(114) User=0,02s Sys=0,01s Real=0,01s
[2023-07-28T16:22:44.754+0200][2414,744s] GC(114) Concurrent Mark 35,597ms
[2023-07-28T16:22:44.754+0200][2414,744s] GC(114) Concurrent Rebuild Remembered Sets
[2023-07-28T16:22:44.768+0200][2414,758s] GC(114) Concurrent Rebuild Remembered Sets 14,283ms
[2023-07-28T16:22:44.769+0200][2414,759s] GC(114) Pause Cleanup
[2023-07-28T16:22:44.769+0200][2414,759s] GC(114) Pause Cleanup 300M->300M(512M) 0,131ms
[2023-07-28T16:22:44.769+0200][2414,759s] GC(114) User=0,00s Sys=0,00s Real=0,00s
[2023-07-28T16:22:44.769+0200][2414,759s] GC(114) Concurrent Cleanup for Next Mark
[2023-07-28T16:22:44.769+0200][2414,759s] GC(114) Concurrent Cleanup for Next Mark 0,200ms
[2023-07-28T16:22:44.769+0200][2414,759s] GC(114) Concurrent Mark Cycle 51,244ms
[2023-07-28T16:22:44.937+0200][2414,927s] GC(115) Pause Young (Prepare Mixed) (G1 Preventive Collection)
[2023-07-28T16:22:44.937+0200][2414,927s] GC(115) Using 8 workers of 8 for evacuation
[2023-07-28T16:22:44.940+0200][2414,930s] GC(115)   Pre Evacuate Collection Set: 0,1ms
[2023-07-28T16:22:44.940+0200][2414,931s] GC(115)   Merge Heap Roots: 0,1ms
[2023-07-28T16:22:44.940+0200][2414,931s] GC(115)   Evacuate Collection Set: 2,6ms
[2023-07-28T16:22:44.940+0200][2414,931s] GC(115)   Post Evacuate Collection Set: 0,3ms
[2023-07-28T16:22:44.940+0200][2414,931s] GC(115)   Other: 0,1ms
[2023-07-28T16:22:44.940+0200][2414,931s] GC(115) Eden regions: 39->0(14)
[2023-07-28T16:22:44.940+0200][2414,931s] GC(115) Survivor regions: 10->11(11)
[2023-07-28T16:22:44.940+0200][2414,931s] GC(115) Old regions: 230->233
[2023-07-28T16:22:44.940+0200][2414,931s] GC(115) Archive regions: 2->2
[2023-07-28T16:22:44.940+0200][2414,931s] GC(115) Humongous regions: 200->113
[2023-07-28T16:22:44.940+0200][2414,931s] GC(115) Metaspace: 60707K(61184K)->60707K(61184K) NonClass: 53490K(53760K)->53490K(53760K) Class: 7217K(7424K)->7217K(7424K)
[2023-07-28T16:22:44.940+0200][2414,931s] GC(115) Pause Young (Prepare Mixed) (G1 Preventive Collection) 476M->355M(512M) 3,439ms
[2023-07-28T16:22:44.940+0200][2414,931s] GC(115) User=0,01s Sys=0,00s Real=0,01s
[2023-07-28T16:22:44.965+0200][2414,955s] GC(116) Pause Young (Mixed) (G1 Evacuation Pause)
[2023-07-28T16:22:44.965+0200][2414,955s] GC(116) Using 8 workers of 8 for evacuation
[2023-07-28T16:22:44.967+0200][2414,957s] GC(116)   Pre Evacuate Collection Set: 0,1ms
[2023-07-28T16:22:44.967+0200][2414,957s] GC(116)   Merge Heap Roots: 0,1ms
[2023-07-28T16:22:44.967+0200][2414,957s] GC(116)   Evacuate Collection Set: 1,4ms
[2023-07-28T16:22:44.967+0200][2414,957s] GC(116)   Post Evacuate Collection Set: 0,4ms
[2023-07-28T16:22:44.967+0200][2414,957s] GC(116)   Other: 0,1ms
[2023-07-28T16:22:44.967+0200][2414,957s] GC(116) Eden regions: 14->0(21)
[2023-07-28T16:22:44.967+0200][2414,957s] GC(116) Survivor regions: 11->4(4)
[2023-07-28T16:22:44.967+0200][2414,957s] GC(116) Old regions: 233->192
[2023-07-28T16:22:44.967+0200][2414,957s] GC(116) Archive regions: 2->2
[2023-07-28T16:22:44.967+0200][2414,957s] GC(116) Humongous regions: 117->117
[2023-07-28T16:22:44.967+0200][2414,957s] GC(116) Metaspace: 60707K(61184K)->60707K(61184K) NonClass: 53490K(53760K)->53490K(53760K) Class: 7217K(7424K)->7217K(7424K)
[2023-07-28T16:22:44.967+0200][2414,957s] GC(116) Pause Young (Mixed) (G1 Evacuation Pause) 373M->312M(512M) 2,133ms
[2023-07-28T16:22:44.967+0200][2414,957s] GC(116) User=0,00s Sys=0,00s Real=0,00s
[2023-07-28T16:22:45.040+0200][2415,031s] GC(117) Pause Young (Mixed) (G1 Evacuation Pause)
[2023-07-28T16:22:45.040+0200][2415,031s] GC(117) Using 8 workers of 8 for evacuation
[2023-07-28T16:22:45.044+0200][2415,034s] GC(117)   Pre Evacuate Collection Set: 0,2ms
[2023-07-28T16:22:45.044+0200][2415,034s] GC(117)   Merge Heap Roots: 0,1ms
[2023-07-28T16:22:45.044+0200][2415,034s] GC(117)   Evacuate Collection Set: 2,5ms
[2023-07-28T16:22:45.044+0200][2415,034s] GC(117)   Post Evacuate Collection Set: 0,4ms
[2023-07-28T16:22:45.044+0200][2415,034s] GC(117)   Other: 0,1ms
[2023-07-28T16:22:45.044+0200][2415,034s] GC(117) Eden regions: 21->0(21)
[2023-07-28T16:22:45.044+0200][2415,034s] GC(117) Survivor regions: 4->4(4)
[2023-07-28T16:22:45.044+0200][2415,034s] GC(117) Old regions: 192->146
[2023-07-28T16:22:45.044+0200][2415,034s] GC(117) Archive regions: 2->2
[2023-07-28T16:22:45.044+0200][2415,034s] GC(117) Humongous regions: 126->118
[2023-07-28T16:22:45.044+0200][2415,034s] GC(117) Metaspace: 60707K(61184K)->60707K(61184K) NonClass: 53490K(53760K)->53490K(53760K) Class: 7217K(7424K)->7217K(7424K)
[2023-07-28T16:22:45.044+0200][2415,034s] GC(117) Pause Young (Mixed) (G1 Evacuation Pause) 342M->266M(512M) 3,370ms
[2023-07-28T16:22:45.044+0200][2415,034s] GC(117) User=0,01s Sys=0,00s Real=0,00s
[2023-07-28T16:22:45.266+0200][2415,256s] GC(118) Pause Young (Mixed) (G1 Evacuation Pause)
[2023-07-28T16:22:45.266+0200][2415,256s] GC(118) Using 8 workers of 8 for evacuation
[2023-07-28T16:22:45.268+0200][2415,258s] GC(118)   Pre Evacuate Collection Set: 0,1ms
[2023-07-28T16:22:45.268+0200][2415,258s] GC(118)   Merge Heap Roots: 0,1ms
[2023-07-28T16:22:45.268+0200][2415,258s] GC(118)   Evacuate Collection Set: 1,4ms
[2023-07-28T16:22:45.268+0200][2415,258s] GC(118)   Post Evacuate Collection Set: 0,3ms
[2023-07-28T16:22:45.268+0200][2415,258s] GC(118)   Other: 0,1ms
[2023-07-28T16:22:45.268+0200][2415,258s] GC(118) Eden regions: 21->0(114)
[2023-07-28T16:22:45.268+0200][2415,258s] GC(118) Survivor regions: 4->1(4)
[2023-07-28T16:22:45.268+0200][2415,258s] GC(118) Old regions: 146->134
[2023-07-28T16:22:45.268+0200][2415,258s] GC(118) Archive regions: 2->2
[2023-07-28T16:22:45.268+0200][2415,258s] GC(118) Humongous regions: 130->118
[2023-07-28T16:22:45.268+0200][2415,258s] GC(118) Metaspace: 60707K(61184K)->60707K(61184K) NonClass: 53490K(53760K)->53490K(53760K) Class: 7217K(7424K)->7217K(7424K)
[2023-07-28T16:22:45.268+0200][2415,258s] GC(118) Pause Young (Mixed) (G1 Evacuation Pause) 299M->252M(512M) 2,083ms
[2023-07-28T16:22:45.268+0200][2415,258s] GC(118) User=0,01s Sys=0,00s Real=0,00s
[2023-07-28T16:22:45.629+0200][2415,619s] GC(119) Pause Young (Concurrent Start) (G1 Humongous Allocation)
[2023-07-28T16:22:45.629+0200][2415,619s] GC(119) Using 8 workers of 8 for evacuation
[2023-07-28T16:22:45.631+0200][2415,621s] GC(119)   Pre Evacuate Collection Set: 0,1ms
[2023-07-28T16:22:45.631+0200][2415,621s] GC(119)   Merge Heap Roots: 0,0ms
[2023-07-28T16:22:45.631+0200][2415,621s] GC(119)   Evacuate Collection Set: 1,8ms
[2023-07-28T16:22:45.631+0200][2415,621s] GC(119)   Post Evacuate Collection Set: 0,2ms
[2023-07-28T16:22:45.631+0200][2415,621s] GC(119)   Other: 0,1ms
[2023-07-28T16:22:45.631+0200][2415,621s] GC(119) Eden regions: 48->0(124)
[2023-07-28T16:22:45.631+0200][2415,621s] GC(119) Survivor regions: 1->3(15)
[2023-07-28T16:22:45.631+0200][2415,621s] GC(119) Old regions: 134->134
[2023-07-28T16:22:45.631+0200][2415,621s] GC(119) Archive regions: 2->2
[2023-07-28T16:22:45.631+0200][2415,621s] GC(119) Humongous regions: 118->118
[2023-07-28T16:22:45.631+0200][2415,621s] GC(119) Metaspace: 60709K(61184K)->60709K(61184K) NonClass: 53491K(53760K)->53491K(53760K) Class: 7217K(7424K)->7217K(7424K)
[2023-07-28T16:22:45.631+0200][2415,621s] GC(119) Pause Young (Concurrent Start) (G1 Humongous Allocation) 299M->253M(512M) 2,298ms
[2023-07-28T16:22:45.631+0200][2415,621s] GC(119) User=0,01s Sys=0,00s Real=0,01s
[2023-07-28T16:22:45.631+0200][2415,621s] GC(120) Concurrent Mark Cycle
[2023-07-28T16:22:45.631+0200][2415,621s] GC(120) Concurrent Clear Claimed Marks
[2023-07-28T16:22:45.631+0200][2415,621s] GC(120) Concurrent Clear Claimed Marks 0,013ms
[2023-07-28T16:22:45.631+0200][2415,621s] GC(120) Concurrent Scan Root Regions
[2023-07-28T16:22:45.631+0200][2415,622s] GC(120) Concurrent Scan Root Regions 0,430ms
[2023-07-28T16:22:45.631+0200][2415,622s] GC(120) Concurrent Mark
[2023-07-28T16:22:45.631+0200][2415,622s] GC(120) Concurrent Mark From Roots
[2023-07-28T16:22:45.631+0200][2415,622s] GC(120) Using 2 workers of 2 for marking
[2023-07-28T16:22:45.655+0200][2415,646s] GC(120) Concurrent Mark From Roots 23,921ms
[2023-07-28T16:22:45.655+0200][2415,646s] GC(120) Concurrent Preclean
[2023-07-28T16:22:45.656+0200][2415,646s] GC(120) Concurrent Preclean 0,372ms
[2023-07-28T16:22:45.656+0200][2415,647s] GC(120) Pause Remark
[2023-07-28T16:22:45.668+0200][2415,659s] GC(120) Pause Remark 256M->156M(512M) 11,975ms
[2023-07-28T16:22:45.668+0200][2415,659s] GC(120) User=0,02s Sys=0,02s Real=0,01s
[2023-07-28T16:22:45.668+0200][2415,659s] GC(120) Concurrent Mark 36,945ms
[2023-07-28T16:22:45.668+0200][2415,659s] GC(120) Concurrent Rebuild Remembered Sets
[2023-07-28T16:22:45.683+0200][2415,674s] GC(120) Concurrent Rebuild Remembered Sets 14,879ms
[2023-07-28T16:22:45.684+0200][2415,674s] GC(120) Pause Cleanup
[2023-07-28T16:22:45.684+0200][2415,674s] GC(120) Pause Cleanup 157M->157M(512M) 0,136ms
[2023-07-28T16:22:45.684+0200][2415,674s] GC(120) User=0,00s Sys=0,00s Real=0,00s
[2023-07-28T16:22:45.684+0200][2415,674s] GC(120) Concurrent Cleanup for Next Mark
[2023-07-28T16:22:45.684+0200][2415,674s] GC(120) Concurrent Cleanup for Next Mark 0,212ms
[2023-07-28T16:22:45.684+0200][2415,675s] GC(120) Concurrent Mark Cycle 53,229ms
[2023-07-28T16:22:46.455+0200][2416,445s] GC(121) Pause Young (Prepare Mixed) (G1 Evacuation Pause)
[2023-07-28T16:22:46.455+0200][2416,446s] GC(121) Using 8 workers of 8 for evacuation
[2023-07-28T16:22:46.459+0200][2416,449s] GC(121)   Pre Evacuate Collection Set: 0,1ms
[2023-07-28T16:22:46.459+0200][2416,449s] GC(121)   Merge Heap Roots: 0,1ms
[2023-07-28T16:22:46.459+0200][2416,449s] GC(121)   Evacuate Collection Set: 2,7ms
[2023-07-28T16:22:46.459+0200][2416,449s] GC(121)   Post Evacuate Collection Set: 0,4ms
[2023-07-28T16:22:46.459+0200][2416,449s] GC(121)   Other: 0,1ms
[2023-07-28T16:22:46.459+0200][2416,449s] GC(121) Eden regions: 124->0(12)
[2023-07-28T16:22:46.459+0200][2416,449s] GC(121) Survivor regions: 3->13(16)
[2023-07-28T16:22:46.459+0200][2416,449s] GC(121) Old regions: 132->132
[2023-07-28T16:22:46.459+0200][2416,449s] GC(121) Archive regions: 2->2
[2023-07-28T16:22:46.459+0200][2416,449s] GC(121) Humongous regions: 35->27
[2023-07-28T16:22:46.459+0200][2416,449s] GC(121) Metaspace: 60710K(61184K)->60710K(61184K) NonClass: 53492K(53760K)->53492K(53760K) Class: 7217K(7424K)->7217K(7424K)
[2023-07-28T16:22:46.459+0200][2416,449s] GC(121) Pause Young (Prepare Mixed) (G1 Evacuation Pause) 292M->171M(512M) 3,511ms
[2023-07-28T16:22:46.459+0200][2416,449s] GC(121) User=0,01s Sys=0,00s Real=0,00s
[2023-07-28T16:22:46.498+0200][2416,489s] GC(122) Pause Young (Mixed) (G1 Evacuation Pause)
[2023-07-28T16:22:46.498+0200][2416,489s] GC(122) Using 8 workers of 8 for evacuation
[2023-07-28T16:22:46.501+0200][2416,492s] GC(122)   Pre Evacuate Collection Set: 0,1ms
[2023-07-28T16:22:46.501+0200][2416,492s] GC(122)   Merge Heap Roots: 0,1ms
[2023-07-28T16:22:46.501+0200][2416,492s] GC(122)   Evacuate Collection Set: 2,5ms
[2023-07-28T16:22:46.501+0200][2416,492s] GC(122)   Post Evacuate Collection Set: 0,3ms
[2023-07-28T16:22:46.501+0200][2416,492s] GC(122)   Other: 0,1ms
[2023-07-28T16:22:46.501+0200][2416,492s] GC(122) Eden regions: 12->0(192)
[2023-07-28T16:22:46.501+0200][2416,492s] GC(122) Survivor regions: 13->4(4)
[2023-07-28T16:22:46.501+0200][2416,492s] GC(122) Old regions: 132->135
[2023-07-28T16:22:46.501+0200][2416,492s] GC(122) Archive regions: 2->2
[2023-07-28T16:22:46.501+0200][2416,492s] GC(122) Humongous regions: 28->27
[2023-07-28T16:22:46.501+0200][2416,492s] GC(122) Metaspace: 60710K(61184K)->60710K(61184K) NonClass: 53492K(53760K)->53492K(53760K) Class: 7217K(7424K)->7217K(7424K)
[2023-07-28T16:22:46.501+0200][2416,492s] GC(122) Pause Young (Mixed) (G1 Evacuation Pause) 184M->164M(512M) 3,143ms
[2023-07-28T16:22:46.501+0200][2416,492s] GC(122) User=0,01s Sys=0,01s Real=0,01s
[2023-07-28T16:22:46.504+0200][2416,494s] GC(123) Pause Young (Concurrent Start) (G1 Humongous Allocation)
[2023-07-28T16:22:46.504+0200][2416,494s] GC(123) Using 8 workers of 8 for evacuation
[2023-07-28T16:22:46.505+0200][2416,495s] GC(123)   Pre Evacuate Collection Set: 0,1ms
[2023-07-28T16:22:46.505+0200][2416,495s] GC(123)   Merge Heap Roots: 0,0ms
[2023-07-28T16:22:46.505+0200][2416,495s] GC(123)   Evacuate Collection Set: 1,1ms
[2023-07-28T16:22:46.505+0200][2416,495s] GC(123)   Post Evacuate Collection Set: 0,3ms
[2023-07-28T16:22:46.505+0200][2416,495s] GC(123)   Other: 0,1ms
[2023-07-28T16:22:46.505+0200][2416,495s] GC(123) Eden regions: 1->0(170)
[2023-07-28T16:22:46.505+0200][2416,496s] GC(123) Survivor regions: 4->5(25)
[2023-07-28T16:22:46.505+0200][2416,496s] GC(123) Old regions: 135->135
[2023-07-28T16:22:46.505+0200][2416,496s] GC(123) Archive regions: 2->2
[2023-07-28T16:22:46.505+0200][2416,496s] GC(123) Humongous regions: 27->27
[2023-07-28T16:22:46.505+0200][2416,496s] GC(123) Metaspace: 60710K(61184K)->60710K(61184K) NonClass: 53492K(53760K)->53492K(53760K) Class: 7217K(7424K)->7217K(7424K)
[2023-07-28T16:22:46.505+0200][2416,496s] GC(123) Pause Young (Concurrent Start) (G1 Humongous Allocation) 165M->165M(512M) 1,627ms
[2023-07-28T16:22:46.505+0200][2416,496s] GC(123) User=0,00s Sys=0,00s Real=0,00s
[2023-07-28T16:22:46.505+0200][2416,496s] GC(124) Concurrent Mark Cycle
[2023-07-28T16:22:46.505+0200][2416,496s] GC(124) Concurrent Clear Claimed Marks
[2023-07-28T16:22:46.505+0200][2416,496s] GC(124) Concurrent Clear Claimed Marks 0,025ms
[2023-07-28T16:22:46.505+0200][2416,496s] GC(124) Concurrent Scan Root Regions
[2023-07-28T16:22:46.506+0200][2416,496s] GC(124) Concurrent Scan Root Regions 0,392ms
[2023-07-28T16:22:46.506+0200][2416,496s] GC(124) Concurrent Mark
[2023-07-28T16:22:46.506+0200][2416,496s] GC(124) Concurrent Mark From Roots
[2023-07-28T16:22:46.506+0200][2416,496s] GC(124) Using 2 workers of 2 for marking
[2023-07-28T16:22:46.532+0200][2416,523s] GC(124) Concurrent Mark From Roots 26,576ms
[2023-07-28T16:22:46.532+0200][2416,523s] GC(124) Concurrent Preclean
[2023-07-28T16:22:46.533+0200][2416,523s] GC(124) Concurrent Preclean 0,277ms
[2023-07-28T16:22:46.533+0200][2416,523s] GC(124) Pause Remark
[2023-07-28T16:22:46.544+0200][2416,535s] GC(124) Pause Remark 170M->163M(512M) 11,688ms
[2023-07-28T16:22:46.544+0200][2416,535s] GC(124) User=0,02s Sys=0,02s Real=0,01s
[2023-07-28T16:22:46.545+0200][2416,535s] GC(124) Concurrent Mark 38,840ms
[2023-07-28T16:22:46.545+0200][2416,535s] GC(124) Concurrent Rebuild Remembered Sets
[2023-07-28T16:22:46.559+0200][2416,550s] GC(124) Concurrent Rebuild Remembered Sets 14,846ms
[2023-07-28T16:22:46.560+0200][2416,550s] GC(124) Pause Cleanup
[2023-07-28T16:22:46.560+0200][2416,550s] GC(124) Pause Cleanup 163M->163M(512M) 0,100ms
[2023-07-28T16:22:46.560+0200][2416,550s] GC(124) User=0,00s Sys=0,00s Real=0,00s
[2023-07-28T16:22:46.560+0200][2416,551s] GC(124) Concurrent Cleanup for Next Mark
[2023-07-28T16:22:46.560+0200][2416,551s] GC(124) Concurrent Cleanup for Next Mark 0,183ms
[2023-07-28T16:22:46.560+0200][2416,551s] GC(124) Concurrent Mark Cycle 55,187ms
[2023-07-28T16:22:47.701+0200][2417,692s] GC(125) Pause Young (Prepare Mixed) (G1 Evacuation Pause)
[2023-07-28T16:22:47.701+0200][2417,692s] GC(125) Using 8 workers of 8 for evacuation
[2023-07-28T16:22:47.705+0200][2417,695s] GC(125)   Pre Evacuate Collection Set: 0,1ms
[2023-07-28T16:22:47.705+0200][2417,695s] GC(125)   Merge Heap Roots: 0,1ms
[2023-07-28T16:22:47.705+0200][2417,695s] GC(125)   Evacuate Collection Set: 2,8ms
[2023-07-28T16:22:47.705+0200][2417,695s] GC(125)   Post Evacuate Collection Set: 0,4ms
[2023-07-28T16:22:47.705+0200][2417,695s] GC(125)   Other: 0,1ms
[2023-07-28T16:22:47.705+0200][2417,695s] GC(125) Eden regions: 170->0(12)
[2023-07-28T16:22:47.705+0200][2417,695s] GC(125) Survivor regions: 5->13(22)
[2023-07-28T16:22:47.705+0200][2417,695s] GC(125) Old regions: 135->135
[2023-07-28T16:22:47.705+0200][2417,695s] GC(125) Archive regions: 2->2
[2023-07-28T16:22:47.705+0200][2417,695s] GC(125) Humongous regions: 30->20
[2023-07-28T16:22:47.705+0200][2417,695s] GC(125) Metaspace: 60712K(61184K)->60712K(61184K) NonClass: 53494K(53760K)->53494K(53760K) Class: 7217K(7424K)->7217K(7424K)
[2023-07-28T16:22:47.705+0200][2417,695s] GC(125) Pause Young (Prepare Mixed) (G1 Evacuation Pause) 338M->166M(512M) 3,591ms
[2023-07-28T16:22:47.705+0200][2417,695s] GC(125) User=0,01s Sys=0,01s Real=0,00s
[2023-07-28T16:22:47.750+0200][2417,740s] GC(126) Pause Young (Mixed) (G1 Evacuation Pause)
[2023-07-28T16:22:47.750+0200][2417,740s] GC(126) Using 8 workers of 8 for evacuation
[2023-07-28T16:22:47.754+0200][2417,744s] GC(126)   Pre Evacuate Collection Set: 0,1ms
[2023-07-28T16:22:47.754+0200][2417,744s] GC(126)   Merge Heap Roots: 0,1ms
[2023-07-28T16:22:47.754+0200][2417,744s] GC(126)   Evacuate Collection Set: 3,1ms
[2023-07-28T16:22:47.754+0200][2417,744s] GC(126)   Post Evacuate Collection Set: 0,3ms
[2023-07-28T16:22:47.754+0200][2417,744s] GC(126)   Other: 0,1ms
[2023-07-28T16:22:47.754+0200][2417,744s] GC(126) Eden regions: 12->0(190)
[2023-07-28T16:22:47.754+0200][2417,744s] GC(126) Survivor regions: 13->2(4)
[2023-07-28T16:22:47.754+0200][2417,744s] GC(126) Old regions: 135->137
[2023-07-28T16:22:47.754+0200][2417,744s] GC(126) Archive regions: 2->2
[2023-07-28T16:22:47.754+0200][2417,744s] GC(126) Humongous regions: 20->20
[2023-07-28T16:22:47.754+0200][2417,744s] GC(126) Metaspace: 60712K(61184K)->60712K(61184K) NonClass: 53494K(53760K)->53494K(53760K) Class: 7217K(7424K)->7217K(7424K)
[2023-07-28T16:22:47.754+0200][2417,744s] GC(126) Pause Young (Mixed) (G1 Evacuation Pause) 178M->157M(512M) 3,812ms
[2023-07-28T16:22:47.754+0200][2417,744s] GC(126) User=0,01s Sys=0,01s Real=0,00s
[2023-07-28T16:22:48.027+0200][2418,017s] GC(127) Pause Young (Concurrent Start) (G1 Humongous Allocation)
[2023-07-28T16:22:48.027+0200][2418,017s] GC(127) Using 8 workers of 8 for evacuation
[2023-07-28T16:22:48.032+0200][2418,023s] GC(127)   Pre Evacuate Collection Set: 0,1ms
[2023-07-28T16:22:48.032+0200][2418,023s] GC(127)   Merge Heap Roots: 0,0ms
[2023-07-28T16:22:48.032+0200][2418,023s] GC(127)   Evacuate Collection Set: 2,7ms
[2023-07-28T16:22:48.032+0200][2418,023s] GC(127)   Post Evacuate Collection Set: 2,2ms
[2023-07-28T16:22:48.032+0200][2418,023s] GC(127)   Other: 0,2ms
[2023-07-28T16:22:48.032+0200][2418,023s] GC(127) Eden regions: 44->0(206)
[2023-07-28T16:22:48.032+0200][2418,023s] GC(127) Survivor regions: 2->2(24)
[2023-07-28T16:22:48.032+0200][2418,023s] GC(127) Old regions: 137->137
[2023-07-28T16:22:48.032+0200][2418,023s] GC(127) Archive regions: 2->2
[2023-07-28T16:22:48.032+0200][2418,023s] GC(127) Humongous regions: 20->20
[2023-07-28T16:22:48.032+0200][2418,023s] GC(127) Metaspace: 60712K(61184K)->60712K(61184K) NonClass: 53494K(53760K)->53494K(53760K) Class: 7217K(7424K)->7217K(7424K)
[2023-07-28T16:22:48.032+0200][2418,023s] GC(127) Pause Young (Concurrent Start) (G1 Humongous Allocation) 201M->157M(512M) 5,350ms
[2023-07-28T16:22:48.032+0200][2418,023s] GC(127) User=0,01s Sys=0,00s Real=0,01s
[2023-07-28T16:22:48.032+0200][2418,023s] GC(128) Concurrent Mark Cycle
[2023-07-28T16:22:48.032+0200][2418,023s] GC(128) Concurrent Clear Claimed Marks
[2023-07-28T16:22:48.032+0200][2418,023s] GC(128) Concurrent Clear Claimed Marks 0,022ms
[2023-07-28T16:22:48.032+0200][2418,023s] GC(128) Concurrent Scan Root Regions
[2023-07-28T16:22:48.033+0200][2418,023s] GC(128) Concurrent Scan Root Regions 0,395ms
[2023-07-28T16:22:48.033+0200][2418,023s] GC(128) Concurrent Mark
[2023-07-28T16:22:48.033+0200][2418,023s] GC(128) Concurrent Mark From Roots
[2023-07-28T16:22:48.033+0200][2418,023s] GC(128) Using 2 workers of 2 for marking
[2023-07-28T16:22:48.059+0200][2418,050s] GC(128) Concurrent Mark From Roots 26,235ms
[2023-07-28T16:22:48.059+0200][2418,050s] GC(128) Concurrent Preclean
[2023-07-28T16:22:48.060+0200][2418,050s] GC(128) Concurrent Preclean 0,394ms
[2023-07-28T16:22:48.060+0200][2418,050s] GC(128) Pause Remark
[2023-07-28T16:22:48.070+0200][2418,060s] GC(128) Pause Remark 164M->164M(512M) 10,094ms
[2023-07-28T16:22:48.070+0200][2418,060s] GC(128) User=0,03s Sys=0,01s Real=0,01s
[2023-07-28T16:22:48.070+0200][2418,060s] GC(128) Concurrent Mark 37,122ms
[2023-07-28T16:22:48.070+0200][2418,060s] GC(128) Concurrent Rebuild Remembered Sets
[2023-07-28T16:22:48.085+0200][2418,075s] GC(128) Concurrent Rebuild Remembered Sets 15,063ms
[2023-07-28T16:22:48.085+0200][2418,076s] GC(128) Pause Cleanup
[2023-07-28T16:22:48.086+0200][2418,076s] GC(128) Pause Cleanup 164M->164M(512M) 0,202ms
[2023-07-28T16:22:48.086+0200][2418,076s] GC(128) User=0,00s Sys=0,00s Real=0,00s
[2023-07-28T16:22:48.086+0200][2418,076s] GC(128) Concurrent Cleanup for Next Mark
[2023-07-28T16:22:48.086+0200][2418,076s] GC(128) Concurrent Cleanup for Next Mark 0,214ms
[2023-07-28T16:22:48.086+0200][2418,076s] GC(128) Concurrent Mark Cycle 53,447ms
[2023-07-28T16:22:49.513+0200][2419,504s] GC(129) Pause Young (Prepare Mixed) (G1 Evacuation Pause)
[2023-07-28T16:22:49.513+0200][2419,504s] GC(129) Using 8 workers of 8 for evacuation
[2023-07-28T16:22:49.516+0200][2419,507s] GC(129)   Pre Evacuate Collection Set: 0,1ms
[2023-07-28T16:22:49.516+0200][2419,507s] GC(129)   Merge Heap Roots: 0,1ms
[2023-07-28T16:22:49.516+0200][2419,507s] GC(129)   Evacuate Collection Set: 2,2ms
[2023-07-28T16:22:49.516+0200][2419,507s] GC(129)   Post Evacuate Collection Set: 0,4ms
[2023-07-28T16:22:49.516+0200][2419,507s] GC(129)   Other: 0,1ms
[2023-07-28T16:22:49.516+0200][2419,507s] GC(129) Eden regions: 206->0(12)
[2023-07-28T16:22:49.516+0200][2419,507s] GC(129) Survivor regions: 2->13(26)
[2023-07-28T16:22:49.516+0200][2419,507s] GC(129) Old regions: 137->137
[2023-07-28T16:22:49.516+0200][2419,507s] GC(129) Archive regions: 2->2
[2023-07-28T16:22:49.516+0200][2419,507s] GC(129) Humongous regions: 63->36
[2023-07-28T16:22:49.516+0200][2419,507s] GC(129) Metaspace: 60712K(61184K)->60712K(61184K) NonClass: 53494K(53760K)->53494K(53760K) Class: 7217K(7424K)->7217K(7424K)
[2023-07-28T16:22:49.516+0200][2419,507s] GC(129) Pause Young (Prepare Mixed) (G1 Evacuation Pause) 406M->184M(512M) 3,012ms
[2023-07-28T16:22:49.516+0200][2419,507s] GC(129) User=0,02s Sys=0,00s Real=0,00s
[2023-07-28T16:22:49.636+0200][2419,626s] GC(130) Pause Young (Mixed) (G1 Evacuation Pause)
[2023-07-28T16:22:49.636+0200][2419,626s] GC(130) Using 8 workers of 8 for evacuation
[2023-07-28T16:22:49.640+0200][2419,630s] GC(130)   Pre Evacuate Collection Set: 0,1ms
[2023-07-28T16:22:49.640+0200][2419,630s] GC(130)   Merge Heap Roots: 0,1ms
[2023-07-28T16:22:49.640+0200][2419,630s] GC(130)   Evacuate Collection Set: 3,2ms
[2023-07-28T16:22:49.640+0200][2419,630s] GC(130)   Post Evacuate Collection Set: 0,3ms
[2023-07-28T16:22:49.640+0200][2419,630s] GC(130)   Other: 0,1ms
[2023-07-28T16:22:49.640+0200][2419,630s] GC(130) Eden regions: 12->0(199)
[2023-07-28T16:22:49.640+0200][2419,630s] GC(130) Survivor regions: 13->1(4)
[2023-07-28T16:22:49.640+0200][2419,630s] GC(130) Old regions: 137->144
[2023-07-28T16:22:49.640+0200][2419,630s] GC(130) Archive regions: 2->2
[2023-07-28T16:22:49.640+0200][2419,630s] GC(130) Humongous regions: 37->36
[2023-07-28T16:22:49.640+0200][2419,630s] GC(130) Metaspace: 60712K(61184K)->60712K(61184K) NonClass: 53494K(53760K)->53494K(53760K) Class: 7217K(7424K)->7217K(7424K)
[2023-07-28T16:22:49.640+0200][2419,630s] GC(130) Pause Young (Mixed) (G1 Evacuation Pause) 197M->179M(512M) 3,919ms
[2023-07-28T16:22:49.640+0200][2419,630s] GC(130) User=0,01s Sys=0,01s Real=0,01s
[2023-07-28T16:22:49.798+0200][2419,789s] GC(131) Pause Young (Concurrent Start) (G1 Humongous Allocation)
[2023-07-28T16:22:49.798+0200][2419,789s] GC(131) Using 8 workers of 8 for evacuation
[2023-07-28T16:22:49.802+0200][2419,793s] GC(131)   Pre Evacuate Collection Set: 0,1ms
[2023-07-28T16:22:49.802+0200][2419,793s] GC(131)   Merge Heap Roots: 0,1ms
[2023-07-28T16:22:49.802+0200][2419,793s] GC(131)   Evacuate Collection Set: 3,1ms
[2023-07-28T16:22:49.802+0200][2419,793s] GC(131)   Post Evacuate Collection Set: 0,3ms
[2023-07-28T16:22:49.802+0200][2419,793s] GC(131)   Other: 0,1ms
[2023-07-28T16:22:49.802+0200][2419,793s] GC(131) Eden regions: 29->0(208)
[2023-07-28T16:22:49.802+0200][2419,793s] GC(131) Survivor regions: 1->2(25)
[2023-07-28T16:22:49.802+0200][2419,793s] GC(131) Old regions: 144->144
[2023-07-28T16:22:49.802+0200][2419,793s] GC(131) Archive regions: 2->2
[2023-07-28T16:22:49.802+0200][2419,793s] GC(131) Humongous regions: 36->36
[2023-07-28T16:22:49.802+0200][2419,793s] GC(131) Metaspace: 60712K(61184K)->60712K(61184K) NonClass: 53494K(53760K)->53494K(53760K) Class: 7217K(7424K)->7217K(7424K)
[2023-07-28T16:22:49.802+0200][2419,793s] GC(131) Pause Young (Concurrent Start) (G1 Humongous Allocation) 208M->180M(512M) 3,886ms
[2023-07-28T16:22:49.802+0200][2419,793s] GC(131) User=0,01s Sys=0,00s Real=0,01s
[2023-07-28T16:22:49.802+0200][2419,793s] GC(132) Concurrent Mark Cycle
[2023-07-28T16:22:49.802+0200][2419,793s] GC(132) Concurrent Clear Claimed Marks
[2023-07-28T16:22:49.802+0200][2419,793s] GC(132) Concurrent Clear Claimed Marks 0,029ms
[2023-07-28T16:22:49.802+0200][2419,793s] GC(132) Concurrent Scan Root Regions
[2023-07-28T16:22:49.803+0200][2419,793s] GC(132) Concurrent Scan Root Regions 0,383ms
[2023-07-28T16:22:49.803+0200][2419,793s] GC(132) Concurrent Mark
[2023-07-28T16:22:49.803+0200][2419,793s] GC(132) Concurrent Mark From Roots
[2023-07-28T16:22:49.803+0200][2419,793s] GC(132) Using 2 workers of 2 for marking
[2023-07-28T16:22:49.827+0200][2419,817s] GC(132) Concurrent Mark From Roots 24,085ms
[2023-07-28T16:22:49.827+0200][2419,817s] GC(132) Concurrent Preclean
[2023-07-28T16:22:49.827+0200][2419,818s] GC(132) Concurrent Preclean 0,386ms
[2023-07-28T16:22:49.830+0200][2419,820s] GC(132) Pause Remark
[2023-07-28T16:22:49.846+0200][2419,836s] GC(132) Pause Remark 189M->181M(512M) 15,877ms
[2023-07-28T16:22:49.846+0200][2419,836s] GC(132) User=0,03s Sys=0,02s Real=0,01s
[2023-07-28T16:22:49.846+0200][2419,836s] GC(132) Concurrent Mark 43,116ms
[2023-07-28T16:22:49.846+0200][2419,836s] GC(132) Concurrent Rebuild Remembered Sets
[2023-07-28T16:22:49.862+0200][2419,853s] GC(132) Concurrent Rebuild Remembered Sets 16,100ms
[2023-07-28T16:22:49.863+0200][2419,853s] GC(132) Pause Cleanup
[2023-07-28T16:22:49.863+0200][2419,854s] GC(132) Pause Cleanup 181M->181M(512M) 0,180ms
[2023-07-28T16:22:49.863+0200][2419,854s] GC(132) User=0,00s Sys=0,00s Real=0,00s
[2023-07-28T16:22:49.863+0200][2419,854s] GC(132) Concurrent Cleanup for Next Mark
[2023-07-28T16:22:49.863+0200][2419,854s] GC(132) Concurrent Cleanup for Next Mark 0,215ms
[2023-07-28T16:22:49.863+0200][2419,854s] GC(132) Concurrent Mark Cycle 61,063ms
[2023-07-28T16:22:51.021+0200][2421,011s] GC(133) Pause Young (Prepare Mixed) (G1 Evacuation Pause)
[2023-07-28T16:22:51.021+0200][2421,011s] GC(133) Using 8 workers of 8 for evacuation
[2023-07-28T16:22:51.024+0200][2421,015s] GC(133)   Pre Evacuate Collection Set: 0,1ms
[2023-07-28T16:22:51.024+0200][2421,015s] GC(133)   Merge Heap Roots: 0,1ms
[2023-07-28T16:22:51.024+0200][2421,015s] GC(133)   Evacuate Collection Set: 2,9ms
[2023-07-28T16:22:51.024+0200][2421,015s] GC(133)   Post Evacuate Collection Set: 0,4ms
[2023-07-28T16:22:51.024+0200][2421,015s] GC(133)   Other: 0,2ms
[2023-07-28T16:22:51.024+0200][2421,015s] GC(133) Eden regions: 208->0(14)
[2023-07-28T16:22:51.024+0200][2421,015s] GC(133) Survivor regions: 2->11(27)
[2023-07-28T16:22:51.024+0200][2421,015s] GC(133) Old regions: 143->143
[2023-07-28T16:22:51.024+0200][2421,015s] GC(133) Archive regions: 2->2
[2023-07-28T16:22:51.024+0200][2421,015s] GC(133) Humongous regions: 93->50
[2023-07-28T16:22:51.024+0200][2421,015s] GC(133) Metaspace: 60712K(61184K)->60712K(61184K) NonClass: 53494K(53760K)->53494K(53760K) Class: 7217K(7424K)->7217K(7424K)
[2023-07-28T16:22:51.024+0200][2421,015s] GC(133) Pause Young (Prepare Mixed) (G1 Evacuation Pause) 444M->202M(512M) 3,782ms
[2023-07-28T16:22:51.024+0200][2421,015s] GC(133) User=0,01s Sys=0,01s Real=0,00s
[2023-07-28T16:22:51.064+0200][2421,054s] GC(134) Pause Young (Mixed) (G1 Evacuation Pause)
[2023-07-28T16:22:51.064+0200][2421,054s] GC(134) Using 8 workers of 8 for evacuation
[2023-07-28T16:22:51.068+0200][2421,058s] GC(134)   Pre Evacuate Collection Set: 0,1ms
[2023-07-28T16:22:51.068+0200][2421,059s] GC(134)   Merge Heap Roots: 0,1ms
[2023-07-28T16:22:51.068+0200][2421,059s] GC(134)   Evacuate Collection Set: 3,6ms
[2023-07-28T16:22:51.068+0200][2421,059s] GC(134)   Post Evacuate Collection Set: 0,3ms
[2023-07-28T16:22:51.068+0200][2421,059s] GC(134)   Other: 0,1ms
[2023-07-28T16:22:51.068+0200][2421,059s] GC(134) Eden regions: 14->0(197)
[2023-07-28T16:22:51.068+0200][2421,059s] GC(134) Survivor regions: 11->1(4)
[2023-07-28T16:22:51.068+0200][2421,059s] GC(134) Old regions: 143->147
[2023-07-28T16:22:51.068+0200][2421,059s] GC(134) Archive regions: 2->2
[2023-07-28T16:22:51.068+0200][2421,059s] GC(134) Humongous regions: 58->57
[2023-07-28T16:22:51.068+0200][2421,059s] GC(134) Metaspace: 60712K(61184K)->60712K(61184K) NonClass: 53494K(53760K)->53494K(53760K) Class: 7217K(7424K)->7217K(7424K)
[2023-07-28T16:22:51.068+0200][2421,059s] GC(134) Pause Young (Mixed) (G1 Evacuation Pause) 224M->204M(512M) 4,350ms
[2023-07-28T16:22:51.068+0200][2421,059s] GC(134) User=0,01s Sys=0,01s Real=0,00s
[2023-07-28T16:22:51.072+0200][2421,062s] GC(135) Pause Young (Concurrent Start) (G1 Humongous Allocation)
[2023-07-28T16:22:51.072+0200][2421,062s] GC(135) Using 8 workers of 8 for evacuation
[2023-07-28T16:22:51.073+0200][2421,064s] GC(135)   Pre Evacuate Collection Set: 0,1ms
[2023-07-28T16:22:51.073+0200][2421,064s] GC(135)   Merge Heap Roots: 0,1ms
[2023-07-28T16:22:51.073+0200][2421,064s] GC(135)   Evacuate Collection Set: 0,7ms
[2023-07-28T16:22:51.073+0200][2421,064s] GC(135)   Post Evacuate Collection Set: 0,3ms
[2023-07-28T16:22:51.073+0200][2421,064s] GC(135)   Other: 0,1ms
[2023-07-28T16:22:51.073+0200][2421,064s] GC(135) Eden regions: 3->0(177)
[2023-07-28T16:22:51.073+0200][2421,064s] GC(135) Survivor regions: 1->2(25)
[2023-07-28T16:22:51.073+0200][2421,064s] GC(135) Old regions: 147->147
[2023-07-28T16:22:51.073+0200][2421,064s] GC(135) Archive regions: 2->2
[2023-07-28T16:22:51.073+0200][2421,064s] GC(135) Humongous regions: 57->57
[2023-07-28T16:22:51.073+0200][2421,064s] GC(135) Metaspace: 60712K(61184K)->60712K(61184K) NonClass: 53494K(53760K)->53494K(53760K) Class: 7217K(7424K)->7217K(7424K)
[2023-07-28T16:22:51.073+0200][2421,064s] GC(135) Pause Young (Concurrent Start) (G1 Humongous Allocation) 206M->204M(512M) 1,420ms
[2023-07-28T16:22:51.073+0200][2421,064s] GC(135) User=0,00s Sys=0,00s Real=0,00s
[2023-07-28T16:22:51.073+0200][2421,064s] GC(136) Concurrent Mark Cycle
[2023-07-28T16:22:51.073+0200][2421,064s] GC(136) Concurrent Clear Claimed Marks
[2023-07-28T16:22:51.073+0200][2421,064s] GC(136) Concurrent Clear Claimed Marks 0,009ms
[2023-07-28T16:22:51.073+0200][2421,064s] GC(136) Concurrent Scan Root Regions
[2023-07-28T16:22:51.074+0200][2421,064s] GC(136) Concurrent Scan Root Regions 0,351ms
[2023-07-28T16:22:51.074+0200][2421,064s] GC(136) Concurrent Mark
[2023-07-28T16:22:51.074+0200][2421,064s] GC(136) Concurrent Mark From Roots
[2023-07-28T16:22:51.074+0200][2421,064s] GC(136) Using 2 workers of 2 for marking
[2023-07-28T16:22:51.098+0200][2421,088s] GC(136) Concurrent Mark From Roots 24,182ms
[2023-07-28T16:22:51.098+0200][2421,088s] GC(136) Concurrent Preclean
[2023-07-28T16:22:51.098+0200][2421,089s] GC(136) Concurrent Preclean 0,246ms
[2023-07-28T16:22:51.098+0200][2421,089s] GC(136) Pause Remark
[2023-07-28T16:22:51.108+0200][2421,098s] GC(136) Pause Remark 209M->195M(512M) 9,666ms
[2023-07-28T16:22:51.108+0200][2421,098s] GC(136) User=0,02s Sys=0,01s Real=0,01s
[2023-07-28T16:22:51.108+0200][2421,099s] GC(136) Concurrent Mark 34,442ms
[2023-07-28T16:22:51.108+0200][2421,099s] GC(136) Concurrent Rebuild Remembered Sets
[2023-07-28T16:22:51.123+0200][2421,114s] GC(136) Concurrent Rebuild Remembered Sets 15,205ms
[2023-07-28T16:22:51.124+0200][2421,114s] GC(136) Pause Cleanup
[2023-07-28T16:22:51.124+0200][2421,114s] GC(136) Pause Cleanup 195M->195M(512M) 0,122ms
[2023-07-28T16:22:51.124+0200][2421,114s] GC(136) User=0,00s Sys=0,00s Real=0,00s
[2023-07-28T16:22:51.124+0200][2421,114s] GC(136) Concurrent Cleanup for Next Mark
[2023-07-28T16:22:51.124+0200][2421,115s] GC(136) Concurrent Cleanup for Next Mark 0,177ms
[2023-07-28T16:22:51.124+0200][2421,115s] GC(136) Concurrent Mark Cycle 50,952ms
[2023-07-28T16:22:52.371+0200][2422,362s] GC(137) Pause Young (Prepare Mixed) (G1 Evacuation Pause)
[2023-07-28T16:22:52.371+0200][2422,362s] GC(137) Using 8 workers of 8 for evacuation
[2023-07-28T16:22:52.374+0200][2422,365s] GC(137)   Pre Evacuate Collection Set: 0,1ms
[2023-07-28T16:22:52.374+0200][2422,365s] GC(137)   Merge Heap Roots: 0,1ms
[2023-07-28T16:22:52.374+0200][2422,365s] GC(137)   Evacuate Collection Set: 2,1ms
[2023-07-28T16:22:52.374+0200][2422,365s] GC(137)   Post Evacuate Collection Set: 0,4ms
[2023-07-28T16:22:52.374+0200][2422,365s] GC(137)   Other: 0,3ms
[2023-07-28T16:22:52.374+0200][2422,365s] GC(137) Eden regions: 177->0(19)
[2023-07-28T16:22:52.374+0200][2422,365s] GC(137) Survivor regions: 2->6(23)
[2023-07-28T16:22:52.374+0200][2422,365s] GC(137) Old regions: 147->147
[2023-07-28T16:22:52.374+0200][2422,365s] GC(137) Archive regions: 2->2
[2023-07-28T16:22:52.374+0200][2422,365s] GC(137) Humongous regions: 53->43
[2023-07-28T16:22:52.374+0200][2422,365s] GC(137) Metaspace: 60732K(61184K)->60732K(61184K) NonClass: 53514K(53760K)->53514K(53760K) Class: 7217K(7424K)->7217K(7424K)
[2023-07-28T16:22:52.374+0200][2422,365s] GC(137) Pause Young (Prepare Mixed) (G1 Evacuation Pause) 377M->194M(512M) 3,036ms
[2023-07-28T16:22:52.374+0200][2422,365s] GC(137) User=0,01s Sys=0,00s Real=0,00s
[2023-07-28T16:22:52.393+0200][2422,384s] GC(138) Pause Young (Mixed) (G1 Evacuation Pause)
[2023-07-28T16:22:52.393+0200][2422,384s] GC(138) Using 8 workers of 8 for evacuation
[2023-07-28T16:22:52.396+0200][2422,386s] GC(138)   Pre Evacuate Collection Set: 0,1ms
[2023-07-28T16:22:52.396+0200][2422,386s] GC(138)   Merge Heap Roots: 0,1ms
[2023-07-28T16:22:52.396+0200][2422,386s] GC(138)   Evacuate Collection Set: 1,8ms
[2023-07-28T16:22:52.396+0200][2422,386s] GC(138)   Post Evacuate Collection Set: 0,3ms
[2023-07-28T16:22:52.396+0200][2422,386s] GC(138)   Other: 0,1ms
[2023-07-28T16:22:52.396+0200][2422,386s] GC(138) Eden regions: 19->0(202)
[2023-07-28T16:22:52.396+0200][2422,386s] GC(138) Survivor regions: 6->1(4)
[2023-07-28T16:22:52.396+0200][2422,386s] GC(138) Old regions: 147->143
[2023-07-28T16:22:52.396+0200][2422,386s] GC(138) Archive regions: 2->2
[2023-07-28T16:22:52.396+0200][2422,386s] GC(138) Humongous regions: 43->43
[2023-07-28T16:22:52.396+0200][2422,386s] GC(138) Metaspace: 60735K(61184K)->60735K(61184K) NonClass: 53517K(53760K)->53517K(53760K) Class: 7217K(7424K)->7217K(7424K)
[2023-07-28T16:22:52.396+0200][2422,386s] GC(138) Pause Young (Mixed) (G1 Evacuation Pause) 213M->185M(512M) 2,537ms
[2023-07-28T16:22:52.396+0200][2422,386s] GC(138) User=0,01s Sys=0,00s Real=0,00s
[2023-07-28T16:22:52.661+0200][2422,652s] GC(139) Pause Young (Concurrent Start) (G1 Evacuation Pause)
[2023-07-28T16:22:52.661+0200][2422,652s] GC(139) Using 8 workers of 8 for evacuation
[2023-07-28T16:22:52.664+0200][2422,654s] GC(139)   Pre Evacuate Collection Set: 0,1ms
[2023-07-28T16:22:52.664+0200][2422,654s] GC(139)   Merge Heap Roots: 0,1ms
[2023-07-28T16:22:52.664+0200][2422,654s] GC(139)   Evacuate Collection Set: 1,8ms
[2023-07-28T16:22:52.664+0200][2422,654s] GC(139)   Post Evacuate Collection Set: 0,3ms
[2023-07-28T16:22:52.664+0200][2422,654s] GC(139)   Other: 0,1ms
[2023-07-28T16:22:52.664+0200][2422,654s] GC(139) Eden regions: 202->0(214)
[2023-07-28T16:22:52.664+0200][2422,654s] GC(139) Survivor regions: 1->1(26)
[2023-07-28T16:22:52.664+0200][2422,654s] GC(139) Old regions: 143->143
[2023-07-28T16:22:52.664+0200][2422,654s] GC(139) Archive regions: 2->2
[2023-07-28T16:22:52.664+0200][2422,654s] GC(139) Humongous regions: 43->43
[2023-07-28T16:22:52.664+0200][2422,654s] GC(139) Metaspace: 60742K(61184K)->60742K(61184K) NonClass: 53524K(53760K)->53524K(53760K) Class: 7217K(7424K)->7217K(7424K)
[2023-07-28T16:22:52.664+0200][2422,654s] GC(139) Pause Young (Concurrent Start) (G1 Evacuation Pause) 387M->186M(512M) 2,458ms
[2023-07-28T16:22:52.664+0200][2422,654s] GC(139) User=0,01s Sys=0,00s Real=0,00s
[2023-07-28T16:22:52.664+0200][2422,654s] GC(140) Concurrent Mark Cycle
[2023-07-28T16:22:52.664+0200][2422,654s] GC(140) Concurrent Clear Claimed Marks
[2023-07-28T16:22:52.664+0200][2422,654s] GC(140) Concurrent Clear Claimed Marks 0,011ms
[2023-07-28T16:22:52.664+0200][2422,654s] GC(140) Concurrent Scan Root Regions
[2023-07-28T16:22:52.664+0200][2422,655s] GC(140) Concurrent Scan Root Regions 0,520ms
[2023-07-28T16:22:52.664+0200][2422,655s] GC(140) Concurrent Mark
[2023-07-28T16:22:52.664+0200][2422,655s] GC(140) Concurrent Mark From Roots
[2023-07-28T16:22:52.664+0200][2422,655s] GC(140) Using 2 workers of 2 for marking
[2023-07-28T16:22:52.697+0200][2422,688s] GC(140) Concurrent Mark From Roots 32,659ms
[2023-07-28T16:22:52.697+0200][2422,688s] GC(140) Concurrent Preclean
[2023-07-28T16:22:52.698+0200][2422,688s] GC(140) Concurrent Preclean 0,275ms
[2023-07-28T16:22:52.698+0200][2422,688s] GC(140) Pause Remark
[2023-07-28T16:22:52.720+0200][2422,710s] GC(140) Pause Remark 199M->199M(512M) 21,808ms
[2023-07-28T16:22:52.720+0200][2422,710s] GC(140) User=0,06s Sys=0,04s Real=0,03s
[2023-07-28T16:22:52.720+0200][2422,710s] GC(140) Concurrent Mark 55,453ms
[2023-07-28T16:22:52.720+0200][2422,710s] GC(140) Concurrent Rebuild Remembered Sets
[2023-07-28T16:22:52.742+0200][2422,732s] GC(140) Concurrent Rebuild Remembered Sets 21,709ms
[2023-07-28T16:22:52.742+0200][2422,733s] GC(140) Pause Cleanup
[2023-07-28T16:22:52.742+0200][2422,733s] GC(140) Pause Cleanup 201M->201M(512M) 0,141ms
[2023-07-28T16:22:52.742+0200][2422,733s] GC(140) User=0,00s Sys=0,00s Real=0,00s
[2023-07-28T16:22:52.742+0200][2422,733s] GC(140) Concurrent Cleanup for Next Mark
[2023-07-28T16:22:52.743+0200][2422,733s] GC(140) Concurrent Cleanup for Next Mark 0,396ms
[2023-07-28T16:22:52.743+0200][2422,733s] GC(140) Concurrent Mark Cycle 78,845ms
[2023-07-28T16:22:53.161+0200][2423,151s] GC(141) Pause Young (Prepare Mixed) (G1 Evacuation Pause)
[2023-07-28T16:22:53.161+0200][2423,151s] GC(141) Using 8 workers of 8 for evacuation
[2023-07-28T16:22:53.164+0200][2423,154s] GC(141)   Pre Evacuate Collection Set: 0,1ms
[2023-07-28T16:22:53.164+0200][2423,154s] GC(141)   Merge Heap Roots: 0,1ms
[2023-07-28T16:22:53.164+0200][2423,154s] GC(141)   Evacuate Collection Set: 2,5ms
[2023-07-28T16:22:53.164+0200][2423,154s] GC(141)   Post Evacuate Collection Set: 0,3ms
[2023-07-28T16:22:53.164+0200][2423,155s] GC(141)   Other: 0,1ms
[2023-07-28T16:22:53.164+0200][2423,155s] GC(141) Eden regions: 214->0(23)
[2023-07-28T16:22:53.164+0200][2423,155s] GC(141) Survivor regions: 1->2(27)
[2023-07-28T16:22:53.164+0200][2423,155s] GC(141) Old regions: 143->143
[2023-07-28T16:22:53.164+0200][2423,155s] GC(141) Archive regions: 2->2
[2023-07-28T16:22:53.164+0200][2423,155s] GC(141) Humongous regions: 43->43
[2023-07-28T16:22:53.164+0200][2423,155s] GC(141) Metaspace: 60747K(61184K)->60747K(61184K) NonClass: 53529K(53760K)->53529K(53760K) Class: 7217K(7424K)->7217K(7424K)
[2023-07-28T16:22:53.164+0200][2423,155s] GC(141) Pause Young (Prepare Mixed) (G1 Evacuation Pause) 400M->187M(512M) 3,292ms
[2023-07-28T16:22:53.164+0200][2423,155s] GC(141) User=0,01s Sys=0,01s Real=0,00s
[2023-07-28T16:22:53.222+0200][2423,213s] GC(142) Pause Young (Mixed) (G1 Evacuation Pause)
[2023-07-28T16:22:53.222+0200][2423,213s] GC(142) Using 8 workers of 8 for evacuation
[2023-07-28T16:22:53.226+0200][2423,217s] GC(142)   Pre Evacuate Collection Set: 0,3ms
[2023-07-28T16:22:53.226+0200][2423,217s] GC(142)   Merge Heap Roots: 0,1ms
[2023-07-28T16:22:53.226+0200][2423,217s] GC(142)   Evacuate Collection Set: 3,0ms
[2023-07-28T16:22:53.226+0200][2423,217s] GC(142)   Post Evacuate Collection Set: 0,4ms
[2023-07-28T16:22:53.226+0200][2423,217s] GC(142)   Other: 0,1ms
[2023-07-28T16:22:53.226+0200][2423,217s] GC(142) Eden regions: 23->0(225)
[2023-07-28T16:22:53.226+0200][2423,217s] GC(142) Survivor regions: 2->3(4)
[2023-07-28T16:22:53.226+0200][2423,217s] GC(142) Old regions: 143->139
[2023-07-28T16:22:53.226+0200][2423,217s] GC(142) Archive regions: 2->2
[2023-07-28T16:22:53.226+0200][2423,217s] GC(142) Humongous regions: 43->43
[2023-07-28T16:22:53.226+0200][2423,217s] GC(142) Metaspace: 60747K(61184K)->60747K(61184K) NonClass: 53529K(53760K)->53529K(53760K) Class: 7217K(7424K)->7217K(7424K)
[2023-07-28T16:22:53.226+0200][2423,217s] GC(142) Pause Young (Mixed) (G1 Evacuation Pause) 210M->182M(512M) 3,938ms
[2023-07-28T16:22:53.226+0200][2423,217s] GC(142) User=0,01s Sys=0,00s Real=0,00s
[2023-07-28T16:22:54.197+0200][2424,188s] GC(143) Pause Young (Concurrent Start) (G1 Humongous Allocation)
[2023-07-28T16:22:54.197+0200][2424,188s] GC(143) Using 8 workers of 8 for evacuation
[2023-07-28T16:22:54.201+0200][2424,191s] GC(143)   Pre Evacuate Collection Set: 0,1ms
[2023-07-28T16:22:54.201+0200][2424,191s] GC(143)   Merge Heap Roots: 0,1ms
[2023-07-28T16:22:54.201+0200][2424,191s] GC(143)   Evacuate Collection Set: 2,8ms
[2023-07-28T16:22:54.201+0200][2424,191s] GC(143)   Post Evacuate Collection Set: 0,5ms
[2023-07-28T16:22:54.201+0200][2424,191s] GC(143)   Other: 0,2ms
[2023-07-28T16:22:54.201+0200][2424,191s] GC(143) Eden regions: 224->0(226)
[2023-07-28T16:22:54.201+0200][2424,191s] GC(143) Survivor regions: 3->7(29)
[2023-07-28T16:22:54.201+0200][2424,191s] GC(143) Old regions: 139->139
[2023-07-28T16:22:54.201+0200][2424,191s] GC(143) Archive regions: 2->2
[2023-07-28T16:22:54.201+0200][2424,191s] GC(143) Humongous regions: 43->43
[2023-07-28T16:22:54.201+0200][2424,191s] GC(143) Metaspace: 60788K(61248K)->60788K(61248K) NonClass: 53570K(53824K)->53570K(53824K) Class: 7217K(7424K)->7217K(7424K)
[2023-07-28T16:22:54.201+0200][2424,191s] GC(143) Pause Young (Concurrent Start) (G1 Humongous Allocation) 406M->187M(512M) 3,770ms
[2023-07-28T16:22:54.201+0200][2424,191s] GC(143) User=0,01s Sys=0,01s Real=0,01s
[2023-07-28T16:22:54.201+0200][2424,191s] GC(144) Concurrent Mark Cycle
[2023-07-28T16:22:54.201+0200][2424,191s] GC(144) Concurrent Clear Claimed Marks
[2023-07-28T16:22:54.201+0200][2424,192s] GC(144) Concurrent Clear Claimed Marks 0,049ms
[2023-07-28T16:22:54.201+0200][2424,192s] GC(144) Concurrent Scan Root Regions
[2023-07-28T16:22:54.202+0200][2424,193s] GC(144) Concurrent Scan Root Regions 1,045ms
[2023-07-28T16:22:54.202+0200][2424,193s] GC(144) Concurrent Mark
[2023-07-28T16:22:54.202+0200][2424,193s] GC(144) Concurrent Mark From Roots
[2023-07-28T16:22:54.202+0200][2424,193s] GC(144) Using 2 workers of 2 for marking
[2023-07-28T16:22:54.225+0200][2424,216s] GC(144) Concurrent Mark From Roots 23,006ms
[2023-07-28T16:22:54.225+0200][2424,216s] GC(144) Concurrent Preclean
[2023-07-28T16:22:54.225+0200][2424,216s] GC(144) Concurrent Preclean 0,259ms
[2023-07-28T16:22:54.226+0200][2424,217s] GC(144) Pause Remark
[2023-07-28T16:22:54.246+0200][2424,237s] GC(144) Pause Remark 193M->171M(512M) 19,616ms
[2023-07-28T16:22:54.246+0200][2424,237s] GC(144) User=0,05s Sys=0,03s Real=0,02s
[2023-07-28T16:22:54.246+0200][2424,237s] GC(144) Concurrent Mark 44,231ms
[2023-07-28T16:22:54.246+0200][2424,237s] GC(144) Concurrent Rebuild Remembered Sets
[2023-07-28T16:22:54.261+0200][2424,251s] GC(144) Concurrent Rebuild Remembered Sets 14,615ms
[2023-07-28T16:22:54.263+0200][2424,254s] GC(144) Pause Cleanup
[2023-07-28T16:22:54.263+0200][2424,254s] GC(144) Pause Cleanup 171M->171M(512M) 0,163ms
[2023-07-28T16:22:54.263+0200][2424,254s] GC(144) User=0,00s Sys=0,00s Real=0,00s
[2023-07-28T16:22:54.264+0200][2424,254s] GC(144) Concurrent Cleanup for Next Mark
[2023-07-28T16:22:54.264+0200][2424,255s] GC(144) Concurrent Cleanup for Next Mark 0,722ms
[2023-07-28T16:22:54.264+0200][2424,255s] GC(144) Concurrent Mark Cycle 63,444ms
[2023-07-28T16:22:55.701+0200][2425,692s] GC(145) Pause Young (Prepare Mixed) (G1 Evacuation Pause)
[2023-07-28T16:22:55.701+0200][2425,692s] GC(145) Using 8 workers of 8 for evacuation
[2023-07-28T16:22:55.707+0200][2425,698s] GC(145)   Pre Evacuate Collection Set: 0,1ms
[2023-07-28T16:22:55.707+0200][2425,698s] GC(145)   Merge Heap Roots: 0,1ms
[2023-07-28T16:22:55.707+0200][2425,698s] GC(145)   Evacuate Collection Set: 5,7ms
[2023-07-28T16:22:55.707+0200][2425,698s] GC(145)   Post Evacuate Collection Set: 0,4ms
[2023-07-28T16:22:55.707+0200][2425,698s] GC(145)   Other: 0,1ms
[2023-07-28T16:22:55.707+0200][2425,698s] GC(145) Eden regions: 226->0(11)
[2023-07-28T16:22:55.707+0200][2425,698s] GC(145) Survivor regions: 7->14(30)
[2023-07-28T16:22:55.707+0200][2425,698s] GC(145) Old regions: 137->137
[2023-07-28T16:22:55.707+0200][2425,698s] GC(145) Archive regions: 2->2
[2023-07-28T16:22:55.707+0200][2425,698s] GC(145) Humongous regions: 50->25
[2023-07-28T16:22:55.707+0200][2425,698s] GC(145) Metaspace: 60791K(61248K)->60791K(61248K) NonClass: 53573K(53824K)->53573K(53824K) Class: 7218K(7424K)->7218K(7424K)
[2023-07-28T16:22:55.707+0200][2425,698s] GC(145) Pause Young (Prepare Mixed) (G1 Evacuation Pause) 418M->174M(512M) 6,557ms
[2023-07-28T16:22:55.707+0200][2425,698s] GC(145) User=0,01s Sys=0,02s Real=0,00s
[2023-07-28T16:22:55.798+0200][2425,789s] GC(146) Pause Young (Mixed) (G1 Evacuation Pause)
[2023-07-28T16:22:55.798+0200][2425,789s] GC(146) Using 8 workers of 8 for evacuation
[2023-07-28T16:22:55.804+0200][2425,795s] GC(146)   Pre Evacuate Collection Set: 0,1ms
[2023-07-28T16:22:55.805+0200][2425,795s] GC(146)   Merge Heap Roots: 0,2ms
[2023-07-28T16:22:55.805+0200][2425,795s] GC(146)   Evacuate Collection Set: 5,2ms
[2023-07-28T16:22:55.805+0200][2425,795s] GC(146)   Post Evacuate Collection Set: 0,6ms
[2023-07-28T16:22:55.805+0200][2425,795s] GC(146)   Other: 0,2ms
[2023-07-28T16:22:55.805+0200][2425,795s] GC(146) Eden regions: 11->0(288)
[2023-07-28T16:22:55.805+0200][2425,795s] GC(146) Survivor regions: 14->1(4)
[2023-07-28T16:22:55.805+0200][2425,795s] GC(146) Old regions: 137->111
[2023-07-28T16:22:55.805+0200][2425,795s] GC(146) Archive regions: 2->2
[2023-07-28T16:22:55.805+0200][2425,795s] GC(146) Humongous regions: 26->6
[2023-07-28T16:22:55.805+0200][2425,795s] GC(146) Metaspace: 60791K(61248K)->60791K(61248K) NonClass: 53573K(53824K)->53573K(53824K) Class: 7218K(7424K)->7218K(7424K)
[2023-07-28T16:22:55.805+0200][2425,795s] GC(146) Pause Young (Mixed) (G1 Evacuation Pause) 186M->117M(512M) 6,468ms
[2023-07-28T16:22:55.805+0200][2425,795s] GC(146) User=0,02s Sys=0,01s Real=0,01s
[2023-07-28T16:22:56.431+0200][2426,421s] GC(147) Pause Young (Concurrent Start) (G1 Humongous Allocation)
[2023-07-28T16:22:56.431+0200][2426,422s] GC(147) Using 8 workers of 8 for evacuation
[2023-07-28T16:22:56.437+0200][2426,427s] GC(147)   Pre Evacuate Collection Set: 0,1ms
[2023-07-28T16:22:56.437+0200][2426,427s] GC(147)   Merge Heap Roots: 0,1ms
[2023-07-28T16:22:56.437+0200][2426,427s] GC(147)   Evacuate Collection Set: 4,8ms
[2023-07-28T16:22:56.437+0200][2426,427s] GC(147)   Post Evacuate Collection Set: 0,6ms
[2023-07-28T16:22:56.437+0200][2426,427s] GC(147)   Other: 0,2ms
[2023-07-28T16:22:56.437+0200][2426,427s] GC(147) Eden regions: 50->0(295)
[2023-07-28T16:22:56.437+0200][2426,427s] GC(147) Survivor regions: 1->3(37)
[2023-07-28T16:22:56.437+0200][2426,427s] GC(147) Old regions: 111->111
[2023-07-28T16:22:56.437+0200][2426,427s] GC(147) Archive regions: 2->2
[2023-07-28T16:22:56.437+0200][2426,427s] GC(147) Humongous regions: 6->6
[2023-07-28T16:22:56.437+0200][2426,427s] GC(147) Metaspace: 60791K(61248K)->60791K(61248K) NonClass: 53573K(53824K)->53573K(53824K) Class: 7218K(7424K)->7218K(7424K)
[2023-07-28T16:22:56.437+0200][2426,428s] GC(147) Pause Young (Concurrent Start) (G1 Humongous Allocation) 166M->119M(512M) 6,064ms
[2023-07-28T16:22:56.437+0200][2426,428s] GC(147) User=0,01s Sys=0,01s Real=0,00s
[2023-07-28T16:22:56.437+0200][2426,428s] GC(148) Concurrent Mark Cycle
[2023-07-28T16:22:56.437+0200][2426,428s] GC(148) Concurrent Clear Claimed Marks
[2023-07-28T16:22:56.437+0200][2426,428s] GC(148) Concurrent Clear Claimed Marks 0,169ms
[2023-07-28T16:22:56.437+0200][2426,428s] GC(148) Concurrent Scan Root Regions
[2023-07-28T16:22:56.439+0200][2426,429s] GC(148) Concurrent Scan Root Regions 1,240ms
[2023-07-28T16:22:56.439+0200][2426,429s] GC(148) Concurrent Mark
[2023-07-28T16:22:56.439+0200][2426,429s] GC(148) Concurrent Mark From Roots
[2023-07-28T16:22:56.439+0200][2426,429s] GC(148) Using 2 workers of 2 for marking
[2023-07-28T16:22:56.469+0200][2426,460s] GC(148) Concurrent Mark From Roots 30,839ms
[2023-07-28T16:22:56.469+0200][2426,460s] GC(148) Concurrent Preclean
[2023-07-28T16:22:56.470+0200][2426,460s] GC(148) Concurrent Preclean 0,367ms
[2023-07-28T16:22:56.470+0200][2426,461s] GC(148) Pause Remark
[2023-07-28T16:22:56.486+0200][2426,477s] GC(148) Pause Remark 125M->120M(512M) 15,817ms
[2023-07-28T16:22:56.486+0200][2426,477s] GC(148) User=0,02s Sys=0,03s Real=0,01s
[2023-07-28T16:22:56.486+0200][2426,477s] GC(148) Concurrent Mark 47,460ms
[2023-07-28T16:22:56.486+0200][2426,477s] GC(148) Concurrent Rebuild Remembered Sets
[2023-07-28T16:22:56.500+0200][2426,490s] GC(148) Concurrent Rebuild Remembered Sets 13,580ms
[2023-07-28T16:22:56.500+0200][2426,491s] GC(148) Pause Cleanup
[2023-07-28T16:22:56.500+0200][2426,491s] GC(148) Pause Cleanup 121M->121M(512M) 0,124ms
[2023-07-28T16:22:56.500+0200][2426,491s] GC(148) User=0,00s Sys=0,00s Real=0,00s
[2023-07-28T16:22:56.500+0200][2426,491s] GC(148) Concurrent Cleanup for Next Mark
[2023-07-28T16:22:56.500+0200][2426,491s] GC(148) Concurrent Cleanup for Next Mark 0,217ms
[2023-07-28T16:22:56.500+0200][2426,491s] GC(148) Concurrent Mark Cycle 63,277ms
[2023-07-28T16:22:58.561+0200][2428,551s] GC(149) Pause Young (Prepare Mixed) (G1 Evacuation Pause)
[2023-07-28T16:22:58.562+0200][2428,552s] GC(149) Using 8 workers of 8 for evacuation
[2023-07-28T16:22:58.566+0200][2428,556s] GC(149)   Pre Evacuate Collection Set: 0,1ms
[2023-07-28T16:22:58.566+0200][2428,557s] GC(149)   Merge Heap Roots: 0,1ms
[2023-07-28T16:22:58.566+0200][2428,557s] GC(149)   Evacuate Collection Set: 3,6ms
[2023-07-28T16:22:58.566+0200][2428,557s] GC(149)   Post Evacuate Collection Set: 0,4ms
[2023-07-28T16:22:58.566+0200][2428,557s] GC(149)   Other: 0,9ms
[2023-07-28T16:22:58.566+0200][2428,557s] GC(149) Eden regions: 295->0(10)
[2023-07-28T16:22:58.566+0200][2428,557s] GC(149) Survivor regions: 3->15(38)
[2023-07-28T16:22:58.566+0200][2428,557s] GC(149) Old regions: 106->106
[2023-07-28T16:22:58.566+0200][2428,557s] GC(149) Archive regions: 2->2
[2023-07-28T16:22:58.566+0200][2428,557s] GC(149) Humongous regions: 22->6
[2023-07-28T16:22:58.566+0200][2428,557s] GC(149) Metaspace: 60791K(61248K)->60791K(61248K) NonClass: 53573K(53824K)->53573K(53824K) Class: 7218K(7424K)->7218K(7424K)
[2023-07-28T16:22:58.566+0200][2428,557s] GC(149) Pause Young (Prepare Mixed) (G1 Evacuation Pause) 424M->126M(512M) 5,118ms
[2023-07-28T16:22:58.566+0200][2428,557s] GC(149) User=0,01s Sys=0,01s Real=0,00s
[2023-07-28T16:22:58.607+0200][2428,598s] GC(150) Pause Young (Mixed) (G1 Evacuation Pause)
[2023-07-28T16:22:58.607+0200][2428,598s] GC(150) Using 8 workers of 8 for evacuation
[2023-07-28T16:22:58.611+0200][2428,602s] GC(150)   Pre Evacuate Collection Set: 0,1ms
[2023-07-28T16:22:58.611+0200][2428,602s] GC(150)   Merge Heap Roots: 0,1ms
[2023-07-28T16:22:58.611+0200][2428,602s] GC(150)   Evacuate Collection Set: 2,8ms
[2023-07-28T16:22:58.611+0200][2428,602s] GC(150)   Post Evacuate Collection Set: 0,3ms
[2023-07-28T16:22:58.611+0200][2428,602s] GC(150)   Other: 0,1ms
[2023-07-28T16:22:58.611+0200][2428,602s] GC(150) Eden regions: 10->0(301)
[2023-07-28T16:22:58.611+0200][2428,602s] GC(150) Survivor regions: 15->4(4)
[2023-07-28T16:22:58.611+0200][2428,602s] GC(150) Old regions: 106->99
[2023-07-28T16:22:58.611+0200][2428,602s] GC(150) Archive regions: 2->2
[2023-07-28T16:22:58.611+0200][2428,602s] GC(150) Humongous regions: 6->6
[2023-07-28T16:22:58.611+0200][2428,602s] GC(150) Metaspace: 60791K(61248K)->60791K(61248K) NonClass: 53573K(53824K)->53573K(53824K) Class: 7218K(7424K)->7218K(7424K)
[2023-07-28T16:22:58.611+0200][2428,602s] GC(150) Pause Young (Mixed) (G1 Evacuation Pause) 135M->108M(512M) 3,644ms
[2023-07-28T16:22:58.611+0200][2428,602s] GC(150) User=0,01s Sys=0,01s Real=0,01s
[2023-07-28T16:22:58.660+0200][2428,651s] GC(151) Pause Young (Concurrent Start) (G1 Humongous Allocation)
[2023-07-28T16:22:58.660+0200][2428,651s] GC(151) Using 8 workers of 8 for evacuation
[2023-07-28T16:22:58.663+0200][2428,654s] GC(151)   Pre Evacuate Collection Set: 0,1ms
[2023-07-28T16:22:58.663+0200][2428,654s] GC(151)   Merge Heap Roots: 0,1ms
[2023-07-28T16:22:58.663+0200][2428,654s] GC(151)   Evacuate Collection Set: 2,5ms
[2023-07-28T16:22:58.663+0200][2428,654s] GC(151)   Post Evacuate Collection Set: 0,3ms
[2023-07-28T16:22:58.663+0200][2428,654s] GC(151)   Other: 0,1ms
[2023-07-28T16:22:58.663+0200][2428,654s] GC(151) Eden regions: 17->0(219)
[2023-07-28T16:22:58.663+0200][2428,654s] GC(151) Survivor regions: 4->7(39)
[2023-07-28T16:22:58.663+0200][2428,654s] GC(151) Old regions: 99->99
[2023-07-28T16:22:58.663+0200][2428,654s] GC(151) Archive regions: 2->2
[2023-07-28T16:22:58.663+0200][2428,654s] GC(151) Humongous regions: 6->6
[2023-07-28T16:22:58.663+0200][2428,654s] GC(151) Metaspace: 60791K(61248K)->60791K(61248K) NonClass: 53573K(53824K)->53573K(53824K) Class: 7218K(7424K)->7218K(7424K)
[2023-07-28T16:22:58.663+0200][2428,654s] GC(151) Pause Young (Concurrent Start) (G1 Humongous Allocation) 124M->110M(512M) 3,155ms
[2023-07-28T16:22:58.663+0200][2428,654s] GC(151) User=0,00s Sys=0,01s Real=0,00s
[2023-07-28T16:22:58.663+0200][2428,654s] GC(152) Concurrent Mark Cycle
[2023-07-28T16:22:58.663+0200][2428,654s] GC(152) Concurrent Clear Claimed Marks
[2023-07-28T16:22:58.663+0200][2428,654s] GC(152) Concurrent Clear Claimed Marks 0,036ms
[2023-07-28T16:22:58.663+0200][2428,654s] GC(152) Concurrent Scan Root Regions
[2023-07-28T16:22:58.664+0200][2428,655s] GC(152) Concurrent Scan Root Regions 0,405ms
[2023-07-28T16:22:58.664+0200][2428,655s] GC(152) Concurrent Mark
[2023-07-28T16:22:58.664+0200][2428,655s] GC(152) Concurrent Mark From Roots
[2023-07-28T16:22:58.664+0200][2428,655s] GC(152) Using 2 workers of 2 for marking
[2023-07-28T16:22:58.686+0200][2428,677s] GC(152) Concurrent Mark From Roots 22,533ms
[2023-07-28T16:22:58.686+0200][2428,677s] GC(152) Concurrent Preclean
[2023-07-28T16:22:58.687+0200][2428,677s] GC(152) Concurrent Preclean 0,231ms
[2023-07-28T16:22:58.687+0200][2428,678s] GC(152) Pause Remark
[2023-07-28T16:22:58.696+0200][2428,687s] GC(152) Pause Remark 115M->113M(512M) 9,582ms
[2023-07-28T16:22:58.696+0200][2428,687s] GC(152) User=0,02s Sys=0,02s Real=0,01s
[2023-07-28T16:22:58.697+0200][2428,687s] GC(152) Concurrent Mark 32,712ms
[2023-07-28T16:22:58.697+0200][2428,687s] GC(152) Concurrent Rebuild Remembered Sets
[2023-07-28T16:22:58.710+0200][2428,701s] GC(152) Concurrent Rebuild Remembered Sets 13,602ms
[2023-07-28T16:22:58.711+0200][2428,702s] GC(152) Pause Cleanup
[2023-07-28T16:22:58.711+0200][2428,702s] GC(152) Pause Cleanup 113M->113M(512M) 0,088ms
[2023-07-28T16:22:58.711+0200][2428,702s] GC(152) User=0,00s Sys=0,00s Real=0,00s
[2023-07-28T16:22:58.711+0200][2428,702s] GC(152) Concurrent Cleanup for Next Mark
[2023-07-28T16:22:58.711+0200][2428,702s] GC(152) Concurrent Cleanup for Next Mark 0,195ms
[2023-07-28T16:22:58.711+0200][2428,702s] GC(152) Concurrent Mark Cycle 47,832ms
[2023-07-28T16:23:01.155+0200][2431,146s] GC(153) Pause Young (Prepare Mixed) (G1 Evacuation Pause)
[2023-07-28T16:23:01.155+0200][2431,146s] GC(153) Using 8 workers of 8 for evacuation
[2023-07-28T16:23:01.162+0200][2431,153s] GC(153)   Pre Evacuate Collection Set: 0,1ms
[2023-07-28T16:23:01.162+0200][2431,153s] GC(153)   Merge Heap Roots: 0,1ms
[2023-07-28T16:23:01.162+0200][2431,153s] GC(153)   Evacuate Collection Set: 6,8ms
[2023-07-28T16:23:01.162+0200][2431,153s] GC(153)   Post Evacuate Collection Set: 0,4ms
[2023-07-28T16:23:01.162+0200][2431,153s] GC(153)   Other: 0,2ms
[2023-07-28T16:23:01.162+0200][2431,153s] GC(153) Eden regions: 219->0(16)
[2023-07-28T16:23:01.162+0200][2431,153s] GC(153) Survivor regions: 7->9(29)
[2023-07-28T16:23:01.162+0200][2431,153s] GC(153) Old regions: 97->97
[2023-07-28T16:23:01.162+0200][2431,153s] GC(153) Archive regions: 2->2
[2023-07-28T16:23:01.162+0200][2431,153s] GC(153) Humongous regions: 28->15
[2023-07-28T16:23:01.162+0200][2431,153s] GC(153) Metaspace: 60791K(61248K)->60791K(61248K) NonClass: 53573K(53824K)->53573K(53824K) Class: 7218K(7424K)->7218K(7424K)
[2023-07-28T16:23:01.163+0200][2431,153s] GC(153) Pause Young (Prepare Mixed) (G1 Evacuation Pause) 349M->120M(512M) 7,762ms
[2023-07-28T16:23:01.163+0200][2431,153s] GC(153) User=0,02s Sys=0,01s Real=0,01s
[2023-07-28T16:23:01.285+0200][2431,275s] GC(154) Pause Young (Mixed) (G1 Evacuation Pause)
[2023-07-28T16:23:01.285+0200][2431,275s] GC(154) Using 8 workers of 8 for evacuation
[2023-07-28T16:23:01.288+0200][2431,279s] GC(154)   Pre Evacuate Collection Set: 0,1ms
[2023-07-28T16:23:01.288+0200][2431,279s] GC(154)   Merge Heap Roots: 0,1ms
[2023-07-28T16:23:01.288+0200][2431,279s] GC(154)   Evacuate Collection Set: 2,6ms
[2023-07-28T16:23:01.288+0200][2431,279s] GC(154)   Post Evacuate Collection Set: 0,4ms
[2023-07-28T16:23:01.288+0200][2431,279s] GC(154)   Other: 0,1ms
[2023-07-28T16:23:01.288+0200][2431,279s] GC(154) Eden regions: 16->0(233)
[2023-07-28T16:23:01.288+0200][2431,279s] GC(154) Survivor regions: 9->1(4)
[2023-07-28T16:23:01.288+0200][2431,279s] GC(154) Old regions: 97->100
[2023-07-28T16:23:01.288+0200][2431,279s] GC(154) Archive regions: 2->2
[2023-07-28T16:23:01.288+0200][2431,279s] GC(154) Humongous regions: 17->15
[2023-07-28T16:23:01.288+0200][2431,279s] GC(154) Metaspace: 60791K(61248K)->60791K(61248K) NonClass: 53573K(53824K)->53573K(53824K) Class: 7218K(7424K)->7218K(7424K)
[2023-07-28T16:23:01.288+0200][2431,279s] GC(154) Pause Young (Mixed) (G1 Evacuation Pause) 138M->114M(512M) 3,435ms
[2023-07-28T16:23:01.288+0200][2431,279s] GC(154) User=0,01s Sys=0,00s Real=0,00s
[2023-07-28T16:23:01.515+0200][2431,506s] GC(155) Pause Young (Concurrent Start) (G1 Humongous Allocation)
[2023-07-28T16:23:01.515+0200][2431,506s] GC(155) Using 8 workers of 8 for evacuation
[2023-07-28T16:23:01.520+0200][2431,510s] GC(155)   Pre Evacuate Collection Set: 0,1ms
[2023-07-28T16:23:01.520+0200][2431,510s] GC(155)   Merge Heap Roots: 0,0ms
[2023-07-28T16:23:01.520+0200][2431,510s] GC(155)   Evacuate Collection Set: 3,6ms
[2023-07-28T16:23:01.520+0200][2431,510s] GC(155)   Post Evacuate Collection Set: 0,5ms
[2023-07-28T16:23:01.520+0200][2431,511s] GC(155)   Other: 0,3ms
[2023-07-28T16:23:01.520+0200][2431,511s] GC(155) Eden regions: 16->0(248)
[2023-07-28T16:23:01.520+0200][2431,511s] GC(155) Survivor regions: 1->2(30)
[2023-07-28T16:23:01.520+0200][2431,511s] GC(155) Old regions: 100->100
[2023-07-28T16:23:01.520+0200][2431,511s] GC(155) Archive regions: 2->2
[2023-07-28T16:23:01.520+0200][2431,511s] GC(155) Humongous regions: 15->15
[2023-07-28T16:23:01.520+0200][2431,511s] GC(155) Metaspace: 60791K(61248K)->60791K(61248K) NonClass: 53573K(53824K)->53573K(53824K) Class: 7218K(7424K)->7218K(7424K)
[2023-07-28T16:23:01.520+0200][2431,511s] GC(155) Pause Young (Concurrent Start) (G1 Humongous Allocation) 130M->116M(512M) 4,854ms
[2023-07-28T16:23:01.520+0200][2431,511s] GC(155) User=0,01s Sys=0,01s Real=0,01s
[2023-07-28T16:23:01.520+0200][2431,511s] GC(156) Concurrent Mark Cycle
[2023-07-28T16:23:01.520+0200][2431,511s] GC(156) Concurrent Clear Claimed Marks
[2023-07-28T16:23:01.520+0200][2431,511s] GC(156) Concurrent Clear Claimed Marks 0,071ms
[2023-07-28T16:23:01.520+0200][2431,511s] GC(156) Concurrent Scan Root Regions
[2023-07-28T16:23:01.522+0200][2431,513s] GC(156) Concurrent Scan Root Regions 1,742ms
[2023-07-28T16:23:01.522+0200][2431,513s] GC(156) Concurrent Mark
[2023-07-28T16:23:01.522+0200][2431,513s] GC(156) Concurrent Mark From Roots
[2023-07-28T16:23:01.522+0200][2431,513s] GC(156) Using 2 workers of 2 for marking
[2023-07-28T16:23:01.555+0200][2431,546s] GC(156) Concurrent Mark From Roots 33,116ms
[2023-07-28T16:23:01.555+0200][2431,546s] GC(156) Concurrent Preclean
[2023-07-28T16:23:01.555+0200][2431,546s] GC(156) Concurrent Preclean 0,297ms
[2023-07-28T16:23:01.556+0200][2431,547s] GC(156) Pause Remark
[2023-07-28T16:23:01.567+0200][2431,557s] GC(156) Pause Remark 159M->159M(512M) 10,572ms
[2023-07-28T16:23:01.567+0200][2431,557s] GC(156) User=0,03s Sys=0,01s Real=0,01s
[2023-07-28T16:23:01.567+0200][2431,557s] GC(156) Concurrent Mark 44,743ms
[2023-07-28T16:23:01.567+0200][2431,558s] GC(156) Concurrent Rebuild Remembered Sets
[2023-07-28T16:23:01.584+0200][2431,575s] GC(156) Concurrent Rebuild Remembered Sets 17,308ms
[2023-07-28T16:23:01.584+0200][2431,575s] GC(156) Pause Cleanup
[2023-07-28T16:23:01.585+0200][2431,575s] GC(156) Pause Cleanup 161M->161M(512M) 0,121ms
[2023-07-28T16:23:01.585+0200][2431,575s] GC(156) User=0,00s Sys=0,00s Real=0,00s
[2023-07-28T16:23:01.585+0200][2431,575s] GC(156) Concurrent Cleanup for Next Mark
[2023-07-28T16:23:01.585+0200][2431,576s] GC(156) Concurrent Cleanup for Next Mark 0,581ms
[2023-07-28T16:23:01.585+0200][2431,576s] GC(156) Concurrent Mark Cycle 65,212ms
[2023-07-28T16:23:03.918+0200][2433,909s] GC(157) Pause Young (Prepare Mixed) (G1 Evacuation Pause)
[2023-07-28T16:23:03.918+0200][2433,909s] GC(157) Using 8 workers of 8 for evacuation
[2023-07-28T16:23:03.922+0200][2433,913s] GC(157)   Pre Evacuate Collection Set: 0,1ms
[2023-07-28T16:23:03.922+0200][2433,913s] GC(157)   Merge Heap Roots: 0,1ms
[2023-07-28T16:23:03.922+0200][2433,913s] GC(157)   Evacuate Collection Set: 3,2ms
[2023-07-28T16:23:03.922+0200][2433,913s] GC(157)   Post Evacuate Collection Set: 0,4ms
[2023-07-28T16:23:03.922+0200][2433,913s] GC(157)   Other: 0,2ms
[2023-07-28T16:23:03.922+0200][2433,913s] GC(157) Eden regions: 248->0(10)
[2023-07-28T16:23:03.922+0200][2433,913s] GC(157) Survivor regions: 2->15(32)
[2023-07-28T16:23:03.922+0200][2433,913s] GC(157) Old regions: 100->100
[2023-07-28T16:23:03.922+0200][2433,913s] GC(157) Archive regions: 2->2
[2023-07-28T16:23:03.922+0200][2433,913s] GC(157) Humongous regions: 88->26
[2023-07-28T16:23:03.922+0200][2433,913s] GC(157) Metaspace: 60791K(61248K)->60791K(61248K) NonClass: 53573K(53824K)->53573K(53824K) Class: 7218K(7424K)->7218K(7424K)
[2023-07-28T16:23:03.922+0200][2433,913s] GC(157) Pause Young (Prepare Mixed) (G1 Evacuation Pause) 437M->139M(512M) 4,021ms
[2023-07-28T16:23:03.922+0200][2433,913s] GC(157) User=0,01s Sys=0,00s Real=0,01s
[2023-07-28T16:23:03.954+0200][2433,945s] GC(158) Pause Young (Mixed) (G1 Evacuation Pause)
[2023-07-28T16:23:03.955+0200][2433,945s] GC(158) Using 8 workers of 8 for evacuation
[2023-07-28T16:23:03.958+0200][2433,949s] GC(158)   Pre Evacuate Collection Set: 0,1ms
[2023-07-28T16:23:03.958+0200][2433,949s] GC(158)   Merge Heap Roots: 0,1ms
[2023-07-28T16:23:03.958+0200][2433,949s] GC(158)   Evacuate Collection Set: 3,1ms
[2023-07-28T16:23:03.958+0200][2433,949s] GC(158)   Post Evacuate Collection Set: 0,3ms
[2023-07-28T16:23:03.958+0200][2433,949s] GC(158)   Other: 0,1ms
[2023-07-28T16:23:03.958+0200][2433,949s] GC(158) Eden regions: 10->0(243)
[2023-07-28T16:23:03.958+0200][2433,949s] GC(158) Survivor regions: 15->1(4)
[2023-07-28T16:23:03.958+0200][2433,949s] GC(158) Old regions: 100->108
[2023-07-28T16:23:03.958+0200][2433,949s] GC(158) Archive regions: 2->2
[2023-07-28T16:23:03.958+0200][2433,949s] GC(158) Humongous regions: 29->25
[2023-07-28T16:23:03.958+0200][2433,949s] GC(158) Metaspace: 60791K(61248K)->60791K(61248K) NonClass: 53573K(53824K)->53573K(53824K) Class: 7218K(7424K)->7218K(7424K)
[2023-07-28T16:23:03.958+0200][2433,949s] GC(158) Pause Young (Mixed) (G1 Evacuation Pause) 152M->132M(512M) 3,787ms
[2023-07-28T16:23:03.958+0200][2433,949s] GC(158) User=0,01s Sys=0,00s Real=0,00s
[2023-07-28T16:23:03.977+0200][2433,968s] GC(159) Pause Young (Concurrent Start) (G1 Humongous Allocation)
[2023-07-28T16:23:03.977+0200][2433,968s] GC(159) Using 8 workers of 8 for evacuation
[2023-07-28T16:23:03.980+0200][2433,971s] GC(159)   Pre Evacuate Collection Set: 0,1ms
[2023-07-28T16:23:03.980+0200][2433,971s] GC(159)   Merge Heap Roots: 0,1ms
[2023-07-28T16:23:03.980+0200][2433,971s] GC(159)   Evacuate Collection Set: 2,1ms
[2023-07-28T16:23:03.980+0200][2433,971s] GC(159)   Post Evacuate Collection Set: 0,3ms
[2023-07-28T16:23:03.980+0200][2433,971s] GC(159)   Other: 0,2ms
[2023-07-28T16:23:03.980+0200][2433,971s] GC(159) Eden regions: 8->0(247)
[2023-07-28T16:23:03.980+0200][2433,971s] GC(159) Survivor regions: 1->3(31)
[2023-07-28T16:23:03.980+0200][2433,971s] GC(159) Old regions: 108->108
[2023-07-28T16:23:03.980+0200][2433,971s] GC(159) Archive regions: 2->2
[2023-07-28T16:23:03.980+0200][2433,971s] GC(159) Humongous regions: 25->24
[2023-07-28T16:23:03.980+0200][2433,971s] GC(159) Metaspace: 60791K(61248K)->60791K(61248K) NonClass: 53573K(53824K)->53573K(53824K) Class: 7218K(7424K)->7218K(7424K)
[2023-07-28T16:23:03.980+0200][2433,971s] GC(159) Pause Young (Concurrent Start) (G1 Humongous Allocation) 139M->133M(512M) 2,784ms
[2023-07-28T16:23:03.980+0200][2433,971s] GC(159) User=0,01s Sys=0,01s Real=0,01s
[2023-07-28T16:23:03.980+0200][2433,971s] GC(160) Concurrent Mark Cycle
[2023-07-28T16:23:03.980+0200][2433,971s] GC(160) Concurrent Clear Claimed Marks
[2023-07-28T16:23:03.980+0200][2433,971s] GC(160) Concurrent Clear Claimed Marks 0,027ms
[2023-07-28T16:23:03.980+0200][2433,971s] GC(160) Concurrent Scan Root Regions
[2023-07-28T16:23:03.980+0200][2433,971s] GC(160) Concurrent Scan Root Regions 0,472ms
[2023-07-28T16:23:03.980+0200][2433,971s] GC(160) Concurrent Mark
[2023-07-28T16:23:03.980+0200][2433,971s] GC(160) Concurrent Mark From Roots
[2023-07-28T16:23:03.980+0200][2433,971s] GC(160) Using 2 workers of 2 for marking
[2023-07-28T16:23:04.004+0200][2433,995s] GC(160) Concurrent Mark From Roots 23,630ms
[2023-07-28T16:23:04.004+0200][2433,995s] GC(160) Concurrent Preclean
[2023-07-28T16:23:04.004+0200][2433,995s] GC(160) Concurrent Preclean 0,209ms
[2023-07-28T16:23:04.005+0200][2433,996s] GC(160) Pause Remark
[2023-07-28T16:23:04.014+0200][2434,005s] GC(160) Pause Remark 138M->131M(512M) 9,233ms
[2023-07-28T16:23:04.014+0200][2434,005s] GC(160) User=0,03s Sys=0,01s Real=0,01s
[2023-07-28T16:23:04.014+0200][2434,005s] GC(160) Concurrent Mark 33,750ms
[2023-07-28T16:23:04.014+0200][2434,005s] GC(160) Concurrent Rebuild Remembered Sets
[2023-07-28T16:23:04.029+0200][2434,019s] GC(160) Concurrent Rebuild Remembered Sets 14,339ms
[2023-07-28T16:23:04.029+0200][2434,020s] GC(160) Pause Cleanup
[2023-07-28T16:23:04.029+0200][2434,020s] GC(160) Pause Cleanup 131M->131M(512M) 0,096ms
[2023-07-28T16:23:04.029+0200][2434,020s] GC(160) User=0,00s Sys=0,00s Real=0,00s
[2023-07-28T16:23:04.029+0200][2434,020s] GC(160) Concurrent Cleanup for Next Mark
[2023-07-28T16:23:04.029+0200][2434,020s] GC(160) Concurrent Cleanup for Next Mark 0,214ms
[2023-07-28T16:23:04.029+0200][2434,020s] GC(160) Concurrent Mark Cycle 49,459ms
[2023-07-28T16:23:07.202+0200][2437,193s] GC(161) Pause Young (Prepare Mixed) (G1 Evacuation Pause)
[2023-07-28T16:23:07.202+0200][2437,193s] GC(161) Using 8 workers of 8 for evacuation
[2023-07-28T16:23:07.205+0200][2437,196s] GC(161)   Pre Evacuate Collection Set: 0,1ms
[2023-07-28T16:23:07.205+0200][2437,196s] GC(161)   Merge Heap Roots: 0,1ms
[2023-07-28T16:23:07.205+0200][2437,196s] GC(161)   Evacuate Collection Set: 2,0ms
[2023-07-28T16:23:07.205+0200][2437,196s] GC(161)   Post Evacuate Collection Set: 0,4ms
[2023-07-28T16:23:07.205+0200][2437,196s] GC(161)   Other: 0,3ms
[2023-07-28T16:23:07.205+0200][2437,196s] GC(161) Eden regions: 247->0(21)
[2023-07-28T16:23:07.205+0200][2437,196s] GC(161) Survivor regions: 3->4(32)
[2023-07-28T16:23:07.205+0200][2437,196s] GC(161) Old regions: 108->108
[2023-07-28T16:23:07.205+0200][2437,196s] GC(161) Archive regions: 2->2
[2023-07-28T16:23:07.205+0200][2437,196s] GC(161) Humongous regions: 20->17
[2023-07-28T16:23:07.205+0200][2437,196s] GC(161) Metaspace: 60801K(61248K)->60801K(61248K) NonClass: 53583K(53824K)->53583K(53824K) Class: 7218K(7424K)->7218K(7424K)
[2023-07-28T16:23:07.205+0200][2437,196s] GC(161) Pause Young (Prepare Mixed) (G1 Evacuation Pause) 376M->127M(512M) 2,886ms
[2023-07-28T16:23:07.205+0200][2437,196s] GC(161) User=0,01s Sys=0,00s Real=0,00s
[2023-07-28T16:23:07.267+0200][2437,258s] GC(162) Pause Young (Mixed) (G1 Evacuation Pause)
[2023-07-28T16:23:07.267+0200][2437,258s] GC(162) Using 8 workers of 8 for evacuation
[2023-07-28T16:23:07.269+0200][2437,260s] GC(162)   Pre Evacuate Collection Set: 0,1ms
[2023-07-28T16:23:07.269+0200][2437,260s] GC(162)   Merge Heap Roots: 0,1ms
[2023-07-28T16:23:07.269+0200][2437,260s] GC(162)   Evacuate Collection Set: 1,3ms
[2023-07-28T16:23:07.269+0200][2437,260s] GC(162)   Post Evacuate Collection Set: 0,3ms
[2023-07-28T16:23:07.269+0200][2437,260s] GC(162)   Other: 0,1ms
[2023-07-28T16:23:07.269+0200][2437,260s] GC(162) Eden regions: 21->0(268)
[2023-07-28T16:23:07.269+0200][2437,260s] GC(162) Survivor regions: 4->1(4)
[2023-07-28T16:23:07.269+0200][2437,260s] GC(162) Old regions: 108->106
[2023-07-28T16:23:07.269+0200][2437,260s] GC(162) Archive regions: 2->2
[2023-07-28T16:23:07.269+0200][2437,260s] GC(162) Humongous regions: 17->17
[2023-07-28T16:23:07.269+0200][2437,260s] GC(162) Metaspace: 60802K(61248K)->60802K(61248K) NonClass: 53584K(53824K)->53584K(53824K) Class: 7218K(7424K)->7218K(7424K)
[2023-07-28T16:23:07.269+0200][2437,260s] GC(162) Pause Young (Mixed) (G1 Evacuation Pause) 148M->121M(512M) 2,109ms
[2023-07-28T16:23:07.269+0200][2437,260s] GC(162) User=0,01s Sys=0,00s Real=0,00s
[2023-07-28T16:23:08.473+0200][2438,464s] GC(163) Pause Young (Concurrent Start) (G1 Evacuation Pause)
[2023-07-28T16:23:08.473+0200][2438,464s] GC(163) Using 8 workers of 8 for evacuation
[2023-07-28T16:23:08.476+0200][2438,467s] GC(163)   Pre Evacuate Collection Set: 0,1ms
[2023-07-28T16:23:08.476+0200][2438,467s] GC(163)   Merge Heap Roots: 0,1ms
[2023-07-28T16:23:08.476+0200][2438,467s] GC(163)   Evacuate Collection Set: 2,8ms
[2023-07-28T16:23:08.476+0200][2438,467s] GC(163)   Post Evacuate Collection Set: 0,4ms
[2023-07-28T16:23:08.476+0200][2438,467s] GC(163)   Other: 0,1ms
[2023-07-28T16:23:08.476+0200][2438,467s] GC(163) Eden regions: 268->0(271)
[2023-07-28T16:23:08.476+0200][2438,467s] GC(163) Survivor regions: 1->7(34)
[2023-07-28T16:23:08.476+0200][2438,467s] GC(163) Old regions: 106->106
[2023-07-28T16:23:08.476+0200][2438,467s] GC(163) Archive regions: 2->2
[2023-07-28T16:23:08.476+0200][2438,467s] GC(163) Humongous regions: 17->17
[2023-07-28T16:23:08.476+0200][2438,467s] GC(163) Metaspace: 61143K(61632K)->61143K(61632K) NonClass: 53866K(54080K)->53866K(54080K) Class: 7277K(7552K)->7277K(7552K)
[2023-07-28T16:23:08.476+0200][2438,467s] GC(163) Pause Young (Concurrent Start) (G1 Evacuation Pause) 389M->128M(512M) 3,593ms
[2023-07-28T16:23:08.476+0200][2438,467s] GC(163) User=0,01s Sys=0,01s Real=0,00s
[2023-07-28T16:23:08.476+0200][2438,467s] GC(164) Concurrent Mark Cycle
[2023-07-28T16:23:08.476+0200][2438,467s] GC(164) Concurrent Clear Claimed Marks
[2023-07-28T16:23:08.476+0200][2438,467s] GC(164) Concurrent Clear Claimed Marks 0,030ms
[2023-07-28T16:23:08.476+0200][2438,467s] GC(164) Concurrent Scan Root Regions
[2023-07-28T16:23:08.477+0200][2438,468s] GC(164) Concurrent Scan Root Regions 0,630ms
[2023-07-28T16:23:08.477+0200][2438,468s] GC(164) Concurrent Mark
[2023-07-28T16:23:08.477+0200][2438,468s] GC(164) Concurrent Mark From Roots
[2023-07-28T16:23:08.477+0200][2438,468s] GC(164) Using 2 workers of 2 for marking
[2023-07-28T16:23:08.507+0200][2438,498s] GC(164) Concurrent Mark From Roots 30,273ms
[2023-07-28T16:23:08.507+0200][2438,498s] GC(164) Concurrent Preclean
[2023-07-28T16:23:08.508+0200][2438,499s] GC(164) Concurrent Preclean 0,720ms
[2023-07-28T16:23:08.512+0200][2438,503s] GC(164) Pause Remark
[2023-07-28T16:23:08.532+0200][2438,523s] GC(164) Pause Remark 131M->113M(512M) 19,746ms
[2023-07-28T16:23:08.532+0200][2438,523s] GC(164) User=0,04s Sys=0,03s Real=0,02s
[2023-07-28T16:23:08.532+0200][2438,523s] GC(164) Concurrent Mark 54,659ms
[2023-07-28T16:23:08.532+0200][2438,523s] GC(164) Concurrent Rebuild Remembered Sets
[2023-07-28T16:23:08.545+0200][2438,536s] GC(164) Concurrent Rebuild Remembered Sets 13,062ms
[2023-07-28T16:23:08.545+0200][2438,536s] GC(164) Pause Cleanup
[2023-07-28T16:23:08.545+0200][2438,536s] GC(164) Pause Cleanup 113M->113M(512M) 0,153ms
[2023-07-28T16:23:08.545+0200][2438,536s] GC(164) User=0,00s Sys=0,00s Real=0,00s
[2023-07-28T16:23:08.546+0200][2438,537s] GC(164) Concurrent Cleanup for Next Mark
[2023-07-28T16:23:08.546+0200][2438,537s] GC(164) Concurrent Cleanup for Next Mark 0,217ms
[2023-07-28T16:23:08.546+0200][2438,537s] GC(164) Concurrent Mark Cycle 69,496ms
[2023-07-28T16:23:11.513+0200][2441,504s] GC(165) Pause Young (Prepare Mixed) (G1 Evacuation Pause)
[2023-07-28T16:23:11.513+0200][2441,504s] GC(165) Using 8 workers of 8 for evacuation
[2023-07-28T16:23:11.516+0200][2441,507s] GC(165)   Pre Evacuate Collection Set: 0,1ms
[2023-07-28T16:23:11.516+0200][2441,507s] GC(165)   Merge Heap Roots: 0,1ms
[2023-07-28T16:23:11.516+0200][2441,507s] GC(165)   Evacuate Collection Set: 2,6ms
[2023-07-28T16:23:11.516+0200][2441,507s] GC(165)   Post Evacuate Collection Set: 0,5ms
[2023-07-28T16:23:11.516+0200][2441,507s] GC(165)   Other: 0,2ms
[2023-07-28T16:23:11.516+0200][2441,507s] GC(165) Eden regions: 271->0(8)
[2023-07-28T16:23:11.516+0200][2441,507s] GC(165) Survivor regions: 7->17(35)
[2023-07-28T16:23:11.516+0200][2441,507s] GC(165) Old regions: 100->100
[2023-07-28T16:23:11.516+0200][2441,507s] GC(165) Archive regions: 2->2
[2023-07-28T16:23:11.516+0200][2441,507s] GC(165) Humongous regions: 45->6
[2023-07-28T16:23:11.516+0200][2441,507s] GC(165) Metaspace: 61179K(61696K)->61179K(61696K) NonClass: 53897K(54144K)->53897K(54144K) Class: 7282K(7552K)->7282K(7552K)
[2023-07-28T16:23:11.516+0200][2441,507s] GC(165) Pause Young (Prepare Mixed) (G1 Evacuation Pause) 422M->122M(512M) 3,468ms
[2023-07-28T16:23:11.516+0200][2441,507s] GC(165) User=0,02s Sys=0,00s Real=0,00s
[2023-07-28T16:23:11.573+0200][2441,564s] GC(166) Pause Young (Mixed) (G1 Evacuation Pause)
[2023-07-28T16:23:11.573+0200][2441,564s] GC(166) Using 8 workers of 8 for evacuation
[2023-07-28T16:23:11.577+0200][2441,568s] GC(166)   Pre Evacuate Collection Set: 0,1ms
[2023-07-28T16:23:11.577+0200][2441,568s] GC(166)   Merge Heap Roots: 0,1ms
[2023-07-28T16:23:11.577+0200][2441,568s] GC(166)   Evacuate Collection Set: 3,3ms
[2023-07-28T16:23:11.577+0200][2441,568s] GC(166)   Post Evacuate Collection Set: 0,3ms
[2023-07-28T16:23:11.577+0200][2441,568s] GC(166)   Other: 0,1ms
[2023-07-28T16:23:11.577+0200][2441,568s] GC(166) Eden regions: 8->0(297)
[2023-07-28T16:23:11.577+0200][2441,568s] GC(166) Survivor regions: 17->2(4)
[2023-07-28T16:23:11.577+0200][2441,568s] GC(166) Old regions: 100->92
[2023-07-28T16:23:11.577+0200][2441,568s] GC(166) Archive regions: 2->2
[2023-07-28T16:23:11.577+0200][2441,568s] GC(166) Humongous regions: 8->8
[2023-07-28T16:23:11.577+0200][2441,568s] GC(166) Metaspace: 61179K(61696K)->61179K(61696K) NonClass: 53897K(54144K)->53897K(54144K) Class: 7282K(7552K)->7282K(7552K)
[2023-07-28T16:23:11.577+0200][2441,568s] GC(166) Pause Young (Mixed) (G1 Evacuation Pause) 132M->100M(512M) 3,995ms
[2023-07-28T16:23:11.577+0200][2441,568s] GC(166) User=0,01s Sys=0,00s Real=0,00s
[2023-07-28T16:23:11.592+0200][2441,583s] GC(167) Pause Young (Concurrent Start) (G1 Humongous Allocation)
[2023-07-28T16:23:11.592+0200][2441,583s] GC(167) Using 8 workers of 8 for evacuation
[2023-07-28T16:23:11.594+0200][2441,585s] GC(167)   Pre Evacuate Collection Set: 0,1ms
[2023-07-28T16:23:11.594+0200][2441,585s] GC(167)   Merge Heap Roots: 0,0ms
[2023-07-28T16:23:11.594+0200][2441,585s] GC(167)   Evacuate Collection Set: 1,4ms
[2023-07-28T16:23:11.594+0200][2441,585s] GC(167)   Post Evacuate Collection Set: 0,2ms
[2023-07-28T16:23:11.594+0200][2441,585s] GC(167)   Other: 0,1ms
[2023-07-28T16:23:11.594+0200][2441,585s] GC(167) Eden regions: 5->0(305)
[2023-07-28T16:23:11.594+0200][2441,585s] GC(167) Survivor regions: 2->2(38)
[2023-07-28T16:23:11.594+0200][2441,585s] GC(167) Old regions: 92->92
[2023-07-28T16:23:11.594+0200][2441,585s] GC(167) Archive regions: 2->2
[2023-07-28T16:23:11.594+0200][2441,585s] GC(167) Humongous regions: 8->6
[2023-07-28T16:23:11.594+0200][2441,585s] GC(167) Metaspace: 61179K(61696K)->61179K(61696K) NonClass: 53897K(54144K)->53897K(54144K) Class: 7282K(7552K)->7282K(7552K)
[2023-07-28T16:23:11.594+0200][2441,585s] GC(167) Pause Young (Concurrent Start) (G1 Humongous Allocation) 105M->98M(512M) 1,920ms
[2023-07-28T16:23:11.594+0200][2441,585s] GC(167) User=0,00s Sys=0,00s Real=0,00s
[2023-07-28T16:23:11.594+0200][2441,585s] GC(168) Concurrent Mark Cycle
[2023-07-28T16:23:11.594+0200][2441,585s] GC(168) Concurrent Clear Claimed Marks
[2023-07-28T16:23:11.594+0200][2441,585s] GC(168) Concurrent Clear Claimed Marks 0,014ms
[2023-07-28T16:23:11.594+0200][2441,585s] GC(168) Concurrent Scan Root Regions
[2023-07-28T16:23:11.595+0200][2441,586s] GC(168) Concurrent Scan Root Regions 0,417ms
[2023-07-28T16:23:11.595+0200][2441,586s] GC(168) Concurrent Mark
[2023-07-28T16:23:11.595+0200][2441,586s] GC(168) Concurrent Mark From Roots
[2023-07-28T16:23:11.595+0200][2441,586s] GC(168) Using 2 workers of 2 for marking
[2023-07-28T16:23:11.618+0200][2441,609s] GC(168) Concurrent Mark From Roots 22,856ms
[2023-07-28T16:23:11.618+0200][2441,609s] GC(168) Concurrent Preclean
[2023-07-28T16:23:11.618+0200][2441,609s] GC(168) Concurrent Preclean 0,215ms
[2023-07-28T16:23:11.618+0200][2441,609s] GC(168) Pause Remark
[2023-07-28T16:23:11.627+0200][2441,618s] GC(168) Pause Remark 106M->106M(512M) 9,055ms
[2023-07-28T16:23:11.627+0200][2441,618s] GC(168) User=0,02s Sys=0,02s Real=0,01s
[2023-07-28T16:23:11.627+0200][2441,618s] GC(168) Concurrent Mark 32,540ms
[2023-07-28T16:23:11.627+0200][2441,618s] GC(168) Concurrent Rebuild Remembered Sets
[2023-07-28T16:23:11.641+0200][2441,632s] GC(168) Concurrent Rebuild Remembered Sets 14,096ms
[2023-07-28T16:23:11.642+0200][2441,633s] GC(168) Pause Cleanup
[2023-07-28T16:23:11.642+0200][2441,633s] GC(168) Pause Cleanup 106M->106M(512M) 0,124ms
[2023-07-28T16:23:11.642+0200][2441,633s] GC(168) User=0,00s Sys=0,00s Real=0,00s
[2023-07-28T16:23:11.642+0200][2441,633s] GC(168) Concurrent Cleanup for Next Mark
[2023-07-28T16:23:11.642+0200][2441,633s] GC(168) Concurrent Cleanup for Next Mark 0,194ms
[2023-07-28T16:23:11.642+0200][2441,633s] GC(168) Concurrent Mark Cycle 47,974ms
[2023-07-28T16:23:13.640+0200][2443,631s] GC(169) Pause Young (Prepare Mixed) (G1 Preventive Collection)
[2023-07-28T16:23:13.640+0200][2443,632s] GC(169) Using 8 workers of 8 for evacuation
[2023-07-28T16:23:13.645+0200][2443,636s] GC(169)   Pre Evacuate Collection Set: 0,1ms
[2023-07-28T16:23:13.645+0200][2443,636s] GC(169)   Merge Heap Roots: 0,1ms
[2023-07-28T16:23:13.645+0200][2443,636s] GC(169)   Evacuate Collection Set: 3,9ms
[2023-07-28T16:23:13.645+0200][2443,636s] GC(169)   Post Evacuate Collection Set: 0,5ms
[2023-07-28T16:23:13.645+0200][2443,636s] GC(169)   Other: 0,9ms
[2023-07-28T16:23:13.645+0200][2443,636s] GC(169) Eden regions: 227->0(2)
[2023-07-28T16:23:13.645+0200][2443,636s] GC(169) Survivor regions: 2->23(25)
[2023-07-28T16:23:13.645+0200][2443,636s] GC(169) Old regions: 92->92
[2023-07-28T16:23:13.645+0200][2443,636s] GC(169) Archive regions: 2->2
[2023-07-28T16:23:13.645+0200][2443,636s] GC(169) Humongous regions: 164->17
[2023-07-28T16:23:13.645+0200][2443,636s] GC(169) Metaspace: 61179K(61696K)->61179K(61696K) NonClass: 53897K(54144K)->53897K(54144K) Class: 7282K(7552K)->7282K(7552K)
[2023-07-28T16:23:13.645+0200][2443,636s] GC(169) Pause Young (Prepare Mixed) (G1 Preventive Collection) 483M->131M(512M) 5,531ms
[2023-07-28T16:23:13.645+0200][2443,636s] GC(169) User=0,02s Sys=0,01s Real=0,00s
[2023-07-28T16:23:13.681+0200][2443,672s] GC(170) Pause Young (Mixed) (G1 Evacuation Pause)
[2023-07-28T16:23:13.681+0200][2443,672s] GC(170) Using 8 workers of 8 for evacuation
[2023-07-28T16:23:13.685+0200][2443,676s] GC(170)   Pre Evacuate Collection Set: 0,1ms
[2023-07-28T16:23:13.685+0200][2443,676s] GC(170)   Merge Heap Roots: 0,1ms
[2023-07-28T16:23:13.685+0200][2443,676s] GC(170)   Evacuate Collection Set: 3,9ms
[2023-07-28T16:23:13.685+0200][2443,676s] GC(170)   Post Evacuate Collection Set: 0,3ms
[2023-07-28T16:23:13.685+0200][2443,676s] GC(170)   Other: 0,1ms
[2023-07-28T16:23:13.685+0200][2443,676s] GC(170) Eden regions: 2->0(258)
[2023-07-28T16:23:13.685+0200][2443,676s] GC(170) Survivor regions: 23->1(4)
[2023-07-28T16:23:13.685+0200][2443,676s] GC(170) Old regions: 92->110
[2023-07-28T16:23:13.685+0200][2443,676s] GC(170) Archive regions: 2->2
[2023-07-28T16:23:13.685+0200][2443,676s] GC(170) Humongous regions: 53->34
[2023-07-28T16:23:13.685+0200][2443,676s] GC(170) Metaspace: 61179K(61696K)->61179K(61696K) NonClass: 53897K(54144K)->53897K(54144K) Class: 7282K(7552K)->7282K(7552K)
[2023-07-28T16:23:13.685+0200][2443,676s] GC(170) Pause Young (Mixed) (G1 Evacuation Pause) 169M->143M(512M) 4,555ms
[2023-07-28T16:23:13.685+0200][2443,676s] GC(170) User=0,01s Sys=0,01s Real=0,00s
[2023-07-28T16:23:13.712+0200][2443,703s] GC(171) Pause Young (Concurrent Start) (G1 Humongous Allocation)
[2023-07-28T16:23:13.712+0200][2443,703s] GC(171) Using 8 workers of 8 for evacuation
[2023-07-28T16:23:13.714+0200][2443,705s] GC(171)   Pre Evacuate Collection Set: 0,1ms
[2023-07-28T16:23:13.714+0200][2443,705s] GC(171)   Merge Heap Roots: 0,1ms
[2023-07-28T16:23:13.714+0200][2443,705s] GC(171)   Evacuate Collection Set: 2,0ms
[2023-07-28T16:23:13.714+0200][2443,705s] GC(171)   Post Evacuate Collection Set: 0,3ms
[2023-07-28T16:23:13.714+0200][2443,705s] GC(171)   Other: 0,1ms
[2023-07-28T16:23:13.714+0200][2443,705s] GC(171) Eden regions: 5->0(268)
[2023-07-28T16:23:13.714+0200][2443,705s] GC(171) Survivor regions: 1->1(33)
[2023-07-28T16:23:13.714+0200][2443,705s] GC(171) Old regions: 110->110
[2023-07-28T16:23:13.714+0200][2443,705s] GC(171) Archive regions: 2->2
[2023-07-28T16:23:13.714+0200][2443,705s] GC(171) Humongous regions: 34->34
[2023-07-28T16:23:13.714+0200][2443,705s] GC(171) Metaspace: 61179K(61696K)->61179K(61696K) NonClass: 53897K(54144K)->53897K(54144K) Class: 7282K(7552K)->7282K(7552K)
[2023-07-28T16:23:13.714+0200][2443,705s] GC(171) Pause Young (Concurrent Start) (G1 Humongous Allocation) 148M->143M(512M) 2,665ms
[2023-07-28T16:23:13.714+0200][2443,705s] GC(171) User=0,00s Sys=0,01s Real=0,00s
[2023-07-28T16:23:13.714+0200][2443,705s] GC(172) Concurrent Mark Cycle
[2023-07-28T16:23:13.714+0200][2443,706s] GC(172) Concurrent Clear Claimed Marks
[2023-07-28T16:23:13.714+0200][2443,706s] GC(172) Concurrent Clear Claimed Marks 0,010ms
[2023-07-28T16:23:13.714+0200][2443,706s] GC(172) Concurrent Scan Root Regions
[2023-07-28T16:23:13.716+0200][2443,707s] GC(172) Concurrent Scan Root Regions 1,247ms
[2023-07-28T16:23:13.716+0200][2443,707s] GC(172) Concurrent Mark
[2023-07-28T16:23:13.716+0200][2443,707s] GC(172) Concurrent Mark From Roots
[2023-07-28T16:23:13.716+0200][2443,707s] GC(172) Using 2 workers of 2 for marking
[2023-07-28T16:23:13.741+0200][2443,732s] GC(172) Concurrent Mark From Roots 24,922ms
[2023-07-28T16:23:13.741+0200][2443,732s] GC(172) Concurrent Preclean
[2023-07-28T16:23:13.741+0200][2443,732s] GC(172) Concurrent Preclean 0,199ms
[2023-07-28T16:23:13.741+0200][2443,732s] GC(172) Pause Remark
[2023-07-28T16:23:13.751+0200][2443,742s] GC(172) Pause Remark 200M->200M(512M) 9,529ms
[2023-07-28T16:23:13.751+0200][2443,742s] GC(172) User=0,02s Sys=0,01s Real=0,01s
[2023-07-28T16:23:13.751+0200][2443,742s] GC(172) Concurrent Mark 35,188ms
[2023-07-28T16:23:13.751+0200][2443,742s] GC(172) Concurrent Rebuild Remembered Sets
[2023-07-28T16:23:13.765+0200][2443,756s] GC(172) Concurrent Rebuild Remembered Sets 14,024ms
[2023-07-28T16:23:13.765+0200][2443,757s] GC(172) Pause Cleanup
[2023-07-28T16:23:13.766+0200][2443,757s] GC(172) Pause Cleanup 200M->200M(512M) 0,120ms
[2023-07-28T16:23:13.766+0200][2443,757s] GC(172) User=0,00s Sys=0,00s Real=0,00s
[2023-07-28T16:23:13.766+0200][2443,757s] GC(172) Concurrent Cleanup for Next Mark
[2023-07-28T16:23:13.766+0200][2443,757s] GC(172) Concurrent Cleanup for Next Mark 0,239ms
[2023-07-28T16:23:13.766+0200][2443,757s] GC(172) Concurrent Mark Cycle 51,541ms
[2023-07-28T16:23:15.256+0200][2445,247s] GC(173) Pause Young (Prepare Mixed) (G1 Preventive Collection)
[2023-07-28T16:23:15.256+0200][2445,247s] GC(173) Using 8 workers of 8 for evacuation
[2023-07-28T16:23:15.262+0200][2445,253s] GC(173) To-space exhausted
[2023-07-28T16:23:15.262+0200][2445,253s] GC(173)   Pre Evacuate Collection Set: 0,1ms
[2023-07-28T16:23:15.262+0200][2445,253s] GC(173)   Merge Heap Roots: 0,1ms
[2023-07-28T16:23:15.262+0200][2445,253s] GC(173)   Evacuate Collection Set: 3,2ms
[2023-07-28T16:23:15.262+0200][2445,253s] GC(173)   Post Evacuate Collection Set: 2,4ms
[2023-07-28T16:23:15.262+0200][2445,253s] GC(173)   Other: 0,2ms
[2023-07-28T16:23:15.262+0200][2445,253s] GC(173) Eden regions: 166->0(6)
[2023-07-28T16:23:15.262+0200][2445,253s] GC(173) Survivor regions: 1->19(19)
[2023-07-28T16:23:15.262+0200][2445,253s] GC(173) Old regions: 110->238
[2023-07-28T16:23:15.262+0200][2445,253s] GC(173) Archive regions: 2->2
[2023-07-28T16:23:15.262+0200][2445,253s] GC(173) Humongous regions: 214->118
[2023-07-28T16:23:15.262+0200][2445,253s] GC(173) Metaspace: 61179K(61696K)->61179K(61696K) NonClass: 53897K(54144K)->53897K(54144K) Class: 7282K(7552K)->7282K(7552K)
[2023-07-28T16:23:15.262+0200][2445,253s] GC(173) Pause Young (Prepare Mixed) (G1 Preventive Collection) 489M->373M(512M) 6,089ms
[2023-07-28T16:23:15.262+0200][2445,253s] GC(173) User=0,02s Sys=0,01s Real=0,01s
[2023-07-28T16:23:15.304+0200][2445,296s] GC(174) Pause Young (Mixed) (G1 Evacuation Pause)
[2023-07-28T16:23:15.304+0200][2445,296s] GC(174) Using 8 workers of 8 for evacuation
[2023-07-28T16:23:15.308+0200][2445,299s] GC(174)   Pre Evacuate Collection Set: 0,1ms
[2023-07-28T16:23:15.308+0200][2445,299s] GC(174)   Merge Heap Roots: 0,1ms
[2023-07-28T16:23:15.308+0200][2445,299s] GC(174)   Evacuate Collection Set: 3,1ms
[2023-07-28T16:23:15.308+0200][2445,299s] GC(174)   Post Evacuate Collection Set: 0,3ms
[2023-07-28T16:23:15.308+0200][2445,299s] GC(174)   Other: 0,1ms
[2023-07-28T16:23:15.308+0200][2445,299s] GC(174) Eden regions: 6->0(55)
[2023-07-28T16:23:15.308+0200][2445,299s] GC(174) Survivor regions: 19->4(4)
[2023-07-28T16:23:15.308+0200][2445,299s] GC(174) Old regions: 238->252
[2023-07-28T16:23:15.308+0200][2445,299s] GC(174) Archive regions: 2->2
[2023-07-28T16:23:15.308+0200][2445,299s] GC(174) Humongous regions: 147->131
[2023-07-28T16:23:15.308+0200][2445,299s] GC(174) Metaspace: 61179K(61696K)->61179K(61696K) NonClass: 53897K(54144K)->53897K(54144K) Class: 7282K(7552K)->7282K(7552K)
[2023-07-28T16:23:15.308+0200][2445,299s] GC(174) Pause Young (Mixed) (G1 Evacuation Pause) 408M->384M(512M) 3,849ms
[2023-07-28T16:23:15.308+0200][2445,299s] GC(174) User=0,01s Sys=0,01s Real=0,00s
[2023-07-28T16:23:15.314+0200][2445,306s] GC(175) Pause Young (Concurrent Start) (G1 Humongous Allocation)
[2023-07-28T16:23:15.315+0200][2445,306s] GC(175) Using 8 workers of 8 for evacuation
[2023-07-28T16:23:15.316+0200][2445,307s] GC(175)   Pre Evacuate Collection Set: 0,1ms
[2023-07-28T16:23:15.316+0200][2445,307s] GC(175)   Merge Heap Roots: 0,1ms
[2023-07-28T16:23:15.316+0200][2445,307s] GC(175)   Evacuate Collection Set: 0,8ms
[2023-07-28T16:23:15.316+0200][2445,307s] GC(175)   Post Evacuate Collection Set: 0,3ms
[2023-07-28T16:23:15.316+0200][2445,307s] GC(175)   Other: 0,1ms
[2023-07-28T16:23:15.316+0200][2445,307s] GC(175) Eden regions: 2->0(60)
[2023-07-28T16:23:15.316+0200][2445,307s] GC(175) Survivor regions: 4->2(8)
[2023-07-28T16:23:15.316+0200][2445,307s] GC(175) Old regions: 252->252
[2023-07-28T16:23:15.316+0200][2445,307s] GC(175) Archive regions: 2->2
[2023-07-28T16:23:15.316+0200][2445,307s] GC(175) Humongous regions: 131->131
[2023-07-28T16:23:15.316+0200][2445,307s] GC(175) Metaspace: 61179K(61696K)->61179K(61696K) NonClass: 53897K(54144K)->53897K(54144K) Class: 7282K(7552K)->7282K(7552K)
[2023-07-28T16:23:15.316+0200][2445,307s] GC(175) Pause Young (Concurrent Start) (G1 Humongous Allocation) 385M->382M(512M) 1,355ms
[2023-07-28T16:23:15.316+0200][2445,307s] GC(175) User=0,00s Sys=0,00s Real=0,00s
[2023-07-28T16:23:15.316+0200][2445,307s] GC(176) Concurrent Mark Cycle
[2023-07-28T16:23:15.316+0200][2445,307s] GC(176) Concurrent Clear Claimed Marks
[2023-07-28T16:23:15.316+0200][2445,307s] GC(176) Concurrent Clear Claimed Marks 0,011ms
[2023-07-28T16:23:15.316+0200][2445,307s] GC(176) Concurrent Scan Root Regions
[2023-07-28T16:23:15.316+0200][2445,308s] GC(176) Concurrent Scan Root Regions 0,483ms
[2023-07-28T16:23:15.316+0200][2445,308s] GC(176) Concurrent Mark
[2023-07-28T16:23:15.316+0200][2445,308s] GC(176) Concurrent Mark From Roots
[2023-07-28T16:23:15.316+0200][2445,308s] GC(176) Using 2 workers of 2 for marking
[2023-07-28T16:23:15.343+0200][2445,334s] GC(176) Concurrent Mark From Roots 26,422ms
[2023-07-28T16:23:15.343+0200][2445,334s] GC(176) Concurrent Preclean
[2023-07-28T16:23:15.343+0200][2445,334s] GC(176) Concurrent Preclean 0,271ms
[2023-07-28T16:23:15.343+0200][2445,335s] GC(176) Pause Remark
[2023-07-28T16:23:15.353+0200][2445,344s] GC(176) Pause Remark 440M->361M(512M) 9,705ms
[2023-07-28T16:23:15.353+0200][2445,344s] GC(176) User=0,02s Sys=0,01s Real=0,01s
[2023-07-28T16:23:15.353+0200][2445,344s] GC(176) Concurrent Mark 36,833ms
[2023-07-28T16:23:15.353+0200][2445,344s] GC(176) Concurrent Rebuild Remembered Sets
[2023-07-28T16:23:15.370+0200][2445,361s] GC(176) Concurrent Rebuild Remembered Sets 16,328ms
[2023-07-28T16:23:15.370+0200][2445,361s] GC(176) Pause Cleanup
[2023-07-28T16:23:15.370+0200][2445,362s] GC(176) Pause Cleanup 364M->364M(512M) 0,230ms
[2023-07-28T16:23:15.370+0200][2445,362s] GC(176) User=0,00s Sys=0,00s Real=0,00s
[2023-07-28T16:23:15.370+0200][2445,362s] GC(176) Concurrent Cleanup for Next Mark
[2023-07-28T16:23:15.371+0200][2445,362s] GC(176) Concurrent Cleanup for Next Mark 0,248ms
[2023-07-28T16:23:15.371+0200][2445,362s] GC(176) Concurrent Mark Cycle 54,836ms
[2023-07-28T16:23:16.043+0200][2446,034s] GC(177) Pause Young (Prepare Mixed) (G1 Evacuation Pause)
[2023-07-28T16:23:16.043+0200][2446,034s] GC(177) Using 8 workers of 8 for evacuation
[2023-07-28T16:23:16.047+0200][2446,038s] GC(177)   Pre Evacuate Collection Set: 0,1ms
[2023-07-28T16:23:16.047+0200][2446,038s] GC(177)   Merge Heap Roots: 0,1ms
[2023-07-28T16:23:16.047+0200][2446,038s] GC(177)   Evacuate Collection Set: 3,2ms
[2023-07-28T16:23:16.047+0200][2446,038s] GC(177)   Post Evacuate Collection Set: 0,3ms
[2023-07-28T16:23:16.047+0200][2446,038s] GC(177)   Other: 0,2ms
[2023-07-28T16:23:16.047+0200][2446,038s] GC(177) Eden regions: 60->0(20)
[2023-07-28T16:23:16.047+0200][2446,038s] GC(177) Survivor regions: 2->5(8)
[2023-07-28T16:23:16.047+0200][2446,038s] GC(177) Old regions: 251->251
[2023-07-28T16:23:16.047+0200][2446,038s] GC(177) Archive regions: 2->2
[2023-07-28T16:23:16.047+0200][2446,038s] GC(177) Humongous regions: 112->88
[2023-07-28T16:23:16.047+0200][2446,038s] GC(177) Metaspace: 61179K(61696K)->61179K(61696K) NonClass: 53897K(54144K)->53897K(54144K) Class: 7282K(7552K)->7282K(7552K)
[2023-07-28T16:23:16.047+0200][2446,038s] GC(177) Pause Young (Prepare Mixed) (G1 Evacuation Pause) 422M->341M(512M) 3,907ms
[2023-07-28T16:23:16.047+0200][2446,038s] GC(177) User=0,01s Sys=0,00s Real=0,00s
[2023-07-28T16:23:16.112+0200][2446,103s] GC(178) Pause Young (Mixed) (G1 Evacuation Pause)
[2023-07-28T16:23:16.112+0200][2446,103s] GC(178) Using 8 workers of 8 for evacuation
[2023-07-28T16:23:16.116+0200][2446,107s] GC(178)   Pre Evacuate Collection Set: 0,1ms
[2023-07-28T16:23:16.116+0200][2446,107s] GC(178)   Merge Heap Roots: 0,1ms
[2023-07-28T16:23:16.116+0200][2446,107s] GC(178)   Evacuate Collection Set: 2,8ms
[2023-07-28T16:23:16.116+0200][2446,107s] GC(178)   Post Evacuate Collection Set: 0,4ms
[2023-07-28T16:23:16.116+0200][2446,107s] GC(178)   Other: 0,1ms
[2023-07-28T16:23:16.116+0200][2446,107s] GC(178) Eden regions: 20->0(21)
[2023-07-28T16:23:16.116+0200][2446,107s] GC(178) Survivor regions: 5->4(4)
[2023-07-28T16:23:16.116+0200][2446,107s] GC(178) Old regions: 251->208
[2023-07-28T16:23:16.116+0200][2446,107s] GC(178) Archive regions: 2->2
[2023-07-28T16:23:16.116+0200][2446,107s] GC(178) Humongous regions: 195->138
[2023-07-28T16:23:16.116+0200][2446,107s] GC(178) Metaspace: 61179K(61696K)->61179K(61696K) NonClass: 53897K(54144K)->53897K(54144K) Class: 7282K(7552K)->7282K(7552K)
[2023-07-28T16:23:16.116+0200][2446,107s] GC(178) Pause Young (Mixed) (G1 Evacuation Pause) 468M->348M(512M) 3,571ms
[2023-07-28T16:23:16.116+0200][2446,107s] GC(178) User=0,01s Sys=0,00s Real=0,00s
[2023-07-28T16:23:16.171+0200][2446,162s] GC(179) Pause Young (Mixed) (G1 Evacuation Pause)
[2023-07-28T16:23:16.171+0200][2446,162s] GC(179) Using 8 workers of 8 for evacuation
[2023-07-28T16:23:16.175+0200][2446,166s] GC(179)   Pre Evacuate Collection Set: 0,2ms
[2023-07-28T16:23:16.175+0200][2446,166s] GC(179)   Merge Heap Roots: 0,1ms
[2023-07-28T16:23:16.175+0200][2446,166s] GC(179)   Evacuate Collection Set: 2,6ms
[2023-07-28T16:23:16.175+0200][2446,166s] GC(179)   Post Evacuate Collection Set: 0,3ms
[2023-07-28T16:23:16.175+0200][2446,166s] GC(179)   Other: 0,1ms
[2023-07-28T16:23:16.175+0200][2446,166s] GC(179) Eden regions: 21->0(21)
[2023-07-28T16:23:16.175+0200][2446,166s] GC(179) Survivor regions: 4->4(4)
[2023-07-28T16:23:16.175+0200][2446,166s] GC(179) Old regions: 208->166
[2023-07-28T16:23:16.175+0200][2446,166s] GC(179) Archive regions: 2->2
[2023-07-28T16:23:16.175+0200][2446,166s] GC(179) Humongous regions: 145->141
[2023-07-28T16:23:16.175+0200][2446,166s] GC(179) Metaspace: 61179K(61696K)->61179K(61696K) NonClass: 53897K(54144K)->53897K(54144K) Class: 7282K(7552K)->7282K(7552K)
[2023-07-28T16:23:16.175+0200][2446,166s] GC(179) Pause Young (Mixed) (G1 Evacuation Pause) 376M->309M(512M) 3,466ms
[2023-07-28T16:23:16.175+0200][2446,166s] GC(179) User=0,01s Sys=0,01s Real=0,00s
[2023-07-28T16:23:16.407+0200][2446,398s] GC(180) Pause Young (Mixed) (G1 Evacuation Pause)
[2023-07-28T16:23:16.407+0200][2446,398s] GC(180) Using 8 workers of 8 for evacuation
[2023-07-28T16:23:16.410+0200][2446,401s] GC(180)   Pre Evacuate Collection Set: 0,1ms
[2023-07-28T16:23:16.410+0200][2446,401s] GC(180)   Merge Heap Roots: 0,1ms
[2023-07-28T16:23:16.410+0200][2446,401s] GC(180)   Evacuate Collection Set: 2,4ms
[2023-07-28T16:23:16.410+0200][2446,401s] GC(180)   Post Evacuate Collection Set: 0,3ms
[2023-07-28T16:23:16.410+0200][2446,401s] GC(180)   Other: 0,1ms
[2023-07-28T16:23:16.410+0200][2446,401s] GC(180) Eden regions: 21->0(116)
[2023-07-28T16:23:16.410+0200][2446,401s] GC(180) Survivor regions: 4->2(4)
[2023-07-28T16:23:16.410+0200][2446,401s] GC(180) Old regions: 166->142
[2023-07-28T16:23:16.410+0200][2446,401s] GC(180) Archive regions: 2->2
[2023-07-28T16:23:16.410+0200][2446,401s] GC(180) Humongous regions: 144->141
[2023-07-28T16:23:16.410+0200][2446,401s] GC(180) Metaspace: 61179K(61696K)->61179K(61696K) NonClass: 53897K(54144K)->53897K(54144K) Class: 7282K(7552K)->7282K(7552K)
[2023-07-28T16:23:16.410+0200][2446,401s] GC(180) Pause Young (Mixed) (G1 Evacuation Pause) 333M->284M(512M) 3,110ms
[2023-07-28T16:23:16.410+0200][2446,401s] GC(180) User=0,01s Sys=0,00s Real=0,01s
[2023-07-28T16:23:16.608+0200][2446,600s] GC(181) Pause Young (Concurrent Start) (G1 Humongous Allocation)
[2023-07-28T16:23:16.609+0200][2446,600s] GC(181) Using 8 workers of 8 for evacuation
[2023-07-28T16:23:16.611+0200][2446,603s] GC(181)   Pre Evacuate Collection Set: 0,1ms
[2023-07-28T16:23:16.612+0200][2446,603s] GC(181)   Merge Heap Roots: 0,0ms
[2023-07-28T16:23:16.612+0200][2446,603s] GC(181)   Evacuate Collection Set: 2,5ms
[2023-07-28T16:23:16.612+0200][2446,603s] GC(181)   Post Evacuate Collection Set: 0,3ms
[2023-07-28T16:23:16.612+0200][2446,603s] GC(181)   Other: 0,1ms
[2023-07-28T16:23:16.612+0200][2446,603s] GC(181) Eden regions: 19->0(123)
[2023-07-28T16:23:16.612+0200][2446,603s] GC(181) Survivor regions: 2->3(15)
[2023-07-28T16:23:16.612+0200][2446,603s] GC(181) Old regions: 142->142
[2023-07-28T16:23:16.612+0200][2446,603s] GC(181) Archive regions: 2->2
[2023-07-28T16:23:16.612+0200][2446,603s] GC(181) Humongous regions: 141->141
[2023-07-28T16:23:16.612+0200][2446,603s] GC(181) Metaspace: 61179K(61696K)->61179K(61696K) NonClass: 53897K(54144K)->53897K(54144K) Class: 7282K(7552K)->7282K(7552K)
[2023-07-28T16:23:16.612+0200][2446,603s] GC(181) Pause Young (Concurrent Start) (G1 Humongous Allocation) 302M->285M(512M) 3,106ms
[2023-07-28T16:23:16.612+0200][2446,603s] GC(181) User=0,00s Sys=0,00s Real=0,01s
[2023-07-28T16:23:16.612+0200][2446,603s] GC(182) Concurrent Mark Cycle
[2023-07-28T16:23:16.612+0200][2446,603s] GC(182) Concurrent Clear Claimed Marks
[2023-07-28T16:23:16.612+0200][2446,603s] GC(182) Concurrent Clear Claimed Marks 0,028ms
[2023-07-28T16:23:16.612+0200][2446,603s] GC(182) Concurrent Scan Root Regions
[2023-07-28T16:23:16.612+0200][2446,603s] GC(182) Concurrent Scan Root Regions 0,352ms
[2023-07-28T16:23:16.612+0200][2446,603s] GC(182) Concurrent Mark
[2023-07-28T16:23:16.612+0200][2446,603s] GC(182) Concurrent Mark From Roots
[2023-07-28T16:23:16.612+0200][2446,603s] GC(182) Using 2 workers of 2 for marking
[2023-07-28T16:23:16.636+0200][2446,627s] GC(182) Concurrent Mark From Roots 23,872ms
[2023-07-28T16:23:16.636+0200][2446,627s] GC(182) Concurrent Preclean
[2023-07-28T16:23:16.636+0200][2446,627s] GC(182) Concurrent Preclean 0,269ms
[2023-07-28T16:23:16.637+0200][2446,628s] GC(182) Pause Remark
[2023-07-28T16:23:16.646+0200][2446,637s] GC(182) Pause Remark 323M->200M(512M) 9,016ms
[2023-07-28T16:23:16.646+0200][2446,637s] GC(182) User=0,02s Sys=0,01s Real=0,01s
[2023-07-28T16:23:16.646+0200][2446,637s] GC(182) Concurrent Mark 33,694ms
[2023-07-28T16:23:16.646+0200][2446,637s] GC(182) Concurrent Rebuild Remembered Sets
[2023-07-28T16:23:16.660+0200][2446,651s] GC(182) Concurrent Rebuild Remembered Sets 14,273ms
[2023-07-28T16:23:16.661+0200][2446,652s] GC(182) Pause Cleanup
[2023-07-28T16:23:16.661+0200][2446,652s] GC(182) Pause Cleanup 200M->200M(512M) 0,135ms
[2023-07-28T16:23:16.661+0200][2446,652s] GC(182) User=0,00s Sys=0,00s Real=0,00s
[2023-07-28T16:23:16.661+0200][2446,652s] GC(182) Concurrent Cleanup for Next Mark
[2023-07-28T16:23:16.661+0200][2446,653s] GC(182) Concurrent Cleanup for Next Mark 0,263ms
[2023-07-28T16:23:16.661+0200][2446,653s] GC(182) Concurrent Mark Cycle 49,687ms
[2023-07-28T16:23:17.225+0200][2447,216s] GC(183) Pause Young (Prepare Mixed) (G1 Preventive Collection)
[2023-07-28T16:23:17.225+0200][2447,217s] GC(183) Using 8 workers of 8 for evacuation
[2023-07-28T16:23:17.231+0200][2447,222s] GC(183)   Pre Evacuate Collection Set: 0,1ms
[2023-07-28T16:23:17.231+0200][2447,222s] GC(183)   Merge Heap Roots: 0,1ms
[2023-07-28T16:23:17.231+0200][2447,222s] GC(183)   Evacuate Collection Set: 4,7ms
[2023-07-28T16:23:17.231+0200][2447,222s] GC(183)   Post Evacuate Collection Set: 0,5ms
[2023-07-28T16:23:17.231+0200][2447,222s] GC(183)   Other: 0,1ms
[2023-07-28T16:23:17.231+0200][2447,222s] GC(183) Eden regions: 82->0(9)
[2023-07-28T16:23:17.231+0200][2447,222s] GC(183) Survivor regions: 3->16(16)
[2023-07-28T16:23:17.231+0200][2447,222s] GC(183) Old regions: 140->140
[2023-07-28T16:23:17.231+0200][2447,222s] GC(183) Archive regions: 2->2
[2023-07-28T16:23:17.231+0200][2447,222s] GC(183) Humongous regions: 267->60
[2023-07-28T16:23:17.231+0200][2447,222s] GC(183) Metaspace: 61179K(61696K)->61179K(61696K) NonClass: 53897K(54144K)->53897K(54144K) Class: 7282K(7552K)->7282K(7552K)
[2023-07-28T16:23:17.231+0200][2447,222s] GC(183) Pause Young (Prepare Mixed) (G1 Preventive Collection) 490M->214M(512M) 5,598ms
[2023-07-28T16:23:17.231+0200][2447,222s] GC(183) User=0,01s Sys=0,00s Real=0,01s
[2023-07-28T16:23:17.286+0200][2447,277s] GC(184) Pause Young (Mixed) (G1 Evacuation Pause)
[2023-07-28T16:23:17.286+0200][2447,278s] GC(184) Using 8 workers of 8 for evacuation
[2023-07-28T16:23:17.291+0200][2447,282s] GC(184)   Pre Evacuate Collection Set: 0,1ms
[2023-07-28T16:23:17.291+0200][2447,282s] GC(184)   Merge Heap Roots: 0,1ms
[2023-07-28T16:23:17.291+0200][2447,282s] GC(184)   Evacuate Collection Set: 3,8ms
[2023-07-28T16:23:17.291+0200][2447,282s] GC(184)   Post Evacuate Collection Set: 0,3ms
[2023-07-28T16:23:17.291+0200][2447,282s] GC(184)   Other: 0,2ms
[2023-07-28T16:23:17.291+0200][2447,282s] GC(184) Eden regions: 9->0(170)
[2023-07-28T16:23:17.291+0200][2447,282s] GC(184) Survivor regions: 16->3(4)
[2023-07-28T16:23:17.291+0200][2447,282s] GC(184) Old regions: 140->147
[2023-07-28T16:23:17.291+0200][2447,282s] GC(184) Archive regions: 2->2
[2023-07-28T16:23:17.291+0200][2447,282s] GC(184) Humongous regions: 82->60
[2023-07-28T16:23:17.291+0200][2447,282s] GC(184) Metaspace: 61179K(61696K)->61179K(61696K) NonClass: 53897K(54144K)->53897K(54144K) Class: 7282K(7552K)->7282K(7552K)
[2023-07-28T16:23:17.291+0200][2447,282s] GC(184) Pause Young (Mixed) (G1 Evacuation Pause) 245M->209M(512M) 4,565ms
[2023-07-28T16:23:17.291+0200][2447,282s] GC(184) User=0,01s Sys=0,01s Real=0,01s
[2023-07-28T16:23:17.298+0200][2447,289s] GC(185) Pause Young (Concurrent Start) (G1 Humongous Allocation)
[2023-07-28T16:23:17.298+0200][2447,289s] GC(185) Using 8 workers of 8 for evacuation
[2023-07-28T16:23:17.299+0200][2447,291s] GC(185)   Pre Evacuate Collection Set: 0,1ms
[2023-07-28T16:23:17.299+0200][2447,291s] GC(185)   Merge Heap Roots: 0,1ms
[2023-07-28T16:23:17.299+0200][2447,291s] GC(185)   Evacuate Collection Set: 1,1ms
[2023-07-28T16:23:17.299+0200][2447,291s] GC(185)   Post Evacuate Collection Set: 0,3ms
[2023-07-28T16:23:17.299+0200][2447,291s] GC(185)   Other: 0,1ms
[2023-07-28T16:23:17.299+0200][2447,291s] GC(185) Eden regions: 3->0(136)
[2023-07-28T16:23:17.299+0200][2447,291s] GC(185) Survivor regions: 3->4(22)
[2023-07-28T16:23:17.299+0200][2447,291s] GC(185) Old regions: 147->147
[2023-07-28T16:23:17.299+0200][2447,291s] GC(185) Archive regions: 2->2
[2023-07-28T16:23:17.299+0200][2447,291s] GC(185) Humongous regions: 60->60
[2023-07-28T16:23:17.299+0200][2447,291s] GC(185) Metaspace: 61179K(61696K)->61179K(61696K) NonClass: 53897K(54144K)->53897K(54144K) Class: 7282K(7552K)->7282K(7552K)
[2023-07-28T16:23:17.299+0200][2447,291s] GC(185) Pause Young (Concurrent Start) (G1 Humongous Allocation) 211M->209M(512M) 1,836ms
[2023-07-28T16:23:17.300+0200][2447,291s] GC(185) User=0,01s Sys=0,00s Real=0,01s
[2023-07-28T16:23:17.300+0200][2447,291s] GC(186) Concurrent Mark Cycle
[2023-07-28T16:23:17.300+0200][2447,291s] GC(186) Concurrent Clear Claimed Marks
[2023-07-28T16:23:17.300+0200][2447,291s] GC(186) Concurrent Clear Claimed Marks 0,032ms
[2023-07-28T16:23:17.300+0200][2447,291s] GC(186) Concurrent Scan Root Regions
[2023-07-28T16:23:17.300+0200][2447,291s] GC(186) Concurrent Scan Root Regions 0,585ms
[2023-07-28T16:23:17.300+0200][2447,291s] GC(186) Concurrent Mark
[2023-07-28T16:23:17.300+0200][2447,291s] GC(186) Concurrent Mark From Roots
[2023-07-28T16:23:17.300+0200][2447,291s] GC(186) Using 2 workers of 2 for marking
[2023-07-28T16:23:17.325+0200][2447,317s] GC(186) Concurrent Mark From Roots 25,215ms
[2023-07-28T16:23:17.325+0200][2447,317s] GC(186) Concurrent Preclean
[2023-07-28T16:23:17.326+0200][2447,317s] GC(186) Concurrent Preclean 0,240ms
[2023-07-28T16:23:17.326+0200][2447,317s] GC(186) Pause Remark
[2023-07-28T16:23:17.335+0200][2447,326s] GC(186) Pause Remark 215M->208M(512M) 8,937ms
[2023-07-28T16:23:17.335+0200][2447,326s] GC(186) User=0,02s Sys=0,01s Real=0,01s
[2023-07-28T16:23:17.335+0200][2447,326s] GC(186) Concurrent Mark 35,016ms
[2023-07-28T16:23:17.335+0200][2447,326s] GC(186) Concurrent Rebuild Remembered Sets
[2023-07-28T16:23:17.351+0200][2447,342s] GC(186) Concurrent Rebuild Remembered Sets 15,584ms
[2023-07-28T16:23:17.351+0200][2447,343s] GC(186) Pause Cleanup
[2023-07-28T16:23:17.352+0200][2447,343s] GC(186) Pause Cleanup 208M->208M(512M) 0,123ms
[2023-07-28T16:23:17.352+0200][2447,343s] GC(186) User=0,00s Sys=0,00s Real=0,00s
[2023-07-28T16:23:17.352+0200][2447,343s] GC(186) Concurrent Cleanup for Next Mark
[2023-07-28T16:23:17.352+0200][2447,343s] GC(186) Concurrent Cleanup for Next Mark 0,236ms
[2023-07-28T16:23:17.352+0200][2447,343s] GC(186) Concurrent Mark Cycle 52,373ms
[2023-07-28T16:23:17.830+0200][2447,822s] GC(187) Pause Young (Prepare Mixed) (G1 Preventive Collection)
[2023-07-28T16:23:17.831+0200][2447,822s] GC(187) Using 8 workers of 8 for evacuation
[2023-07-28T16:23:17.834+0200][2447,826s] GC(187)   Pre Evacuate Collection Set: 0,1ms
[2023-07-28T16:23:17.835+0200][2447,826s] GC(187)   Merge Heap Roots: 0,1ms
[2023-07-28T16:23:17.835+0200][2447,826s] GC(187)   Evacuate Collection Set: 3,4ms
[2023-07-28T16:23:17.835+0200][2447,826s] GC(187)   Post Evacuate Collection Set: 0,3ms
[2023-07-28T16:23:17.835+0200][2447,826s] GC(187)   Other: 0,2ms
[2023-07-28T16:23:17.835+0200][2447,826s] GC(187) Eden regions: 120->0(13)
[2023-07-28T16:23:17.835+0200][2447,826s] GC(187) Survivor regions: 4->12(18)
[2023-07-28T16:23:17.835+0200][2447,826s] GC(187) Old regions: 147->147
[2023-07-28T16:23:17.835+0200][2447,826s] GC(187) Archive regions: 2->2
[2023-07-28T16:23:17.835+0200][2447,826s] GC(187) Humongous regions: 185->79
[2023-07-28T16:23:17.835+0200][2447,826s] GC(187) Metaspace: 61179K(61696K)->61179K(61696K) NonClass: 53897K(54144K)->53897K(54144K) Class: 7282K(7552K)->7282K(7552K)
[2023-07-28T16:23:17.835+0200][2447,826s] GC(187) Pause Young (Prepare Mixed) (G1 Preventive Collection) 454M->236M(512M) 4,152ms
[2023-07-28T16:23:17.835+0200][2447,826s] GC(187) User=0,01s Sys=0,01s Real=0,00s
[2023-07-28T16:23:17.905+0200][2447,896s] GC(188) Pause Young (Mixed) (G1 Evacuation Pause)
[2023-07-28T16:23:17.905+0200][2447,896s] GC(188) Using 8 workers of 8 for evacuation
[2023-07-28T16:23:17.908+0200][2447,899s] GC(188)   Pre Evacuate Collection Set: 0,1ms
[2023-07-28T16:23:17.908+0200][2447,899s] GC(188)   Merge Heap Roots: 0,1ms
[2023-07-28T16:23:17.908+0200][2447,899s] GC(188)   Evacuate Collection Set: 2,7ms
[2023-07-28T16:23:17.908+0200][2447,899s] GC(188)   Post Evacuate Collection Set: 0,3ms
[2023-07-28T16:23:17.908+0200][2447,899s] GC(188)   Other: 0,1ms
[2023-07-28T16:23:17.908+0200][2447,899s] GC(188) Eden regions: 13->0(141)
[2023-07-28T16:23:17.908+0200][2447,899s] GC(188) Survivor regions: 12->2(4)
[2023-07-28T16:23:17.908+0200][2447,899s] GC(188) Old regions: 147->152
[2023-07-28T16:23:17.908+0200][2447,900s] GC(188) Archive regions: 2->2
[2023-07-28T16:23:17.908+0200][2447,900s] GC(188) Humongous regions: 97->61
[2023-07-28T16:23:17.908+0200][2447,900s] GC(188) Metaspace: 61179K(61696K)->61179K(61696K) NonClass: 53897K(54144K)->53897K(54144K) Class: 7282K(7552K)->7282K(7552K)
[2023-07-28T16:23:17.908+0200][2447,900s] GC(188) Pause Young (Mixed) (G1 Evacuation Pause) 267M->213M(512M) 3,442ms
[2023-07-28T16:23:17.908+0200][2447,900s] GC(188) User=0,01s Sys=0,00s Real=0,00s
[2023-07-28T16:23:17.928+0200][2447,919s] GC(189) Pause Young (Concurrent Start) (G1 Humongous Allocation)
[2023-07-28T16:23:17.928+0200][2447,919s] GC(189) Using 8 workers of 8 for evacuation
[2023-07-28T16:23:17.930+0200][2447,921s] GC(189)   Pre Evacuate Collection Set: 0,1ms
[2023-07-28T16:23:17.930+0200][2447,922s] GC(189)   Merge Heap Roots: 0,0ms
[2023-07-28T16:23:17.930+0200][2447,922s] GC(189)   Evacuate Collection Set: 1,8ms
[2023-07-28T16:23:17.930+0200][2447,922s] GC(189)   Post Evacuate Collection Set: 0,2ms
[2023-07-28T16:23:17.930+0200][2447,922s] GC(189)   Other: 0,3ms
[2023-07-28T16:23:17.930+0200][2447,922s] GC(189) Eden regions: 5->0(152)
[2023-07-28T16:23:17.930+0200][2447,922s] GC(189) Survivor regions: 2->2(18)
[2023-07-28T16:23:17.930+0200][2447,922s] GC(189) Old regions: 152->152
[2023-07-28T16:23:17.930+0200][2447,922s] GC(189) Archive regions: 2->2
[2023-07-28T16:23:17.930+0200][2447,922s] GC(189) Humongous regions: 61->60
[2023-07-28T16:23:17.930+0200][2447,922s] GC(189) Metaspace: 61179K(61696K)->61179K(61696K) NonClass: 53897K(54144K)->53897K(54144K) Class: 7282K(7552K)->7282K(7552K)
[2023-07-28T16:23:17.930+0200][2447,922s] GC(189) Pause Young (Concurrent Start) (G1 Humongous Allocation) 217M->212M(512M) 2,552ms
[2023-07-28T16:23:17.930+0200][2447,922s] GC(189) User=0,00s Sys=0,01s Real=0,01s
[2023-07-28T16:23:17.930+0200][2447,922s] GC(190) Concurrent Mark Cycle
[2023-07-28T16:23:17.930+0200][2447,922s] GC(190) Concurrent Clear Claimed Marks
[2023-07-28T16:23:17.930+0200][2447,922s] GC(190) Concurrent Clear Claimed Marks 0,011ms
[2023-07-28T16:23:17.930+0200][2447,922s] GC(190) Concurrent Scan Root Regions
[2023-07-28T16:23:17.931+0200][2447,922s] GC(190) Concurrent Scan Root Regions 0,318ms
[2023-07-28T16:23:17.931+0200][2447,922s] GC(190) Concurrent Mark
[2023-07-28T16:23:17.931+0200][2447,922s] GC(190) Concurrent Mark From Roots
[2023-07-28T16:23:17.931+0200][2447,922s] GC(190) Using 2 workers of 2 for marking
[2023-07-28T16:23:17.954+0200][2447,945s] GC(190) Concurrent Mark From Roots 23,430ms
[2023-07-28T16:23:17.954+0200][2447,945s] GC(190) Concurrent Preclean
[2023-07-28T16:23:17.954+0200][2447,946s] GC(190) Concurrent Preclean 0,214ms
[2023-07-28T16:23:17.955+0200][2447,946s] GC(190) Pause Remark
[2023-07-28T16:23:17.965+0200][2447,956s] GC(190) Pause Remark 219M->195M(512M) 10,166ms
[2023-07-28T16:23:17.965+0200][2447,956s] GC(190) User=0,02s Sys=0,01s Real=0,01s
[2023-07-28T16:23:17.965+0200][2447,956s] GC(190) Concurrent Mark 34,203ms
[2023-07-28T16:23:17.965+0200][2447,956s] GC(190) Concurrent Rebuild Remembered Sets
[2023-07-28T16:23:17.986+0200][2447,977s] GC(190) Concurrent Rebuild Remembered Sets 20,968ms
[2023-07-28T16:23:17.986+0200][2447,977s] GC(190) Pause Cleanup
[2023-07-28T16:23:17.986+0200][2447,978s] GC(190) Pause Cleanup 195M->195M(512M) 0,120ms
[2023-07-28T16:23:17.986+0200][2447,978s] GC(190) User=0,00s Sys=0,00s Real=0,00s
[2023-07-28T16:23:17.986+0200][2447,978s] GC(190) Concurrent Cleanup for Next Mark
[2023-07-28T16:23:17.987+0200][2447,978s] GC(190) Concurrent Cleanup for Next Mark 0,204ms
[2023-07-28T16:23:17.987+0200][2447,978s] GC(190) Concurrent Mark Cycle 56,225ms
[2023-07-28T16:23:18.541+0200][2448,533s] GC(191) Pause Young (Prepare Mixed) (G1 Preventive Collection)
[2023-07-28T16:23:18.541+0200][2448,533s] GC(191) Using 8 workers of 8 for evacuation
[2023-07-28T16:23:18.545+0200][2448,536s] GC(191)   Pre Evacuate Collection Set: 0,1ms
[2023-07-28T16:23:18.545+0200][2448,536s] GC(191)   Merge Heap Roots: 0,1ms
[2023-07-28T16:23:18.545+0200][2448,536s] GC(191)   Evacuate Collection Set: 2,9ms
[2023-07-28T16:23:18.545+0200][2448,536s] GC(191)   Post Evacuate Collection Set: 0,4ms
[2023-07-28T16:23:18.545+0200][2448,536s] GC(191)   Other: 0,1ms
[2023-07-28T16:23:18.545+0200][2448,536s] GC(191) Eden regions: 102->0(15)
[2023-07-28T16:23:18.545+0200][2448,536s] GC(191) Survivor regions: 2->10(20)
[2023-07-28T16:23:18.545+0200][2448,536s] GC(191) Old regions: 152->152
[2023-07-28T16:23:18.545+0200][2448,536s] GC(191) Archive regions: 2->2
[2023-07-28T16:23:18.545+0200][2448,536s] GC(191) Humongous regions: 223->50
[2023-07-28T16:23:18.545+0200][2448,536s] GC(191) Metaspace: 61179K(61696K)->61179K(61696K) NonClass: 53897K(54144K)->53897K(54144K) Class: 7282K(7552K)->7282K(7552K)
[2023-07-28T16:23:18.545+0200][2448,536s] GC(191) Pause Young (Prepare Mixed) (G1 Preventive Collection) 476M->210M(512M) 3,674ms
[2023-07-28T16:23:18.545+0200][2448,536s] GC(191) User=0,00s Sys=0,00s Real=0,00s
[2023-07-28T16:23:18.599+0200][2448,591s] GC(192) Pause Young (Mixed) (G1 Evacuation Pause)
[2023-07-28T16:23:18.599+0200][2448,591s] GC(192) Using 8 workers of 8 for evacuation
[2023-07-28T16:23:18.602+0200][2448,593s] GC(192)   Pre Evacuate Collection Set: 0,1ms
[2023-07-28T16:23:18.602+0200][2448,594s] GC(192)   Merge Heap Roots: 0,1ms
[2023-07-28T16:23:18.602+0200][2448,594s] GC(192)   Evacuate Collection Set: 2,2ms
[2023-07-28T16:23:18.602+0200][2448,594s] GC(192)   Post Evacuate Collection Set: 0,4ms
[2023-07-28T16:23:18.602+0200][2448,594s] GC(192)   Other: 0,1ms
[2023-07-28T16:23:18.602+0200][2448,594s] GC(192) Eden regions: 15->0(160)
[2023-07-28T16:23:18.602+0200][2448,594s] GC(192) Survivor regions: 10->4(4)
[2023-07-28T16:23:18.602+0200][2448,594s] GC(192) Old regions: 152->153
[2023-07-28T16:23:18.602+0200][2448,594s] GC(192) Archive regions: 2->2
[2023-07-28T16:23:18.602+0200][2448,594s] GC(192) Humongous regions: 69->55
[2023-07-28T16:23:18.602+0200][2448,594s] GC(192) Metaspace: 61179K(61696K)->61179K(61696K) NonClass: 53897K(54144K)->53897K(54144K) Class: 7282K(7552K)->7282K(7552K)
[2023-07-28T16:23:18.602+0200][2448,594s] GC(192) Pause Young (Mixed) (G1 Evacuation Pause) 244M->211M(512M) 2,903ms
[2023-07-28T16:23:18.602+0200][2448,594s] GC(192) User=0,01s Sys=0,00s Real=0,01s
[2023-07-28T16:23:18.614+0200][2448,605s] GC(193) Pause Young (Concurrent Start) (G1 Humongous Allocation)
[2023-07-28T16:23:18.614+0200][2448,605s] GC(193) Using 8 workers of 8 for evacuation
[2023-07-28T16:23:18.616+0200][2448,607s] GC(193)   Pre Evacuate Collection Set: 0,1ms
[2023-07-28T16:23:18.616+0200][2448,607s] GC(193)   Merge Heap Roots: 0,1ms
[2023-07-28T16:23:18.616+0200][2448,607s] GC(193)   Evacuate Collection Set: 1,8ms
[2023-07-28T16:23:18.616+0200][2448,607s] GC(193)   Post Evacuate Collection Set: 0,3ms
[2023-07-28T16:23:18.616+0200][2448,607s] GC(193)   Other: 0,2ms
[2023-07-28T16:23:18.616+0200][2448,607s] GC(193) Eden regions: 3->0(172)
[2023-07-28T16:23:18.616+0200][2448,607s] GC(193) Survivor regions: 4->4(21)
[2023-07-28T16:23:18.616+0200][2448,607s] GC(193) Old regions: 153->153
[2023-07-28T16:23:18.616+0200][2448,607s] GC(193) Archive regions: 2->2
[2023-07-28T16:23:18.616+0200][2448,607s] GC(193) Humongous regions: 55->54
[2023-07-28T16:23:18.616+0200][2448,607s] GC(193) Metaspace: 61179K(61696K)->61179K(61696K) NonClass: 53897K(54144K)->53897K(54144K) Class: 7282K(7552K)->7282K(7552K)
[2023-07-28T16:23:18.616+0200][2448,607s] GC(193) Pause Young (Concurrent Start) (G1 Humongous Allocation) 213M->210M(512M) 2,488ms
[2023-07-28T16:23:18.616+0200][2448,607s] GC(193) User=0,01s Sys=0,01s Real=0,00s
[2023-07-28T16:23:18.616+0200][2448,607s] GC(194) Concurrent Mark Cycle
[2023-07-28T16:23:18.616+0200][2448,607s] GC(194) Concurrent Clear Claimed Marks
[2023-07-28T16:23:18.616+0200][2448,607s] GC(194) Concurrent Clear Claimed Marks 0,023ms
[2023-07-28T16:23:18.616+0200][2448,607s] GC(194) Concurrent Scan Root Regions
[2023-07-28T16:23:18.617+0200][2448,608s] GC(194) Concurrent Scan Root Regions 0,353ms
[2023-07-28T16:23:18.617+0200][2448,608s] GC(194) Concurrent Mark
[2023-07-28T16:23:18.617+0200][2448,608s] GC(194) Concurrent Mark From Roots
[2023-07-28T16:23:18.617+0200][2448,608s] GC(194) Using 2 workers of 2 for marking
[2023-07-28T16:23:18.640+0200][2448,631s] GC(194) Concurrent Mark From Roots 23,485ms
[2023-07-28T16:23:18.640+0200][2448,631s] GC(194) Concurrent Preclean
[2023-07-28T16:23:18.640+0200][2448,632s] GC(194) Concurrent Preclean 0,285ms
[2023-07-28T16:23:18.641+0200][2448,632s] GC(194) Pause Remark
[2023-07-28T16:23:18.649+0200][2448,641s] GC(194) Pause Remark 216M->209M(512M) 8,578ms
[2023-07-28T16:23:18.649+0200][2448,641s] GC(194) User=0,02s Sys=0,01s Real=0,00s
[2023-07-28T16:23:18.649+0200][2448,641s] GC(194) Concurrent Mark 32,811ms
[2023-07-28T16:23:18.649+0200][2448,641s] GC(194) Concurrent Rebuild Remembered Sets
[2023-07-28T16:23:18.664+0200][2448,655s] GC(194) Concurrent Rebuild Remembered Sets 14,665ms
[2023-07-28T16:23:18.665+0200][2448,656s] GC(194) Pause Cleanup
[2023-07-28T16:23:18.665+0200][2448,656s] GC(194) Pause Cleanup 210M->210M(512M) 0,214ms
[2023-07-28T16:23:18.665+0200][2448,656s] GC(194) User=0,00s Sys=0,00s Real=0,00s
[2023-07-28T16:23:18.665+0200][2448,657s] GC(194) Concurrent Cleanup for Next Mark
[2023-07-28T16:23:18.666+0200][2448,657s] GC(194) Concurrent Cleanup for Next Mark 0,227ms
[2023-07-28T16:23:18.666+0200][2448,657s] GC(194) Concurrent Mark Cycle 49,389ms
[2023-07-28T16:23:19.557+0200][2449,549s] GC(195) Pause Young (Prepare Mixed) (G1 Evacuation Pause)
[2023-07-28T16:23:19.557+0200][2449,549s] GC(195) Using 8 workers of 8 for evacuation
[2023-07-28T16:23:19.560+0200][2449,551s] GC(195)   Pre Evacuate Collection Set: 0,1ms
[2023-07-28T16:23:19.560+0200][2449,552s] GC(195)   Merge Heap Roots: 0,1ms
[2023-07-28T16:23:19.560+0200][2449,552s] GC(195)   Evacuate Collection Set: 2,1ms
[2023-07-28T16:23:19.560+0200][2449,552s] GC(195)   Post Evacuate Collection Set: 0,4ms
[2023-07-28T16:23:19.560+0200][2449,552s] GC(195)   Other: 0,1ms
[2023-07-28T16:23:19.560+0200][2449,552s] GC(195) Eden regions: 172->0(17)
[2023-07-28T16:23:19.560+0200][2449,552s] GC(195) Survivor regions: 4->8(22)
[2023-07-28T16:23:19.560+0200][2449,552s] GC(195) Old regions: 153->153
[2023-07-28T16:23:19.560+0200][2449,552s] GC(195) Archive regions: 2->2
[2023-07-28T16:23:19.560+0200][2449,552s] GC(195) Humongous regions: 52->47
[2023-07-28T16:23:19.560+0200][2449,552s] GC(195) Metaspace: 61211K(61696K)->61211K(61696K) NonClass: 53926K(54144K)->53926K(54144K) Class: 7285K(7552K)->7285K(7552K)
[2023-07-28T16:23:19.560+0200][2449,552s] GC(195) Pause Young (Prepare Mixed) (G1 Evacuation Pause) 380M->207M(512M) 2,912ms
[2023-07-28T16:23:19.560+0200][2449,552s] GC(195) User=0,01s Sys=0,00s Real=0,01s
[2023-07-28T16:23:19.581+0200][2449,572s] GC(196) Pause Young (Mixed) (G1 Evacuation Pause)
[2023-07-28T16:23:19.581+0200][2449,572s] GC(196) Using 8 workers of 8 for evacuation
[2023-07-28T16:23:19.583+0200][2449,575s] GC(196)   Pre Evacuate Collection Set: 0,1ms
[2023-07-28T16:23:19.583+0200][2449,575s] GC(196)   Merge Heap Roots: 0,1ms
[2023-07-28T16:23:19.583+0200][2449,575s] GC(196)   Evacuate Collection Set: 2,2ms
[2023-07-28T16:23:19.583+0200][2449,575s] GC(196)   Post Evacuate Collection Set: 0,3ms
[2023-07-28T16:23:19.583+0200][2449,575s] GC(196)   Other: 0,1ms
[2023-07-28T16:23:19.583+0200][2449,575s] GC(196) Eden regions: 17->0(188)
[2023-07-28T16:23:19.583+0200][2449,575s] GC(196) Survivor regions: 8->1(4)
[2023-07-28T16:23:19.584+0200][2449,575s] GC(196) Old regions: 153->156
[2023-07-28T16:23:19.584+0200][2449,575s] GC(196) Archive regions: 2->2
[2023-07-28T16:23:19.584+0200][2449,575s] GC(196) Humongous regions: 47->47
[2023-07-28T16:23:19.584+0200][2449,575s] GC(196) Metaspace: 61211K(61696K)->61211K(61696K) NonClass: 53926K(54144K)->53926K(54144K) Class: 7285K(7552K)->7285K(7552K)
[2023-07-28T16:23:19.584+0200][2449,575s] GC(196) Pause Young (Mixed) (G1 Evacuation Pause) 224M->201M(512M) 2,923ms
[2023-07-28T16:23:19.584+0200][2449,575s] GC(196) User=0,01s Sys=0,00s Real=0,00s
[2023-07-28T16:23:19.938+0200][2449,930s] GC(197) Pause Young (Concurrent Start) (G1 Evacuation Pause)
[2023-07-28T16:23:19.938+0200][2449,930s] GC(197) Using 8 workers of 8 for evacuation
[2023-07-28T16:23:19.940+0200][2449,931s] GC(197)   Pre Evacuate Collection Set: 0,1ms
[2023-07-28T16:23:19.940+0200][2449,931s] GC(197)   Merge Heap Roots: 0,1ms
[2023-07-28T16:23:19.940+0200][2449,931s] GC(197)   Evacuate Collection Set: 0,7ms
[2023-07-28T16:23:19.940+0200][2449,931s] GC(197)   Post Evacuate Collection Set: 0,4ms
[2023-07-28T16:23:19.940+0200][2449,931s] GC(197)   Other: 0,1ms
[2023-07-28T16:23:19.940+0200][2449,931s] GC(197) Eden regions: 188->0(199)
[2023-07-28T16:23:19.940+0200][2449,931s] GC(197) Survivor regions: 1->1(24)
[2023-07-28T16:23:19.940+0200][2449,931s] GC(197) Old regions: 156->156
[2023-07-28T16:23:19.940+0200][2449,931s] GC(197) Archive regions: 2->2
[2023-07-28T16:23:19.940+0200][2449,931s] GC(197) Humongous regions: 47->47
[2023-07-28T16:23:19.940+0200][2449,931s] GC(197) Metaspace: 61211K(61696K)->61211K(61696K) NonClass: 53926K(54144K)->53926K(54144K) Class: 7285K(7552K)->7285K(7552K)
[2023-07-28T16:23:19.940+0200][2449,931s] GC(197) Pause Young (Concurrent Start) (G1 Evacuation Pause) 389M->201M(512M) 1,487ms
[2023-07-28T16:23:19.940+0200][2449,931s] GC(197) User=0,01s Sys=0,00s Real=0,01s
[2023-07-28T16:23:19.940+0200][2449,931s] GC(198) Concurrent Mark Cycle
[2023-07-28T16:23:19.940+0200][2449,931s] GC(198) Concurrent Clear Claimed Marks
[2023-07-28T16:23:19.940+0200][2449,931s] GC(198) Concurrent Clear Claimed Marks 0,009ms
[2023-07-28T16:23:19.940+0200][2449,931s] GC(198) Concurrent Scan Root Regions
[2023-07-28T16:23:19.940+0200][2449,932s] GC(198) Concurrent Scan Root Regions 0,464ms
[2023-07-28T16:23:19.940+0200][2449,932s] GC(198) Concurrent Mark
[2023-07-28T16:23:19.940+0200][2449,932s] GC(198) Concurrent Mark From Roots
[2023-07-28T16:23:19.940+0200][2449,932s] GC(198) Using 2 workers of 2 for marking
[2023-07-28T16:23:19.965+0200][2449,956s] GC(198) Concurrent Mark From Roots 24,319ms
[2023-07-28T16:23:19.965+0200][2449,956s] GC(198) Concurrent Preclean
[2023-07-28T16:23:19.965+0200][2449,956s] GC(198) Concurrent Preclean 0,230ms
[2023-07-28T16:23:19.965+0200][2449,956s] GC(198) Pause Remark
[2023-07-28T16:23:19.972+0200][2449,963s] GC(198) Pause Remark 213M->201M(512M) 6,611ms
[2023-07-28T16:23:19.972+0200][2449,963s] GC(198) User=0,02s Sys=0,01s Real=0,01s
[2023-07-28T16:23:19.972+0200][2449,963s] GC(198) Concurrent Mark 31,507ms
[2023-07-28T16:23:19.972+0200][2449,963s] GC(198) Concurrent Rebuild Remembered Sets
[2023-07-28T16:23:19.987+0200][2449,978s] GC(198) Concurrent Rebuild Remembered Sets 14,833ms
[2023-07-28T16:23:19.987+0200][2449,978s] GC(198) Pause Cleanup
[2023-07-28T16:23:19.987+0200][2449,978s] GC(198) Pause Cleanup 203M->203M(512M) 0,139ms
[2023-07-28T16:23:19.987+0200][2449,978s] GC(198) User=0,01s Sys=0,00s Real=0,00s
[2023-07-28T16:23:19.987+0200][2449,978s] GC(198) Concurrent Cleanup for Next Mark
[2023-07-28T16:23:19.987+0200][2449,979s] GC(198) Concurrent Cleanup for Next Mark 0,229ms
[2023-07-28T16:23:19.987+0200][2449,979s] GC(198) Concurrent Mark Cycle 47,486ms
[2023-07-28T16:23:20.333+0200][2450,325s] GC(199) Pause Young (Prepare Mixed) (G1 Evacuation Pause)
[2023-07-28T16:23:20.333+0200][2450,325s] GC(199) Using 8 workers of 8 for evacuation
[2023-07-28T16:23:20.335+0200][2450,326s] GC(199)   Pre Evacuate Collection Set: 0,1ms
[2023-07-28T16:23:20.335+0200][2450,326s] GC(199)   Merge Heap Roots: 0,1ms
[2023-07-28T16:23:20.335+0200][2450,326s] GC(199)   Evacuate Collection Set: 1,0ms
[2023-07-28T16:23:20.335+0200][2450,326s] GC(199)   Post Evacuate Collection Set: 0,4ms
[2023-07-28T16:23:20.335+0200][2450,326s] GC(199)   Other: 0,1ms
[2023-07-28T16:23:20.335+0200][2450,326s] GC(199) Eden regions: 199->0(24)
[2023-07-28T16:23:20.335+0200][2450,326s] GC(199) Survivor regions: 1->1(25)
[2023-07-28T16:23:20.335+0200][2450,326s] GC(199) Old regions: 156->156
[2023-07-28T16:23:20.335+0200][2450,326s] GC(199) Archive regions: 2->2
[2023-07-28T16:23:20.335+0200][2450,326s] GC(199) Humongous regions: 35->35
[2023-07-28T16:23:20.335+0200][2450,326s] GC(199) Metaspace: 61215K(61696K)->61215K(61696K) NonClass: 53930K(54144K)->53930K(54144K) Class: 7285K(7552K)->7285K(7552K)
[2023-07-28T16:23:20.335+0200][2450,326s] GC(199) Pause Young (Prepare Mixed) (G1 Evacuation Pause) 388M->190M(512M) 1,824ms
[2023-07-28T16:23:20.335+0200][2450,326s] GC(199) User=0,01s Sys=0,01s Real=0,00s
[2023-07-28T16:23:20.372+0200][2450,363s] GC(200) Pause Young (Mixed) (G1 Evacuation Pause)
[2023-07-28T16:23:20.372+0200][2450,363s] GC(200) Using 8 workers of 8 for evacuation
[2023-07-28T16:23:20.374+0200][2450,365s] GC(200)   Pre Evacuate Collection Set: 0,1ms
[2023-07-28T16:23:20.374+0200][2450,365s] GC(200)   Merge Heap Roots: 0,0ms
[2023-07-28T16:23:20.374+0200][2450,365s] GC(200)   Evacuate Collection Set: 1,4ms
[2023-07-28T16:23:20.374+0200][2450,365s] GC(200)   Post Evacuate Collection Set: 0,3ms
[2023-07-28T16:23:20.374+0200][2450,365s] GC(200)   Other: 0,1ms
[2023-07-28T16:23:20.374+0200][2450,365s] GC(200) Eden regions: 24->0(225)
[2023-07-28T16:23:20.374+0200][2450,365s] GC(200) Survivor regions: 1->1(4)
[2023-07-28T16:23:20.374+0200][2450,365s] GC(200) Old regions: 156->147
[2023-07-28T16:23:20.374+0200][2450,365s] GC(200) Archive regions: 2->2
[2023-07-28T16:23:20.374+0200][2450,365s] GC(200) Humongous regions: 35->35
[2023-07-28T16:23:20.374+0200][2450,365s] GC(200) Metaspace: 61215K(61696K)->61215K(61696K) NonClass: 53930K(54144K)->53930K(54144K) Class: 7285K(7552K)->7285K(7552K)
[2023-07-28T16:23:20.374+0200][2450,365s] GC(200) Pause Young (Mixed) (G1 Evacuation Pause) 214M->182M(512M) 2,058ms
[2023-07-28T16:23:20.374+0200][2450,365s] GC(200) User=0,01s Sys=0,00s Real=0,00s
[2023-07-28T16:23:20.653+0200][2450,644s] GC(201) Pause Young (Concurrent Start) (G1 Humongous Allocation)
[2023-07-28T16:23:20.653+0200][2450,644s] GC(201) Using 8 workers of 8 for evacuation
[2023-07-28T16:23:20.655+0200][2450,646s] GC(201)   Pre Evacuate Collection Set: 0,1ms
[2023-07-28T16:23:20.655+0200][2450,646s] GC(201)   Merge Heap Roots: 0,0ms
[2023-07-28T16:23:20.655+0200][2450,646s] GC(201)   Evacuate Collection Set: 1,6ms
[2023-07-28T16:23:20.655+0200][2450,646s] GC(201)   Post Evacuate Collection Set: 0,2ms
[2023-07-28T16:23:20.655+0200][2450,646s] GC(201)   Other: 0,1ms
[2023-07-28T16:23:20.655+0200][2450,646s] GC(201) Eden regions: 87->0(234)
[2023-07-28T16:23:20.655+0200][2450,646s] GC(201) Survivor regions: 1->1(29)
[2023-07-28T16:23:20.655+0200][2450,646s] GC(201) Old regions: 147->147
[2023-07-28T16:23:20.655+0200][2450,646s] GC(201) Archive regions: 2->2
[2023-07-28T16:23:20.655+0200][2450,646s] GC(201) Humongous regions: 35->35
[2023-07-28T16:23:20.655+0200][2450,646s] GC(201) Metaspace: 61243K(61760K)->61243K(61760K) NonClass: 53958K(54208K)->53958K(54208K) Class: 7285K(7552K)->7285K(7552K)
[2023-07-28T16:23:20.655+0200][2450,646s] GC(201) Pause Young (Concurrent Start) (G1 Humongous Allocation) 268M->182M(512M) 2,072ms
[2023-07-28T16:23:20.655+0200][2450,646s] GC(201) User=0,01s Sys=0,00s Real=0,00s
[2023-07-28T16:23:20.655+0200][2450,646s] GC(202) Concurrent Mark Cycle
[2023-07-28T16:23:20.655+0200][2450,646s] GC(202) Concurrent Clear Claimed Marks
[2023-07-28T16:23:20.655+0200][2450,646s] GC(202) Concurrent Clear Claimed Marks 0,016ms
[2023-07-28T16:23:20.655+0200][2450,646s] GC(202) Concurrent Scan Root Regions
[2023-07-28T16:23:20.656+0200][2450,647s] GC(202) Concurrent Scan Root Regions 0,688ms
[2023-07-28T16:23:20.656+0200][2450,647s] GC(202) Concurrent Mark
[2023-07-28T16:23:20.656+0200][2450,647s] GC(202) Concurrent Mark From Roots
[2023-07-28T16:23:20.656+0200][2450,647s] GC(202) Using 2 workers of 2 for marking
[2023-07-28T16:23:20.685+0200][2450,676s] GC(202) Concurrent Mark From Roots 29,001ms
[2023-07-28T16:23:20.685+0200][2450,676s] GC(202) Concurrent Preclean
[2023-07-28T16:23:20.685+0200][2450,676s] GC(202) Concurrent Preclean 0,287ms
[2023-07-28T16:23:20.685+0200][2450,677s] GC(202) Pause Remark
[2023-07-28T16:23:20.707+0200][2450,698s] GC(202) Pause Remark 193M->149M(512M) 21,483ms
[2023-07-28T16:23:20.707+0200][2450,698s] GC(202) User=0,03s Sys=0,03s Real=0,02s
[2023-07-28T16:23:20.707+0200][2450,698s] GC(202) Concurrent Mark 51,163ms
[2023-07-28T16:23:20.707+0200][2450,698s] GC(202) Concurrent Rebuild Remembered Sets
[2023-07-28T16:23:20.724+0200][2450,715s] GC(202) Concurrent Rebuild Remembered Sets 17,199ms
[2023-07-28T16:23:20.724+0200][2450,716s] GC(202) Pause Cleanup
[2023-07-28T16:23:20.724+0200][2450,716s] GC(202) Pause Cleanup 151M->151M(512M) 0,112ms
[2023-07-28T16:23:20.724+0200][2450,716s] GC(202) User=0,00s Sys=0,00s Real=0,00s
[2023-07-28T16:23:20.724+0200][2450,716s] GC(202) Concurrent Cleanup for Next Mark
[2023-07-28T16:23:20.725+0200][2450,716s] GC(202) Concurrent Cleanup for Next Mark 0,718ms
[2023-07-28T16:23:20.725+0200][2450,716s] GC(202) Concurrent Mark Cycle 70,195ms
[2023-07-28T16:23:21.435+0200][2451,426s] GC(203) Pause Young (Prepare Mixed) (G1 Evacuation Pause)
[2023-07-28T16:23:21.435+0200][2451,426s] GC(203) Using 8 workers of 8 for evacuation
[2023-07-28T16:23:21.437+0200][2451,428s] GC(203)   Pre Evacuate Collection Set: 0,1ms
[2023-07-28T16:23:21.437+0200][2451,428s] GC(203)   Merge Heap Roots: 0,1ms
[2023-07-28T16:23:21.437+0200][2451,428s] GC(203)   Evacuate Collection Set: 1,3ms
[2023-07-28T16:23:21.437+0200][2451,428s] GC(203)   Post Evacuate Collection Set: 0,4ms
[2023-07-28T16:23:21.437+0200][2451,428s] GC(203)   Other: 0,1ms
[2023-07-28T16:23:21.437+0200][2451,428s] GC(203) Eden regions: 234->0(23)
[2023-07-28T16:23:21.437+0200][2451,428s] GC(203) Survivor regions: 1->2(30)
[2023-07-28T16:23:21.437+0200][2451,428s] GC(203) Old regions: 134->134
[2023-07-28T16:23:21.437+0200][2451,428s] GC(203) Archive regions: 2->2
[2023-07-28T16:23:21.437+0200][2451,428s] GC(203) Humongous regions: 16->10
[2023-07-28T16:23:21.437+0200][2451,428s] GC(203) Metaspace: 61246K(61760K)->61246K(61760K) NonClass: 53961K(54208K)->53961K(54208K) Class: 7285K(7552K)->7285K(7552K)
[2023-07-28T16:23:21.437+0200][2451,428s] GC(203) Pause Young (Prepare Mixed) (G1 Evacuation Pause) 384M->144M(512M) 2,067ms
[2023-07-28T16:23:21.437+0200][2451,428s] GC(203) User=0,01s Sys=0,00s Real=0,00s
[2023-07-28T16:23:21.504+0200][2451,495s] GC(204) Pause Young (Mixed) (G1 Evacuation Pause)
[2023-07-28T16:23:21.504+0200][2451,495s] GC(204) Using 8 workers of 8 for evacuation
[2023-07-28T16:23:21.506+0200][2451,497s] GC(204)   Pre Evacuate Collection Set: 0,1ms
[2023-07-28T16:23:21.506+0200][2451,497s] GC(204)   Merge Heap Roots: 0,1ms
[2023-07-28T16:23:21.506+0200][2451,497s] GC(204)   Evacuate Collection Set: 1,4ms
[2023-07-28T16:23:21.506+0200][2451,497s] GC(204)   Post Evacuate Collection Set: 0,4ms
[2023-07-28T16:23:21.506+0200][2451,497s] GC(204)   Other: 0,1ms
[2023-07-28T16:23:21.506+0200][2451,498s] GC(204) Eden regions: 23->0(23)
[2023-07-28T16:23:21.506+0200][2451,498s] GC(204) Survivor regions: 2->2(4)
[2023-07-28T16:23:21.506+0200][2451,498s] GC(204) Old regions: 134->83
[2023-07-28T16:23:21.506+0200][2451,498s] GC(204) Archive regions: 2->2
[2023-07-28T16:23:21.506+0200][2451,498s] GC(204) Humongous regions: 10->10
[2023-07-28T16:23:21.506+0200][2451,498s] GC(204) Metaspace: 61246K(61760K)->61246K(61760K) NonClass: 53961K(54208K)->53961K(54208K) Class: 7285K(7552K)->7285K(7552K)
[2023-07-28T16:23:21.506+0200][2451,498s] GC(204) Pause Young (Mixed) (G1 Evacuation Pause) 167M->93M(512M) 2,123ms
[2023-07-28T16:23:21.506+0200][2451,498s] GC(204) User=0,01s Sys=0,00s Real=0,00s
[2023-07-28T16:23:21.580+0200][2451,571s] GC(205) Pause Young (Mixed) (G1 Evacuation Pause)
[2023-07-28T16:23:21.580+0200][2451,571s] GC(205) Using 8 workers of 8 for evacuation
[2023-07-28T16:23:21.581+0200][2451,572s] GC(205)   Pre Evacuate Collection Set: 0,1ms
[2023-07-28T16:23:21.581+0200][2451,572s] GC(205)   Merge Heap Roots: 0,0ms
[2023-07-28T16:23:21.581+0200][2451,572s] GC(205)   Evacuate Collection Set: 0,8ms
[2023-07-28T16:23:21.581+0200][2451,572s] GC(205)   Post Evacuate Collection Set: 0,3ms
[2023-07-28T16:23:21.581+0200][2451,572s] GC(205)   Other: 0,1ms
[2023-07-28T16:23:21.581+0200][2451,572s] GC(205) Eden regions: 23->0(305)
[2023-07-28T16:23:21.581+0200][2451,572s] GC(205) Survivor regions: 2->2(4)
[2023-07-28T16:23:21.581+0200][2451,572s] GC(205) Old regions: 83->80
[2023-07-28T16:23:21.581+0200][2451,572s] GC(205) Archive regions: 2->2
[2023-07-28T16:23:21.581+0200][2451,572s] GC(205) Humongous regions: 10->10
[2023-07-28T16:23:21.581+0200][2451,572s] GC(205) Metaspace: 61246K(61760K)->61246K(61760K) NonClass: 53961K(54208K)->53961K(54208K) Class: 7285K(7552K)->7285K(7552K)
[2023-07-28T16:23:21.581+0200][2451,572s] GC(205) Pause Young (Mixed) (G1 Evacuation Pause) 116M->90M(512M) 1,332ms
[2023-07-28T16:23:21.581+0200][2451,572s] GC(205) User=0,00s Sys=0,00s Real=0,00s
[2023-07-31T11:29:52.471+0200][22596,038s] GC(206) Pause Young (Concurrent Start) (G1 Humongous Allocation)
[2023-07-31T11:29:52.472+0200][22596,038s] GC(206) Using 8 workers of 8 for evacuation
[2023-07-31T11:29:52.508+0200][22596,074s] GC(206)   Pre Evacuate Collection Set: 1,4ms
[2023-07-31T11:29:52.508+0200][22596,074s] GC(206)   Merge Heap Roots: 0,4ms
[2023-07-31T11:29:52.508+0200][22596,074s] GC(206)   Evacuate Collection Set: 24,6ms
[2023-07-31T11:29:52.508+0200][22596,074s] GC(206)   Post Evacuate Collection Set: 8,5ms
[2023-07-31T11:29:52.508+0200][22596,074s] GC(206)   Other: 1,8ms
[2023-07-31T11:29:52.508+0200][22596,074s] GC(206) Eden regions: 210->0(304)
[2023-07-31T11:29:52.508+0200][22596,074s] GC(206) Survivor regions: 2->3(39)
[2023-07-31T11:29:52.508+0200][22596,074s] GC(206) Old regions: 80->80
[2023-07-31T11:29:52.508+0200][22596,074s] GC(206) Archive regions: 2->2
[2023-07-31T11:29:52.508+0200][22596,074s] GC(206) Humongous regions: 10->4
[2023-07-31T11:29:52.508+0200][22596,074s] GC(206) Metaspace: 61385K(61888K)->61385K(61888K) NonClass: 54087K(54336K)->54087K(54336K) Class: 7298K(7552K)->7298K(7552K)
[2023-07-31T11:29:52.508+0200][22596,074s] GC(206) Pause Young (Concurrent Start) (G1 Humongous Allocation) 300M->85M(512M) 36,417ms
[2023-07-31T11:29:52.508+0200][22596,074s] GC(206) User=0,01s Sys=0,05s Real=0,03s
[2023-07-31T11:29:52.508+0200][22596,075s] GC(207) Concurrent Mark Cycle
[2023-07-31T11:29:52.508+0200][22596,075s] GC(207) Concurrent Clear Claimed Marks
[2023-07-31T11:29:52.508+0200][22596,075s] GC(207) Concurrent Clear Claimed Marks 0,045ms
[2023-07-31T11:29:52.508+0200][22596,075s] GC(207) Concurrent Scan Root Regions
[2023-07-31T11:29:52.513+0200][22596,080s] GC(207) Concurrent Scan Root Regions 4,908ms
[2023-07-31T11:29:52.513+0200][22596,080s] GC(207) Concurrent Mark
[2023-07-31T11:29:52.513+0200][22596,080s] GC(207) Concurrent Mark From Roots
[2023-07-31T11:29:52.513+0200][22596,080s] GC(207) Using 2 workers of 2 for marking
[2023-07-31T11:29:52.565+0200][22596,131s] GC(207) Concurrent Mark From Roots 51,506ms
[2023-07-31T11:29:52.565+0200][22596,131s] GC(207) Concurrent Preclean
[2023-07-31T11:29:52.565+0200][22596,132s] GC(207) Concurrent Preclean 0,382ms
[2023-07-31T11:29:52.569+0200][22596,135s] GC(207) Pause Remark
[2023-07-31T11:29:52.678+0200][22596,244s] GC(207) Pause Remark 93M->93M(512M) 108,753ms
[2023-07-31T11:29:52.678+0200][22596,244s] GC(207) User=0,06s Sys=0,11s Real=0,11s
[2023-07-31T11:29:52.678+0200][22596,244s] GC(207) Concurrent Mark 164,655ms
[2023-07-31T11:29:52.678+0200][22596,244s] GC(207) Concurrent Rebuild Remembered Sets
[2023-07-31T11:29:52.695+0200][22596,261s] GC(207) Concurrent Rebuild Remembered Sets 17,141ms
[2023-07-31T11:29:52.695+0200][22596,262s] GC(207) Pause Cleanup
[2023-07-31T11:29:52.695+0200][22596,262s] GC(207) Pause Cleanup 93M->93M(512M) 0,114ms
[2023-07-31T11:29:52.695+0200][22596,262s] GC(207) User=0,00s Sys=0,00s Real=0,00s
[2023-07-31T11:29:52.695+0200][22596,262s] GC(207) Concurrent Cleanup for Next Mark
[2023-07-31T11:29:52.697+0200][22596,264s] GC(207) Concurrent Cleanup for Next Mark 1,695ms
[2023-07-31T11:29:52.698+0200][22596,264s] GC(207) Concurrent Mark Cycle 189,635ms
[2023-07-31T11:39:04.629+0200][23148,159s] GC(208) Pause Young (Prepare Mixed) (G1 Evacuation Pause)
[2023-07-31T11:39:04.636+0200][23148,166s] GC(208) Using 8 workers of 8 for evacuation
[2023-07-31T11:39:04.714+0200][23148,244s] GC(208)   Pre Evacuate Collection Set: 1,1ms
[2023-07-31T11:39:04.714+0200][23148,244s] GC(208)   Merge Heap Roots: 3,2ms
[2023-07-31T11:39:04.714+0200][23148,244s] GC(208)   Evacuate Collection Set: 69,5ms
[2023-07-31T11:39:04.714+0200][23148,244s] GC(208)   Post Evacuate Collection Set: 3,5ms
[2023-07-31T11:39:04.714+0200][23148,244s] GC(208)   Other: 9,4ms
[2023-07-31T11:39:04.714+0200][23148,244s] GC(208) Eden regions: 304->0(19)
[2023-07-31T11:39:04.714+0200][23148,245s] GC(208) Survivor regions: 3->6(39)
[2023-07-31T11:39:04.714+0200][23148,245s] GC(208) Old regions: 80->80
[2023-07-31T11:39:04.714+0200][23148,245s] GC(208) Archive regions: 2->2
[2023-07-31T11:39:04.714+0200][23148,245s] GC(208) Humongous regions: 5->4
[2023-07-31T11:39:04.714+0200][23148,245s] GC(208) Metaspace: 61522K(62016K)->61522K(62016K) NonClass: 54227K(54464K)->54227K(54464K) Class: 7295K(7552K)->7295K(7552K)
[2023-07-31T11:39:04.714+0200][23148,245s] GC(208) Pause Young (Prepare Mixed) (G1 Evacuation Pause) 390M->89M(512M) 85,918ms
[2023-07-31T11:39:04.715+0200][23148,245s] GC(208) User=0,03s Sys=0,17s Real=0,09s
[2023-07-31T11:39:07.374+0200][23150,904s] GC(209) Pause Young (Mixed) (G1 Evacuation Pause)
[2023-07-31T11:39:07.374+0200][23150,904s] GC(209) Using 8 workers of 8 for evacuation
[2023-07-31T11:39:07.411+0200][23150,941s] GC(209)   Pre Evacuate Collection Set: 0,3ms
[2023-07-31T11:39:07.411+0200][23150,941s] GC(209)   Merge Heap Roots: 0,5ms
[2023-07-31T11:39:07.411+0200][23150,941s] GC(209)   Evacuate Collection Set: 35,3ms
[2023-07-31T11:39:07.411+0200][23150,941s] GC(209)   Post Evacuate Collection Set: 0,6ms
[2023-07-31T11:39:07.411+0200][23150,941s] GC(209)   Other: 0,4ms
[2023-07-31T11:39:07.411+0200][23150,941s] GC(209) Eden regions: 19->0(306)
[2023-07-31T11:39:07.411+0200][23150,941s] GC(209) Survivor regions: 6->1(4)
[2023-07-31T11:39:07.411+0200][23150,941s] GC(209) Old regions: 80->81
[2023-07-31T11:39:07.411+0200][23150,941s] GC(209) Archive regions: 2->2
[2023-07-31T11:39:07.411+0200][23150,941s] GC(209) Humongous regions: 4->4
[2023-07-31T11:39:07.411+0200][23150,941s] GC(209) Metaspace: 61522K(62016K)->61522K(62016K) NonClass: 54227K(54464K)->54227K(54464K) Class: 7295K(7552K)->7295K(7552K)
[2023-07-31T11:39:07.411+0200][23150,941s] GC(209) Pause Young (Mixed) (G1 Evacuation Pause) 108M->84M(512M) 37,101ms
[2023-07-31T11:39:07.411+0200][23150,941s] GC(209) User=0,02s Sys=0,04s Real=0,04s
[2023-07-31T11:40:18.146+0200][23221,678s] GC(210) Pause Young (Concurrent Start) (G1 Evacuation Pause)
[2023-07-31T11:40:18.150+0200][23221,681s] GC(210) Using 8 workers of 8 for evacuation
[2023-07-31T11:40:18.177+0200][23221,708s] GC(210)   Pre Evacuate Collection Set: 0,6ms
[2023-07-31T11:40:18.177+0200][23221,708s] GC(210)   Merge Heap Roots: 0,2ms
[2023-07-31T11:40:18.177+0200][23221,708s] GC(210)   Evacuate Collection Set: 23,3ms
[2023-07-31T11:40:18.177+0200][23221,708s] GC(210)   Post Evacuate Collection Set: 2,0ms
[2023-07-31T11:40:18.177+0200][23221,708s] GC(210)   Other: 5,5ms
[2023-07-31T11:40:18.177+0200][23221,708s] GC(210) Eden regions: 306->0(306)
[2023-07-31T11:40:18.177+0200][23221,708s] GC(210) Survivor regions: 1->1(39)
[2023-07-31T11:40:18.177+0200][23221,708s] GC(210) Old regions: 81->81
[2023-07-31T11:40:18.177+0200][23221,708s] GC(210) Archive regions: 2->2
[2023-07-31T11:40:18.177+0200][23221,708s] GC(210) Humongous regions: 4->4
[2023-07-31T11:40:18.177+0200][23221,708s] GC(210) Metaspace: 61522K(62016K)->61522K(62016K) NonClass: 54227K(54464K)->54227K(54464K) Class: 7295K(7552K)->7295K(7552K)
[2023-07-31T11:40:18.177+0200][23221,708s] GC(210) Pause Young (Concurrent Start) (G1 Evacuation Pause) 390M->84M(512M) 31,225ms
[2023-07-31T11:40:18.177+0200][23221,708s] GC(210) User=0,01s Sys=0,07s Real=0,03s
[2023-07-31T11:40:18.178+0200][23221,709s] GC(211) Concurrent Mark Cycle
[2023-07-31T11:40:18.178+0200][23221,709s] GC(211) Concurrent Clear Claimed Marks
[2023-07-31T11:40:18.178+0200][23221,709s] GC(211) Concurrent Clear Claimed Marks 0,036ms
[2023-07-31T11:40:18.178+0200][23221,709s] GC(211) Concurrent Scan Root Regions
[2023-07-31T11:40:18.200+0200][23221,731s] GC(211) Concurrent Scan Root Regions 22,057ms
[2023-07-31T11:40:18.200+0200][23221,731s] GC(211) Concurrent Mark
[2023-07-31T11:40:18.200+0200][23221,731s] GC(211) Concurrent Mark From Roots
[2023-07-31T11:40:18.200+0200][23221,731s] GC(211) Using 2 workers of 2 for marking
[2023-07-31T11:40:18.271+0200][23221,802s] GC(211) Concurrent Mark From Roots 71,407ms
[2023-07-31T11:40:18.271+0200][23221,802s] GC(211) Concurrent Preclean
[2023-07-31T11:40:18.272+0200][23221,803s] GC(211) Concurrent Preclean 0,297ms
[2023-07-31T11:40:18.272+0200][23221,803s] GC(211) Pause Remark
[2023-07-31T11:40:18.359+0200][23221,890s] GC(211) Pause Remark 87M->87M(512M) 87,633ms
[2023-07-31T11:40:18.359+0200][23221,890s] GC(211) User=0,05s Sys=0,16s Real=0,08s
[2023-07-31T11:40:18.359+0200][23221,890s] GC(211) Concurrent Mark 159,678ms
[2023-07-31T11:40:18.359+0200][23221,891s] GC(211) Concurrent Rebuild Remembered Sets
[2023-07-31T11:40:18.376+0200][23221,907s] GC(211) Concurrent Rebuild Remembered Sets 16,657ms
[2023-07-31T11:40:18.377+0200][23221,908s] GC(211) Pause Cleanup
[2023-07-31T11:40:18.377+0200][23221,908s] GC(211) Pause Cleanup 87M->87M(512M) 0,130ms
[2023-07-31T11:40:18.377+0200][23221,908s] GC(211) User=0,00s Sys=0,01s Real=0,00s
[2023-07-31T11:40:18.377+0200][23221,908s] GC(211) Concurrent Cleanup for Next Mark
[2023-07-31T11:40:18.379+0200][23221,910s] GC(211) Concurrent Cleanup for Next Mark 2,016ms
[2023-07-31T11:40:18.380+0200][23221,911s] GC(211) Concurrent Mark Cycle 202,025ms
[2023-07-31T11:41:06.939+0200][23270,471s] GC(212) Pause Young (Prepare Mixed) (G1 Evacuation Pause)
[2023-07-31T11:41:06.939+0200][23270,471s] GC(212) Using 8 workers of 8 for evacuation
[2023-07-31T11:41:06.999+0200][23270,531s] GC(212)   Pre Evacuate Collection Set: 0,5ms
[2023-07-31T11:41:06.999+0200][23270,531s] GC(212)   Merge Heap Roots: 0,6ms
[2023-07-31T11:41:06.999+0200][23270,531s] GC(212)   Evacuate Collection Set: 48,6ms
[2023-07-31T11:41:06.999+0200][23270,531s] GC(212)   Post Evacuate Collection Set: 9,2ms
[2023-07-31T11:41:06.999+0200][23270,531s] GC(212)   Other: 1,2ms
[2023-07-31T11:41:06.999+0200][23270,531s] GC(212) Eden regions: 306->0(23)
[2023-07-31T11:41:06.999+0200][23270,531s] GC(212) Survivor regions: 1->2(39)
[2023-07-31T11:41:06.999+0200][23270,531s] GC(212) Old regions: 81->81
[2023-07-31T11:41:06.999+0200][23270,531s] GC(212) Archive regions: 2->2
[2023-07-31T11:41:06.999+0200][23270,531s] GC(212) Humongous regions: 4->4
[2023-07-31T11:41:06.999+0200][23270,531s] GC(212) Metaspace: 61447K(62016K)->61447K(62016K) NonClass: 54164K(54464K)->54164K(54464K) Class: 7282K(7552K)->7282K(7552K)
[2023-07-31T11:41:06.999+0200][23270,531s] GC(212) Pause Young (Prepare Mixed) (G1 Evacuation Pause) 390M->84M(512M) 60,227ms
[2023-07-31T11:41:06.999+0200][23270,531s] GC(212) User=0,02s Sys=0,07s Real=0,06s
[2023-07-31T11:41:10.245+0200][23273,777s] GC(213) Pause Young (Mixed) (G1 Evacuation Pause)
[2023-07-31T11:41:10.246+0200][23273,777s] GC(213) Using 8 workers of 8 for evacuation
[2023-07-31T11:41:10.260+0200][23273,792s] GC(213)   Pre Evacuate Collection Set: 0,4ms
[2023-07-31T11:41:10.260+0200][23273,792s] GC(213)   Merge Heap Roots: 0,2ms
[2023-07-31T11:41:10.260+0200][23273,792s] GC(213)   Evacuate Collection Set: 12,7ms
[2023-07-31T11:41:10.260+0200][23273,792s] GC(213)   Post Evacuate Collection Set: 0,7ms
[2023-07-31T11:41:10.260+0200][23273,792s] GC(213)   Other: 0,5ms
[2023-07-31T11:41:10.260+0200][23273,792s] GC(213) Eden regions: 23->0(305)
[2023-07-31T11:41:10.260+0200][23273,792s] GC(213) Survivor regions: 2->2(4)
[2023-07-31T11:41:10.260+0200][23273,792s] GC(213) Old regions: 81->76
[2023-07-31T11:41:10.260+0200][23273,792s] GC(213) Archive regions: 2->2
[2023-07-31T11:41:10.260+0200][23273,792s] GC(213) Humongous regions: 4->4
[2023-07-31T11:41:10.260+0200][23273,792s] GC(213) Metaspace: 61447K(62016K)->61447K(62016K) NonClass: 54164K(54464K)->54164K(54464K) Class: 7282K(7552K)->7282K(7552K)
[2023-07-31T11:41:10.260+0200][23273,792s] GC(213) Pause Young (Mixed) (G1 Evacuation Pause) 107M->79M(512M) 14,776ms
[2023-07-31T11:41:10.260+0200][23273,792s] GC(213) User=0,03s Sys=0,01s Real=0,02s
[2023-07-31T11:41:54.114+0200][23317,646s] GC(214) Pause Young (Concurrent Start) (G1 Evacuation Pause)
[2023-07-31T11:41:54.115+0200][23317,647s] GC(214) Using 8 workers of 8 for evacuation
[2023-07-31T11:41:54.141+0200][23317,674s] GC(214)   Pre Evacuate Collection Set: 0,7ms
[2023-07-31T11:41:54.141+0200][23317,674s] GC(214)   Merge Heap Roots: 0,5ms
[2023-07-31T11:41:54.141+0200][23317,674s] GC(214)   Evacuate Collection Set: 23,2ms
[2023-07-31T11:41:54.141+0200][23317,674s] GC(214)   Post Evacuate Collection Set: 1,6ms
[2023-07-31T11:41:54.141+0200][23317,674s] GC(214)   Other: 1,3ms
[2023-07-31T11:41:54.141+0200][23317,674s] GC(214) Eden regions: 305->0(305)
[2023-07-31T11:41:54.141+0200][23317,674s] GC(214) Survivor regions: 2->2(39)
[2023-07-31T11:41:54.141+0200][23317,674s] GC(214) Old regions: 76->76
[2023-07-31T11:41:54.141+0200][23317,674s] GC(214) Archive regions: 2->2
[2023-07-31T11:41:54.141+0200][23317,674s] GC(214) Humongous regions: 4->4
[2023-07-31T11:41:54.141+0200][23317,674s] GC(214) Metaspace: 61447K(62016K)->61447K(62016K) NonClass: 54164K(54464K)->54164K(54464K) Class: 7282K(7552K)->7282K(7552K)
[2023-07-31T11:41:54.141+0200][23317,674s] GC(214) Pause Young (Concurrent Start) (G1 Evacuation Pause) 384M->80M(512M) 27,315ms
[2023-07-31T11:41:54.141+0200][23317,674s] GC(214) User=0,03s Sys=0,06s Real=0,03s
[2023-07-31T11:41:54.141+0200][23317,674s] GC(215) Concurrent Mark Cycle
[2023-07-31T11:41:54.142+0200][23317,674s] GC(215) Concurrent Clear Claimed Marks
[2023-07-31T11:41:54.142+0200][23317,674s] GC(215) Concurrent Clear Claimed Marks 0,044ms
[2023-07-31T11:41:54.142+0200][23317,674s] GC(215) Concurrent Scan Root Regions
[2023-07-31T11:41:54.144+0200][23317,677s] GC(215) Concurrent Scan Root Regions 2,849ms
[2023-07-31T11:41:54.144+0200][23317,677s] GC(215) Concurrent Mark
[2023-07-31T11:41:54.144+0200][23317,677s] GC(215) Concurrent Mark From Roots
[2023-07-31T11:41:54.144+0200][23317,677s] GC(215) Using 2 workers of 2 for marking
[2023-07-31T11:41:54.188+0200][23317,720s] GC(215) Concurrent Mark From Roots 43,451ms
[2023-07-31T11:41:54.188+0200][23317,720s] GC(215) Concurrent Preclean
[2023-07-31T11:41:54.188+0200][23317,721s] GC(215) Concurrent Preclean 0,270ms
[2023-07-31T11:41:54.189+0200][23317,721s] GC(215) Pause Remark
[2023-07-31T11:41:54.216+0200][23317,749s] GC(215) Pause Remark 83M->83M(512M) 27,808ms
[2023-07-31T11:41:54.216+0200][23317,749s] GC(215) User=0,03s Sys=0,10s Real=0,03s
[2023-07-31T11:41:54.217+0200][23317,749s] GC(215) Concurrent Mark 72,083ms
[2023-07-31T11:41:54.217+0200][23317,749s] GC(215) Concurrent Rebuild Remembered Sets
[2023-07-31T11:41:54.231+0200][23317,763s] GC(215) Concurrent Rebuild Remembered Sets 14,564ms
[2023-07-31T11:41:54.231+0200][23317,764s] GC(215) Pause Cleanup
[2023-07-31T11:41:54.232+0200][23317,764s] GC(215) Pause Cleanup 83M->83M(512M) 0,105ms
[2023-07-31T11:41:54.232+0200][23317,764s] GC(215) User=0,00s Sys=0,00s Real=0,00s
[2023-07-31T11:41:54.232+0200][23317,764s] GC(215) Concurrent Cleanup for Next Mark
[2023-07-31T11:41:54.233+0200][23317,766s] GC(215) Concurrent Cleanup for Next Mark 1,710ms
[2023-07-31T11:41:54.233+0200][23317,766s] GC(215) Concurrent Mark Cycle 91,823ms
[2023-07-31T11:42:11.628+0200][23335,160s] GC(216) Pause Young (Prepare Mixed) (G1 Evacuation Pause)
[2023-07-31T11:42:11.628+0200][23335,161s] GC(216) Using 8 workers of 8 for evacuation
[2023-07-31T11:42:11.656+0200][23335,189s] GC(216)   Pre Evacuate Collection Set: 0,1ms
[2023-07-31T11:42:11.656+0200][23335,189s] GC(216)   Merge Heap Roots: 0,2ms
[2023-07-31T11:42:11.656+0200][23335,189s] GC(216)   Evacuate Collection Set: 26,6ms
[2023-07-31T11:42:11.656+0200][23335,189s] GC(216)   Post Evacuate Collection Set: 0,8ms
[2023-07-31T11:42:11.656+0200][23335,189s] GC(216)   Other: 0,4ms
[2023-07-31T11:42:11.656+0200][23335,189s] GC(216) Eden regions: 305->0(13)
[2023-07-31T11:42:11.656+0200][23335,189s] GC(216) Survivor regions: 2->12(39)
[2023-07-31T11:42:11.656+0200][23335,189s] GC(216) Old regions: 76->76
[2023-07-31T11:42:11.656+0200][23335,189s] GC(216) Archive regions: 2->2
[2023-07-31T11:42:11.656+0200][23335,189s] GC(216) Humongous regions: 5->4
[2023-07-31T11:42:11.656+0200][23335,189s] GC(216) Metaspace: 61453K(62016K)->61453K(62016K) NonClass: 54170K(54464K)->54170K(54464K) Class: 7282K(7552K)->7282K(7552K)
[2023-07-31T11:42:11.656+0200][23335,189s] GC(216) Pause Young (Prepare Mixed) (G1 Evacuation Pause) 386M->90M(512M) 28,274ms
[2023-07-31T11:42:11.656+0200][23335,189s] GC(216) User=0,01s Sys=0,04s Real=0,03s
[2023-07-31T11:42:11.732+0200][23335,264s] GC(217) Pause Young (Mixed) (G1 Evacuation Pause)
[2023-07-31T11:42:11.732+0200][23335,264s] GC(217) Using 8 workers of 8 for evacuation
[2023-07-31T11:42:11.754+0200][23335,287s] GC(217)   Pre Evacuate Collection Set: 0,1ms
[2023-07-31T11:42:11.754+0200][23335,287s] GC(217)   Merge Heap Roots: 0,1ms
[2023-07-31T11:42:11.754+0200][23335,287s] GC(217)   Evacuate Collection Set: 21,9ms
[2023-07-31T11:42:11.754+0200][23335,287s] GC(217)   Post Evacuate Collection Set: 0,5ms
[2023-07-31T11:42:11.754+0200][23335,287s] GC(217)   Other: 0,1ms
[2023-07-31T11:42:11.754+0200][23335,287s] GC(217) Eden regions: 13->0(304)
[2023-07-31T11:42:11.754+0200][23335,287s] GC(217) Survivor regions: 12->3(4)
[2023-07-31T11:42:11.754+0200][23335,287s] GC(217) Old regions: 76->82
[2023-07-31T11:42:11.754+0200][23335,287s] GC(217) Archive regions: 2->2
[2023-07-31T11:42:11.754+0200][23335,287s] GC(217) Humongous regions: 5->5
[2023-07-31T11:42:11.754+0200][23335,287s] GC(217) Metaspace: 61453K(62016K)->61453K(62016K) NonClass: 54171K(54464K)->54171K(54464K) Class: 7282K(7552K)->7282K(7552K)
[2023-07-31T11:42:11.754+0200][23335,287s] GC(217) Pause Young (Mixed) (G1 Evacuation Pause) 104M->88M(512M) 22,745ms
[2023-07-31T11:42:11.754+0200][23335,287s] GC(217) User=0,01s Sys=0,02s Real=0,02s
[2023-07-31T11:42:11.937+0200][23335,470s] GC(218) Pause Young (Concurrent Start) (G1 Humongous Allocation)
[2023-07-31T11:42:11.937+0200][23335,470s] GC(218) Using 8 workers of 8 for evacuation
[2023-07-31T11:42:11.942+0200][23335,474s] GC(218)   Pre Evacuate Collection Set: 0,1ms
[2023-07-31T11:42:11.942+0200][23335,474s] GC(218)   Merge Heap Roots: 0,0ms
[2023-07-31T11:42:11.942+0200][23335,474s] GC(218)   Evacuate Collection Set: 3,9ms
[2023-07-31T11:42:11.942+0200][23335,474s] GC(218)   Post Evacuate Collection Set: 0,3ms
[2023-07-31T11:42:11.942+0200][23335,474s] GC(218)   Other: 0,2ms
[2023-07-31T11:42:11.942+0200][23335,474s] GC(218) Eden regions: 17->0(303)
[2023-07-31T11:42:11.942+0200][23335,474s] GC(218) Survivor regions: 3->4(39)
[2023-07-31T11:42:11.942+0200][23335,474s] GC(218) Old regions: 82->82
[2023-07-31T11:42:11.942+0200][23335,474s] GC(218) Archive regions: 2->2
[2023-07-31T11:42:11.942+0200][23335,474s] GC(218) Humongous regions: 5->4
[2023-07-31T11:42:11.942+0200][23335,474s] GC(218) Metaspace: 61454K(62016K)->61454K(62016K) NonClass: 54171K(54464K)->54171K(54464K) Class: 7282K(7552K)->7282K(7552K)
[2023-07-31T11:42:11.942+0200][23335,474s] GC(218) Pause Young (Concurrent Start) (G1 Humongous Allocation) 105M->88M(512M) 4,546ms
[2023-07-31T11:42:11.942+0200][23335,474s] GC(218) User=0,01s Sys=0,01s Real=0,01s
[2023-07-31T11:42:11.942+0200][23335,474s] GC(219) Concurrent Mark Cycle
[2023-07-31T11:42:11.942+0200][23335,475s] GC(219) Concurrent Clear Claimed Marks
[2023-07-31T11:42:11.942+0200][23335,475s] GC(219) Concurrent Clear Claimed Marks 0,032ms
[2023-07-31T11:42:11.942+0200][23335,475s] GC(219) Concurrent Scan Root Regions
[2023-07-31T11:42:11.944+0200][23335,476s] GC(219) Concurrent Scan Root Regions 1,695ms
[2023-07-31T11:42:11.944+0200][23335,476s] GC(219) Concurrent Mark
[2023-07-31T11:42:11.944+0200][23335,476s] GC(219) Concurrent Mark From Roots
[2023-07-31T11:42:11.944+0200][23335,476s] GC(219) Using 2 workers of 2 for marking
[2023-07-31T11:42:11.993+0200][23335,525s] GC(219) Concurrent Mark From Roots 48,803ms
[2023-07-31T11:42:11.993+0200][23335,525s] GC(219) Concurrent Preclean
[2023-07-31T11:42:11.993+0200][23335,526s] GC(219) Concurrent Preclean 0,385ms
[2023-07-31T11:42:11.993+0200][23335,526s] GC(219) Pause Remark
[2023-07-31T11:42:12.017+0200][23335,549s] GC(219) Pause Remark 100M->100M(512M) 23,519ms
[2023-07-31T11:42:12.017+0200][23335,549s] GC(219) User=0,03s Sys=0,07s Real=0,02s
[2023-07-31T11:42:12.017+0200][23335,549s] GC(219) Concurrent Mark 73,016ms
[2023-07-31T11:42:12.017+0200][23335,549s] GC(219) Concurrent Rebuild Remembered Sets
[2023-07-31T11:42:12.032+0200][23335,564s] GC(219) Concurrent Rebuild Remembered Sets 15,049ms
[2023-07-31T11:42:12.032+0200][23335,565s] GC(219) Pause Cleanup
[2023-07-31T11:42:12.032+0200][23335,565s] GC(219) Pause Cleanup 100M->100M(512M) 0,103ms
[2023-07-31T11:42:12.032+0200][23335,565s] GC(219) User=0,00s Sys=0,00s Real=0,00s
[2023-07-31T11:42:12.032+0200][23335,565s] GC(219) Concurrent Cleanup for Next Mark
[2023-07-31T11:42:12.034+0200][23335,567s] GC(219) Concurrent Cleanup for Next Mark 1,584ms
[2023-07-31T11:42:12.034+0200][23335,567s] GC(219) Concurrent Mark Cycle 92,078ms
[2023-07-31T11:42:13.074+0200][23336,607s] GC(220) Pause Young (Prepare Mixed) (G1 Preventive Collection)
[2023-07-31T11:42:13.074+0200][23336,607s] GC(220) Using 8 workers of 8 for evacuation
[2023-07-31T11:42:13.078+0200][23336,611s] GC(220)   Pre Evacuate Collection Set: 0,1ms
[2023-07-31T11:42:13.078+0200][23336,611s] GC(220)   Merge Heap Roots: 0,1ms
[2023-07-31T11:42:13.078+0200][23336,611s] GC(220)   Evacuate Collection Set: 3,0ms
[2023-07-31T11:42:13.078+0200][23336,611s] GC(220)   Post Evacuate Collection Set: 0,7ms
[2023-07-31T11:42:13.078+0200][23336,611s] GC(220)   Other: 0,1ms
[2023-07-31T11:42:13.078+0200][23336,611s] GC(220) Eden regions: 247->0(7)
[2023-07-31T11:42:13.078+0200][23336,611s] GC(220) Survivor regions: 4->18(24)
[2023-07-31T11:42:13.078+0200][23336,611s] GC(220) Old regions: 82->82
[2023-07-31T11:42:13.078+0200][23336,611s] GC(220) Archive regions: 2->2
[2023-07-31T11:42:13.078+0200][23336,611s] GC(220) Humongous regions: 153->10
[2023-07-31T11:42:13.078+0200][23336,611s] GC(220) Metaspace: 61454K(62016K)->61454K(62016K) NonClass: 54171K(54464K)->54171K(54464K) Class: 7282K(7552K)->7282K(7552K)
[2023-07-31T11:42:13.078+0200][23336,611s] GC(220) Pause Young (Prepare Mixed) (G1 Preventive Collection) 484M->108M(512M) 4,128ms
[2023-07-31T11:42:13.078+0200][23336,611s] GC(220) User=0,01s Sys=0,00s Real=0,00s
[2023-07-31T11:42:13.105+0200][23336,637s] GC(221) Pause Young (Mixed) (G1 Evacuation Pause)
[2023-07-31T11:42:13.105+0200][23336,637s] GC(221) Using 8 workers of 8 for evacuation
[2023-07-31T11:42:13.114+0200][23336,647s] GC(221)   Pre Evacuate Collection Set: 0,1ms
[2023-07-31T11:42:13.114+0200][23336,647s] GC(221)   Merge Heap Roots: 0,1ms
[2023-07-31T11:42:13.114+0200][23336,647s] GC(221)   Evacuate Collection Set: 9,0ms
[2023-07-31T11:42:13.114+0200][23336,647s] GC(221)   Post Evacuate Collection Set: 0,3ms
[2023-07-31T11:42:13.114+0200][23336,647s] GC(221)   Other: 0,1ms
[2023-07-31T11:42:13.114+0200][23336,647s] GC(221) Eden regions: 7->0(299)
[2023-07-31T11:42:13.114+0200][23336,647s] GC(221) Survivor regions: 18->2(4)
[2023-07-31T11:42:13.114+0200][23336,647s] GC(221) Old regions: 82->94
[2023-07-31T11:42:13.114+0200][23336,647s] GC(221) Archive regions: 2->2
[2023-07-31T11:42:13.114+0200][23336,647s] GC(221) Humongous regions: 17->10
[2023-07-31T11:42:13.114+0200][23336,647s] GC(221) Metaspace: 61454K(62016K)->61454K(62016K) NonClass: 54171K(54464K)->54171K(54464K) Class: 7282K(7552K)->7282K(7552K)
[2023-07-31T11:42:13.114+0200][23336,647s] GC(221) Pause Young (Mixed) (G1 Evacuation Pause) 121M->104M(512M) 9,685ms
[2023-07-31T11:42:13.114+0200][23336,647s] GC(221) User=0,01s Sys=0,01s Real=0,01s
[2023-07-31T11:42:13.120+0200][23336,652s] GC(222) Pause Young (Concurrent Start) (G1 Humongous Allocation)
[2023-07-31T11:42:13.120+0200][23336,652s] GC(222) Using 8 workers of 8 for evacuation
[2023-07-31T11:42:13.121+0200][23336,653s] GC(222)   Pre Evacuate Collection Set: 0,1ms
[2023-07-31T11:42:13.121+0200][23336,653s] GC(222)   Merge Heap Roots: 0,0ms
[2023-07-31T11:42:13.121+0200][23336,653s] GC(222)   Evacuate Collection Set: 0,8ms
[2023-07-31T11:42:13.121+0200][23336,653s] GC(222)   Post Evacuate Collection Set: 0,2ms
[2023-07-31T11:42:13.121+0200][23336,653s] GC(222)   Other: 0,1ms
[2023-07-31T11:42:13.121+0200][23336,653s] GC(222) Eden regions: 3->0(249)
[2023-07-31T11:42:13.121+0200][23336,653s] GC(222) Survivor regions: 2->3(38)
[2023-07-31T11:42:13.121+0200][23336,653s] GC(222) Old regions: 94->94
[2023-07-31T11:42:13.121+0200][23336,653s] GC(222) Archive regions: 2->2
[2023-07-31T11:42:13.121+0200][23336,653s] GC(222) Humongous regions: 10->10
[2023-07-31T11:42:13.121+0200][23336,653s] GC(222) Metaspace: 61454K(62016K)->61454K(62016K) NonClass: 54171K(54464K)->54171K(54464K) Class: 7282K(7552K)->7282K(7552K)
[2023-07-31T11:42:13.121+0200][23336,653s] GC(222) Pause Young (Concurrent Start) (G1 Humongous Allocation) 106M->105M(512M) 1,288ms
[2023-07-31T11:42:13.121+0200][23336,653s] GC(222) User=0,00s Sys=0,00s Real=0,00s
[2023-07-31T11:42:13.121+0200][23336,653s] GC(223) Concurrent Mark Cycle
[2023-07-31T11:42:13.121+0200][23336,653s] GC(223) Concurrent Clear Claimed Marks
[2023-07-31T11:42:13.121+0200][23336,653s] GC(223) Concurrent Clear Claimed Marks 0,014ms
[2023-07-31T11:42:13.121+0200][23336,653s] GC(223) Concurrent Scan Root Regions
[2023-07-31T11:42:13.121+0200][23336,654s] GC(223) Concurrent Scan Root Regions 0,311ms
[2023-07-31T11:42:13.121+0200][23336,654s] GC(223) Concurrent Mark
[2023-07-31T11:42:13.121+0200][23336,654s] GC(223) Concurrent Mark From Roots
[2023-07-31T11:42:13.121+0200][23336,654s] GC(223) Using 2 workers of 2 for marking
[2023-07-31T11:42:13.146+0200][23336,679s] GC(223) Concurrent Mark From Roots 24,858ms
[2023-07-31T11:42:13.146+0200][23336,679s] GC(223) Concurrent Preclean
[2023-07-31T11:42:13.146+0200][23336,679s] GC(223) Concurrent Preclean 0,242ms
[2023-07-31T11:42:13.147+0200][23336,679s] GC(223) Pause Remark
[2023-07-31T11:42:13.155+0200][23336,688s] GC(223) Pause Remark 115M->115M(512M) 8,871ms
[2023-07-31T11:42:13.155+0200][23336,688s] GC(223) User=0,02s Sys=0,01s Real=0,01s
[2023-07-31T11:42:13.155+0200][23336,688s] GC(223) Concurrent Mark 34,258ms
[2023-07-31T11:42:13.156+0200][23336,688s] GC(223) Concurrent Rebuild Remembered Sets
[2023-07-31T11:42:13.170+0200][23336,703s] GC(223) Concurrent Rebuild Remembered Sets 14,820ms
[2023-07-31T11:42:13.171+0200][23336,703s] GC(223) Pause Cleanup
[2023-07-31T11:42:13.171+0200][23336,704s] GC(223) Pause Cleanup 116M->116M(512M) 0,082ms
[2023-07-31T11:42:13.171+0200][23336,704s] GC(223) User=0,00s Sys=0,00s Real=0,00s
[2023-07-31T11:42:13.171+0200][23336,704s] GC(223) Concurrent Cleanup for Next Mark
[2023-07-31T11:42:13.172+0200][23336,705s] GC(223) Concurrent Cleanup for Next Mark 1,366ms
[2023-07-31T11:42:13.172+0200][23336,705s] GC(223) Concurrent Mark Cycle 51,574ms
[2023-07-31T11:42:15.259+0200][23338,791s] GC(224) Pause Young (Prepare Mixed) (G1 Evacuation Pause)
[2023-07-31T11:42:15.259+0200][23338,791s] GC(224) Using 8 workers of 8 for evacuation
[2023-07-31T11:42:15.271+0200][23338,804s] GC(224)   Pre Evacuate Collection Set: 0,2ms
[2023-07-31T11:42:15.272+0200][23338,804s] GC(224)   Merge Heap Roots: 0,2ms
[2023-07-31T11:42:15.272+0200][23338,804s] GC(224)   Evacuate Collection Set: 11,5ms
[2023-07-31T11:42:15.272+0200][23338,804s] GC(224)   Post Evacuate Collection Set: 0,9ms
[2023-07-31T11:42:15.272+0200][23338,804s] GC(224)   Other: 0,3ms
[2023-07-31T11:42:15.272+0200][23338,804s] GC(224) Eden regions: 249->0(14)
[2023-07-31T11:42:15.272+0200][23338,804s] GC(224) Survivor regions: 3->11(32)
[2023-07-31T11:42:15.272+0200][23338,804s] GC(224) Old regions: 94->94
[2023-07-31T11:42:15.272+0200][23338,804s] GC(224) Archive regions: 2->2
[2023-07-31T11:42:15.272+0200][23338,804s] GC(224) Humongous regions: 33->8
[2023-07-31T11:42:15.272+0200][23338,804s] GC(224) Metaspace: 61454K(62016K)->61454K(62016K) NonClass: 54171K(54464K)->54171K(54464K) Class: 7282K(7552K)->7282K(7552K)
[2023-07-31T11:42:15.272+0200][23338,804s] GC(224) Pause Young (Prepare Mixed) (G1 Evacuation Pause) 377M->111M(512M) 13,229ms
[2023-07-31T11:42:15.272+0200][23338,804s] GC(224) User=0,02s Sys=0,01s Real=0,02s
[2023-07-31T11:42:15.453+0200][23338,986s] GC(225) Pause Young (Mixed) (G1 Evacuation Pause)
[2023-07-31T11:42:15.453+0200][23338,986s] GC(225) Using 8 workers of 8 for evacuation
[2023-07-31T11:42:15.464+0200][23338,997s] GC(225)   Pre Evacuate Collection Set: 0,1ms
[2023-07-31T11:42:15.464+0200][23338,997s] GC(225)   Merge Heap Roots: 0,1ms
[2023-07-31T11:42:15.464+0200][23338,997s] GC(225)   Evacuate Collection Set: 10,0ms
[2023-07-31T11:42:15.464+0200][23338,997s] GC(225)   Post Evacuate Collection Set: 0,5ms
[2023-07-31T11:42:15.464+0200][23338,997s] GC(225)   Other: 0,2ms
[2023-07-31T11:42:15.464+0200][23338,997s] GC(225) Eden regions: 14->0(260)
[2023-07-31T11:42:15.464+0200][23338,997s] GC(225) Survivor regions: 11->1(4)
[2023-07-31T11:42:15.464+0200][23338,997s] GC(225) Old regions: 94->100
[2023-07-31T11:42:15.464+0200][23338,997s] GC(225) Archive regions: 2->2
[2023-07-31T11:42:15.464+0200][23338,997s] GC(225) Humongous regions: 8->8
[2023-07-31T11:42:15.464+0200][23338,997s] GC(225) Metaspace: 61454K(62016K)->61454K(62016K) NonClass: 54171K(54464K)->54171K(54464K) Class: 7282K(7552K)->7282K(7552K)
[2023-07-31T11:42:15.464+0200][23338,997s] GC(225) Pause Young (Mixed) (G1 Evacuation Pause) 125M->107M(512M) 10,967ms
[2023-07-31T11:42:15.464+0200][23338,997s] GC(225) User=0,02s Sys=0,01s Real=0,01s
[2023-07-31T11:42:16.191+0200][23339,724s] GC(226) Pause Young (Concurrent Start) (G1 Humongous Allocation)
[2023-07-31T11:42:16.191+0200][23339,724s] GC(226) Using 8 workers of 8 for evacuation
[2023-07-31T11:42:16.196+0200][23339,729s] GC(226)   Pre Evacuate Collection Set: 0,2ms
[2023-07-31T11:42:16.196+0200][23339,729s] GC(226)   Merge Heap Roots: 0,1ms
[2023-07-31T11:42:16.196+0200][23339,729s] GC(226)   Evacuate Collection Set: 4,5ms
[2023-07-31T11:42:16.196+0200][23339,729s] GC(226)   Post Evacuate Collection Set: 0,3ms
[2023-07-31T11:42:16.196+0200][23339,729s] GC(226)   Other: 0,2ms
[2023-07-31T11:42:16.196+0200][23339,729s] GC(226) Eden regions: 66->0(272)
[2023-07-31T11:42:16.196+0200][23339,729s] GC(226) Survivor regions: 1->3(33)
[2023-07-31T11:42:16.196+0200][23339,729s] GC(226) Old regions: 100->100
[2023-07-31T11:42:16.196+0200][23339,729s] GC(226) Archive regions: 2->2
[2023-07-31T11:42:16.196+0200][23339,729s] GC(226) Humongous regions: 8->8
[2023-07-31T11:42:16.196+0200][23339,729s] GC(226) Metaspace: 61454K(62016K)->61454K(62016K) NonClass: 54171K(54464K)->54171K(54464K) Class: 7282K(7552K)->7282K(7552K)
[2023-07-31T11:42:16.196+0200][23339,729s] GC(226) Pause Young (Concurrent Start) (G1 Humongous Allocation) 172M->109M(512M) 5,407ms
[2023-07-31T11:42:16.196+0200][23339,729s] GC(226) User=0,01s Sys=0,00s Real=0,00s
[2023-07-31T11:42:16.196+0200][23339,729s] GC(227) Concurrent Mark Cycle
[2023-07-31T11:42:16.196+0200][23339,729s] GC(227) Concurrent Clear Claimed Marks
[2023-07-31T11:42:16.197+0200][23339,729s] GC(227) Concurrent Clear Claimed Marks 0,030ms
[2023-07-31T11:42:16.197+0200][23339,729s] GC(227) Concurrent Scan Root Regions
[2023-07-31T11:42:16.197+0200][23339,730s] GC(227) Concurrent Scan Root Regions 0,625ms
[2023-07-31T11:42:16.197+0200][23339,730s] GC(227) Concurrent Mark
[2023-07-31T11:42:16.197+0200][23339,730s] GC(227) Concurrent Mark From Roots
[2023-07-31T11:42:16.197+0200][23339,730s] GC(227) Using 2 workers of 2 for marking
[2023-07-31T11:42:16.228+0200][23339,761s] GC(227) Concurrent Mark From Roots 31,322ms
[2023-07-31T11:42:16.229+0200][23339,761s] GC(227) Concurrent Preclean
[2023-07-31T11:42:16.229+0200][23339,761s] GC(227) Concurrent Preclean 0,294ms
[2023-07-31T11:42:16.229+0200][23339,762s] GC(227) Pause Remark
[2023-07-31T11:42:16.240+0200][23339,773s] GC(227) Pause Remark 118M->118M(512M) 10,896ms
[2023-07-31T11:42:16.240+0200][23339,773s] GC(227) User=0,03s Sys=0,02s Real=0,02s
[2023-07-31T11:42:16.240+0200][23339,773s] GC(227) Concurrent Mark 42,995ms
[2023-07-31T11:42:16.240+0200][23339,773s] GC(227) Concurrent Rebuild Remembered Sets
[2023-07-31T11:42:16.259+0200][23339,792s] GC(227) Concurrent Rebuild Remembered Sets 18,917ms
[2023-07-31T11:42:16.259+0200][23339,792s] GC(227) Pause Cleanup
[2023-07-31T11:42:16.260+0200][23339,792s] GC(227) Pause Cleanup 118M->118M(512M) 0,116ms
[2023-07-31T11:42:16.260+0200][23339,792s] GC(227) User=0,00s Sys=0,00s Real=0,01s
[2023-07-31T11:42:16.260+0200][23339,792s] GC(227) Concurrent Cleanup for Next Mark
[2023-07-31T11:42:16.260+0200][23339,792s] GC(227) Concurrent Cleanup for Next Mark 0,219ms
[2023-07-31T11:42:16.260+0200][23339,792s] GC(227) Concurrent Mark Cycle 63,383ms
[2023-07-31T11:42:17.308+0200][23340,840s] GC(228) Pause Young (Prepare Mixed) (G1 Preventive Collection)
[2023-07-31T11:42:17.308+0200][23340,841s] GC(228) Using 8 workers of 8 for evacuation
[2023-07-31T11:42:17.312+0200][23340,845s] GC(228)   Pre Evacuate Collection Set: 0,1ms
[2023-07-31T11:42:17.312+0200][23340,845s] GC(228)   Merge Heap Roots: 0,1ms
[2023-07-31T11:42:17.312+0200][23340,845s] GC(228)   Evacuate Collection Set: 3,3ms
[2023-07-31T11:42:17.312+0200][23340,845s] GC(228)   Post Evacuate Collection Set: 0,5ms
[2023-07-31T11:42:17.312+0200][23340,845s] GC(228)   Other: 0,9ms
[2023-07-31T11:42:17.312+0200][23340,845s] GC(228) Eden regions: 197->0(1)
[2023-07-31T11:42:17.312+0200][23340,845s] GC(228) Survivor regions: 3->28(30)
[2023-07-31T11:42:17.312+0200][23340,845s] GC(228) Old regions: 100->100
[2023-07-31T11:42:17.312+0200][23340,845s] GC(228) Archive regions: 2->2
[2023-07-31T11:42:17.313+0200][23340,845s] GC(228) Humongous regions: 180->56
[2023-07-31T11:42:17.313+0200][23340,845s] GC(228) Metaspace: 61454K(62016K)->61454K(62016K) NonClass: 54171K(54464K)->54171K(54464K) Class: 7282K(7552K)->7282K(7552K)
[2023-07-31T11:42:17.313+0200][23340,845s] GC(228) Pause Young (Prepare Mixed) (G1 Preventive Collection) 478M->182M(512M) 4,980ms
[2023-07-31T11:42:17.313+0200][23340,845s] GC(228) User=0,02s Sys=0,00s Real=0,01s
[2023-07-31T11:42:17.316+0200][23340,848s] GC(229) Pause Young (Mixed) (G1 Evacuation Pause)
[2023-07-31T11:42:17.316+0200][23340,848s] GC(229) Using 8 workers of 8 for evacuation
[2023-07-31T11:42:17.324+0200][23340,856s] GC(229)   Pre Evacuate Collection Set: 0,1ms
[2023-07-31T11:42:17.324+0200][23340,857s] GC(229)   Merge Heap Roots: 0,1ms
[2023-07-31T11:42:17.324+0200][23340,857s] GC(229)   Evacuate Collection Set: 7,6ms
[2023-07-31T11:42:17.324+0200][23340,857s] GC(229)   Post Evacuate Collection Set: 0,2ms
[2023-07-31T11:42:17.324+0200][23340,857s] GC(229)   Other: 0,1ms
[2023-07-31T11:42:17.324+0200][23340,857s] GC(229) Eden regions: 1->0(206)
[2023-07-31T11:42:17.324+0200][23340,857s] GC(229) Survivor regions: 28->1(4)
[2023-07-31T11:42:17.324+0200][23340,857s] GC(229) Old regions: 100->124
[2023-07-31T11:42:17.324+0200][23340,857s] GC(229) Archive regions: 2->2
[2023-07-31T11:42:17.324+0200][23340,857s] GC(229) Humongous regions: 57->57
[2023-07-31T11:42:17.324+0200][23340,857s] GC(229) Metaspace: 61454K(62016K)->61454K(62016K) NonClass: 54171K(54464K)->54171K(54464K) Class: 7282K(7552K)->7282K(7552K)
[2023-07-31T11:42:17.324+0200][23340,857s] GC(229) Pause Young (Mixed) (G1 Evacuation Pause) 184M->180M(512M) 8,129ms
[2023-07-31T11:42:17.324+0200][23340,857s] GC(229) User=0,02s Sys=0,01s Real=0,01s
[2023-07-31T11:42:17.376+0200][23340,909s] GC(230) Pause Young (Concurrent Start) (G1 Humongous Allocation)
[2023-07-31T11:42:17.376+0200][23340,909s] GC(230) Using 8 workers of 8 for evacuation
[2023-07-31T11:42:17.379+0200][23340,911s] GC(230)   Pre Evacuate Collection Set: 0,1ms
[2023-07-31T11:42:17.379+0200][23340,912s] GC(230)   Merge Heap Roots: 0,1ms
[2023-07-31T11:42:17.379+0200][23340,912s] GC(230)   Evacuate Collection Set: 2,3ms
[2023-07-31T11:42:17.379+0200][23340,912s] GC(230)   Post Evacuate Collection Set: 0,3ms
[2023-07-31T11:42:17.379+0200][23340,912s] GC(230)   Other: 0,1ms
[2023-07-31T11:42:17.379+0200][23340,912s] GC(230) Eden regions: 20->0(123)
[2023-07-31T11:42:17.379+0200][23340,912s] GC(230) Survivor regions: 1->10(26)
[2023-07-31T11:42:17.379+0200][23340,912s] GC(230) Old regions: 124->124
[2023-07-31T11:42:17.379+0200][23340,912s] GC(230) Archive regions: 2->2
[2023-07-31T11:42:17.379+0200][23340,912s] GC(230) Humongous regions: 57->57
[2023-07-31T11:42:17.379+0200][23340,912s] GC(230) Metaspace: 61454K(62016K)->61454K(62016K) NonClass: 54171K(54464K)->54171K(54464K) Class: 7282K(7552K)->7282K(7552K)
[2023-07-31T11:42:17.379+0200][23340,912s] GC(230) Pause Young (Concurrent Start) (G1 Humongous Allocation) 199M->189M(512M) 3,050ms
[2023-07-31T11:42:17.379+0200][23340,912s] GC(230) User=0,00s Sys=0,00s Real=0,00s
[2023-07-31T11:42:17.379+0200][23340,912s] GC(231) Concurrent Mark Cycle
[2023-07-31T11:42:17.379+0200][23340,912s] GC(231) Concurrent Clear Claimed Marks
[2023-07-31T11:42:17.379+0200][23340,912s] GC(231) Concurrent Clear Claimed Marks 0,031ms
[2023-07-31T11:42:17.379+0200][23340,912s] GC(231) Concurrent Scan Root Regions
[2023-07-31T11:42:17.380+0200][23340,912s] GC(231) Concurrent Scan Root Regions 0,495ms
[2023-07-31T11:42:17.380+0200][23340,912s] GC(231) Concurrent Mark
[2023-07-31T11:42:17.380+0200][23340,912s] GC(231) Concurrent Mark From Roots
[2023-07-31T11:42:17.380+0200][23340,912s] GC(231) Using 2 workers of 2 for marking
[2023-07-31T11:42:17.406+0200][23340,939s] GC(231) Concurrent Mark From Roots 26,350ms
[2023-07-31T11:42:17.406+0200][23340,939s] GC(231) Concurrent Preclean
[2023-07-31T11:42:17.406+0200][23340,939s] GC(231) Concurrent Preclean 0,236ms
[2023-07-31T11:42:17.406+0200][23340,939s] GC(231) Pause Remark
[2023-07-31T11:42:17.415+0200][23340,947s] GC(231) Pause Remark 198M->182M(512M) 8,364ms
[2023-07-31T11:42:17.415+0200][23340,947s] GC(231) User=0,02s Sys=0,01s Real=0,01s
[2023-07-31T11:42:17.415+0200][23340,948s] GC(231) Concurrent Mark 35,367ms
[2023-07-31T11:42:17.415+0200][23340,948s] GC(231) Concurrent Rebuild Remembered Sets
[2023-07-31T11:42:17.432+0200][23340,965s] GC(231) Concurrent Rebuild Remembered Sets 17,136ms
[2023-07-31T11:42:17.433+0200][23340,965s] GC(231) Pause Cleanup
[2023-07-31T11:42:17.433+0200][23340,965s] GC(231) Pause Cleanup 183M->183M(512M) 0,126ms
[2023-07-31T11:42:17.433+0200][23340,965s] GC(231) User=0,00s Sys=0,00s Real=0,00s
[2023-07-31T11:42:17.433+0200][23340,965s] GC(231) Concurrent Cleanup for Next Mark
[2023-07-31T11:42:17.433+0200][23340,966s] GC(231) Concurrent Cleanup for Next Mark 0,205ms
[2023-07-31T11:42:17.433+0200][23340,966s] GC(231) Concurrent Mark Cycle 53,941ms
[2023-07-31T11:42:17.703+0200][23341,236s] GC(232) Pause Young (Prepare Mixed) (G1 Preventive Collection)
[2023-07-31T11:42:17.703+0200][23341,236s] GC(232) Using 8 workers of 8 for evacuation
[2023-07-31T11:42:17.708+0200][23341,241s] GC(232)   Pre Evacuate Collection Set: 0,1ms
[2023-07-31T11:42:17.708+0200][23341,241s] GC(232)   Merge Heap Roots: 0,1ms
[2023-07-31T11:42:17.708+0200][23341,241s] GC(232)   Evacuate Collection Set: 4,1ms
[2023-07-31T11:42:17.708+0200][23341,241s] GC(232)   Post Evacuate Collection Set: 0,4ms
[2023-07-31T11:42:17.708+0200][23341,241s] GC(232)   Other: 0,1ms
[2023-07-31T11:42:17.708+0200][23341,241s] GC(232) Eden regions: 78->0(8)
[2023-07-31T11:42:17.708+0200][23341,241s] GC(232) Survivor regions: 10->17(17)
[2023-07-31T11:42:17.708+0200][23341,241s] GC(232) Old regions: 123->124
[2023-07-31T11:42:17.708+0200][23341,241s] GC(232) Archive regions: 2->2
[2023-07-31T11:42:17.708+0200][23341,241s] GC(232) Humongous regions: 244->93
[2023-07-31T11:42:17.708+0200][23341,241s] GC(232) Metaspace: 61454K(62016K)->61454K(62016K) NonClass: 54171K(54464K)->54171K(54464K) Class: 7282K(7552K)->7282K(7552K)
[2023-07-31T11:42:17.708+0200][23341,241s] GC(232) Pause Young (Prepare Mixed) (G1 Preventive Collection) 453M->233M(512M) 4,894ms
[2023-07-31T11:42:17.708+0200][23341,241s] GC(232) User=0,01s Sys=0,00s Real=0,00s
[2023-07-31T11:42:17.784+0200][23341,316s] GC(233) Pause Young (Mixed) (G1 Evacuation Pause)
[2023-07-31T11:42:17.784+0200][23341,316s] GC(233) Using 8 workers of 8 for evacuation
[2023-07-31T11:42:17.790+0200][23341,323s] GC(233)   Pre Evacuate Collection Set: 0,1ms
[2023-07-31T11:42:17.790+0200][23341,323s] GC(233)   Merge Heap Roots: 0,1ms
[2023-07-31T11:42:17.790+0200][23341,323s] GC(233)   Evacuate Collection Set: 5,8ms
[2023-07-31T11:42:17.790+0200][23341,323s] GC(233)   Post Evacuate Collection Set: 0,3ms
[2023-07-31T11:42:17.790+0200][23341,323s] GC(233)   Other: 0,1ms
[2023-07-31T11:42:17.790+0200][23341,323s] GC(233) Eden regions: 8->0(117)
[2023-07-31T11:42:17.790+0200][23341,323s] GC(233) Survivor regions: 17->4(4)
[2023-07-31T11:42:17.790+0200][23341,323s] GC(233) Old regions: 124->132
[2023-07-31T11:42:17.790+0200][23341,323s] GC(233) Archive regions: 2->2
[2023-07-31T11:42:17.790+0200][23341,323s] GC(233) Humongous regions: 94->87
[2023-07-31T11:42:17.790+0200][23341,323s] GC(233) Metaspace: 61454K(62016K)->61454K(62016K) NonClass: 54171K(54464K)->54171K(54464K) Class: 7282K(7552K)->7282K(7552K)
[2023-07-31T11:42:17.790+0200][23341,323s] GC(233) Pause Young (Mixed) (G1 Evacuation Pause) 242M->221M(512M) 6,496ms
[2023-07-31T11:42:17.790+0200][23341,323s] GC(233) User=0,02s Sys=0,01s Real=0,01s
[2023-07-31T11:42:17.810+0200][23341,343s] GC(234) Pause Young (Concurrent Start) (G1 Humongous Allocation)
[2023-07-31T11:42:17.810+0200][23341,343s] GC(234) Using 8 workers of 8 for evacuation
[2023-07-31T11:42:17.812+0200][23341,344s] GC(234)   Pre Evacuate Collection Set: 0,2ms
[2023-07-31T11:42:17.812+0200][23341,344s] GC(234)   Merge Heap Roots: 0,1ms
[2023-07-31T11:42:17.812+0200][23341,344s] GC(234)   Evacuate Collection Set: 0,7ms
[2023-07-31T11:42:17.812+0200][23341,344s] GC(234)   Post Evacuate Collection Set: 0,3ms
[2023-07-31T11:42:17.812+0200][23341,344s] GC(234)   Other: 0,1ms
[2023-07-31T11:42:17.812+0200][23341,344s] GC(234) Eden regions: 8->0(133)
[2023-07-31T11:42:17.812+0200][23341,344s] GC(234) Survivor regions: 4->1(16)
[2023-07-31T11:42:17.812+0200][23341,344s] GC(234) Old regions: 132->132
[2023-07-31T11:42:17.812+0200][23341,344s] GC(234) Archive regions: 2->2
[2023-07-31T11:42:17.812+0200][23341,344s] GC(234) Humongous regions: 87->87
[2023-07-31T11:42:17.812+0200][23341,344s] GC(234) Metaspace: 61454K(62016K)->61454K(62016K) NonClass: 54171K(54464K)->54171K(54464K) Class: 7282K(7552K)->7282K(7552K)
[2023-07-31T11:42:17.812+0200][23341,344s] GC(234) Pause Young (Concurrent Start) (G1 Humongous Allocation) 229M->219M(512M) 1,441ms
[2023-07-31T11:42:17.812+0200][23341,344s] GC(234) User=0,01s Sys=0,01s Real=0,00s
[2023-07-31T11:42:17.812+0200][23341,344s] GC(235) Concurrent Mark Cycle
[2023-07-31T11:42:17.812+0200][23341,344s] GC(235) Concurrent Clear Claimed Marks
[2023-07-31T11:42:17.812+0200][23341,344s] GC(235) Concurrent Clear Claimed Marks 0,008ms
[2023-07-31T11:42:17.812+0200][23341,344s] GC(235) Concurrent Scan Root Regions
[2023-07-31T11:42:17.812+0200][23341,345s] GC(235) Concurrent Scan Root Regions 0,521ms
[2023-07-31T11:42:17.812+0200][23341,345s] GC(235) Concurrent Mark
[2023-07-31T11:42:17.812+0200][23341,345s] GC(235) Concurrent Mark From Roots
[2023-07-31T11:42:17.812+0200][23341,345s] GC(235) Using 2 workers of 2 for marking
[2023-07-31T11:42:17.838+0200][23341,370s] GC(235) Concurrent Mark From Roots 25,488ms
[2023-07-31T11:42:17.838+0200][23341,370s] GC(235) Concurrent Preclean
[2023-07-31T11:42:17.838+0200][23341,371s] GC(235) Concurrent Preclean 0,210ms
[2023-07-31T11:42:17.838+0200][23341,371s] GC(235) Pause Remark
[2023-07-31T11:42:17.846+0200][23341,379s] GC(235) Pause Remark 223M->164M(512M) 7,727ms
[2023-07-31T11:42:17.846+0200][23341,379s] GC(235) User=0,02s Sys=0,01s Real=0,01s
[2023-07-31T11:42:17.846+0200][23341,379s] GC(235) Concurrent Mark 33,705ms
[2023-07-31T11:42:17.846+0200][23341,379s] GC(235) Concurrent Rebuild Remembered Sets
[2023-07-31T11:42:17.862+0200][23341,394s] GC(235) Concurrent Rebuild Remembered Sets 15,757ms
[2023-07-31T11:42:17.862+0200][23341,395s] GC(235) Pause Cleanup
[2023-07-31T11:42:17.862+0200][23341,395s] GC(235) Pause Cleanup 164M->164M(512M) 0,092ms
[2023-07-31T11:42:17.862+0200][23341,395s] GC(235) User=0,00s Sys=0,00s Real=0,00s
[2023-07-31T11:42:17.862+0200][23341,395s] GC(235) Concurrent Cleanup for Next Mark
[2023-07-31T11:42:17.863+0200][23341,395s] GC(235) Concurrent Cleanup for Next Mark 0,168ms
[2023-07-31T11:42:17.863+0200][23341,395s] GC(235) Concurrent Mark Cycle 50,823ms
[2023-07-31T11:42:18.698+0200][23342,230s] GC(236) Pause Young (Prepare Mixed) (G1 Evacuation Pause)
[2023-07-31T11:42:18.698+0200][23342,230s] GC(236) Using 8 workers of 8 for evacuation
[2023-07-31T11:42:18.700+0200][23342,233s] GC(236)   Pre Evacuate Collection Set: 0,1ms
[2023-07-31T11:42:18.700+0200][23342,233s] GC(236)   Merge Heap Roots: 0,1ms
[2023-07-31T11:42:18.700+0200][23342,233s] GC(236)   Evacuate Collection Set: 2,3ms
[2023-07-31T11:42:18.700+0200][23342,233s] GC(236)   Post Evacuate Collection Set: 0,2ms
[2023-07-31T11:42:18.700+0200][23342,233s] GC(236)   Other: 0,1ms
[2023-07-31T11:42:18.700+0200][23342,233s] GC(236) Eden regions: 133->0(21)
[2023-07-31T11:42:18.700+0200][23342,233s] GC(236) Survivor regions: 1->4(17)
[2023-07-31T11:42:18.700+0200][23342,233s] GC(236) Old regions: 132->132
[2023-07-31T11:42:18.700+0200][23342,233s] GC(236) Archive regions: 2->2
[2023-07-31T11:42:18.700+0200][23342,233s] GC(236) Humongous regions: 44->35
[2023-07-31T11:42:18.700+0200][23342,233s] GC(236) Metaspace: 61454K(62016K)->61454K(62016K) NonClass: 54171K(54464K)->54171K(54464K) Class: 7282K(7552K)->7282K(7552K)
[2023-07-31T11:42:18.700+0200][23342,233s] GC(236) Pause Young (Prepare Mixed) (G1 Evacuation Pause) 308M->169M(512M) 2,862ms
[2023-07-31T11:42:18.700+0200][23342,233s] GC(236) User=0,01s Sys=0,00s Real=0,01s
[2023-07-31T11:42:18.823+0200][23342,356s] GC(237) Pause Young (Mixed) (G1 Evacuation Pause)
[2023-07-31T11:42:18.823+0200][23342,356s] GC(237) Using 8 workers of 8 for evacuation
[2023-07-31T11:42:18.828+0200][23342,361s] GC(237)   Pre Evacuate Collection Set: 0,1ms
[2023-07-31T11:42:18.828+0200][23342,361s] GC(237)   Merge Heap Roots: 0,1ms
[2023-07-31T11:42:18.828+0200][23342,361s] GC(237)   Evacuate Collection Set: 4,1ms
[2023-07-31T11:42:18.828+0200][23342,361s] GC(237)   Post Evacuate Collection Set: 0,3ms
[2023-07-31T11:42:18.828+0200][23342,361s] GC(237)   Other: 0,1ms
[2023-07-31T11:42:18.828+0200][23342,361s] GC(237) Eden regions: 21->0(182)
[2023-07-31T11:42:18.828+0200][23342,361s] GC(237) Survivor regions: 4->1(4)
[2023-07-31T11:42:18.828+0200][23342,361s] GC(237) Old regions: 132->130
[2023-07-31T11:42:18.828+0200][23342,361s] GC(237) Archive regions: 2->2
[2023-07-31T11:42:18.828+0200][23342,361s] GC(237) Humongous regions: 36->35
[2023-07-31T11:42:18.828+0200][23342,361s] GC(237) Metaspace: 61454K(62016K)->61454K(62016K) NonClass: 54171K(54464K)->54171K(54464K) Class: 7282K(7552K)->7282K(7552K)
[2023-07-31T11:42:18.828+0200][23342,361s] GC(237) Pause Young (Mixed) (G1 Evacuation Pause) 191M->164M(512M) 4,749ms
[2023-07-31T11:42:18.828+0200][23342,361s] GC(237) User=0,01s Sys=0,01s Real=0,00s
[2023-07-31T11:42:18.866+0200][23342,398s] GC(238) Pause Young (Concurrent Start) (G1 Humongous Allocation)
[2023-07-31T11:42:18.866+0200][23342,398s] GC(238) Using 8 workers of 8 for evacuation
[2023-07-31T11:42:18.868+0200][23342,401s] GC(238)   Pre Evacuate Collection Set: 0,1ms
[2023-07-31T11:42:18.868+0200][23342,401s] GC(238)   Merge Heap Roots: 0,1ms
[2023-07-31T11:42:18.868+0200][23342,401s] GC(238)   Evacuate Collection Set: 1,8ms
[2023-07-31T11:42:18.868+0200][23342,401s] GC(238)   Post Evacuate Collection Set: 0,3ms
[2023-07-31T11:42:18.868+0200][23342,401s] GC(238)   Other: 0,1ms
[2023-07-31T11:42:18.868+0200][23342,401s] GC(238) Eden regions: 18->0(190)
[2023-07-31T11:42:18.868+0200][23342,401s] GC(238) Survivor regions: 1->6(23)
[2023-07-31T11:42:18.868+0200][23342,401s] GC(238) Old regions: 130->130
[2023-07-31T11:42:18.868+0200][23342,401s] GC(238) Archive regions: 2->2
[2023-07-31T11:42:18.868+0200][23342,401s] GC(238) Humongous regions: 35->35
[2023-07-31T11:42:18.868+0200][23342,401s] GC(238) Metaspace: 61454K(62016K)->61454K(62016K) NonClass: 54171K(54464K)->54171K(54464K) Class: 7282K(7552K)->7282K(7552K)
[2023-07-31T11:42:18.868+0200][23342,401s] GC(238) Pause Young (Concurrent Start) (G1 Humongous Allocation) 182M->169M(512M) 2,502ms
[2023-07-31T11:42:18.868+0200][23342,401s] GC(238) User=0,00s Sys=0,00s Real=0,00s
[2023-07-31T11:42:18.868+0200][23342,401s] GC(239) Concurrent Mark Cycle
[2023-07-31T11:42:18.868+0200][23342,401s] GC(239) Concurrent Clear Claimed Marks
[2023-07-31T11:42:18.868+0200][23342,401s] GC(239) Concurrent Clear Claimed Marks 0,023ms
[2023-07-31T11:42:18.868+0200][23342,401s] GC(239) Concurrent Scan Root Regions
[2023-07-31T11:42:18.869+0200][23342,402s] GC(239) Concurrent Scan Root Regions 0,982ms
[2023-07-31T11:42:18.869+0200][23342,402s] GC(239) Concurrent Mark
[2023-07-31T11:42:18.869+0200][23342,402s] GC(239) Concurrent Mark From Roots
[2023-07-31T11:42:18.869+0200][23342,402s] GC(239) Using 2 workers of 2 for marking
[2023-07-31T11:42:18.897+0200][23342,430s] GC(239) Concurrent Mark From Roots 28,285ms
[2023-07-31T11:42:18.897+0200][23342,430s] GC(239) Concurrent Preclean
[2023-07-31T11:42:18.898+0200][23342,430s] GC(239) Concurrent Preclean 0,237ms
[2023-07-31T11:42:18.898+0200][23342,431s] GC(239) Pause Remark
[2023-07-31T11:42:18.906+0200][23342,439s] GC(239) Pause Remark 175M->168M(512M) 7,756ms
[2023-07-31T11:42:18.906+0200][23342,439s] GC(239) User=0,02s Sys=0,01s Real=0,01s
[2023-07-31T11:42:18.906+0200][23342,439s] GC(239) Concurrent Mark 36,981ms
[2023-07-31T11:42:18.906+0200][23342,439s] GC(239) Concurrent Rebuild Remembered Sets
[2023-07-31T11:42:18.922+0200][23342,455s] GC(239) Concurrent Rebuild Remembered Sets 16,072ms
[2023-07-31T11:42:18.923+0200][23342,455s] GC(239) Pause Cleanup
[2023-07-31T11:42:18.923+0200][23342,455s] GC(239) Pause Cleanup 172M->172M(512M) 0,103ms
[2023-07-31T11:42:18.923+0200][23342,455s] GC(239) User=0,00s Sys=0,00s Real=0,00s
[2023-07-31T11:42:18.923+0200][23342,455s] GC(239) Concurrent Cleanup for Next Mark
[2023-07-31T11:42:18.923+0200][23342,456s] GC(239) Concurrent Cleanup for Next Mark 0,167ms
[2023-07-31T11:42:18.923+0200][23342,456s] GC(239) Concurrent Mark Cycle 54,919ms
[2023-07-31T11:42:20.050+0200][23343,582s] GC(240) Pause Young (Prepare Mixed) (G1 Evacuation Pause)
[2023-07-31T11:42:20.050+0200][23343,582s] GC(240) Using 8 workers of 8 for evacuation
[2023-07-31T11:42:20.053+0200][23343,585s] GC(240)   Pre Evacuate Collection Set: 0,1ms
[2023-07-31T11:42:20.053+0200][23343,586s] GC(240)   Merge Heap Roots: 0,1ms
[2023-07-31T11:42:20.053+0200][23343,586s] GC(240)   Evacuate Collection Set: 2,6ms
[2023-07-31T11:42:20.053+0200][23343,586s] GC(240)   Post Evacuate Collection Set: 0,4ms
[2023-07-31T11:42:20.053+0200][23343,586s] GC(240)   Other: 0,1ms
[2023-07-31T11:42:20.053+0200][23343,586s] GC(240) Eden regions: 190->0(16)
[2023-07-31T11:42:20.053+0200][23343,586s] GC(240) Survivor regions: 6->9(25)
[2023-07-31T11:42:20.053+0200][23343,586s] GC(240) Old regions: 130->130
[2023-07-31T11:42:20.053+0200][23343,586s] GC(240) Archive regions: 2->2
[2023-07-31T11:42:20.053+0200][23343,586s] GC(240) Humongous regions: 53->42
[2023-07-31T11:42:20.053+0200][23343,586s] GC(240) Metaspace: 61454K(62016K)->61454K(62016K) NonClass: 54171K(54464K)->54171K(54464K) Class: 7282K(7552K)->7282K(7552K)
[2023-07-31T11:42:20.053+0200][23343,586s] GC(240) Pause Young (Prepare Mixed) (G1 Evacuation Pause) 377M->179M(512M) 3,409ms
[2023-07-31T11:42:20.053+0200][23343,586s] GC(240) User=0,02s Sys=0,01s Real=0,00s
[2023-07-31T11:42:20.143+0200][23343,676s] GC(241) Pause Young (Mixed) (G1 Evacuation Pause)
[2023-07-31T11:42:20.143+0200][23343,676s] GC(241) Using 8 workers of 8 for evacuation
[2023-07-31T11:42:20.147+0200][23343,680s] GC(241)   Pre Evacuate Collection Set: 0,1ms
[2023-07-31T11:42:20.147+0200][23343,680s] GC(241)   Merge Heap Roots: 0,1ms
[2023-07-31T11:42:20.147+0200][23343,680s] GC(241)   Evacuate Collection Set: 3,8ms
[2023-07-31T11:42:20.147+0200][23343,680s] GC(241)   Post Evacuate Collection Set: 0,4ms
[2023-07-31T11:42:20.147+0200][23343,680s] GC(241)   Other: 0,1ms
[2023-07-31T11:42:20.147+0200][23343,680s] GC(241) Eden regions: 16->0(203)
[2023-07-31T11:42:20.147+0200][23343,680s] GC(241) Survivor regions: 9->4(4)
[2023-07-31T11:42:20.147+0200][23343,680s] GC(241) Old regions: 130->132
[2023-07-31T11:42:20.147+0200][23343,680s] GC(241) Archive regions: 2->2
[2023-07-31T11:42:20.147+0200][23343,680s] GC(241) Humongous regions: 42->35
[2023-07-31T11:42:20.147+0200][23343,680s] GC(241) Metaspace: 61454K(62016K)->61454K(62016K) NonClass: 54171K(54464K)->54171K(54464K) Class: 7282K(7552K)->7282K(7552K)
[2023-07-31T11:42:20.147+0200][23343,680s] GC(241) Pause Young (Mixed) (G1 Evacuation Pause) 195M->170M(512M) 4,557ms
[2023-07-31T11:42:20.148+0200][23343,680s] GC(241) User=0,01s Sys=0,01s Real=0,00s
[2023-07-31T11:42:20.378+0200][23343,911s] GC(242) Pause Young (Concurrent Start) (G1 Humongous Allocation)
[2023-07-31T11:42:20.378+0200][23343,911s] GC(242) Using 8 workers of 8 for evacuation
[2023-07-31T11:42:20.383+0200][23343,915s] GC(242)   Pre Evacuate Collection Set: 0,2ms
[2023-07-31T11:42:20.383+0200][23343,915s] GC(242)   Merge Heap Roots: 0,1ms
[2023-07-31T11:42:20.383+0200][23343,915s] GC(242)   Evacuate Collection Set: 3,6ms
[2023-07-31T11:42:20.383+0200][23343,915s] GC(242)   Post Evacuate Collection Set: 0,3ms
[2023-07-31T11:42:20.383+0200][23343,915s] GC(242)   Other: 0,2ms
[2023-07-31T11:42:20.383+0200][23343,915s] GC(242) Eden regions: 25->0(215)
[2023-07-31T11:42:20.383+0200][23343,915s] GC(242) Survivor regions: 4->5(26)
[2023-07-31T11:42:20.383+0200][23343,915s] GC(242) Old regions: 132->132
[2023-07-31T11:42:20.383+0200][23343,915s] GC(242) Archive regions: 2->2
[2023-07-31T11:42:20.383+0200][23343,915s] GC(242) Humongous regions: 35->35
[2023-07-31T11:42:20.383+0200][23343,915s] GC(242) Metaspace: 61454K(62016K)->61454K(62016K) NonClass: 54171K(54464K)->54171K(54464K) Class: 7282K(7552K)->7282K(7552K)
[2023-07-31T11:42:20.383+0200][23343,916s] GC(242) Pause Young (Concurrent Start) (G1 Humongous Allocation) 195M->171M(512M) 4,422ms
[2023-07-31T11:42:20.383+0200][23343,916s] GC(242) User=0,01s Sys=0,01s Real=0,01s
[2023-07-31T11:42:20.383+0200][23343,916s] GC(243) Concurrent Mark Cycle
[2023-07-31T11:42:20.383+0200][23343,916s] GC(243) Concurrent Clear Claimed Marks
[2023-07-31T11:42:20.383+0200][23343,916s] GC(243) Concurrent Clear Claimed Marks 0,037ms
[2023-07-31T11:42:20.383+0200][23343,916s] GC(243) Concurrent Scan Root Regions
[2023-07-31T11:42:20.389+0200][23343,922s] GC(243) Concurrent Scan Root Regions 5,953ms
[2023-07-31T11:42:20.389+0200][23343,922s] GC(243) Concurrent Mark
[2023-07-31T11:42:20.389+0200][23343,922s] GC(243) Concurrent Mark From Roots
[2023-07-31T11:42:20.389+0200][23343,922s] GC(243) Using 2 workers of 2 for marking
[2023-07-31T11:42:20.441+0200][23343,973s] GC(243) Concurrent Mark From Roots 51,740ms
[2023-07-31T11:42:20.441+0200][23343,973s] GC(243) Concurrent Preclean
[2023-07-31T11:42:20.441+0200][23343,974s] GC(243) Concurrent Preclean 0,218ms
[2023-07-31T11:42:20.441+0200][23343,974s] GC(243) Pause Remark
[2023-07-31T11:42:20.458+0200][23343,991s] GC(243) Pause Remark 178M->171M(512M) 17,328ms
[2023-07-31T11:42:20.458+0200][23343,991s] GC(243) User=0,02s Sys=0,05s Real=0,01s
[2023-07-31T11:42:20.459+0200][23343,991s] GC(243) Concurrent Mark 69,536ms
[2023-07-31T11:42:20.459+0200][23343,991s] GC(243) Concurrent Rebuild Remembered Sets
[2023-07-31T11:42:20.476+0200][23344,009s] GC(243) Concurrent Rebuild Remembered Sets 17,877ms
[2023-07-31T11:42:20.477+0200][23344,009s] GC(243) Pause Cleanup
[2023-07-31T11:42:20.477+0200][23344,009s] GC(243) Pause Cleanup 171M->171M(512M) 0,138ms
[2023-07-31T11:42:20.477+0200][23344,009s] GC(243) User=0,00s Sys=0,00s Real=0,00s
[2023-07-31T11:42:20.477+0200][23344,009s] GC(243) Concurrent Cleanup for Next Mark
[2023-07-31T11:42:20.478+0200][23344,011s] GC(243) Concurrent Cleanup for Next Mark 1,234ms
[2023-07-31T11:42:20.478+0200][23344,011s] GC(243) Concurrent Mark Cycle 95,048ms
[2023-07-31T11:42:21.923+0200][23345,455s] GC(244) Pause Young (Prepare Mixed) (G1 Evacuation Pause)
[2023-07-31T11:42:21.923+0200][23345,455s] GC(244) Using 8 workers of 8 for evacuation
[2023-07-31T11:42:21.926+0200][23345,459s] GC(244)   Pre Evacuate Collection Set: 0,1ms
[2023-07-31T11:42:21.926+0200][23345,459s] GC(244)   Merge Heap Roots: 0,1ms
[2023-07-31T11:42:21.926+0200][23345,459s] GC(244)   Evacuate Collection Set: 2,8ms
[2023-07-31T11:42:21.926+0200][23345,459s] GC(244)   Post Evacuate Collection Set: 0,3ms
[2023-07-31T11:42:21.926+0200][23345,459s] GC(244)   Other: 0,1ms
[2023-07-31T11:42:21.926+0200][23345,459s] GC(244) Eden regions: 215->0(12)
[2023-07-31T11:42:21.926+0200][23345,459s] GC(244) Survivor regions: 5->13(28)
[2023-07-31T11:42:21.926+0200][23345,459s] GC(244) Old regions: 132->132
[2023-07-31T11:42:21.926+0200][23345,459s] GC(244) Archive regions: 2->2
[2023-07-31T11:42:21.926+0200][23345,459s] GC(244) Humongous regions: 60->35
[2023-07-31T11:42:21.926+0200][23345,459s] GC(244) Metaspace: 61454K(62016K)->61454K(62016K) NonClass: 54171K(54464K)->54171K(54464K) Class: 7282K(7552K)->7282K(7552K)
[2023-07-31T11:42:21.926+0200][23345,459s] GC(244) Pause Young (Prepare Mixed) (G1 Evacuation Pause) 411M->178M(512M) 3,538ms
[2023-07-31T11:42:21.926+0200][23345,459s] GC(244) User=0,01s Sys=0,00s Real=0,00s
[2023-07-31T11:42:21.991+0200][23345,524s] GC(245) Pause Young (Mixed) (G1 Evacuation Pause)
[2023-07-31T11:42:21.991+0200][23345,524s] GC(245) Using 8 workers of 8 for evacuation
[2023-07-31T11:42:22.007+0200][23345,539s] GC(245)   Pre Evacuate Collection Set: 0,1ms
[2023-07-31T11:42:22.007+0200][23345,540s] GC(245)   Merge Heap Roots: 0,1ms
[2023-07-31T11:42:22.007+0200][23345,540s] GC(245)   Evacuate Collection Set: 14,6ms
[2023-07-31T11:42:22.007+0200][23345,540s] GC(245)   Post Evacuate Collection Set: 0,6ms
[2023-07-31T11:42:22.007+0200][23345,540s] GC(245)   Other: 0,2ms
[2023-07-31T11:42:22.007+0200][23345,540s] GC(245) Eden regions: 12->0(213)
[2023-07-31T11:42:22.007+0200][23345,540s] GC(245) Survivor regions: 13->1(4)
[2023-07-31T11:42:22.007+0200][23345,540s] GC(245) Old regions: 132->140
[2023-07-31T11:42:22.007+0200][23345,540s] GC(245) Archive regions: 2->2
[2023-07-31T11:42:22.007+0200][23345,540s] GC(245) Humongous regions: 42->42
[2023-07-31T11:42:22.007+0200][23345,540s] GC(245) Metaspace: 61454K(62016K)->61454K(62016K) NonClass: 54171K(54464K)->54171K(54464K) Class: 7282K(7552K)->7282K(7552K)
[2023-07-31T11:42:22.007+0200][23345,540s] GC(245) Pause Young (Mixed) (G1 Evacuation Pause) 197M->182M(512M) 15,873ms
[2023-07-31T11:42:22.007+0200][23345,540s] GC(245) User=0,01s Sys=0,01s Real=0,01s
[2023-07-31T11:42:22.113+0200][23345,645s] GC(246) Pause Young (Concurrent Start) (G1 Humongous Allocation)
[2023-07-31T11:42:22.113+0200][23345,645s] GC(246) Using 8 workers of 8 for evacuation
[2023-07-31T11:42:22.115+0200][23345,648s] GC(246)   Pre Evacuate Collection Set: 0,1ms
[2023-07-31T11:42:22.115+0200][23345,648s] GC(246)   Merge Heap Roots: 0,0ms
[2023-07-31T11:42:22.115+0200][23345,648s] GC(246)   Evacuate Collection Set: 2,0ms
[2023-07-31T11:42:22.115+0200][23345,648s] GC(246)   Post Evacuate Collection Set: 0,2ms
[2023-07-31T11:42:22.115+0200][23345,648s] GC(246)   Other: 0,1ms
[2023-07-31T11:42:22.115+0200][23345,648s] GC(246) Eden regions: 16->0(219)
[2023-07-31T11:42:22.115+0200][23345,648s] GC(246) Survivor regions: 1->2(27)
[2023-07-31T11:42:22.115+0200][23345,648s] GC(246) Old regions: 140->140
[2023-07-31T11:42:22.115+0200][23345,648s] GC(246) Archive regions: 2->2
[2023-07-31T11:42:22.115+0200][23345,648s] GC(246) Humongous regions: 42->42
[2023-07-31T11:42:22.115+0200][23345,648s] GC(246) Metaspace: 61454K(62016K)->61454K(62016K) NonClass: 54171K(54464K)->54171K(54464K) Class: 7282K(7552K)->7282K(7552K)
[2023-07-31T11:42:22.115+0200][23345,648s] GC(246) Pause Young (Concurrent Start) (G1 Humongous Allocation) 197M->182M(512M) 2,567ms
[2023-07-31T11:42:22.115+0200][23345,648s] GC(246) User=0,00s Sys=0,00s Real=0,00s
[2023-07-31T11:42:22.115+0200][23345,648s] GC(247) Concurrent Mark Cycle
[2023-07-31T11:42:22.115+0200][23345,648s] GC(247) Concurrent Clear Claimed Marks
[2023-07-31T11:42:22.115+0200][23345,648s] GC(247) Concurrent Clear Claimed Marks 0,013ms
[2023-07-31T11:42:22.115+0200][23345,648s] GC(247) Concurrent Scan Root Regions
[2023-07-31T11:42:22.116+0200][23345,649s] GC(247) Concurrent Scan Root Regions 0,460ms
[2023-07-31T11:42:22.116+0200][23345,649s] GC(247) Concurrent Mark
[2023-07-31T11:42:22.116+0200][23345,649s] GC(247) Concurrent Mark From Roots
[2023-07-31T11:42:22.116+0200][23345,649s] GC(247) Using 2 workers of 2 for marking
[2023-07-31T11:42:22.144+0200][23345,676s] GC(247) Concurrent Mark From Roots 27,642ms
[2023-07-31T11:42:22.144+0200][23345,676s] GC(247) Concurrent Preclean
[2023-07-31T11:42:22.144+0200][23345,677s] GC(247) Concurrent Preclean 0,291ms
[2023-07-31T11:42:22.144+0200][23345,677s] GC(247) Pause Remark
[2023-07-31T11:42:22.153+0200][23345,685s] GC(247) Pause Remark 196M->182M(512M) 8,139ms
[2023-07-31T11:42:22.153+0200][23345,685s] GC(247) User=0,02s Sys=0,02s Real=0,01s
[2023-07-31T11:42:22.153+0200][23345,685s] GC(247) Concurrent Mark 36,881ms
[2023-07-31T11:42:22.153+0200][23345,685s] GC(247) Concurrent Rebuild Remembered Sets
[2023-07-31T11:42:22.170+0200][23345,702s] GC(247) Concurrent Rebuild Remembered Sets 16,864ms
[2023-07-31T11:42:22.170+0200][23345,703s] GC(247) Pause Cleanup
[2023-07-31T11:42:22.170+0200][23345,703s] GC(247) Pause Cleanup 187M->187M(512M) 0,123ms
[2023-07-31T11:42:22.170+0200][23345,703s] GC(247) User=0,00s Sys=0,00s Real=0,00s
[2023-07-31T11:42:22.170+0200][23345,703s] GC(247) Concurrent Cleanup for Next Mark
[2023-07-31T11:42:22.171+0200][23345,704s] GC(247) Concurrent Cleanup for Next Mark 1,181ms
[2023-07-31T11:42:22.171+0200][23345,704s] GC(247) Concurrent Mark Cycle 55,890ms
[2023-07-31T11:42:23.349+0200][23346,882s] GC(248) Pause Young (Prepare Mixed) (G1 Evacuation Pause)
[2023-07-31T11:42:23.349+0200][23346,882s] GC(248) Using 8 workers of 8 for evacuation
[2023-07-31T11:42:23.353+0200][23346,886s] GC(248)   Pre Evacuate Collection Set: 0,1ms
[2023-07-31T11:42:23.353+0200][23346,886s] GC(248)   Merge Heap Roots: 0,1ms
[2023-07-31T11:42:23.353+0200][23346,886s] GC(248)   Evacuate Collection Set: 3,2ms
[2023-07-31T11:42:23.353+0200][23346,886s] GC(248)   Post Evacuate Collection Set: 0,3ms
[2023-07-31T11:42:23.353+0200][23346,886s] GC(248)   Other: 0,4ms
[2023-07-31T11:42:23.353+0200][23346,886s] GC(248) Eden regions: 219->0(13)
[2023-07-31T11:42:23.353+0200][23346,886s] GC(248) Survivor regions: 2->12(28)
[2023-07-31T11:42:23.353+0200][23346,886s] GC(248) Old regions: 140->140
[2023-07-31T11:42:23.353+0200][23346,886s] GC(248) Archive regions: 2->2
[2023-07-31T11:42:23.353+0200][23346,886s] GC(248) Humongous regions: 93->43
[2023-07-31T11:42:23.353+0200][23346,886s] GC(248) Metaspace: 61454K(62016K)->61454K(62016K) NonClass: 54171K(54464K)->54171K(54464K) Class: 7282K(7552K)->7282K(7552K)
[2023-07-31T11:42:23.353+0200][23346,886s] GC(248) Pause Young (Prepare Mixed) (G1 Evacuation Pause) 452M->193M(512M) 4,194ms
[2023-07-31T11:42:23.353+0200][23346,886s] GC(248) User=0,01s Sys=0,00s Real=0,01s
[2023-07-31T11:42:23.395+0200][23346,928s] GC(249) Pause Young (Mixed) (G1 Evacuation Pause)
[2023-07-31T11:42:23.395+0200][23346,928s] GC(249) Using 8 workers of 8 for evacuation
[2023-07-31T11:42:23.400+0200][23346,933s] GC(249)   Pre Evacuate Collection Set: 0,1ms
[2023-07-31T11:42:23.400+0200][23346,933s] GC(249)   Merge Heap Roots: 0,1ms
[2023-07-31T11:42:23.400+0200][23346,933s] GC(249)   Evacuate Collection Set: 4,4ms
[2023-07-31T11:42:23.400+0200][23346,933s] GC(249)   Post Evacuate Collection Set: 0,3ms
[2023-07-31T11:42:23.400+0200][23346,933s] GC(249)   Other: 0,1ms
[2023-07-31T11:42:23.400+0200][23346,933s] GC(249) Eden regions: 13->0(219)
[2023-07-31T11:42:23.400+0200][23346,933s] GC(249) Survivor regions: 12->1(4)
[2023-07-31T11:42:23.400+0200][23346,933s] GC(249) Old regions: 140->145
[2023-07-31T11:42:23.400+0200][23346,933s] GC(249) Archive regions: 2->2
[2023-07-31T11:42:23.400+0200][23346,933s] GC(249) Humongous regions: 44->42
[2023-07-31T11:42:23.400+0200][23346,933s] GC(249) Metaspace: 61454K(62016K)->61454K(62016K) NonClass: 54171K(54464K)->54171K(54464K) Class: 7282K(7552K)->7282K(7552K)
[2023-07-31T11:42:23.400+0200][23346,933s] GC(249) Pause Young (Mixed) (G1 Evacuation Pause) 207M->186M(512M) 5,073ms
[2023-07-31T11:42:23.400+0200][23346,933s] GC(249) User=0,01s Sys=0,01s Real=0,01s
[2023-07-31T11:42:23.650+0200][23347,182s] GC(250) Pause Young (Concurrent Start) (G1 Humongous Allocation)
[2023-07-31T11:42:23.650+0200][23347,183s] GC(250) Using 8 workers of 8 for evacuation
[2023-07-31T11:42:23.653+0200][23347,186s] GC(250)   Pre Evacuate Collection Set: 0,1ms
[2023-07-31T11:42:23.653+0200][23347,186s] GC(250)   Merge Heap Roots: 0,0ms
[2023-07-31T11:42:23.653+0200][23347,186s] GC(250)   Evacuate Collection Set: 2,7ms
[2023-07-31T11:42:23.653+0200][23347,186s] GC(250)   Post Evacuate Collection Set: 0,2ms
[2023-07-31T11:42:23.653+0200][23347,186s] GC(250)   Other: 0,1ms
[2023-07-31T11:42:23.653+0200][23347,186s] GC(250) Eden regions: 32->0(223)
[2023-07-31T11:42:23.653+0200][23347,186s] GC(250) Survivor regions: 1->2(28)
[2023-07-31T11:42:23.653+0200][23347,186s] GC(250) Old regions: 145->145
[2023-07-31T11:42:23.653+0200][23347,186s] GC(250) Archive regions: 2->2
[2023-07-31T11:42:23.653+0200][23347,186s] GC(250) Humongous regions: 42->42
[2023-07-31T11:42:23.653+0200][23347,186s] GC(250) Metaspace: 61454K(62016K)->61454K(62016K) NonClass: 54171K(54464K)->54171K(54464K) Class: 7282K(7552K)->7282K(7552K)
[2023-07-31T11:42:23.653+0200][23347,186s] GC(250) Pause Young (Concurrent Start) (G1 Humongous Allocation) 218M->187M(512M) 3,290ms
[2023-07-31T11:42:23.653+0200][23347,186s] GC(250) User=0,00s Sys=0,01s Real=0,00s
[2023-07-31T11:42:23.653+0200][23347,186s] GC(251) Concurrent Mark Cycle
[2023-07-31T11:42:23.653+0200][23347,186s] GC(251) Concurrent Clear Claimed Marks
[2023-07-31T11:42:23.653+0200][23347,186s] GC(251) Concurrent Clear Claimed Marks 0,026ms
[2023-07-31T11:42:23.653+0200][23347,186s] GC(251) Concurrent Scan Root Regions
[2023-07-31T11:42:23.654+0200][23347,186s] GC(251) Concurrent Scan Root Regions 0,377ms
[2023-07-31T11:42:23.654+0200][23347,186s] GC(251) Concurrent Mark
[2023-07-31T11:42:23.654+0200][23347,186s] GC(251) Concurrent Mark From Roots
[2023-07-31T11:42:23.654+0200][23347,186s] GC(251) Using 2 workers of 2 for marking
[2023-07-31T11:42:23.687+0200][23347,219s] GC(251) Concurrent Mark From Roots 33,041ms
[2023-07-31T11:42:23.687+0200][23347,219s] GC(251) Concurrent Preclean
[2023-07-31T11:42:23.687+0200][23347,220s] GC(251) Concurrent Preclean 0,341ms
[2023-07-31T11:42:23.687+0200][23347,220s] GC(251) Pause Remark
[2023-07-31T11:42:23.697+0200][23347,230s] GC(251) Pause Remark 198M->191M(512M) 10,330ms
[2023-07-31T11:42:23.698+0200][23347,230s] GC(251) User=0,02s Sys=0,02s Real=0,01s
[2023-07-31T11:42:23.698+0200][23347,231s] GC(251) Concurrent Mark 44,239ms
[2023-07-31T11:42:23.698+0200][23347,231s] GC(251) Concurrent Rebuild Remembered Sets
[2023-07-31T11:42:23.715+0200][23347,248s] GC(251) Concurrent Rebuild Remembered Sets 17,177ms
[2023-07-31T11:42:23.716+0200][23347,248s] GC(251) Pause Cleanup
[2023-07-31T11:42:23.716+0200][23347,248s] GC(251) Pause Cleanup 191M->191M(512M) 0,112ms
[2023-07-31T11:42:23.716+0200][23347,248s] GC(251) User=0,00s Sys=0,00s Real=0,00s
[2023-07-31T11:42:23.716+0200][23347,249s] GC(251) Concurrent Cleanup for Next Mark
[2023-07-31T11:42:23.716+0200][23347,249s] GC(251) Concurrent Cleanup for Next Mark 0,199ms
[2023-07-31T11:42:23.716+0200][23347,249s] GC(251) Concurrent Mark Cycle 62,923ms
[2023-07-31T11:42:25.202+0200][23348,735s] GC(252) Pause Young (Prepare Mixed) (G1 Evacuation Pause)
[2023-07-31T11:42:25.202+0200][23348,735s] GC(252) Using 8 workers of 8 for evacuation
[2023-07-31T11:42:25.207+0200][23348,740s] GC(252)   Pre Evacuate Collection Set: 0,1ms
[2023-07-31T11:42:25.207+0200][23348,740s] GC(252)   Merge Heap Roots: 0,1ms
[2023-07-31T11:42:25.207+0200][23348,740s] GC(252)   Evacuate Collection Set: 3,8ms
[2023-07-31T11:42:25.207+0200][23348,740s] GC(252)   Post Evacuate Collection Set: 0,3ms
[2023-07-31T11:42:25.207+0200][23348,740s] GC(252)   Other: 0,2ms
[2023-07-31T11:42:25.207+0200][23348,740s] GC(252) Eden regions: 223->0(18)
[2023-07-31T11:42:25.207+0200][23348,740s] GC(252) Survivor regions: 2->7(29)
[2023-07-31T11:42:25.207+0200][23348,740s] GC(252) Old regions: 145->145
[2023-07-31T11:42:25.207+0200][23348,740s] GC(252) Archive regions: 2->2
[2023-07-31T11:42:25.207+0200][23348,740s] GC(252) Humongous regions: 56->43
[2023-07-31T11:42:25.207+0200][23348,740s] GC(252) Metaspace: 61463K(62016K)->61463K(62016K) NonClass: 54180K(54464K)->54180K(54464K) Class: 7282K(7552K)->7282K(7552K)
[2023-07-31T11:42:25.207+0200][23348,740s] GC(252) Pause Young (Prepare Mixed) (G1 Evacuation Pause) 424M->193M(512M) 4,652ms
[2023-07-31T11:42:25.207+0200][23348,740s] GC(252) User=0,01s Sys=0,00s Real=0,00s
[2023-07-31T11:42:25.325+0200][23348,858s] GC(253) Pause Young (Mixed) (G1 Evacuation Pause)
[2023-07-31T11:42:25.325+0200][23348,858s] GC(253) Using 8 workers of 8 for evacuation
[2023-07-31T11:42:25.331+0200][23348,864s] GC(253)   Pre Evacuate Collection Set: 0,1ms
[2023-07-31T11:42:25.331+0200][23348,864s] GC(253)   Merge Heap Roots: 0,0ms
[2023-07-31T11:42:25.331+0200][23348,864s] GC(253)   Evacuate Collection Set: 5,4ms
[2023-07-31T11:42:25.331+0200][23348,864s] GC(253)   Post Evacuate Collection Set: 0,2ms
[2023-07-31T11:42:25.331+0200][23348,864s] GC(253)   Other: 0,1ms
[2023-07-31T11:42:25.331+0200][23348,864s] GC(253) Eden regions: 18->0(227)
[2023-07-31T11:42:25.331+0200][23348,864s] GC(253) Survivor regions: 7->2(4)
[2023-07-31T11:42:25.331+0200][23348,864s] GC(253) Old regions: 145->145
[2023-07-31T11:42:25.331+0200][23348,864s] GC(253) Archive regions: 2->2
[2023-07-31T11:42:25.331+0200][23348,864s] GC(253) Humongous regions: 43->43
[2023-07-31T11:42:25.331+0200][23348,864s] GC(253) Metaspace: 61464K(62016K)->61464K(62016K) NonClass: 54181K(54464K)->54181K(54464K) Class: 7282K(7552K)->7282K(7552K)
[2023-07-31T11:42:25.331+0200][23348,864s] GC(253) Pause Young (Mixed) (G1 Evacuation Pause) 211M->188M(512M) 5,937ms
[2023-07-31T11:42:25.331+0200][23348,864s] GC(253) User=0,02s Sys=0,01s Real=0,01s
[2023-07-31T11:42:25.403+0200][23348,936s] GC(254) Pause Young (Concurrent Start) (G1 Humongous Allocation)
[2023-07-31T11:42:25.403+0200][23348,936s] GC(254) Using 8 workers of 8 for evacuation
[2023-07-31T11:42:25.406+0200][23348,938s] GC(254)   Pre Evacuate Collection Set: 0,2ms
[2023-07-31T11:42:25.406+0200][23348,938s] GC(254)   Merge Heap Roots: 0,1ms
[2023-07-31T11:42:25.406+0200][23348,938s] GC(254)   Evacuate Collection Set: 2,1ms
[2023-07-31T11:42:25.406+0200][23348,938s] GC(254)   Post Evacuate Collection Set: 0,3ms
[2023-07-31T11:42:25.406+0200][23348,938s] GC(254)   Other: 0,1ms
[2023-07-31T11:42:25.406+0200][23348,938s] GC(254) Eden regions: 146->0(233)
[2023-07-31T11:42:25.406+0200][23348,938s] GC(254) Survivor regions: 2->3(29)
[2023-07-31T11:42:25.406+0200][23348,938s] GC(254) Old regions: 145->145
[2023-07-31T11:42:25.406+0200][23348,938s] GC(254) Archive regions: 2->2
[2023-07-31T11:42:25.406+0200][23348,938s] GC(254) Humongous regions: 43->43
[2023-07-31T11:42:25.406+0200][23348,938s] GC(254) Metaspace: 61464K(62016K)->61464K(62016K) NonClass: 54181K(54464K)->54181K(54464K) Class: 7282K(7552K)->7282K(7552K)
[2023-07-31T11:42:25.406+0200][23348,938s] GC(254) Pause Young (Concurrent Start) (G1 Humongous Allocation) 334M->189M(512M) 2,930ms
[2023-07-31T11:42:25.406+0200][23348,939s] GC(254) User=0,00s Sys=0,00s Real=0,00s
[2023-07-31T11:42:25.406+0200][23348,939s] GC(255) Concurrent Mark Cycle
[2023-07-31T11:42:25.406+0200][23348,939s] GC(255) Concurrent Clear Claimed Marks
[2023-07-31T11:42:25.406+0200][23348,939s] GC(255) Concurrent Clear Claimed Marks 0,016ms
[2023-07-31T11:42:25.406+0200][23348,939s] GC(255) Concurrent Scan Root Regions
[2023-07-31T11:42:25.406+0200][23348,939s] GC(255) Concurrent Scan Root Regions 0,377ms
[2023-07-31T11:42:25.406+0200][23348,939s] GC(255) Concurrent Mark
[2023-07-31T11:42:25.406+0200][23348,939s] GC(255) Concurrent Mark From Roots
[2023-07-31T11:42:25.406+0200][23348,939s] GC(255) Using 2 workers of 2 for marking
[2023-07-31T11:42:25.436+0200][23348,968s] GC(255) Concurrent Mark From Roots 29,484ms
[2023-07-31T11:42:25.436+0200][23348,968s] GC(255) Concurrent Preclean
[2023-07-31T11:42:25.436+0200][23348,969s] GC(255) Concurrent Preclean 0,246ms
[2023-07-31T11:42:25.436+0200][23348,969s] GC(255) Pause Remark
[2023-07-31T11:42:25.451+0200][23348,983s] GC(255) Pause Remark 236M->236M(512M) 14,390ms
[2023-07-31T11:42:25.451+0200][23348,983s] GC(255) User=0,03s Sys=0,02s Real=0,02s
[2023-07-31T11:42:25.451+0200][23348,984s] GC(255) Concurrent Mark 44,623ms
[2023-07-31T11:42:25.451+0200][23348,984s] GC(255) Concurrent Rebuild Remembered Sets
[2023-07-31T11:42:25.469+0200][23349,001s] GC(255) Concurrent Rebuild Remembered Sets 17,652ms
[2023-07-31T11:42:25.469+0200][23349,002s] GC(255) Pause Cleanup
[2023-07-31T11:42:25.469+0200][23349,002s] GC(255) Pause Cleanup 244M->244M(512M) 0,128ms
[2023-07-31T11:42:25.469+0200][23349,002s] GC(255) User=0,01s Sys=0,00s Real=0,00s
[2023-07-31T11:42:25.469+0200][23349,002s] GC(255) Concurrent Cleanup for Next Mark
[2023-07-31T11:42:25.469+0200][23349,002s] GC(255) Concurrent Cleanup for Next Mark 0,437ms
[2023-07-31T11:42:25.470+0200][23349,002s] GC(255) Concurrent Mark Cycle 63,705ms
[2023-07-31T11:42:25.625+0200][23349,158s] GC(256) Pause Young (Prepare Mixed) (G1 Evacuation Pause)
[2023-07-31T11:42:25.625+0200][23349,158s] GC(256) Using 8 workers of 8 for evacuation
[2023-07-31T11:42:25.629+0200][23349,161s] GC(256)   Pre Evacuate Collection Set: 0,1ms
[2023-07-31T11:42:25.629+0200][23349,162s] GC(256)   Merge Heap Roots: 0,1ms
[2023-07-31T11:42:25.629+0200][23349,162s] GC(256)   Evacuate Collection Set: 3,1ms
[2023-07-31T11:42:25.629+0200][23349,162s] GC(256)   Post Evacuate Collection Set: 0,2ms
[2023-07-31T11:42:25.629+0200][23349,162s] GC(256)   Other: 0,1ms
[2023-07-31T11:42:25.629+0200][23349,162s] GC(256) Eden regions: 233->0(21)
[2023-07-31T11:42:25.629+0200][23349,162s] GC(256) Survivor regions: 3->4(30)
[2023-07-31T11:42:25.629+0200][23349,162s] GC(256) Old regions: 145->145
[2023-07-31T11:42:25.629+0200][23349,162s] GC(256) Archive regions: 2->2
[2023-07-31T11:42:25.629+0200][23349,162s] GC(256) Humongous regions: 47->43
[2023-07-31T11:42:25.629+0200][23349,162s] GC(256) Metaspace: 61464K(62016K)->61464K(62016K) NonClass: 54181K(54464K)->54181K(54464K) Class: 7282K(7552K)->7282K(7552K)
[2023-07-31T11:42:25.629+0200][23349,162s] GC(256) Pause Young (Prepare Mixed) (G1 Evacuation Pause) 426M->190M(512M) 3,698ms
[2023-07-31T11:42:25.629+0200][23349,162s] GC(256) User=0,01s Sys=0,01s Real=0,00s
[2023-07-31T11:42:25.651+0200][23349,183s] GC(257) Pause Young (Mixed) (G1 Evacuation Pause)
[2023-07-31T11:42:25.651+0200][23349,183s] GC(257) Using 8 workers of 8 for evacuation
[2023-07-31T11:42:25.654+0200][23349,186s] GC(257)   Pre Evacuate Collection Set: 0,1ms
[2023-07-31T11:42:25.654+0200][23349,186s] GC(257)   Merge Heap Roots: 0,1ms
[2023-07-31T11:42:25.654+0200][23349,186s] GC(257)   Evacuate Collection Set: 2,5ms
[2023-07-31T11:42:25.654+0200][23349,186s] GC(257)   Post Evacuate Collection Set: 0,3ms
[2023-07-31T11:42:25.654+0200][23349,186s] GC(257)   Other: 0,1ms
[2023-07-31T11:42:25.654+0200][23349,186s] GC(257) Eden regions: 21->0(242)
[2023-07-31T11:42:25.654+0200][23349,186s] GC(257) Survivor regions: 4->3(4)
[2023-07-31T11:42:25.654+0200][23349,186s] GC(257) Old regions: 145->141
[2023-07-31T11:42:25.654+0200][23349,186s] GC(257) Archive regions: 2->2
[2023-07-31T11:42:25.654+0200][23349,186s] GC(257) Humongous regions: 43->43
[2023-07-31T11:42:25.654+0200][23349,186s] GC(257) Metaspace: 61464K(62016K)->61464K(62016K) NonClass: 54181K(54464K)->54181K(54464K) Class: 7282K(7552K)->7282K(7552K)
[2023-07-31T11:42:25.654+0200][23349,187s] GC(257) Pause Young (Mixed) (G1 Evacuation Pause) 211M->185M(512M) 3,077ms
[2023-07-31T11:42:25.654+0200][23349,187s] GC(257) User=0,01s Sys=0,01s Real=0,00s
[2023-07-31T11:42:26.076+0200][23349,608s] GC(258) Pause Young (Concurrent Start) (G1 Evacuation Pause)
[2023-07-31T11:42:26.076+0200][23349,608s] GC(258) Using 8 workers of 8 for evacuation
[2023-07-31T11:42:26.079+0200][23349,612s] GC(258)   Pre Evacuate Collection Set: 0,2ms
[2023-07-31T11:42:26.079+0200][23349,612s] GC(258)   Merge Heap Roots: 0,1ms
[2023-07-31T11:42:26.079+0200][23349,612s] GC(258)   Evacuate Collection Set: 2,8ms
[2023-07-31T11:42:26.079+0200][23349,612s] GC(258)   Post Evacuate Collection Set: 0,3ms
[2023-07-31T11:42:26.079+0200][23349,612s] GC(258)   Other: 0,2ms
[2023-07-31T11:42:26.079+0200][23349,612s] GC(258) Eden regions: 242->0(245)
[2023-07-31T11:42:26.079+0200][23349,612s] GC(258) Survivor regions: 3->4(31)
[2023-07-31T11:42:26.079+0200][23349,612s] GC(258) Old regions: 141->141
[2023-07-31T11:42:26.079+0200][23349,612s] GC(258) Archive regions: 2->2
[2023-07-31T11:42:26.079+0200][23349,612s] GC(258) Humongous regions: 43->43
[2023-07-31T11:42:26.079+0200][23349,612s] GC(258) Metaspace: 61464K(62016K)->61464K(62016K) NonClass: 54181K(54464K)->54181K(54464K) Class: 7282K(7552K)->7282K(7552K)
[2023-07-31T11:42:26.079+0200][23349,612s] GC(258) Pause Young (Concurrent Start) (G1 Evacuation Pause) 427M->186M(512M) 3,615ms
[2023-07-31T11:42:26.079+0200][23349,612s] GC(258) User=0,00s Sys=0,01s Real=0,00s
[2023-07-31T11:42:26.079+0200][23349,612s] GC(259) Concurrent Mark Cycle
[2023-07-31T11:42:26.079+0200][23349,612s] GC(259) Concurrent Clear Claimed Marks
[2023-07-31T11:42:26.079+0200][23349,612s] GC(259) Concurrent Clear Claimed Marks 0,026ms
[2023-07-31T11:42:26.079+0200][23349,612s] GC(259) Concurrent Scan Root Regions
[2023-07-31T11:42:26.080+0200][23349,613s] GC(259) Concurrent Scan Root Regions 0,744ms
[2023-07-31T11:42:26.080+0200][23349,613s] GC(259) Concurrent Mark
[2023-07-31T11:42:26.080+0200][23349,613s] GC(259) Concurrent Mark From Roots
[2023-07-31T11:42:26.080+0200][23349,613s] GC(259) Using 2 workers of 2 for marking
[2023-07-31T11:42:26.112+0200][23349,645s] GC(259) Concurrent Mark From Roots 32,246ms
[2023-07-31T11:42:26.112+0200][23349,645s] GC(259) Concurrent Preclean
[2023-07-31T11:42:26.113+0200][23349,645s] GC(259) Concurrent Preclean 0,368ms
[2023-07-31T11:42:26.113+0200][23349,646s] GC(259) Pause Remark
[2023-07-31T11:42:26.127+0200][23349,660s] GC(259) Pause Remark 189M->146M(512M) 14,467ms
[2023-07-31T11:42:26.127+0200][23349,660s] GC(259) User=0,02s Sys=0,03s Real=0,01s
[2023-07-31T11:42:26.127+0200][23349,660s] GC(259) Concurrent Mark 47,411ms
[2023-07-31T11:42:26.127+0200][23349,660s] GC(259) Concurrent Rebuild Remembered Sets
[2023-07-31T11:42:26.143+0200][23349,676s] GC(259) Concurrent Rebuild Remembered Sets 15,808ms
[2023-07-31T11:42:26.144+0200][23349,677s] GC(259) Pause Cleanup
[2023-07-31T11:42:26.144+0200][23349,677s] GC(259) Pause Cleanup 146M->146M(512M) 0,113ms
[2023-07-31T11:42:26.144+0200][23349,677s] GC(259) User=0,00s Sys=0,00s Real=0,00s
[2023-07-31T11:42:26.144+0200][23349,677s] GC(259) Concurrent Cleanup for Next Mark
[2023-07-31T11:42:26.145+0200][23349,677s] GC(259) Concurrent Cleanup for Next Mark 0,509ms
[2023-07-31T11:42:26.145+0200][23349,677s] GC(259) Concurrent Mark Cycle 65,491ms
[2023-07-31T11:42:29.464+0200][23352,997s] GC(260) Pause Young (Prepare Mixed) (G1 Evacuation Pause)
[2023-07-31T11:42:29.465+0200][23352,997s] GC(260) Using 8 workers of 8 for evacuation
[2023-07-31T11:42:29.492+0200][23353,025s] GC(260)   Pre Evacuate Collection Set: 1,3ms
[2023-07-31T11:42:29.492+0200][23353,025s] GC(260)   Merge Heap Roots: 1,7ms
[2023-07-31T11:42:29.492+0200][23353,025s] GC(260)   Evacuate Collection Set: 22,5ms
[2023-07-31T11:42:29.492+0200][23353,025s] GC(260)   Post Evacuate Collection Set: 1,4ms
[2023-07-31T11:42:29.492+0200][23353,025s] GC(260)   Other: 0,6ms
[2023-07-31T11:42:29.492+0200][23353,025s] GC(260) Eden regions: 245->0(12)
[2023-07-31T11:42:29.492+0200][23353,025s] GC(260) Survivor regions: 4->13(32)
[2023-07-31T11:42:29.492+0200][23353,025s] GC(260) Old regions: 137->137
[2023-07-31T11:42:29.492+0200][23353,025s] GC(260) Archive regions: 2->2
[2023-07-31T11:42:29.492+0200][23353,025s] GC(260) Humongous regions: 26->5
[2023-07-31T11:42:29.492+0200][23353,025s] GC(260) Metaspace: 61474K(62080K)->61474K(62080K) NonClass: 54192K(54528K)->54192K(54528K) Class: 7282K(7552K)->7282K(7552K)
[2023-07-31T11:42:29.492+0200][23353,025s] GC(260) Pause Young (Prepare Mixed) (G1 Evacuation Pause) 410M->153M(512M) 27,506ms
[2023-07-31T11:42:29.492+0200][23353,025s] GC(260) User=0,02s Sys=0,06s Real=0,03s
[2023-07-31T11:42:29.693+0200][23353,226s] GC(261) Pause Young (Mixed) (G1 Evacuation Pause)
[2023-07-31T11:42:29.693+0200][23353,226s] GC(261) Using 8 workers of 8 for evacuation
[2023-07-31T11:42:29.708+0200][23353,241s] GC(261)   Pre Evacuate Collection Set: 0,1ms
[2023-07-31T11:42:29.711+0200][23353,244s] GC(261)   Merge Heap Roots: 0,2ms
[2023-07-31T11:42:29.711+0200][23353,244s] GC(261)   Evacuate Collection Set: 13,5ms
[2023-07-31T11:42:29.711+0200][23353,244s] GC(261)   Post Evacuate Collection Set: 0,7ms
[2023-07-31T11:42:29.711+0200][23353,244s] GC(261)   Other: 0,1ms
[2023-07-31T11:42:29.711+0200][23353,244s] GC(261) Eden regions: 12->0(24)
[2023-07-31T11:42:29.711+0200][23353,244s] GC(261) Survivor regions: 13->1(4)
[2023-07-31T11:42:29.711+0200][23353,244s] GC(261) Old regions: 137->99
[2023-07-31T11:42:29.711+0200][23353,244s] GC(261) Archive regions: 2->2
[2023-07-31T11:42:29.711+0200][23353,244s] GC(261) Humongous regions: 5->5
[2023-07-31T11:42:29.711+0200][23353,244s] GC(261) Metaspace: 61474K(62080K)->61474K(62080K) NonClass: 54192K(54528K)->54192K(54528K) Class: 7282K(7552K)->7282K(7552K)
[2023-07-31T11:42:29.711+0200][23353,244s] GC(261) Pause Young (Mixed) (G1 Evacuation Pause) 165M->103M(512M) 17,814ms
[2023-07-31T11:42:29.711+0200][23353,244s] GC(261) User=0,01s Sys=0,05s Real=0,02s
[2023-07-31T11:42:29.803+0200][23353,335s] GC(262) Pause Young (Mixed) (G1 Evacuation Pause)
[2023-07-31T11:42:29.803+0200][23353,335s] GC(262) Using 8 workers of 8 for evacuation
[2023-07-31T11:42:29.812+0200][23353,345s] GC(262)   Pre Evacuate Collection Set: 0,1ms
[2023-07-31T11:42:29.812+0200][23353,345s] GC(262)   Merge Heap Roots: 0,1ms
[2023-07-31T11:42:29.812+0200][23353,345s] GC(262)   Evacuate Collection Set: 8,7ms
[2023-07-31T11:42:29.812+0200][23353,345s] GC(262)   Post Evacuate Collection Set: 0,3ms
[2023-07-31T11:42:29.812+0200][23353,345s] GC(262)   Other: 0,2ms
[2023-07-31T11:42:29.812+0200][23353,345s] GC(262) Eden regions: 24->0(303)
[2023-07-31T11:42:29.812+0200][23353,345s] GC(262) Survivor regions: 1->4(4)
[2023-07-31T11:42:29.812+0200][23353,345s] GC(262) Old regions: 99->95
[2023-07-31T11:42:29.812+0200][23353,345s] GC(262) Archive regions: 2->2
[2023-07-31T11:42:29.812+0200][23353,345s] GC(262) Humongous regions: 6->5
[2023-07-31T11:42:29.812+0200][23353,345s] GC(262) Metaspace: 61474K(62080K)->61474K(62080K) NonClass: 54192K(54528K)->54192K(54528K) Class: 7282K(7552K)->7282K(7552K)
[2023-07-31T11:42:29.812+0200][23353,345s] GC(262) Pause Young (Mixed) (G1 Evacuation Pause) 128M->102M(512M) 9,455ms
[2023-07-31T11:42:29.812+0200][23353,345s] GC(262) User=0,01s Sys=0,02s Real=0,01s
[2023-07-31T11:42:29.952+0200][23353,485s] GC(263) Pause Young (Concurrent Start) (G1 Humongous Allocation)
[2023-07-31T11:42:29.952+0200][23353,485s] GC(263) Using 8 workers of 8 for evacuation
[2023-07-31T11:42:29.957+0200][23353,489s] GC(263)   Pre Evacuate Collection Set: 0,1ms
[2023-07-31T11:42:29.957+0200][23353,489s] GC(263)   Merge Heap Roots: 0,0ms
[2023-07-31T11:42:29.957+0200][23353,489s] GC(263)   Evacuate Collection Set: 3,9ms
[2023-07-31T11:42:29.957+0200][23353,489s] GC(263)   Post Evacuate Collection Set: 0,4ms
[2023-07-31T11:42:29.957+0200][23353,489s] GC(263)   Other: 0,2ms
[2023-07-31T11:42:29.957+0200][23353,489s] GC(263) Eden regions: 16->0(302)
[2023-07-31T11:42:29.957+0200][23353,489s] GC(263) Survivor regions: 4->5(39)
[2023-07-31T11:42:29.957+0200][23353,489s] GC(263) Old regions: 95->95
[2023-07-31T11:42:29.957+0200][23353,489s] GC(263) Archive regions: 2->2
[2023-07-31T11:42:29.957+0200][23353,489s] GC(263) Humongous regions: 5->5
[2023-07-31T11:42:29.957+0200][23353,489s] GC(263) Metaspace: 61474K(62080K)->61474K(62080K) NonClass: 54192K(54528K)->54192K(54528K) Class: 7282K(7552K)->7282K(7552K)
[2023-07-31T11:42:29.957+0200][23353,490s] GC(263) Pause Young (Concurrent Start) (G1 Humongous Allocation) 118M->103M(512M) 4,655ms
[2023-07-31T11:42:29.957+0200][23353,490s] GC(263) User=0,01s Sys=0,00s Real=0,00s
[2023-07-31T11:42:29.957+0200][23353,490s] GC(264) Concurrent Mark Cycle
[2023-07-31T11:42:29.957+0200][23353,490s] GC(264) Concurrent Clear Claimed Marks
[2023-07-31T11:42:29.957+0200][23353,490s] GC(264) Concurrent Clear Claimed Marks 0,047ms
[2023-07-31T11:42:29.957+0200][23353,490s] GC(264) Concurrent Scan Root Regions
[2023-07-31T11:42:29.959+0200][23353,491s] GC(264) Concurrent Scan Root Regions 1,655ms
[2023-07-31T11:42:29.959+0200][23353,491s] GC(264) Concurrent Mark
[2023-07-31T11:42:29.959+0200][23353,491s] GC(264) Concurrent Mark From Roots
[2023-07-31T11:42:29.959+0200][23353,491s] GC(264) Using 2 workers of 2 for marking
[2023-07-31T11:42:30.050+0200][23353,582s] GC(264) Concurrent Mark From Roots 90,973ms
[2023-07-31T11:42:30.050+0200][23353,582s] GC(264) Concurrent Preclean
[2023-07-31T11:42:30.050+0200][23353,583s] GC(264) Concurrent Preclean 0,331ms
[2023-07-31T11:42:30.050+0200][23353,583s] GC(264) Pause Remark
[2023-07-31T11:42:30.111+0200][23353,643s] GC(264) Pause Remark 113M->112M(512M) 60,226ms
[2023-07-31T11:42:30.111+0200][23353,643s] GC(264) User=0,05s Sys=0,10s Real=0,06s
[2023-07-31T11:42:30.111+0200][23353,643s] GC(264) Concurrent Mark 151,982ms
[2023-07-31T11:42:30.111+0200][23353,643s] GC(264) Concurrent Rebuild Remembered Sets
[2023-07-31T11:42:30.128+0200][23353,660s] GC(264) Concurrent Rebuild Remembered Sets 17,035ms
[2023-07-31T11:42:30.128+0200][23353,661s] GC(264) Pause Cleanup
[2023-07-31T11:42:30.132+0200][23353,664s] GC(264) Pause Cleanup 112M->112M(512M) 3,569ms
[2023-07-31T11:42:30.132+0200][23353,664s] GC(264) User=0,00s Sys=0,00s Real=0,01s
[2023-07-31T11:42:30.132+0200][23353,664s] GC(264) Concurrent Cleanup for Next Mark
[2023-07-31T11:42:30.134+0200][23353,666s] GC(264) Concurrent Cleanup for Next Mark 1,998ms
[2023-07-31T11:42:30.136+0200][23353,669s] GC(264) Concurrent Mark Cycle 179,662ms
[2023-07-31T11:42:32.225+0200][23355,757s] GC(265) Pause Young (Prepare Mixed) (G1 Evacuation Pause)
[2023-07-31T11:42:32.225+0200][23355,758s] GC(265) Using 8 workers of 8 for evacuation
[2023-07-31T11:42:32.235+0200][23355,768s] GC(265)   Pre Evacuate Collection Set: 0,2ms
[2023-07-31T11:42:32.235+0200][23355,768s] GC(265)   Merge Heap Roots: 0,2ms
[2023-07-31T11:42:32.235+0200][23355,768s] GC(265)   Evacuate Collection Set: 8,4ms
[2023-07-31T11:42:32.235+0200][23355,768s] GC(265)   Post Evacuate Collection Set: 1,5ms
[2023-07-31T11:42:32.235+0200][23355,768s] GC(265)   Other: 0,3ms
[2023-07-31T11:42:32.235+0200][23355,768s] GC(265) Eden regions: 302->0(10)
[2023-07-31T11:42:32.235+0200][23355,768s] GC(265) Survivor regions: 5->15(39)
[2023-07-31T11:42:32.235+0200][23355,768s] GC(265) Old regions: 94->94
[2023-07-31T11:42:32.235+0200][23355,768s] GC(265) Archive regions: 2->2
[2023-07-31T11:42:32.235+0200][23355,768s] GC(265) Humongous regions: 22->7
[2023-07-31T11:42:32.236+0200][23355,768s] GC(265) Metaspace: 61474K(62080K)->61474K(62080K) NonClass: 54192K(54528K)->54192K(54528K) Class: 7282K(7552K)->7282K(7552K)
[2023-07-31T11:42:32.236+0200][23355,768s] GC(265) Pause Young (Prepare Mixed) (G1 Evacuation Pause) 421M->114M(512M) 10,980ms
[2023-07-31T11:42:32.236+0200][23355,768s] GC(265) User=0,02s Sys=0,03s Real=0,01s
[2023-07-31T11:42:32.414+0200][23355,947s] GC(266) Pause Young (Mixed) (G1 Evacuation Pause)
[2023-07-31T11:42:32.414+0200][23355,947s] GC(266) Using 8 workers of 8 for evacuation
[2023-07-31T11:42:32.421+0200][23355,954s] GC(266)   Pre Evacuate Collection Set: 0,1ms
[2023-07-31T11:42:32.421+0200][23355,954s] GC(266)   Merge Heap Roots: 0,1ms
[2023-07-31T11:42:32.421+0200][23355,954s] GC(266)   Evacuate Collection Set: 6,6ms
[2023-07-31T11:42:32.421+0200][23355,954s] GC(266)   Post Evacuate Collection Set: 0,3ms
[2023-07-31T11:42:32.421+0200][23355,954s] GC(266)   Other: 0,1ms
[2023-07-31T11:42:32.421+0200][23355,954s] GC(266) Eden regions: 10->0(306)
[2023-07-31T11:42:32.421+0200][23355,954s] GC(266) Survivor regions: 15->1(4)
[2023-07-31T11:42:32.421+0200][23355,954s] GC(266) Old regions: 94->102
[2023-07-31T11:42:32.421+0200][23355,954s] GC(266) Archive regions: 2->2
[2023-07-31T11:42:32.421+0200][23355,954s] GC(266) Humongous regions: 8->7
[2023-07-31T11:42:32.421+0200][23355,954s] GC(266) Metaspace: 61474K(62080K)->61474K(62080K) NonClass: 54192K(54528K)->54192K(54528K) Class: 7282K(7552K)->7282K(7552K)
[2023-07-31T11:42:32.421+0200][23355,954s] GC(266) Pause Young (Mixed) (G1 Evacuation Pause) 125M->108M(512M) 7,420ms
[2023-07-31T11:42:32.421+0200][23355,954s] GC(266) User=0,01s Sys=0,02s Real=0,01s
[2023-07-31T11:42:32.507+0200][23356,039s] GC(267) Pause Young (Concurrent Start) (G1 Humongous Allocation)
[2023-07-31T11:42:32.507+0200][23356,039s] GC(267) Using 8 workers of 8 for evacuation
[2023-07-31T11:42:32.510+0200][23356,043s] GC(267)   Pre Evacuate Collection Set: 0,1ms
[2023-07-31T11:42:32.510+0200][23356,043s] GC(267)   Merge Heap Roots: 0,0ms
[2023-07-31T11:42:32.510+0200][23356,043s] GC(267)   Evacuate Collection Set: 2,6ms
[2023-07-31T11:42:32.510+0200][23356,043s] GC(267)   Post Evacuate Collection Set: 0,3ms
[2023-07-31T11:42:32.510+0200][23356,043s] GC(267)   Other: 0,2ms
[2023-07-31T11:42:32.510+0200][23356,043s] GC(267) Eden regions: 14->0(305)
[2023-07-31T11:42:32.510+0200][23356,043s] GC(267) Survivor regions: 1->2(39)
[2023-07-31T11:42:32.510+0200][23356,043s] GC(267) Old regions: 102->102
[2023-07-31T11:42:32.510+0200][23356,043s] GC(267) Archive regions: 2->2
[2023-07-31T11:42:32.510+0200][23356,043s] GC(267) Humongous regions: 7->7
[2023-07-31T11:42:32.510+0200][23356,043s] GC(267) Metaspace: 61474K(62080K)->61474K(62080K) NonClass: 54192K(54528K)->54192K(54528K) Class: 7282K(7552K)->7282K(7552K)
[2023-07-31T11:42:32.510+0200][23356,043s] GC(267) Pause Young (Concurrent Start) (G1 Humongous Allocation) 121M->109M(512M) 3,332ms
[2023-07-31T11:42:32.510+0200][23356,043s] GC(267) User=0,01s Sys=0,00s Real=0,01s
[2023-07-31T11:42:32.510+0200][23356,043s] GC(268) Concurrent Mark Cycle
[2023-07-31T11:42:32.510+0200][23356,043s] GC(268) Concurrent Clear Claimed Marks
[2023-07-31T11:42:32.510+0200][23356,043s] GC(268) Concurrent Clear Claimed Marks 0,032ms
[2023-07-31T11:42:32.510+0200][23356,043s] GC(268) Concurrent Scan Root Regions
[2023-07-31T11:42:32.513+0200][23356,046s] GC(268) Concurrent Scan Root Regions 2,753ms
[2023-07-31T11:42:32.513+0200][23356,046s] GC(268) Concurrent Mark
[2023-07-31T11:42:32.513+0200][23356,046s] GC(268) Concurrent Mark From Roots
[2023-07-31T11:42:32.513+0200][23356,046s] GC(268) Using 2 workers of 2 for marking
[2023-07-31T11:42:32.564+0200][23356,097s] GC(268) Concurrent Mark From Roots 51,515ms
[2023-07-31T11:42:32.564+0200][23356,097s] GC(268) Concurrent Preclean
[2023-07-31T11:42:32.565+0200][23356,098s] GC(268) Concurrent Preclean 0,256ms
[2023-07-31T11:42:32.565+0200][23356,098s] GC(268) Pause Remark
[2023-07-31T11:42:32.591+0200][23356,124s] GC(268) Pause Remark 125M->125M(512M) 25,759ms
[2023-07-31T11:42:32.591+0200][23356,124s] GC(268) User=0,03s Sys=0,09s Real=0,03s
[2023-07-31T11:42:32.591+0200][23356,124s] GC(268) Concurrent Mark 78,043ms
[2023-07-31T11:42:32.591+0200][23356,124s] GC(268) Concurrent Rebuild Remembered Sets
[2023-07-31T11:42:32.607+0200][23356,139s] GC(268) Concurrent Rebuild Remembered Sets 15,730ms
[2023-07-31T11:42:32.607+0200][23356,140s] GC(268) Pause Cleanup
[2023-07-31T11:42:32.608+0200][23356,140s] GC(268) Pause Cleanup 125M->125M(512M) 0,134ms
[2023-07-31T11:42:32.608+0200][23356,140s] GC(268) User=0,00s Sys=0,00s Real=0,00s
[2023-07-31T11:42:32.608+0200][23356,140s] GC(268) Concurrent Cleanup for Next Mark
[2023-07-31T11:42:32.609+0200][23356,142s] GC(268) Concurrent Cleanup for Next Mark 1,623ms
[2023-07-31T11:42:32.609+0200][23356,142s] GC(268) Concurrent Mark Cycle 99,267ms
[2023-07-31T11:42:36.798+0200][23360,330s] GC(269) Pause Young (Prepare Mixed) (G1 Preventive Collection)
[2023-07-31T11:42:36.798+0200][23360,331s] GC(269) Using 8 workers of 8 for evacuation
[2023-07-31T11:42:36.809+0200][23360,342s] GC(269)   Pre Evacuate Collection Set: 0,1ms
[2023-07-31T11:42:36.809+0200][23360,342s] GC(269)   Merge Heap Roots: 0,2ms
[2023-07-31T11:42:36.809+0200][23360,342s] GC(269)   Evacuate Collection Set: 8,8ms
[2023-07-31T11:42:36.809+0200][23360,342s] GC(269)   Post Evacuate Collection Set: 1,1ms
[2023-07-31T11:42:36.809+0200][23360,342s] GC(269)   Other: 1,0ms
[2023-07-31T11:42:36.809+0200][23360,342s] GC(269) Eden regions: 302->0(12)
[2023-07-31T11:42:36.809+0200][23360,342s] GC(269) Survivor regions: 2->13(18)
[2023-07-31T11:42:36.809+0200][23360,342s] GC(269) Old regions: 102->102
[2023-07-31T11:42:36.809+0200][23360,342s] GC(269) Archive regions: 2->2
[2023-07-31T11:42:36.809+0200][23360,342s] GC(269) Humongous regions: 86->16
[2023-07-31T11:42:36.809+0200][23360,342s] GC(269) Metaspace: 61483K(62080K)->61483K(62080K) NonClass: 54201K(54528K)->54201K(54528K) Class: 7282K(7552K)->7282K(7552K)
[2023-07-31T11:42:36.809+0200][23360,342s] GC(269) Pause Young (Prepare Mixed) (G1 Preventive Collection) 490M->129M(512M) 11,332ms
[2023-07-31T11:42:36.809+0200][23360,342s] GC(269) User=0,01s Sys=0,04s Real=0,01s
[2023-07-31T11:42:36.877+0200][23360,410s] GC(270) Pause Young (Mixed) (G1 Evacuation Pause)
[2023-07-31T11:42:36.877+0200][23360,410s] GC(270) Using 8 workers of 8 for evacuation
[2023-07-31T11:42:36.883+0200][23360,416s] GC(270)   Pre Evacuate Collection Set: 0,1ms
[2023-07-31T11:42:36.883+0200][23360,416s] GC(270)   Merge Heap Roots: 0,1ms
[2023-07-31T11:42:36.883+0200][23360,416s] GC(270)   Evacuate Collection Set: 5,6ms
[2023-07-31T11:42:36.883+0200][23360,416s] GC(270)   Post Evacuate Collection Set: 0,3ms
[2023-07-31T11:42:36.884+0200][23360,416s] GC(270)   Other: 0,1ms
[2023-07-31T11:42:36.884+0200][23360,416s] GC(270) Eden regions: 12->0(296)
[2023-07-31T11:42:36.884+0200][23360,416s] GC(270) Survivor regions: 13->1(4)
[2023-07-31T11:42:36.884+0200][23360,416s] GC(270) Old regions: 102->109
[2023-07-31T11:42:36.884+0200][23360,416s] GC(270) Archive regions: 2->2
[2023-07-31T11:42:36.884+0200][23360,416s] GC(270) Humongous regions: 16->16
[2023-07-31T11:42:36.884+0200][23360,416s] GC(270) Metaspace: 61483K(62080K)->61483K(62080K) NonClass: 54201K(54528K)->54201K(54528K) Class: 7282K(7552K)->7282K(7552K)
[2023-07-31T11:42:36.884+0200][23360,416s] GC(270) Pause Young (Mixed) (G1 Evacuation Pause) 141M->125M(512M) 6,422ms
[2023-07-31T11:42:36.884+0200][23360,416s] GC(270) User=0,02s Sys=0,02s Real=0,01s
[2023-07-31T11:42:37.079+0200][23360,612s] GC(271) Pause Young (Concurrent Start) (G1 Humongous Allocation)
[2023-07-31T11:42:37.079+0200][23360,612s] GC(271) Using 8 workers of 8 for evacuation
[2023-07-31T11:42:37.082+0200][23360,615s] GC(271)   Pre Evacuate Collection Set: 0,1ms
[2023-07-31T11:42:37.082+0200][23360,615s] GC(271)   Merge Heap Roots: 0,0ms
[2023-07-31T11:42:37.082+0200][23360,615s] GC(271)   Evacuate Collection Set: 2,4ms
[2023-07-31T11:42:37.082+0200][23360,615s] GC(271)   Post Evacuate Collection Set: 0,3ms
[2023-07-31T11:42:37.082+0200][23360,615s] GC(271)   Other: 0,1ms
[2023-07-31T11:42:37.082+0200][23360,615s] GC(271) Eden regions: 36->0(301)
[2023-07-31T11:42:37.082+0200][23360,615s] GC(271) Survivor regions: 1->2(38)
[2023-07-31T11:42:37.082+0200][23360,615s] GC(271) Old regions: 109->109
[2023-07-31T11:42:37.082+0200][23360,615s] GC(271) Archive regions: 2->2
[2023-07-31T11:42:37.082+0200][23360,615s] GC(271) Humongous regions: 16->16
[2023-07-31T11:42:37.082+0200][23360,615s] GC(271) Metaspace: 61483K(62080K)->61483K(62080K) NonClass: 54201K(54528K)->54201K(54528K) Class: 7282K(7552K)->7282K(7552K)
[2023-07-31T11:42:37.082+0200][23360,615s] GC(271) Pause Young (Concurrent Start) (G1 Humongous Allocation) 160M->126M(512M) 3,055ms
[2023-07-31T11:42:37.082+0200][23360,615s] GC(271) User=0,01s Sys=0,00s Real=0,01s
[2023-07-31T11:42:37.082+0200][23360,615s] GC(272) Concurrent Mark Cycle
[2023-07-31T11:42:37.082+0200][23360,615s] GC(272) Concurrent Clear Claimed Marks
[2023-07-31T11:42:37.083+0200][23360,615s] GC(272) Concurrent Clear Claimed Marks 0,031ms
[2023-07-31T11:42:37.083+0200][23360,615s] GC(272) Concurrent Scan Root Regions
[2023-07-31T11:42:37.083+0200][23360,616s] GC(272) Concurrent Scan Root Regions 0,922ms
[2023-07-31T11:42:37.083+0200][23360,616s] GC(272) Concurrent Mark
[2023-07-31T11:42:37.083+0200][23360,616s] GC(272) Concurrent Mark From Roots
[2023-07-31T11:42:37.083+0200][23360,616s] GC(272) Using 2 workers of 2 for marking
[2023-07-31T11:42:37.115+0200][23360,648s] GC(272) Concurrent Mark From Roots 31,745ms
[2023-07-31T11:42:37.115+0200][23360,648s] GC(272) Concurrent Preclean
[2023-07-31T11:42:37.115+0200][23360,648s] GC(272) Concurrent Preclean 0,234ms
[2023-07-31T11:42:37.116+0200][23360,648s] GC(272) Pause Remark
[2023-07-31T11:42:37.162+0200][23360,695s] GC(272) Pause Remark 132M->132M(512M) 46,207ms
[2023-07-31T11:42:37.162+0200][23360,695s] GC(272) User=0,03s Sys=0,09s Real=0,05s
[2023-07-31T11:42:37.162+0200][23360,695s] GC(272) Concurrent Mark 78,429ms
[2023-07-31T11:42:37.162+0200][23360,695s] GC(272) Concurrent Rebuild Remembered Sets
[2023-07-31T11:42:37.178+0200][23360,711s] GC(272) Concurrent Rebuild Remembered Sets 16,058ms
[2023-07-31T11:42:37.179+0200][23360,712s] GC(272) Pause Cleanup
[2023-07-31T11:42:37.179+0200][23360,712s] GC(272) Pause Cleanup 133M->133M(512M) 0,116ms
[2023-07-31T11:42:37.179+0200][23360,712s] GC(272) User=0,00s Sys=0,00s Real=0,00s
[2023-07-31T11:42:37.179+0200][23360,712s] GC(272) Concurrent Cleanup for Next Mark
[2023-07-31T11:42:37.181+0200][23360,713s] GC(272) Concurrent Cleanup for Next Mark 1,428ms
[2023-07-31T11:42:37.181+0200][23360,713s] GC(272) Concurrent Mark Cycle 98,131ms
[2023-07-31T11:42:40.495+0200][23364,028s] GC(273) Pause Young (Prepare Mixed) (G1 Evacuation Pause)
[2023-07-31T11:42:40.495+0200][23364,028s] GC(273) Using 8 workers of 8 for evacuation
[2023-07-31T11:42:40.499+0200][23364,032s] GC(273)   Pre Evacuate Collection Set: 0,2ms
[2023-07-31T11:42:40.499+0200][23364,032s] GC(273)   Merge Heap Roots: 0,2ms
[2023-07-31T11:42:40.499+0200][23364,032s] GC(273)   Evacuate Collection Set: 2,4ms
[2023-07-31T11:42:40.499+0200][23364,032s] GC(273)   Post Evacuate Collection Set: 0,6ms
[2023-07-31T11:42:40.499+0200][23364,032s] GC(273)   Other: 0,2ms
[2023-07-31T11:42:40.499+0200][23364,032s] GC(273) Eden regions: 301->0(15)
[2023-07-31T11:42:40.499+0200][23364,032s] GC(273) Survivor regions: 2->10(38)
[2023-07-31T11:42:40.499+0200][23364,032s] GC(273) Old regions: 109->109
[2023-07-31T11:42:40.499+0200][23364,032s] GC(273) Archive regions: 2->2
[2023-07-31T11:42:40.499+0200][23364,032s] GC(273) Humongous regions: 36->23
[2023-07-31T11:42:40.499+0200][23364,032s] GC(273) Metaspace: 61483K(62080K)->61483K(62080K) NonClass: 54201K(54528K)->54201K(54528K) Class: 7282K(7552K)->7282K(7552K)
[2023-07-31T11:42:40.499+0200][23364,032s] GC(273) Pause Young (Prepare Mixed) (G1 Evacuation Pause) 447M->141M(512M) 3,574ms
[2023-07-31T11:42:40.499+0200][23364,032s] GC(273) User=0,01s Sys=0,01s Real=0,00s
[2023-07-31T11:42:40.522+0200][23364,055s] GC(274) Pause Young (Mixed) (G1 Evacuation Pause)
[2023-07-31T11:42:40.522+0200][23364,055s] GC(274) Using 8 workers of 8 for evacuation
[2023-07-31T11:42:40.529+0200][23364,062s] GC(274)   Pre Evacuate Collection Set: 0,1ms
[2023-07-31T11:42:40.529+0200][23364,062s] GC(274)   Merge Heap Roots: 0,1ms
[2023-07-31T11:42:40.529+0200][23364,062s] GC(274)   Evacuate Collection Set: 5,7ms
[2023-07-31T11:42:40.529+0200][23364,062s] GC(274)   Post Evacuate Collection Set: 0,4ms
[2023-07-31T11:42:40.529+0200][23364,062s] GC(274)   Other: 0,1ms
[2023-07-31T11:42:40.529+0200][23364,062s] GC(274) Eden regions: 15->0(292)
[2023-07-31T11:42:40.529+0200][23364,062s] GC(274) Survivor regions: 10->1(4)
[2023-07-31T11:42:40.529+0200][23364,062s] GC(274) Old regions: 109->113
[2023-07-31T11:42:40.529+0200][23364,062s] GC(274) Archive regions: 2->2
[2023-07-31T11:42:40.529+0200][23364,062s] GC(274) Humongous regions: 23->23
[2023-07-31T11:42:40.529+0200][23364,062s] GC(274) Metaspace: 61483K(62080K)->61483K(62080K) NonClass: 54201K(54528K)->54201K(54528K) Class: 7282K(7552K)->7282K(7552K)
[2023-07-31T11:42:40.529+0200][23364,062s] GC(274) Pause Young (Mixed) (G1 Evacuation Pause) 156M->135M(512M) 6,589ms
[2023-07-31T11:42:40.529+0200][23364,062s] GC(274) User=0,01s Sys=0,02s Real=0,00s
[2023-07-31T11:42:43.042+0200][23366,575s] GC(275) Pause Young (Concurrent Start) (G1 Humongous Allocation)
[2023-07-31T11:42:43.042+0200][23366,575s] GC(275) Using 8 workers of 8 for evacuation
[2023-07-31T11:42:43.047+0200][23366,579s] GC(275)   Pre Evacuate Collection Set: 0,2ms
[2023-07-31T11:42:43.047+0200][23366,580s] GC(275)   Merge Heap Roots: 0,1ms
[2023-07-31T11:42:43.047+0200][23366,580s] GC(275)   Evacuate Collection Set: 3,5ms
[2023-07-31T11:42:43.047+0200][23366,580s] GC(275)   Post Evacuate Collection Set: 0,4ms
[2023-07-31T11:42:43.047+0200][23366,580s] GC(275)   Other: 0,8ms
[2023-07-31T11:42:43.047+0200][23366,580s] GC(275) Eden regions: 248->0(286)
[2023-07-31T11:42:43.047+0200][23366,580s] GC(275) Survivor regions: 1->8(37)
[2023-07-31T11:42:43.047+0200][23366,580s] GC(275) Old regions: 113->113
[2023-07-31T11:42:43.047+0200][23366,580s] GC(275) Archive regions: 2->2
[2023-07-31T11:42:43.047+0200][23366,580s] GC(275) Humongous regions: 23->23
[2023-07-31T11:42:43.047+0200][23366,580s] GC(275) Metaspace: 61487K(62080K)->61487K(62080K) NonClass: 54205K(54528K)->54205K(54528K) Class: 7282K(7552K)->7282K(7552K)
[2023-07-31T11:42:43.047+0200][23366,580s] GC(275) Pause Young (Concurrent Start) (G1 Humongous Allocation) 382M->142M(512M) 4,991ms
[2023-07-31T11:42:43.047+0200][23366,580s] GC(275) User=0,01s Sys=0,01s Real=0,00s
[2023-07-31T11:42:43.047+0200][23366,580s] GC(276) Concurrent Mark Cycle
[2023-07-31T11:42:43.047+0200][23366,580s] GC(276) Concurrent Clear Claimed Marks
[2023-07-31T11:42:43.047+0200][23366,580s] GC(276) Concurrent Clear Claimed Marks 0,037ms
[2023-07-31T11:42:43.047+0200][23366,580s] GC(276) Concurrent Scan Root Regions
[2023-07-31T11:42:43.048+0200][23366,581s] GC(276) Concurrent Scan Root Regions 1,521ms
[2023-07-31T11:42:43.048+0200][23366,581s] GC(276) Concurrent Mark
[2023-07-31T11:42:43.048+0200][23366,581s] GC(276) Concurrent Mark From Roots
[2023-07-31T11:42:43.048+0200][23366,581s] GC(276) Using 2 workers of 2 for marking
[2023-07-31T11:42:43.081+0200][23366,614s] GC(276) Concurrent Mark From Roots 33,147ms
[2023-07-31T11:42:43.082+0200][23366,614s] GC(276) Concurrent Preclean
[2023-07-31T11:42:43.082+0200][23366,615s] GC(276) Concurrent Preclean 0,320ms
[2023-07-31T11:42:43.082+0200][23366,615s] GC(276) Pause Remark
[2023-07-31T11:42:43.107+0200][23366,640s] GC(276) Pause Remark 150M->116M(512M) 24,723ms
[2023-07-31T11:42:43.107+0200][23366,640s] GC(276) User=0,03s Sys=0,06s Real=0,02s
[2023-07-31T11:42:43.107+0200][23366,640s] GC(276) Concurrent Mark 58,460ms
[2023-07-31T11:42:43.107+0200][23366,640s] GC(276) Concurrent Rebuild Remembered Sets
[2023-07-31T11:42:43.122+0200][23366,655s] GC(276) Concurrent Rebuild Remembered Sets 15,234ms
[2023-07-31T11:42:43.123+0200][23366,656s] GC(276) Pause Cleanup
[2023-07-31T11:42:43.123+0200][23366,656s] GC(276) Pause Cleanup 116M->116M(512M) 0,093ms
[2023-07-31T11:42:43.123+0200][23366,656s] GC(276) User=0,00s Sys=0,00s Real=0,00s
[2023-07-31T11:42:43.123+0200][23366,656s] GC(276) Concurrent Cleanup for Next Mark
[2023-07-31T11:42:43.124+0200][23366,657s] GC(276) Concurrent Cleanup for Next Mark 1,398ms
[2023-07-31T11:42:43.124+0200][23366,657s] GC(276) Concurrent Mark Cycle 77,688ms
[2023-07-31T11:42:45.087+0200][23368,620s] GC(277) Pause Young (Prepare Mixed) (G1 Preventive Collection)
[2023-07-31T11:42:45.087+0200][23368,620s] GC(277) Using 8 workers of 8 for evacuation
[2023-07-31T11:42:45.092+0200][23368,625s] GC(277)   Pre Evacuate Collection Set: 0,1ms
[2023-07-31T11:42:45.092+0200][23368,625s] GC(277)   Merge Heap Roots: 0,1ms
[2023-07-31T11:42:45.092+0200][23368,625s] GC(277)   Evacuate Collection Set: 3,5ms
[2023-07-31T11:42:45.092+0200][23368,625s] GC(277)   Post Evacuate Collection Set: 0,9ms
[2023-07-31T11:42:45.092+0200][23368,625s] GC(277)   Other: 0,2ms
[2023-07-31T11:42:45.092+0200][23368,625s] GC(277) Eden regions: 277->0(7)
[2023-07-31T11:42:45.092+0200][23368,625s] GC(277) Survivor regions: 8->18(22)
[2023-07-31T11:42:45.092+0200][23368,625s] GC(277) Old regions: 98->98
[2023-07-31T11:42:45.092+0200][23368,625s] GC(277) Archive regions: 2->2
[2023-07-31T11:42:45.092+0200][23368,625s] GC(277) Humongous regions: 105->31
[2023-07-31T11:42:45.092+0200][23368,625s] GC(277) Metaspace: 61488K(62080K)->61488K(62080K) NonClass: 54205K(54528K)->54205K(54528K) Class: 7282K(7552K)->7282K(7552K)
[2023-07-31T11:42:45.092+0200][23368,625s] GC(277) Pause Young (Prepare Mixed) (G1 Preventive Collection) 485M->145M(512M) 4,818ms
[2023-07-31T11:42:45.092+0200][23368,625s] GC(277) User=0,01s Sys=0,01s Real=0,01s
[2023-07-31T11:42:45.099+0200][23368,632s] GC(278) Pause Young (Mixed) (G1 Evacuation Pause)
[2023-07-31T11:42:45.099+0200][23368,632s] GC(278) Using 8 workers of 8 for evacuation
[2023-07-31T11:42:45.104+0200][23368,637s] GC(278)   Pre Evacuate Collection Set: 0,1ms
[2023-07-31T11:42:45.104+0200][23368,637s] GC(278)   Merge Heap Roots: 0,0ms
[2023-07-31T11:42:45.104+0200][23368,637s] GC(278)   Evacuate Collection Set: 3,8ms
[2023-07-31T11:42:45.104+0200][23368,637s] GC(278)   Post Evacuate Collection Set: 0,3ms
[2023-07-31T11:42:45.104+0200][23368,637s] GC(278)   Other: 0,1ms
[2023-07-31T11:42:45.104+0200][23368,637s] GC(278) Eden regions: 7->0(290)
[2023-07-31T11:42:45.104+0200][23368,637s] GC(278) Survivor regions: 18->4(4)
[2023-07-31T11:42:45.104+0200][23368,637s] GC(278) Old regions: 98->97
[2023-07-31T11:42:45.104+0200][23368,637s] GC(278) Archive regions: 2->2
[2023-07-31T11:42:45.104+0200][23368,637s] GC(278) Humongous regions: 35->30
[2023-07-31T11:42:45.104+0200][23368,637s] GC(278) Metaspace: 61488K(62080K)->61488K(62080K) NonClass: 54205K(54528K)->54205K(54528K) Class: 7282K(7552K)->7282K(7552K)
[2023-07-31T11:42:45.104+0200][23368,637s] GC(278) Pause Young (Mixed) (G1 Evacuation Pause) 156M->129M(512M) 4,441ms
[2023-07-31T11:42:45.104+0200][23368,637s] GC(278) User=0,01s Sys=0,01s Real=0,01s
[2023-07-31T11:42:45.111+0200][23368,644s] GC(279) Pause Young (Concurrent Start) (G1 Humongous Allocation)
[2023-07-31T11:42:45.111+0200][23368,644s] GC(279) Using 8 workers of 8 for evacuation
[2023-07-31T11:42:45.113+0200][23368,646s] GC(279)   Pre Evacuate Collection Set: 0,1ms
[2023-07-31T11:42:45.113+0200][23368,646s] GC(279)   Merge Heap Roots: 0,0ms
[2023-07-31T11:42:45.113+0200][23368,646s] GC(279)   Evacuate Collection Set: 1,2ms
[2023-07-31T11:42:45.113+0200][23368,646s] GC(279)   Post Evacuate Collection Set: 0,2ms
[2023-07-31T11:42:45.113+0200][23368,646s] GC(279)   Other: 0,1ms
[2023-07-31T11:42:45.113+0200][23368,646s] GC(279) Eden regions: 2->0(270)
[2023-07-31T11:42:45.113+0200][23368,646s] GC(279) Survivor regions: 4->4(37)
[2023-07-31T11:42:45.113+0200][23368,646s] GC(279) Old regions: 97->97
[2023-07-31T11:42:45.113+0200][23368,646s] GC(279) Archive regions: 2->2
[2023-07-31T11:42:45.113+0200][23368,646s] GC(279) Humongous regions: 30->30
[2023-07-31T11:42:45.113+0200][23368,646s] GC(279) Metaspace: 61488K(62080K)->61488K(62080K) NonClass: 54205K(54528K)->54205K(54528K) Class: 7282K(7552K)->7282K(7552K)
[2023-07-31T11:42:45.113+0200][23368,646s] GC(279) Pause Young (Concurrent Start) (G1 Humongous Allocation) 130M->129M(512M) 1,747ms
[2023-07-31T11:42:45.113+0200][23368,646s] GC(279) User=0,00s Sys=0,00s Real=0,00s
[2023-07-31T11:42:45.113+0200][23368,646s] GC(280) Concurrent Mark Cycle
[2023-07-31T11:42:45.113+0200][23368,646s] GC(280) Concurrent Clear Claimed Marks
[2023-07-31T11:42:45.113+0200][23368,646s] GC(280) Concurrent Clear Claimed Marks 0,022ms
[2023-07-31T11:42:45.113+0200][23368,646s] GC(280) Concurrent Scan Root Regions
[2023-07-31T11:42:45.114+0200][23368,647s] GC(280) Concurrent Scan Root Regions 0,679ms
[2023-07-31T11:42:45.114+0200][23368,647s] GC(280) Concurrent Mark
[2023-07-31T11:42:45.114+0200][23368,647s] GC(280) Concurrent Mark From Roots
[2023-07-31T11:42:45.114+0200][23368,647s] GC(280) Using 2 workers of 2 for marking
[2023-07-31T11:42:45.145+0200][23368,678s] GC(280) Concurrent Mark From Roots 31,061ms
[2023-07-31T11:42:45.145+0200][23368,678s] GC(280) Concurrent Preclean
[2023-07-31T11:42:45.145+0200][23368,678s] GC(280) Concurrent Preclean 0,307ms
[2023-07-31T11:42:45.145+0200][23368,678s] GC(280) Pause Remark
[2023-07-31T11:42:45.157+0200][23368,690s] GC(280) Pause Remark 148M->148M(512M) 11,219ms
[2023-07-31T11:42:45.157+0200][23368,690s] GC(280) User=0,03s Sys=0,02s Real=0,01s
[2023-07-31T11:42:45.157+0200][23368,690s] GC(280) Concurrent Mark 43,155ms
[2023-07-31T11:42:45.157+0200][23368,690s] GC(280) Concurrent Rebuild Remembered Sets
[2023-07-31T11:42:45.173+0200][23368,706s] GC(280) Concurrent Rebuild Remembered Sets 15,916ms
[2023-07-31T11:42:45.173+0200][23368,706s] GC(280) Pause Cleanup
[2023-07-31T11:42:45.174+0200][23368,707s] GC(280) Pause Cleanup 158M->158M(512M) 0,167ms
[2023-07-31T11:42:45.174+0200][23368,707s] GC(280) User=0,00s Sys=0,00s Real=0,00s
[2023-07-31T11:42:45.174+0200][23368,707s] GC(280) Concurrent Cleanup for Next Mark
[2023-07-31T11:42:45.175+0200][23368,708s] GC(280) Concurrent Cleanup for Next Mark 1,317ms
[2023-07-31T11:42:45.175+0200][23368,708s] GC(280) Concurrent Mark Cycle 62,018ms
[2023-07-31T11:42:47.023+0200][23370,556s] GC(281) Pause Young (Prepare Mixed) (G1 Preventive Collection)
[2023-07-31T11:42:47.023+0200][23370,556s] GC(281) Using 8 workers of 8 for evacuation
[2023-07-31T11:42:47.028+0200][23370,561s] GC(281)   Pre Evacuate Collection Set: 0,1ms
[2023-07-31T11:42:47.028+0200][23370,561s] GC(281)   Merge Heap Roots: 0,1ms
[2023-07-31T11:42:47.028+0200][23370,561s] GC(281)   Evacuate Collection Set: 4,2ms
[2023-07-31T11:42:47.028+0200][23370,561s] GC(281)   Post Evacuate Collection Set: 0,3ms
[2023-07-31T11:42:47.028+0200][23370,561s] GC(281)   Other: 0,1ms
[2023-07-31T11:42:47.028+0200][23370,561s] GC(281) Eden regions: 205->0(1)
[2023-07-31T11:42:47.028+0200][23370,561s] GC(281) Survivor regions: 4->24(35)
[2023-07-31T11:42:47.028+0200][23370,561s] GC(281) Old regions: 97->97
[2023-07-31T11:42:47.028+0200][23370,561s] GC(281) Archive regions: 2->2
[2023-07-31T11:42:47.028+0200][23370,561s] GC(281) Humongous regions: 162->91
[2023-07-31T11:42:47.028+0200][23370,561s] GC(281) Metaspace: 61489K(62080K)->61489K(62080K) NonClass: 54206K(54528K)->54206K(54528K) Class: 7282K(7552K)->7282K(7552K)
[2023-07-31T11:42:47.028+0200][23370,561s] GC(281) Pause Young (Prepare Mixed) (G1 Preventive Collection) 466M->209M(512M) 4,888ms
[2023-07-31T11:42:47.028+0200][23370,561s] GC(281) User=0,01s Sys=0,01s Real=0,00s
[2023-07-31T11:42:47.079+0200][23370,612s] GC(282) Pause Young (Mixed) (G1 Evacuation Pause)
[2023-07-31T11:42:47.080+0200][23370,613s] GC(282) Using 8 workers of 8 for evacuation
[2023-07-31T11:42:47.085+0200][23370,618s] GC(282)   Pre Evacuate Collection Set: 0,1ms
[2023-07-31T11:42:47.085+0200][23370,618s] GC(282)   Merge Heap Roots: 0,1ms
[2023-07-31T11:42:47.085+0200][23370,618s] GC(282)   Evacuate Collection Set: 4,5ms
[2023-07-31T11:42:47.085+0200][23370,618s] GC(282)   Post Evacuate Collection Set: 0,3ms
[2023-07-31T11:42:47.085+0200][23370,618s] GC(282)   Other: 0,1ms
[2023-07-31T11:42:47.085+0200][23370,618s] GC(282) Eden regions: 1->0(187)
[2023-07-31T11:42:47.085+0200][23370,618s] GC(282) Survivor regions: 24->1(4)
[2023-07-31T11:42:47.085+0200][23370,618s] GC(282) Old regions: 97->114
[2023-07-31T11:42:47.085+0200][23370,618s] GC(282) Archive regions: 2->2
[2023-07-31T11:42:47.085+0200][23370,618s] GC(282) Humongous regions: 144->107
[2023-07-31T11:42:47.085+0200][23370,618s] GC(282) Metaspace: 61489K(62080K)->61489K(62080K) NonClass: 54206K(54528K)->54206K(54528K) Class: 7282K(7552K)->7282K(7552K)
[2023-07-31T11:42:47.085+0200][23370,618s] GC(282) Pause Young (Mixed) (G1 Evacuation Pause) 263M->220M(512M) 5,170ms
[2023-07-31T11:42:47.085+0200][23370,618s] GC(282) User=0,01s Sys=0,01s Real=0,01s
[2023-07-31T11:42:47.106+0200][23370,639s] GC(283) Pause Young (Concurrent Start) (G1 Humongous Allocation)
[2023-07-31T11:42:47.106+0200][23370,639s] GC(283) Using 8 workers of 8 for evacuation
[2023-07-31T11:42:47.110+0200][23370,643s] GC(283)   Pre Evacuate Collection Set: 0,1ms
[2023-07-31T11:42:47.110+0200][23370,643s] GC(283)   Merge Heap Roots: 0,0ms
[2023-07-31T11:42:47.110+0200][23370,643s] GC(283)   Evacuate Collection Set: 3,3ms
[2023-07-31T11:42:47.110+0200][23370,643s] GC(283)   Post Evacuate Collection Set: 0,2ms
[2023-07-31T11:42:47.110+0200][23370,643s] GC(283)   Other: 0,1ms
[2023-07-31T11:42:47.110+0200][23370,643s] GC(283) Eden regions: 18->0(179)
[2023-07-31T11:42:47.110+0200][23370,643s] GC(283) Survivor regions: 1->12(24)
[2023-07-31T11:42:47.110+0200][23370,643s] GC(283) Old regions: 114->114
[2023-07-31T11:42:47.110+0200][23370,643s] GC(283) Archive regions: 2->2
[2023-07-31T11:42:47.110+0200][23370,643s] GC(283) Humongous regions: 107->107
[2023-07-31T11:42:47.110+0200][23370,643s] GC(283) Metaspace: 61489K(62080K)->61489K(62080K) NonClass: 54206K(54528K)->54206K(54528K) Class: 7282K(7552K)->7282K(7552K)
[2023-07-31T11:42:47.110+0200][23370,643s] GC(283) Pause Young (Concurrent Start) (G1 Humongous Allocation) 237M->230M(512M) 3,892ms
[2023-07-31T11:42:47.110+0200][23370,643s] GC(283) User=0,01s Sys=0,01s Real=0,01s
[2023-07-31T11:42:47.110+0200][23370,643s] GC(284) Concurrent Mark Cycle
[2023-07-31T11:42:47.110+0200][23370,643s] GC(284) Concurrent Clear Claimed Marks
[2023-07-31T11:42:47.110+0200][23370,643s] GC(284) Concurrent Clear Claimed Marks 0,028ms
[2023-07-31T11:42:47.110+0200][23370,643s] GC(284) Concurrent Scan Root Regions
[2023-07-31T11:42:47.110+0200][23370,643s] GC(284) Concurrent Scan Root Regions 0,358ms
[2023-07-31T11:42:47.110+0200][23370,643s] GC(284) Concurrent Mark
[2023-07-31T11:42:47.110+0200][23370,643s] GC(284) Concurrent Mark From Roots
[2023-07-31T11:42:47.110+0200][23370,643s] GC(284) Using 2 workers of 2 for marking
[2023-07-31T11:42:47.140+0200][23370,673s] GC(284) Concurrent Mark From Roots 29,732ms
[2023-07-31T11:42:47.140+0200][23370,673s] GC(284) Concurrent Preclean
[2023-07-31T11:42:47.141+0200][23370,674s] GC(284) Concurrent Preclean 0,749ms
[2023-07-31T11:42:47.141+0200][23370,674s] GC(284) Pause Remark
[2023-07-31T11:42:47.150+0200][23370,683s] GC(284) Pause Remark 242M->185M(512M) 9,274ms
[2023-07-31T11:42:47.150+0200][23370,683s] GC(284) User=0,02s Sys=0,02s Real=0,01s
[2023-07-31T11:42:47.151+0200][23370,684s] GC(284) Concurrent Mark 40,399ms
[2023-07-31T11:42:47.151+0200][23370,684s] GC(284) Concurrent Rebuild Remembered Sets
[2023-07-31T11:42:47.167+0200][23370,700s] GC(284) Concurrent Rebuild Remembered Sets 16,421ms
[2023-07-31T11:42:47.168+0200][23370,701s] GC(284) Pause Cleanup
[2023-07-31T11:42:47.168+0200][23370,701s] GC(284) Pause Cleanup 185M->185M(512M) 0,107ms
[2023-07-31T11:42:47.168+0200][23370,701s] GC(284) User=0,00s Sys=0,00s Real=0,00s
[2023-07-31T11:42:47.168+0200][23370,701s] GC(284) Concurrent Cleanup for Next Mark
[2023-07-31T11:42:47.168+0200][23370,701s] GC(284) Concurrent Cleanup for Next Mark 0,181ms
[2023-07-31T11:42:47.168+0200][23370,701s] GC(284) Concurrent Mark Cycle 58,190ms
[2023-07-31T11:42:48.468+0200][23372,001s] GC(285) Pause Young (Prepare Mixed) (G1 Preventive Collection)
[2023-07-31T11:42:48.468+0200][23372,001s] GC(285) Using 8 workers of 8 for evacuation
[2023-07-31T11:42:48.472+0200][23372,005s] GC(285)   Pre Evacuate Collection Set: 0,1ms
[2023-07-31T11:42:48.472+0200][23372,005s] GC(285)   Merge Heap Roots: 0,1ms
[2023-07-31T11:42:48.472+0200][23372,005s] GC(285)   Evacuate Collection Set: 3,4ms
[2023-07-31T11:42:48.472+0200][23372,005s] GC(285)   Post Evacuate Collection Set: 0,3ms
[2023-07-31T11:42:48.472+0200][23372,005s] GC(285)   Other: 0,3ms
[2023-07-31T11:42:48.472+0200][23372,005s] GC(285) Eden regions: 153->0(1)
[2023-07-31T11:42:48.472+0200][23372,005s] GC(285) Survivor regions: 12->24(24)
[2023-07-31T11:42:48.472+0200][23372,005s] GC(285) Old regions: 114->114
[2023-07-31T11:42:48.472+0200][23372,005s] GC(285) Archive regions: 2->2
[2023-07-31T11:42:48.472+0200][23372,005s] GC(285) Humongous regions: 189->94
[2023-07-31T11:42:48.472+0200][23372,005s] GC(285) Metaspace: 61489K(62080K)->61489K(62080K) NonClass: 54206K(54528K)->54206K(54528K) Class: 7282K(7552K)->7282K(7552K)
[2023-07-31T11:42:48.472+0200][23372,005s] GC(285) Pause Young (Prepare Mixed) (G1 Preventive Collection) 465M->229M(512M) 4,378ms
[2023-07-31T11:42:48.472+0200][23372,005s] GC(285) User=0,02s Sys=0,01s Real=0,01s
[2023-07-31T11:42:48.476+0200][23372,009s] GC(286) Pause Young (Mixed) (G1 Evacuation Pause)
[2023-07-31T11:42:48.476+0200][23372,009s] GC(286) Using 8 workers of 8 for evacuation
[2023-07-31T11:42:48.480+0200][23372,013s] GC(286)   Pre Evacuate Collection Set: 0,1ms
[2023-07-31T11:42:48.480+0200][23372,013s] GC(286)   Merge Heap Roots: 0,1ms
[2023-07-31T11:42:48.480+0200][23372,013s] GC(286)   Evacuate Collection Set: 3,1ms
[2023-07-31T11:42:48.480+0200][23372,013s] GC(286)   Post Evacuate Collection Set: 0,4ms
[2023-07-31T11:42:48.480+0200][23372,013s] GC(286)   Other: 0,1ms
[2023-07-31T11:42:48.480+0200][23372,013s] GC(286) Eden regions: 1->0(178)
[2023-07-31T11:42:48.480+0200][23372,013s] GC(286) Survivor regions: 24->1(4)
[2023-07-31T11:42:48.480+0200][23372,013s] GC(286) Old regions: 114->131
[2023-07-31T11:42:48.480+0200][23372,013s] GC(286) Archive regions: 2->2
[2023-07-31T11:42:48.480+0200][23372,013s] GC(286) Humongous regions: 111->102
[2023-07-31T11:42:48.480+0200][23372,013s] GC(286) Metaspace: 61489K(62080K)->61489K(62080K) NonClass: 54206K(54528K)->54206K(54528K) Class: 7282K(7552K)->7282K(7552K)
[2023-07-31T11:42:48.480+0200][23372,013s] GC(286) Pause Young (Mixed) (G1 Evacuation Pause) 247M->233M(512M) 4,018ms
[2023-07-31T11:42:48.480+0200][23372,013s] GC(286) User=0,01s Sys=0,00s Real=0,01s
[2023-07-31T11:42:48.486+0200][23372,019s] GC(287) Pause Young (Concurrent Start) (G1 Humongous Allocation)
[2023-07-31T11:42:48.486+0200][23372,019s] GC(287) Using 8 workers of 8 for evacuation
[2023-07-31T11:42:48.488+0200][23372,021s] GC(287)   Pre Evacuate Collection Set: 0,1ms
[2023-07-31T11:42:48.488+0200][23372,021s] GC(287)   Merge Heap Roots: 0,1ms
[2023-07-31T11:42:48.488+0200][23372,021s] GC(287)   Evacuate Collection Set: 0,8ms
[2023-07-31T11:42:48.488+0200][23372,021s] GC(287)   Post Evacuate Collection Set: 0,2ms
[2023-07-31T11:42:48.488+0200][23372,021s] GC(287)   Other: 0,1ms
[2023-07-31T11:42:48.488+0200][23372,021s] GC(287) Eden regions: 3->0(131)
[2023-07-31T11:42:48.488+0200][23372,021s] GC(287) Survivor regions: 1->2(23)
[2023-07-31T11:42:48.488+0200][23372,021s] GC(287) Old regions: 131->131
[2023-07-31T11:42:48.488+0200][23372,021s] GC(287) Archive regions: 2->2
[2023-07-31T11:42:48.488+0200][23372,021s] GC(287) Humongous regions: 102->102
[2023-07-31T11:42:48.488+0200][23372,021s] GC(287) Metaspace: 61489K(62080K)->61489K(62080K) NonClass: 54206K(54528K)->54206K(54528K) Class: 7282K(7552K)->7282K(7552K)
[2023-07-31T11:42:48.488+0200][23372,021s] GC(287) Pause Young (Concurrent Start) (G1 Humongous Allocation) 235M->234M(512M) 1,423ms
[2023-07-31T11:42:48.488+0200][23372,021s] GC(287) User=0,01s Sys=0,00s Real=0,00s
[2023-07-31T11:42:48.488+0200][23372,021s] GC(288) Concurrent Mark Cycle
[2023-07-31T11:42:48.488+0200][23372,021s] GC(288) Concurrent Clear Claimed Marks
[2023-07-31T11:42:48.488+0200][23372,021s] GC(288) Concurrent Clear Claimed Marks 0,011ms
[2023-07-31T11:42:48.488+0200][23372,021s] GC(288) Concurrent Scan Root Regions
[2023-07-31T11:42:48.488+0200][23372,021s] GC(288) Concurrent Scan Root Regions 0,463ms
[2023-07-31T11:42:48.488+0200][23372,021s] GC(288) Concurrent Mark
[2023-07-31T11:42:48.488+0200][23372,021s] GC(288) Concurrent Mark From Roots
[2023-07-31T11:42:48.488+0200][23372,021s] GC(288) Using 2 workers of 2 for marking
[2023-07-31T11:42:48.516+0200][23372,049s] GC(288) Concurrent Mark From Roots 27,961ms
[2023-07-31T11:42:48.516+0200][23372,049s] GC(288) Concurrent Preclean
[2023-07-31T11:42:48.517+0200][23372,050s] GC(288) Concurrent Preclean 0,266ms
[2023-07-31T11:42:48.517+0200][23372,050s] GC(288) Pause Remark
[2023-07-31T11:42:48.526+0200][23372,060s] GC(288) Pause Remark 240M->191M(512M) 9,427ms
[2023-07-31T11:42:48.527+0200][23372,060s] GC(288) User=0,02s Sys=0,02s Real=0,01s
[2023-07-31T11:42:48.527+0200][23372,060s] GC(288) Concurrent Mark 38,290ms
[2023-07-31T11:42:48.527+0200][23372,060s] GC(288) Concurrent Rebuild Remembered Sets
[2023-07-31T11:42:48.543+0200][23372,076s] GC(288) Concurrent Rebuild Remembered Sets 16,296ms
[2023-07-31T11:42:48.544+0200][23372,077s] GC(288) Pause Cleanup
[2023-07-31T11:42:48.544+0200][23372,077s] GC(288) Pause Cleanup 191M->191M(512M) 0,104ms
[2023-07-31T11:42:48.544+0200][23372,077s] GC(288) User=0,00s Sys=0,00s Real=0,00s
[2023-07-31T11:42:48.544+0200][23372,077s] GC(288) Concurrent Cleanup for Next Mark
[2023-07-31T11:42:48.544+0200][23372,077s] GC(288) Concurrent Cleanup for Next Mark 0,208ms
[2023-07-31T11:42:48.544+0200][23372,077s] GC(288) Concurrent Mark Cycle 56,287ms
[2023-07-31T11:42:49.439+0200][23372,972s] GC(289) Pause Young (Prepare Mixed) (G1 Preventive Collection)
[2023-07-31T11:42:49.439+0200][23372,972s] GC(289) Using 8 workers of 8 for evacuation
[2023-07-31T11:42:49.442+0200][23372,975s] GC(289)   Pre Evacuate Collection Set: 0,1ms
[2023-07-31T11:42:49.442+0200][23372,975s] GC(289)   Merge Heap Roots: 0,0ms
[2023-07-31T11:42:49.442+0200][23372,975s] GC(289)   Evacuate Collection Set: 2,6ms
[2023-07-31T11:42:49.442+0200][23372,975s] GC(289)   Post Evacuate Collection Set: 0,4ms
[2023-07-31T11:42:49.442+0200][23372,975s] GC(289)   Other: 0,1ms
[2023-07-31T11:42:49.442+0200][23372,975s] GC(289) Eden regions: 109->0(8)
[2023-07-31T11:42:49.442+0200][23372,975s] GC(289) Survivor regions: 2->17(17)
[2023-07-31T11:42:49.442+0200][23372,975s] GC(289) Old regions: 131->131
[2023-07-31T11:42:49.442+0200][23372,975s] GC(289) Archive regions: 2->2
[2023-07-31T11:42:49.442+0200][23372,975s] GC(289) Humongous regions: 228->98
[2023-07-31T11:42:49.442+0200][23372,975s] GC(289) Metaspace: 61489K(62080K)->61489K(62080K) NonClass: 54206K(54528K)->54206K(54528K) Class: 7282K(7552K)->7282K(7552K)
[2023-07-31T11:42:49.442+0200][23372,975s] GC(289) Pause Young (Prepare Mixed) (G1 Preventive Collection) 469M->245M(512M) 3,346ms
[2023-07-31T11:42:49.442+0200][23372,975s] GC(289) User=0,01s Sys=0,00s Real=0,01s
[2023-07-31T11:42:49.525+0200][23373,058s] GC(290) Pause Young (Mixed) (G1 Evacuation Pause)
[2023-07-31T11:42:49.525+0200][23373,058s] GC(290) Using 8 workers of 8 for evacuation
[2023-07-31T11:42:49.530+0200][23373,063s] GC(290)   Pre Evacuate Collection Set: 0,1ms
[2023-07-31T11:42:49.530+0200][23373,063s] GC(290)   Merge Heap Roots: 0,1ms
[2023-07-31T11:42:49.530+0200][23373,063s] GC(290)   Evacuate Collection Set: 3,4ms
[2023-07-31T11:42:49.530+0200][23373,063s] GC(290)   Post Evacuate Collection Set: 0,5ms
[2023-07-31T11:42:49.530+0200][23373,063s] GC(290)   Other: 0,1ms
[2023-07-31T11:42:49.530+0200][23373,063s] GC(290) Eden regions: 8->0(129)
[2023-07-31T11:42:49.530+0200][23373,063s] GC(290) Survivor regions: 17->1(4)
[2023-07-31T11:42:49.530+0200][23373,063s] GC(290) Old regions: 131->142
[2023-07-31T11:42:49.530+0200][23373,063s] GC(290) Archive regions: 2->2
[2023-07-31T11:42:49.530+0200][23373,063s] GC(290) Humongous regions: 99->98
[2023-07-31T11:42:49.530+0200][23373,063s] GC(290) Metaspace: 61489K(62080K)->61489K(62080K) NonClass: 54206K(54528K)->54206K(54528K) Class: 7282K(7552K)->7282K(7552K)
[2023-07-31T11:42:49.530+0200][23373,063s] GC(290) Pause Young (Mixed) (G1 Evacuation Pause) 254M->238M(512M) 4,291ms
[2023-07-31T11:42:49.530+0200][23373,063s] GC(290) User=0,01s Sys=0,01s Real=0,01s
[2023-07-31T11:42:49.821+0200][23373,354s] GC(291) Pause Young (Concurrent Start) (G1 Humongous Allocation)
[2023-07-31T11:42:49.821+0200][23373,354s] GC(291) Using 8 workers of 8 for evacuation
[2023-07-31T11:42:49.824+0200][23373,357s] GC(291)   Pre Evacuate Collection Set: 0,1ms
[2023-07-31T11:42:49.824+0200][23373,357s] GC(291)   Merge Heap Roots: 0,1ms
[2023-07-31T11:42:49.824+0200][23373,357s] GC(291)   Evacuate Collection Set: 2,4ms
[2023-07-31T11:42:49.824+0200][23373,357s] GC(291)   Post Evacuate Collection Set: 0,3ms
[2023-07-31T11:42:49.824+0200][23373,357s] GC(291)   Other: 0,3ms
[2023-07-31T11:42:49.824+0200][23373,357s] GC(291) Eden regions: 26->0(139)
[2023-07-31T11:42:49.824+0200][23373,357s] GC(291) Survivor regions: 1->2(17)
[2023-07-31T11:42:49.824+0200][23373,357s] GC(291) Old regions: 142->142
[2023-07-31T11:42:49.824+0200][23373,357s] GC(291) Archive regions: 2->2
[2023-07-31T11:42:49.824+0200][23373,357s] GC(291) Humongous regions: 98->98
[2023-07-31T11:42:49.824+0200][23373,357s] GC(291) Metaspace: 61489K(62080K)->61489K(62080K) NonClass: 54206K(54528K)->54206K(54528K) Class: 7282K(7552K)->7282K(7552K)
[2023-07-31T11:42:49.824+0200][23373,357s] GC(291) Pause Young (Concurrent Start) (G1 Humongous Allocation) 263M->240M(512M) 3,158ms
[2023-07-31T11:42:49.824+0200][23373,357s] GC(291) User=0,01s Sys=0,00s Real=0,00s
[2023-07-31T11:42:49.824+0200][23373,357s] GC(292) Concurrent Mark Cycle
[2023-07-31T11:42:49.824+0200][23373,357s] GC(292) Concurrent Clear Claimed Marks
[2023-07-31T11:42:49.824+0200][23373,357s] GC(292) Concurrent Clear Claimed Marks 0,015ms
[2023-07-31T11:42:49.824+0200][23373,357s] GC(292) Concurrent Scan Root Regions
[2023-07-31T11:42:49.824+0200][23373,357s] GC(292) Concurrent Scan Root Regions 0,525ms
[2023-07-31T11:42:49.824+0200][23373,357s] GC(292) Concurrent Mark
[2023-07-31T11:42:49.824+0200][23373,357s] GC(292) Concurrent Mark From Roots
[2023-07-31T11:42:49.824+0200][23373,357s] GC(292) Using 2 workers of 2 for marking
[2023-07-31T11:42:49.876+0200][23373,409s] GC(292) Concurrent Mark From Roots 51,519ms
[2023-07-31T11:42:49.876+0200][23373,409s] GC(292) Concurrent Preclean
[2023-07-31T11:42:49.877+0200][23373,410s] GC(292) Concurrent Preclean 1,363ms
[2023-07-31T11:42:49.878+0200][23373,411s] GC(292) Pause Remark
[2023-07-31T11:42:49.906+0200][23373,439s] GC(292) Pause Remark 291M->211M(512M) 28,743ms
[2023-07-31T11:42:49.906+0200][23373,439s] GC(292) User=0,03s Sys=0,03s Real=0,03s
[2023-07-31T11:42:49.906+0200][23373,440s] GC(292) Concurrent Mark 82,198ms
[2023-07-31T11:42:49.907+0200][23373,440s] GC(292) Concurrent Rebuild Remembered Sets
[2023-07-31T11:42:49.946+0200][23373,479s] GC(292) Concurrent Rebuild Remembered Sets 39,927ms
[2023-07-31T11:42:49.947+0200][23373,480s] GC(292) Pause Cleanup
[2023-07-31T11:42:49.947+0200][23373,480s] GC(292) Pause Cleanup 222M->222M(512M) 0,107ms
[2023-07-31T11:42:49.947+0200][23373,480s] GC(292) User=0,00s Sys=0,00s Real=0,00s
[2023-07-31T11:42:49.947+0200][23373,480s] GC(292) Concurrent Cleanup for Next Mark
[2023-07-31T11:42:49.947+0200][23373,480s] GC(292) Concurrent Cleanup for Next Mark 0,470ms
[2023-07-31T11:42:49.947+0200][23373,480s] GC(292) Concurrent Mark Cycle 123,595ms
[2023-07-31T11:42:50.445+0200][23373,978s] GC(293) Pause Young (Prepare Mixed) (G1 Preventive Collection)
[2023-07-31T11:42:50.445+0200][23373,978s] GC(293) Using 8 workers of 8 for evacuation
[2023-07-31T11:42:50.449+0200][23373,982s] GC(293)   Pre Evacuate Collection Set: 0,1ms
[2023-07-31T11:42:50.449+0200][23373,982s] GC(293)   Merge Heap Roots: 0,1ms
[2023-07-31T11:42:50.449+0200][23373,982s] GC(293)   Evacuate Collection Set: 3,5ms
[2023-07-31T11:42:50.449+0200][23373,982s] GC(293)   Post Evacuate Collection Set: 0,4ms
[2023-07-31T11:42:50.449+0200][23373,982s] GC(293)   Other: 0,2ms
[2023-07-31T11:42:50.449+0200][23373,982s] GC(293) Eden regions: 81->0(10)
[2023-07-31T11:42:50.449+0200][23373,982s] GC(293) Survivor regions: 2->15(18)
[2023-07-31T11:42:50.449+0200][23373,982s] GC(293) Old regions: 142->142
[2023-07-31T11:42:50.449+0200][23373,982s] GC(293) Archive regions: 2->2
[2023-07-31T11:42:50.449+0200][23373,982s] GC(293) Humongous regions: 261->75
[2023-07-31T11:42:50.449+0200][23373,982s] GC(293) Metaspace: 61489K(62080K)->61489K(62080K) NonClass: 54206K(54528K)->54206K(54528K) Class: 7282K(7552K)->7282K(7552K)
[2023-07-31T11:42:50.449+0200][23373,982s] GC(293) Pause Young (Prepare Mixed) (G1 Preventive Collection) 483M->230M(512M) 4,338ms
[2023-07-31T11:42:50.449+0200][23373,982s] GC(293) User=0,01s Sys=0,00s Real=0,00s
[2023-07-31T11:42:50.511+0200][23374,044s] GC(294) Pause Young (Mixed) (G1 Evacuation Pause)
[2023-07-31T11:42:50.511+0200][23374,044s] GC(294) Using 8 workers of 8 for evacuation
[2023-07-31T11:42:50.515+0200][23374,048s] GC(294)   Pre Evacuate Collection Set: 0,1ms
[2023-07-31T11:42:50.515+0200][23374,048s] GC(294)   Merge Heap Roots: 0,1ms
[2023-07-31T11:42:50.515+0200][23374,048s] GC(294)   Evacuate Collection Set: 4,2ms
[2023-07-31T11:42:50.515+0200][23374,048s] GC(294)   Post Evacuate Collection Set: 0,4ms
[2023-07-31T11:42:50.515+0200][23374,048s] GC(294)   Other: 0,1ms
[2023-07-31T11:42:50.515+0200][23374,048s] GC(294) Eden regions: 10->0(146)
[2023-07-31T11:42:50.515+0200][23374,049s] GC(294) Survivor regions: 15->3(4)
[2023-07-31T11:42:50.515+0200][23374,049s] GC(294) Old regions: 142->149
[2023-07-31T11:42:50.515+0200][23374,049s] GC(294) Archive regions: 2->2
[2023-07-31T11:42:50.515+0200][23374,049s] GC(294) Humongous regions: 103->74
[2023-07-31T11:42:50.515+0200][23374,049s] GC(294) Metaspace: 61489K(62080K)->61489K(62080K) NonClass: 54206K(54528K)->54206K(54528K) Class: 7282K(7552K)->7282K(7552K)
[2023-07-31T11:42:50.515+0200][23374,049s] GC(294) Pause Young (Mixed) (G1 Evacuation Pause) 268M->224M(512M) 4,986ms
[2023-07-31T11:42:50.516+0200][23374,049s] GC(294) User=0,01s Sys=0,01s Real=0,00s
[2023-07-31T11:42:50.520+0200][23374,053s] GC(295) Pause Young (Concurrent Start) (G1 Humongous Allocation)
[2023-07-31T11:42:50.520+0200][23374,053s] GC(295) Using 8 workers of 8 for evacuation
[2023-07-31T11:42:50.521+0200][23374,054s] GC(295)   Pre Evacuate Collection Set: 0,1ms
[2023-07-31T11:42:50.521+0200][23374,054s] GC(295)   Merge Heap Roots: 0,0ms
[2023-07-31T11:42:50.521+0200][23374,054s] GC(295)   Evacuate Collection Set: 0,9ms
[2023-07-31T11:42:50.521+0200][23374,054s] GC(295)   Post Evacuate Collection Set: 0,2ms
[2023-07-31T11:42:50.521+0200][23374,054s] GC(295)   Other: 0,1ms
[2023-07-31T11:42:50.521+0200][23374,054s] GC(295) Eden regions: 2->0(130)
[2023-07-31T11:42:50.521+0200][23374,054s] GC(295) Survivor regions: 3->4(19)
[2023-07-31T11:42:50.521+0200][23374,054s] GC(295) Old regions: 149->149
[2023-07-31T11:42:50.521+0200][23374,054s] GC(295) Archive regions: 2->2
[2023-07-31T11:42:50.521+0200][23374,054s] GC(295) Humongous regions: 74->74
[2023-07-31T11:42:50.521+0200][23374,054s] GC(295) Metaspace: 61489K(62080K)->61489K(62080K) NonClass: 54206K(54528K)->54206K(54528K) Class: 7282K(7552K)->7282K(7552K)
[2023-07-31T11:42:50.521+0200][23374,054s] GC(295) Pause Young (Concurrent Start) (G1 Humongous Allocation) 225M->224M(512M) 1,383ms
[2023-07-31T11:42:50.521+0200][23374,054s] GC(295) User=0,00s Sys=0,00s Real=0,00s
[2023-07-31T11:42:50.521+0200][23374,054s] GC(296) Concurrent Mark Cycle
[2023-07-31T11:42:50.521+0200][23374,054s] GC(296) Concurrent Clear Claimed Marks
[2023-07-31T11:42:50.521+0200][23374,054s] GC(296) Concurrent Clear Claimed Marks 0,016ms
[2023-07-31T11:42:50.521+0200][23374,054s] GC(296) Concurrent Scan Root Regions
[2023-07-31T11:42:50.522+0200][23374,055s] GC(296) Concurrent Scan Root Regions 0,621ms
[2023-07-31T11:42:50.522+0200][23374,055s] GC(296) Concurrent Mark
[2023-07-31T11:42:50.522+0200][23374,055s] GC(296) Concurrent Mark From Roots
[2023-07-31T11:42:50.522+0200][23374,055s] GC(296) Using 2 workers of 2 for marking
[2023-07-31T11:42:50.554+0200][23374,087s] GC(296) Concurrent Mark From Roots 31,898ms
[2023-07-31T11:42:50.554+0200][23374,087s] GC(296) Concurrent Preclean
[2023-07-31T11:42:50.554+0200][23374,087s] GC(296) Concurrent Preclean 0,293ms
[2023-07-31T11:42:50.555+0200][23374,088s] GC(296) Pause Remark
[2023-07-31T11:42:50.564+0200][23374,097s] GC(296) Pause Remark 231M->224M(512M) 9,402ms
[2023-07-31T11:42:50.564+0200][23374,097s] GC(296) User=0,02s Sys=0,01s Real=0,01s
[2023-07-31T11:42:50.564+0200][23374,097s] GC(296) Concurrent Mark 42,249ms
[2023-07-31T11:42:50.564+0200][23374,097s] GC(296) Concurrent Rebuild Remembered Sets
[2023-07-31T11:42:50.581+0200][23374,114s] GC(296) Concurrent Rebuild Remembered Sets 16,438ms
[2023-07-31T11:42:50.581+0200][23374,114s] GC(296) Pause Cleanup
[2023-07-31T11:42:50.581+0200][23374,114s] GC(296) Pause Cleanup 224M->224M(512M) 0,133ms
[2023-07-31T11:42:50.581+0200][23374,114s] GC(296) User=0,00s Sys=0,00s Real=0,00s
[2023-07-31T11:42:50.581+0200][23374,114s] GC(296) Concurrent Cleanup for Next Mark
[2023-07-31T11:42:50.581+0200][23374,114s] GC(296) Concurrent Cleanup for Next Mark 0,227ms
[2023-07-31T11:42:50.581+0200][23374,114s] GC(296) Concurrent Mark Cycle 60,146ms
[2023-07-31T11:42:51.113+0200][23374,646s] GC(297) Pause Young (Prepare Mixed) (G1 Preventive Collection)
[2023-07-31T11:42:51.113+0200][23374,646s] GC(297) Using 8 workers of 8 for evacuation
[2023-07-31T11:42:51.117+0200][23374,650s] GC(297)   Pre Evacuate Collection Set: 0,1ms
[2023-07-31T11:42:51.117+0200][23374,650s] GC(297)   Merge Heap Roots: 0,1ms
[2023-07-31T11:42:51.117+0200][23374,650s] GC(297)   Evacuate Collection Set: 3,0ms
[2023-07-31T11:42:51.117+0200][23374,650s] GC(297)   Post Evacuate Collection Set: 0,7ms
[2023-07-31T11:42:51.117+0200][23374,650s] GC(297)   Other: 0,1ms
[2023-07-31T11:42:51.117+0200][23374,650s] GC(297) Eden regions: 115->0(16)
[2023-07-31T11:42:51.117+0200][23374,650s] GC(297) Survivor regions: 4->9(17)
[2023-07-31T11:42:51.117+0200][23374,650s] GC(297) Old regions: 149->149
[2023-07-31T11:42:51.117+0200][23374,651s] GC(297) Archive regions: 2->2
[2023-07-31T11:42:51.117+0200][23374,651s] GC(297) Humongous regions: 194->89
[2023-07-31T11:42:51.117+0200][23374,651s] GC(297) Metaspace: 61489K(62080K)->61489K(62080K) NonClass: 54206K(54528K)->54206K(54528K) Class: 7282K(7552K)->7282K(7552K)
[2023-07-31T11:42:51.117+0200][23374,651s] GC(297) Pause Young (Prepare Mixed) (G1 Preventive Collection) 459M->245M(512M) 4,164ms
[2023-07-31T11:42:51.117+0200][23374,651s] GC(297) User=0,01s Sys=0,00s Real=0,00s
[2023-07-31T11:42:51.209+0200][23374,742s] GC(298) Pause Young (Mixed) (G1 Evacuation Pause)
[2023-07-31T11:42:51.209+0200][23374,742s] GC(298) Using 8 workers of 8 for evacuation
[2023-07-31T11:42:51.212+0200][23374,745s] GC(298)   Pre Evacuate Collection Set: 0,1ms
[2023-07-31T11:42:51.212+0200][23374,745s] GC(298)   Merge Heap Roots: 0,1ms
[2023-07-31T11:42:51.212+0200][23374,745s] GC(298)   Evacuate Collection Set: 2,6ms
[2023-07-31T11:42:51.212+0200][23374,745s] GC(298)   Post Evacuate Collection Set: 0,3ms
[2023-07-31T11:42:51.212+0200][23374,745s] GC(298)   Other: 0,1ms
[2023-07-31T11:42:51.212+0200][23374,745s] GC(298) Eden regions: 16->0(136)
[2023-07-31T11:42:51.212+0200][23374,745s] GC(298) Survivor regions: 9->4(4)
[2023-07-31T11:42:51.212+0200][23374,745s] GC(298) Old regions: 149->152
[2023-07-31T11:42:51.212+0200][23374,745s] GC(298) Archive regions: 2->2
[2023-07-31T11:42:51.212+0200][23374,745s] GC(298) Humongous regions: 122->77
[2023-07-31T11:42:51.212+0200][23374,745s] GC(298) Metaspace: 61489K(62080K)->61489K(62080K) NonClass: 54206K(54528K)->54206K(54528K) Class: 7282K(7552K)->7282K(7552K)
[2023-07-31T11:42:51.212+0200][23374,745s] GC(298) Pause Young (Mixed) (G1 Evacuation Pause) 294M->231M(512M) 3,292ms
[2023-07-31T11:42:51.212+0200][23374,745s] GC(298) User=0,01s Sys=0,00s Real=0,01s
[2023-07-31T11:42:51.214+0200][23374,747s] GC(299) Pause Young (Concurrent Start) (G1 Humongous Allocation)
[2023-07-31T11:42:51.214+0200][23374,747s] GC(299) Using 8 workers of 8 for evacuation
[2023-07-31T11:42:51.215+0200][23374,748s] GC(299)   Pre Evacuate Collection Set: 0,1ms
[2023-07-31T11:42:51.215+0200][23374,748s] GC(299)   Merge Heap Roots: 0,0ms
[2023-07-31T11:42:51.215+0200][23374,748s] GC(299)   Evacuate Collection Set: 0,6ms
[2023-07-31T11:42:51.215+0200][23374,748s] GC(299)   Post Evacuate Collection Set: 0,2ms
[2023-07-31T11:42:51.215+0200][23374,748s] GC(299)   Other: 0,1ms
[2023-07-31T11:42:51.215+0200][23374,748s] GC(299) Eden regions: 2->0(111)
[2023-07-31T11:42:51.215+0200][23374,748s] GC(299) Survivor regions: 4->5(18)
[2023-07-31T11:42:51.215+0200][23374,748s] GC(299) Old regions: 152->152
[2023-07-31T11:42:51.215+0200][23374,748s] GC(299) Archive regions: 2->2
[2023-07-31T11:42:51.215+0200][23374,748s] GC(299) Humongous regions: 77->77
[2023-07-31T11:42:51.215+0200][23374,748s] GC(299) Metaspace: 61489K(62080K)->61489K(62080K) NonClass: 54206K(54528K)->54206K(54528K) Class: 7282K(7552K)->7282K(7552K)
[2023-07-31T11:42:51.215+0200][23374,748s] GC(299) Pause Young (Concurrent Start) (G1 Humongous Allocation) 233M->232M(512M) 1,108ms
[2023-07-31T11:42:51.215+0200][23374,748s] GC(299) User=0,00s Sys=0,00s Real=0,00s
[2023-07-31T11:42:51.215+0200][23374,748s] GC(300) Concurrent Mark Cycle
[2023-07-31T11:42:51.215+0200][23374,748s] GC(300) Concurrent Clear Claimed Marks
[2023-07-31T11:42:51.215+0200][23374,748s] GC(300) Concurrent Clear Claimed Marks 0,014ms
[2023-07-31T11:42:51.215+0200][23374,748s] GC(300) Concurrent Scan Root Regions
[2023-07-31T11:42:51.215+0200][23374,748s] GC(300) Concurrent Scan Root Regions 0,345ms
[2023-07-31T11:42:51.215+0200][23374,748s] GC(300) Concurrent Mark
[2023-07-31T11:42:51.215+0200][23374,748s] GC(300) Concurrent Mark From Roots
[2023-07-31T11:42:51.215+0200][23374,748s] GC(300) Using 2 workers of 2 for marking
[2023-07-31T11:42:51.242+0200][23374,775s] GC(300) Concurrent Mark From Roots 26,558ms
[2023-07-31T11:42:51.242+0200][23374,775s] GC(300) Concurrent Preclean
[2023-07-31T11:42:51.242+0200][23374,775s] GC(300) Concurrent Preclean 0,290ms
[2023-07-31T11:42:51.242+0200][23374,775s] GC(300) Pause Remark
[2023-07-31T11:42:51.253+0200][23374,786s] GC(300) Pause Remark 241M->210M(512M) 10,549ms
[2023-07-31T11:42:51.253+0200][23374,786s] GC(300) User=0,02s Sys=0,02s Real=0,01s
[2023-07-31T11:42:51.253+0200][23374,786s] GC(300) Concurrent Mark 37,876ms
[2023-07-31T11:42:51.253+0200][23374,786s] GC(300) Concurrent Rebuild Remembered Sets
[2023-07-31T11:42:51.271+0200][23374,804s] GC(300) Concurrent Rebuild Remembered Sets 18,365ms
[2023-07-31T11:42:51.272+0200][23374,805s] GC(300) Pause Cleanup
[2023-07-31T11:42:51.272+0200][23374,805s] GC(300) Pause Cleanup 210M->210M(512M) 0,143ms
[2023-07-31T11:42:51.272+0200][23374,805s] GC(300) User=0,00s Sys=0,00s Real=0,00s
[2023-07-31T11:42:51.272+0200][23374,805s] GC(300) Concurrent Cleanup for Next Mark
[2023-07-31T11:42:51.273+0200][23374,806s] GC(300) Concurrent Cleanup for Next Mark 1,036ms
[2023-07-31T11:42:51.273+0200][23374,806s] GC(300) Concurrent Mark Cycle 58,250ms
[2023-07-31T11:42:51.829+0200][23375,362s] GC(301) Pause Young (Prepare Mixed) (G1 Preventive Collection)
[2023-07-31T11:42:51.829+0200][23375,362s] GC(301) Using 8 workers of 8 for evacuation
[2023-07-31T11:42:51.834+0200][23375,367s] GC(301)   Pre Evacuate Collection Set: 0,1ms
[2023-07-31T11:42:51.834+0200][23375,367s] GC(301)   Merge Heap Roots: 0,1ms
[2023-07-31T11:42:51.834+0200][23375,367s] GC(301)   Evacuate Collection Set: 4,2ms
[2023-07-31T11:42:51.834+0200][23375,367s] GC(301)   Post Evacuate Collection Set: 0,6ms
[2023-07-31T11:42:51.834+0200][23375,367s] GC(301)   Other: 0,1ms
[2023-07-31T11:42:51.834+0200][23375,367s] GC(301) Eden regions: 81->0(16)
[2023-07-31T11:42:51.834+0200][23375,367s] GC(301) Survivor regions: 5->9(15)
[2023-07-31T11:42:51.834+0200][23375,367s] GC(301) Old regions: 152->152
[2023-07-31T11:42:51.834+0200][23375,367s] GC(301) Archive regions: 2->2
[2023-07-31T11:42:51.834+0200][23375,367s] GC(301) Humongous regions: 225->77
[2023-07-31T11:42:51.834+0200][23375,367s] GC(301) Metaspace: 61489K(62080K)->61489K(62080K) NonClass: 54206K(54528K)->54206K(54528K) Class: 7282K(7552K)->7282K(7552K)
[2023-07-31T11:42:51.834+0200][23375,367s] GC(301) Pause Young (Prepare Mixed) (G1 Preventive Collection) 461M->237M(512M) 5,249ms
[2023-07-31T11:42:51.834+0200][23375,367s] GC(301) User=0,01s Sys=0,01s Real=0,01s
[2023-07-31T11:42:51.919+0200][23375,452s] GC(302) Pause Young (Mixed) (G1 Evacuation Pause)
[2023-07-31T11:42:51.919+0200][23375,452s] GC(302) Using 8 workers of 8 for evacuation
[2023-07-31T11:42:51.922+0200][23375,456s] GC(302)   Pre Evacuate Collection Set: 0,1ms
[2023-07-31T11:42:51.923+0200][23375,456s] GC(302)   Merge Heap Roots: 0,0ms
[2023-07-31T11:42:51.923+0200][23375,456s] GC(302)   Evacuate Collection Set: 3,1ms
[2023-07-31T11:42:51.923+0200][23375,456s] GC(302)   Post Evacuate Collection Set: 0,3ms
[2023-07-31T11:42:51.923+0200][23375,456s] GC(302)   Other: 0,1ms
[2023-07-31T11:42:51.923+0200][23375,456s] GC(302) Eden regions: 16->0(130)
[2023-07-31T11:42:51.923+0200][23375,456s] GC(302) Survivor regions: 9->2(4)
[2023-07-31T11:42:51.923+0200][23375,456s] GC(302) Old regions: 152->156
[2023-07-31T11:42:51.923+0200][23375,456s] GC(302) Archive regions: 2->2
[2023-07-31T11:42:51.923+0200][23375,456s] GC(302) Humongous regions: 90->60
[2023-07-31T11:42:51.923+0200][23375,456s] GC(302) Metaspace: 61489K(62080K)->61489K(62080K) NonClass: 54206K(54528K)->54206K(54528K) Class: 7282K(7552K)->7282K(7552K)
[2023-07-31T11:42:51.923+0200][23375,456s] GC(302) Pause Young (Mixed) (G1 Evacuation Pause) 266M->216M(512M) 3,786ms
[2023-07-31T11:42:51.923+0200][23375,456s] GC(302) User=0,01s Sys=0,01s Real=0,01s
[2023-07-31T11:42:51.955+0200][23375,488s] GC(303) Pause Young (Concurrent Start) (G1 Humongous Allocation)
[2023-07-31T11:42:51.955+0200][23375,488s] GC(303) Using 8 workers of 8 for evacuation
[2023-07-31T11:42:51.957+0200][23375,491s] GC(303)   Pre Evacuate Collection Set: 0,1ms
[2023-07-31T11:42:51.957+0200][23375,491s] GC(303)   Merge Heap Roots: 0,1ms
[2023-07-31T11:42:51.957+0200][23375,491s] GC(303)   Evacuate Collection Set: 1,9ms
[2023-07-31T11:42:51.957+0200][23375,491s] GC(303)   Post Evacuate Collection Set: 0,3ms
[2023-07-31T11:42:51.957+0200][23375,491s] GC(303)   Other: 0,1ms
[2023-07-31T11:42:51.957+0200][23375,491s] GC(303) Eden regions: 7->0(144)
[2023-07-31T11:42:51.957+0200][23375,491s] GC(303) Survivor regions: 2->2(17)
[2023-07-31T11:42:51.958+0200][23375,491s] GC(303) Old regions: 156->156
[2023-07-31T11:42:51.958+0200][23375,491s] GC(303) Archive regions: 2->2
[2023-07-31T11:42:51.958+0200][23375,491s] GC(303) Humongous regions: 60->59
[2023-07-31T11:42:51.958+0200][23375,491s] GC(303) Metaspace: 61489K(62080K)->61489K(62080K) NonClass: 54206K(54528K)->54206K(54528K) Class: 7282K(7552K)->7282K(7552K)
[2023-07-31T11:42:51.958+0200][23375,491s] GC(303) Pause Young (Concurrent Start) (G1 Humongous Allocation) 222M->215M(512M) 2,568ms
[2023-07-31T11:42:51.958+0200][23375,491s] GC(303) User=0,00s Sys=0,00s Real=0,00s
[2023-07-31T11:42:51.958+0200][23375,491s] GC(304) Concurrent Mark Cycle
[2023-07-31T11:42:51.958+0200][23375,491s] GC(304) Concurrent Clear Claimed Marks
[2023-07-31T11:42:51.958+0200][23375,491s] GC(304) Concurrent Clear Claimed Marks 0,020ms
[2023-07-31T11:42:51.958+0200][23375,491s] GC(304) Concurrent Scan Root Regions
[2023-07-31T11:42:51.958+0200][23375,491s] GC(304) Concurrent Scan Root Regions 0,408ms
[2023-07-31T11:42:51.958+0200][23375,491s] GC(304) Concurrent Mark
[2023-07-31T11:42:51.958+0200][23375,491s] GC(304) Concurrent Mark From Roots
[2023-07-31T11:42:51.958+0200][23375,491s] GC(304) Using 2 workers of 2 for marking
[2023-07-31T11:42:51.984+0200][23375,517s] GC(304) Concurrent Mark From Roots 25,912ms
[2023-07-31T11:42:51.984+0200][23375,517s] GC(304) Concurrent Preclean
[2023-07-31T11:42:51.984+0200][23375,517s] GC(304) Concurrent Preclean 0,266ms
[2023-07-31T11:42:51.985+0200][23375,518s] GC(304) Pause Remark
[2023-07-31T11:42:51.995+0200][23375,528s] GC(304) Pause Remark 242M->228M(512M) 10,253ms
[2023-07-31T11:42:51.995+0200][23375,528s] GC(304) User=0,02s Sys=0,01s Real=0,01s
[2023-07-31T11:42:51.995+0200][23375,528s] GC(304) Concurrent Mark 36,919ms
[2023-07-31T11:42:51.995+0200][23375,528s] GC(304) Concurrent Rebuild Remembered Sets
[2023-07-31T11:42:52.012+0200][23375,545s] GC(304) Concurrent Rebuild Remembered Sets 16,700ms
[2023-07-31T11:42:52.012+0200][23375,545s] GC(304) Pause Cleanup
[2023-07-31T11:42:52.012+0200][23375,545s] GC(304) Pause Cleanup 228M->228M(512M) 0,119ms
[2023-07-31T11:42:52.012+0200][23375,545s] GC(304) User=0,00s Sys=0,00s Real=0,00s
[2023-07-31T11:42:52.012+0200][23375,545s] GC(304) Concurrent Cleanup for Next Mark
[2023-07-31T11:42:52.013+0200][23375,546s] GC(304) Concurrent Cleanup for Next Mark 0,744ms
[2023-07-31T11:42:52.013+0200][23375,546s] GC(304) Concurrent Mark Cycle 55,363ms
[2023-07-31T11:42:52.726+0200][23376,259s] GC(305) Pause Young (Prepare Mixed) (G1 Evacuation Pause)
[2023-07-31T11:42:52.726+0200][23376,259s] GC(305) Using 8 workers of 8 for evacuation
[2023-07-31T11:42:52.729+0200][23376,262s] GC(305)   Pre Evacuate Collection Set: 0,1ms
[2023-07-31T11:42:52.729+0200][23376,262s] GC(305)   Merge Heap Roots: 0,1ms
[2023-07-31T11:42:52.729+0200][23376,262s] GC(305)   Evacuate Collection Set: 2,6ms
[2023-07-31T11:42:52.729+0200][23376,262s] GC(305)   Post Evacuate Collection Set: 0,2ms
[2023-07-31T11:42:52.729+0200][23376,262s] GC(305)   Other: 0,3ms
[2023-07-31T11:42:52.729+0200][23376,262s] GC(305) Eden regions: 144->0(19)
[2023-07-31T11:42:52.729+0200][23376,262s] GC(305) Survivor regions: 2->6(19)
[2023-07-31T11:42:52.729+0200][23376,262s] GC(305) Old regions: 156->156
[2023-07-31T11:42:52.729+0200][23376,262s] GC(305) Archive regions: 2->2
[2023-07-31T11:42:52.729+0200][23376,262s] GC(305) Humongous regions: 79->45
[2023-07-31T11:42:52.729+0200][23376,262s] GC(305) Metaspace: 61508K(62080K)->61508K(62080K) NonClass: 54223K(54528K)->54223K(54528K) Class: 7284K(7552K)->7284K(7552K)
[2023-07-31T11:42:52.729+0200][23376,262s] GC(305) Pause Young (Prepare Mixed) (G1 Evacuation Pause) 379M->205M(512M) 3,481ms
[2023-07-31T11:42:52.729+0200][23376,262s] GC(305) User=0,01s Sys=0,00s Real=0,00s
[2023-07-31T11:42:52.750+0200][23376,283s] GC(306) Pause Young (Mixed) (G1 Evacuation Pause)
[2023-07-31T11:42:52.750+0200][23376,283s] GC(306) Using 8 workers of 8 for evacuation
[2023-07-31T11:42:52.753+0200][23376,286s] GC(306)   Pre Evacuate Collection Set: 0,1ms
[2023-07-31T11:42:52.753+0200][23376,287s] GC(306)   Merge Heap Roots: 0,1ms
[2023-07-31T11:42:52.753+0200][23376,287s] GC(306)   Evacuate Collection Set: 3,4ms
[2023-07-31T11:42:52.753+0200][23376,287s] GC(306)   Post Evacuate Collection Set: 0,3ms
[2023-07-31T11:42:52.753+0200][23376,287s] GC(306)   Other: 0,1ms
[2023-07-31T11:42:52.753+0200][23376,287s] GC(306) Eden regions: 19->0(166)
[2023-07-31T11:42:52.753+0200][23376,287s] GC(306) Survivor regions: 6->1(4)
[2023-07-31T11:42:52.753+0200][23376,287s] GC(306) Old regions: 156->156
[2023-07-31T11:42:52.753+0200][23376,287s] GC(306) Archive regions: 2->2
[2023-07-31T11:42:52.753+0200][23376,287s] GC(306) Humongous regions: 45->45
[2023-07-31T11:42:52.753+0200][23376,287s] GC(306) Metaspace: 61508K(62080K)->61508K(62080K) NonClass: 54223K(54528K)->54223K(54528K) Class: 7284K(7552K)->7284K(7552K)
[2023-07-31T11:42:52.754+0200][23376,287s] GC(306) Pause Young (Mixed) (G1 Evacuation Pause) 224M->200M(512M) 3,979ms
[2023-07-31T11:42:52.754+0200][23376,287s] GC(306) User=0,01s Sys=0,01s Real=0,00s
[2023-07-31T11:42:53.018+0200][23376,552s] GC(307) Pause Young (Concurrent Start) (G1 Evacuation Pause)
[2023-07-31T11:42:53.018+0200][23376,552s] GC(307) Using 8 workers of 8 for evacuation
[2023-07-31T11:42:53.020+0200][23376,553s] GC(307)   Pre Evacuate Collection Set: 0,1ms
[2023-07-31T11:42:53.020+0200][23376,553s] GC(307)   Merge Heap Roots: 0,1ms
[2023-07-31T11:42:53.020+0200][23376,553s] GC(307)   Evacuate Collection Set: 0,9ms
[2023-07-31T11:42:53.020+0200][23376,553s] GC(307)   Post Evacuate Collection Set: 0,4ms
[2023-07-31T11:42:53.020+0200][23376,553s] GC(307)   Other: 0,1ms
[2023-07-31T11:42:53.020+0200][23376,553s] GC(307) Eden regions: 166->0(179)
[2023-07-31T11:42:53.020+0200][23376,553s] GC(307) Survivor regions: 1->1(21)
[2023-07-31T11:42:53.020+0200][23376,553s] GC(307) Old regions: 156->156
[2023-07-31T11:42:53.020+0200][23376,553s] GC(307) Archive regions: 2->2
[2023-07-31T11:42:53.020+0200][23376,553s] GC(307) Humongous regions: 45->45
[2023-07-31T11:42:53.020+0200][23376,553s] GC(307) Metaspace: 61508K(62080K)->61508K(62080K) NonClass: 54223K(54528K)->54223K(54528K) Class: 7284K(7552K)->7284K(7552K)
[2023-07-31T11:42:53.020+0200][23376,553s] GC(307) Pause Young (Concurrent Start) (G1 Evacuation Pause) 366M->200M(512M) 1,622ms
[2023-07-31T11:42:53.020+0200][23376,553s] GC(307) User=0,00s Sys=0,00s Real=0,01s
[2023-07-31T11:42:53.020+0200][23376,553s] GC(308) Concurrent Mark Cycle
[2023-07-31T11:42:53.020+0200][23376,553s] GC(308) Concurrent Clear Claimed Marks
[2023-07-31T11:42:53.020+0200][23376,553s] GC(308) Concurrent Clear Claimed Marks 0,009ms
[2023-07-31T11:42:53.020+0200][23376,553s] GC(308) Concurrent Scan Root Regions
[2023-07-31T11:42:53.021+0200][23376,554s] GC(308) Concurrent Scan Root Regions 0,383ms
[2023-07-31T11:42:53.021+0200][23376,554s] GC(308) Concurrent Mark
[2023-07-31T11:42:53.021+0200][23376,554s] GC(308) Concurrent Mark From Roots
[2023-07-31T11:42:53.021+0200][23376,554s] GC(308) Using 2 workers of 2 for marking
[2023-07-31T11:42:53.048+0200][23376,581s] GC(308) Concurrent Mark From Roots 27,397ms
[2023-07-31T11:42:53.048+0200][23376,581s] GC(308) Concurrent Preclean
[2023-07-31T11:42:53.048+0200][23376,581s] GC(308) Concurrent Preclean 0,321ms
[2023-07-31T11:42:53.048+0200][23376,582s] GC(308) Pause Remark
[2023-07-31T11:42:53.074+0200][23376,607s] GC(308) Pause Remark 210M->209M(512M) 25,249ms
[2023-07-31T11:42:53.074+0200][23376,607s] GC(308) User=0,04s Sys=0,04s Real=0,03s
[2023-07-31T11:42:53.074+0200][23376,607s] GC(308) Concurrent Mark 53,282ms
[2023-07-31T11:42:53.074+0200][23376,607s] GC(308) Concurrent Rebuild Remembered Sets
[2023-07-31T11:42:53.091+0200][23376,624s] GC(308) Concurrent Rebuild Remembered Sets 17,087ms
[2023-07-31T11:42:53.091+0200][23376,624s] GC(308) Pause Cleanup
[2023-07-31T11:42:53.091+0200][23376,624s] GC(308) Pause Cleanup 216M->216M(512M) 0,134ms
[2023-07-31T11:42:53.091+0200][23376,624s] GC(308) User=0,00s Sys=0,00s Real=0,00s
[2023-07-31T11:42:53.091+0200][23376,624s] GC(308) Concurrent Cleanup for Next Mark
[2023-07-31T11:42:53.092+0200][23376,625s] GC(308) Concurrent Cleanup for Next Mark 0,251ms
[2023-07-31T11:42:53.092+0200][23376,625s] GC(308) Concurrent Mark Cycle 71,490ms
[2023-07-31T11:42:53.488+0200][23377,021s] GC(309) Pause Young (Prepare Mixed) (G1 Evacuation Pause)
[2023-07-31T11:42:53.488+0200][23377,021s] GC(309) Using 8 workers of 8 for evacuation
[2023-07-31T11:42:53.489+0200][23377,022s] GC(309)   Pre Evacuate Collection Set: 0,1ms
[2023-07-31T11:42:53.489+0200][23377,022s] GC(309)   Merge Heap Roots: 0,1ms
[2023-07-31T11:42:53.489+0200][23377,022s] GC(309)   Evacuate Collection Set: 0,8ms
[2023-07-31T11:42:53.489+0200][23377,022s] GC(309)   Post Evacuate Collection Set: 0,4ms
[2023-07-31T11:42:53.489+0200][23377,022s] GC(309)   Other: 0,1ms
[2023-07-31T11:42:53.489+0200][23377,022s] GC(309) Eden regions: 179->0(24)
[2023-07-31T11:42:53.489+0200][23377,022s] GC(309) Survivor regions: 1->1(23)
[2023-07-31T11:42:53.489+0200][23377,022s] GC(309) Old regions: 156->156
[2023-07-31T11:42:53.489+0200][23377,022s] GC(309) Archive regions: 2->2
[2023-07-31T11:42:53.489+0200][23377,023s] GC(309) Humongous regions: 44->44
[2023-07-31T11:42:53.489+0200][23377,023s] GC(309) Metaspace: 61510K(62080K)->61510K(62080K) NonClass: 54225K(54528K)->54225K(54528K) Class: 7284K(7552K)->7284K(7552K)
[2023-07-31T11:42:53.489+0200][23377,023s] GC(309) Pause Young (Prepare Mixed) (G1 Evacuation Pause) 378M->200M(512M) 1,566ms
[2023-07-31T11:42:53.489+0200][23377,023s] GC(309) User=0,01s Sys=0,01s Real=0,00s
[2023-07-31T11:42:53.524+0200][23377,057s] GC(310) Pause Young (Mixed) (G1 Evacuation Pause)
[2023-07-31T11:42:53.524+0200][23377,057s] GC(310) Using 8 workers of 8 for evacuation
[2023-07-31T11:42:53.526+0200][23377,059s] GC(310)   Pre Evacuate Collection Set: 0,1ms
[2023-07-31T11:42:53.526+0200][23377,059s] GC(310)   Merge Heap Roots: 0,1ms
[2023-07-31T11:42:53.526+0200][23377,059s] GC(310)   Evacuate Collection Set: 1,1ms
[2023-07-31T11:42:53.526+0200][23377,059s] GC(310)   Post Evacuate Collection Set: 0,4ms
[2023-07-31T11:42:53.526+0200][23377,059s] GC(310)   Other: 0,1ms
[2023-07-31T11:42:53.526+0200][23377,059s] GC(310) Eden regions: 24->0(196)
[2023-07-31T11:42:53.526+0200][23377,059s] GC(310) Survivor regions: 1->1(4)
[2023-07-31T11:42:53.526+0200][23377,059s] GC(310) Old regions: 156->151
[2023-07-31T11:42:53.526+0200][23377,059s] GC(310) Archive regions: 2->2
[2023-07-31T11:42:53.526+0200][23377,059s] GC(310) Humongous regions: 44->44
[2023-07-31T11:42:53.526+0200][23377,059s] GC(310) Metaspace: 61510K(62080K)->61510K(62080K) NonClass: 54225K(54528K)->54225K(54528K) Class: 7284K(7552K)->7284K(7552K)
[2023-07-31T11:42:53.526+0200][23377,059s] GC(310) Pause Young (Mixed) (G1 Evacuation Pause) 224M->194M(512M) 1,854ms
[2023-07-31T11:42:53.526+0200][23377,059s] GC(310) User=0,01s Sys=0,00s Real=0,00s
[2023-07-31T11:42:53.901+0200][23377,434s] GC(311) Pause Young (Concurrent Start) (G1 Humongous Allocation)
[2023-07-31T11:42:53.901+0200][23377,434s] GC(311) Using 8 workers of 8 for evacuation
[2023-07-31T11:42:53.904+0200][23377,437s] GC(311)   Pre Evacuate Collection Set: 0,1ms
[2023-07-31T11:42:53.904+0200][23377,437s] GC(311)   Merge Heap Roots: 0,1ms
[2023-07-31T11:42:53.904+0200][23377,437s] GC(311)   Evacuate Collection Set: 2,0ms
[2023-07-31T11:42:53.904+0200][23377,437s] GC(311)   Post Evacuate Collection Set: 0,3ms
[2023-07-31T11:42:53.904+0200][23377,437s] GC(311)   Other: 0,1ms
[2023-07-31T11:42:53.904+0200][23377,437s] GC(311) Eden regions: 178->0(206)
[2023-07-31T11:42:53.904+0200][23377,437s] GC(311) Survivor regions: 1->1(25)
[2023-07-31T11:42:53.904+0200][23377,437s] GC(311) Old regions: 151->151
[2023-07-31T11:42:53.904+0200][23377,437s] GC(311) Archive regions: 2->2
[2023-07-31T11:42:53.904+0200][23377,437s] GC(311) Humongous regions: 44->44
[2023-07-31T11:42:53.904+0200][23377,437s] GC(311) Metaspace: 61518K(62080K)->61518K(62080K) NonClass: 54233K(54528K)->54233K(54528K) Class: 7284K(7552K)->7284K(7552K)
[2023-07-31T11:42:53.904+0200][23377,437s] GC(311) Pause Young (Concurrent Start) (G1 Humongous Allocation) 372M->194M(512M) 2,668ms
[2023-07-31T11:42:53.904+0200][23377,437s] GC(311) User=0,01s Sys=0,00s Real=0,00s
[2023-07-31T11:42:53.904+0200][23377,437s] GC(312) Concurrent Mark Cycle
[2023-07-31T11:42:53.904+0200][23377,437s] GC(312) Concurrent Clear Claimed Marks
[2023-07-31T11:42:53.904+0200][23377,437s] GC(312) Concurrent Clear Claimed Marks 0,032ms
[2023-07-31T11:42:53.904+0200][23377,437s] GC(312) Concurrent Scan Root Regions
[2023-07-31T11:42:53.905+0200][23377,438s] GC(312) Concurrent Scan Root Regions 1,048ms
[2023-07-31T11:42:53.905+0200][23377,438s] GC(312) Concurrent Mark
[2023-07-31T11:42:53.905+0200][23377,438s] GC(312) Concurrent Mark From Roots
[2023-07-31T11:42:53.905+0200][23377,438s] GC(312) Using 2 workers of 2 for marking
[2023-07-31T11:42:53.934+0200][23377,467s] GC(312) Concurrent Mark From Roots 28,903ms
[2023-07-31T11:42:53.934+0200][23377,467s] GC(312) Concurrent Preclean
[2023-07-31T11:42:53.934+0200][23377,467s] GC(312) Concurrent Preclean 0,260ms
[2023-07-31T11:42:53.934+0200][23377,467s] GC(312) Pause Remark
[2023-07-31T11:42:53.951+0200][23377,485s] GC(312) Pause Remark 207M->151M(512M) 17,223ms
[2023-07-31T11:42:53.951+0200][23377,485s] GC(312) User=0,03s Sys=0,02s Real=0,02s
[2023-07-31T11:42:53.952+0200][23377,485s] GC(312) Concurrent Mark 46,725ms
[2023-07-31T11:42:53.952+0200][23377,485s] GC(312) Concurrent Rebuild Remembered Sets
[2023-07-31T11:42:53.968+0200][23377,501s] GC(312) Concurrent Rebuild Remembered Sets 16,089ms
[2023-07-31T11:42:53.968+0200][23377,501s] GC(312) Pause Cleanup
[2023-07-31T11:42:53.968+0200][23377,501s] GC(312) Pause Cleanup 152M->152M(512M) 0,115ms
[2023-07-31T11:42:53.968+0200][23377,501s] GC(312) User=0,00s Sys=0,00s Real=0,00s
[2023-07-31T11:42:53.968+0200][23377,501s] GC(312) Concurrent Cleanup for Next Mark
[2023-07-31T11:42:53.968+0200][23377,501s] GC(312) Concurrent Cleanup for Next Mark 0,170ms
[2023-07-31T11:42:53.968+0200][23377,501s] GC(312) Concurrent Mark Cycle 64,610ms
[2023-07-31T11:43:31.619+0200][23415,153s] GC(313) Pause Young (Prepare Mixed) (G1 Evacuation Pause)
[2023-07-31T11:43:31.620+0200][23415,153s] GC(313) Using 8 workers of 8 for evacuation
[2023-07-31T11:43:31.634+0200][23415,167s] GC(313)   Pre Evacuate Collection Set: 0,8ms
[2023-07-31T11:43:31.634+0200][23415,167s] GC(313)   Merge Heap Roots: 0,3ms
[2023-07-31T11:43:31.634+0200][23415,167s] GC(313)   Evacuate Collection Set: 10,5ms
[2023-07-31T11:43:31.634+0200][23415,167s] GC(313)   Post Evacuate Collection Set: 1,8ms
[2023-07-31T11:43:31.634+0200][23415,167s] GC(313)   Other: 0,7ms
[2023-07-31T11:43:31.634+0200][23415,167s] GC(313) Eden regions: 206->0(20)
[2023-07-31T11:43:31.634+0200][23415,167s] GC(313) Survivor regions: 1->5(26)
[2023-07-31T11:43:31.634+0200][23415,167s] GC(313) Old regions: 135->135
[2023-07-31T11:43:31.634+0200][23415,167s] GC(313) Archive regions: 2->2
[2023-07-31T11:43:31.634+0200][23415,167s] GC(313) Humongous regions: 16->4
[2023-07-31T11:43:31.634+0200][23415,167s] GC(313) Metaspace: 61586K(62080K)->61586K(62080K) NonClass: 54292K(54528K)->54292K(54528K) Class: 7293K(7552K)->7293K(7552K)
[2023-07-31T11:43:31.634+0200][23415,168s] GC(313) Pause Young (Prepare Mixed) (G1 Evacuation Pause) 356M->143M(512M) 14,501ms
[2023-07-31T11:43:31.634+0200][23415,168s] GC(313) User=0,01s Sys=0,02s Real=0,02s
[2023-07-31T11:43:32.080+0200][23415,613s] GC(314) Pause Young (Mixed) (G1 Evacuation Pause)
[2023-07-31T11:43:32.080+0200][23415,613s] GC(314) Using 8 workers of 8 for evacuation
[2023-07-31T11:43:32.091+0200][23415,625s] GC(314)   Pre Evacuate Collection Set: 0,1ms
[2023-07-31T11:43:32.091+0200][23415,625s] GC(314)   Merge Heap Roots: 0,2ms
[2023-07-31T11:43:32.091+0200][23415,625s] GC(314)   Evacuate Collection Set: 10,5ms
[2023-07-31T11:43:32.091+0200][23415,625s] GC(314)   Post Evacuate Collection Set: 0,7ms
[2023-07-31T11:43:32.091+0200][23415,625s] GC(314)   Other: 0,2ms
[2023-07-31T11:43:32.091+0200][23415,625s] GC(314) Eden regions: 20->0(295)
[2023-07-31T11:43:32.091+0200][23415,625s] GC(314) Survivor regions: 5->1(4)
[2023-07-31T11:43:32.091+0200][23415,625s] GC(314) Old regions: 135->89
[2023-07-31T11:43:32.091+0200][23415,625s] GC(314) Archive regions: 2->2
[2023-07-31T11:43:32.091+0200][23415,625s] GC(314) Humongous regions: 4->4
[2023-07-31T11:43:32.091+0200][23415,625s] GC(314) Metaspace: 61586K(62080K)->61586K(62080K) NonClass: 54292K(54528K)->54292K(54528K) Class: 7293K(7552K)->7293K(7552K)
[2023-07-31T11:43:32.091+0200][23415,625s] GC(314) Pause Young (Mixed) (G1 Evacuation Pause) 163M->92M(512M) 11,841ms
[2023-07-31T11:43:32.091+0200][23415,625s] GC(314) User=0,02s Sys=0,03s Real=0,01s
[2023-07-31T11:43:34.874+0200][23418,407s] GC(315) Pause Young (Concurrent Start) (G1 Humongous Allocation)
[2023-07-31T11:43:34.874+0200][23418,407s] GC(315) Using 8 workers of 8 for evacuation
[2023-07-31T11:43:34.877+0200][23418,410s] GC(315)   Pre Evacuate Collection Set: 0,1ms
[2023-07-31T11:43:34.877+0200][23418,410s] GC(315)   Merge Heap Roots: 0,1ms
[2023-07-31T11:43:34.877+0200][23418,410s] GC(315)   Evacuate Collection Set: 2,3ms
[2023-07-31T11:43:34.877+0200][23418,410s] GC(315)   Post Evacuate Collection Set: 0,3ms
[2023-07-31T11:43:34.877+0200][23418,410s] GC(315)   Other: 0,2ms
[2023-07-31T11:43:34.877+0200][23418,410s] GC(315) Eden regions: 152->0(305)
[2023-07-31T11:43:34.877+0200][23418,410s] GC(315) Survivor regions: 1->2(37)
[2023-07-31T11:43:34.877+0200][23418,410s] GC(315) Old regions: 89->89
[2023-07-31T11:43:34.877+0200][23418,410s] GC(315) Archive regions: 2->2
[2023-07-31T11:43:34.877+0200][23418,410s] GC(315) Humongous regions: 4->4
[2023-07-31T11:43:34.877+0200][23418,410s] GC(315) Metaspace: 61586K(62080K)->61586K(62080K) NonClass: 54292K(54528K)->54292K(54528K) Class: 7293K(7552K)->7293K(7552K)
[2023-07-31T11:43:34.877+0200][23418,410s] GC(315) Pause Young (Concurrent Start) (G1 Humongous Allocation) 244M->93M(512M) 3,066ms
[2023-07-31T11:43:34.877+0200][23418,410s] GC(315) User=0,01s Sys=0,01s Real=0,00s
[2023-07-31T11:43:34.877+0200][23418,411s] GC(316) Concurrent Mark Cycle
[2023-07-31T11:43:34.877+0200][23418,411s] GC(316) Concurrent Clear Claimed Marks
[2023-07-31T11:43:34.877+0200][23418,411s] GC(316) Concurrent Clear Claimed Marks 0,020ms
[2023-07-31T11:43:34.877+0200][23418,411s] GC(316) Concurrent Scan Root Regions
[2023-07-31T11:43:34.879+0200][23418,413s] GC(316) Concurrent Scan Root Regions 2,129ms
[2023-07-31T11:43:34.879+0200][23418,413s] GC(316) Concurrent Mark
[2023-07-31T11:43:34.879+0200][23418,413s] GC(316) Concurrent Mark From Roots
[2023-07-31T11:43:34.879+0200][23418,413s] GC(316) Using 2 workers of 2 for marking
[2023-07-31T11:43:34.922+0200][23418,456s] GC(316) Concurrent Mark From Roots 42,865ms
[2023-07-31T11:43:34.922+0200][23418,456s] GC(316) Concurrent Preclean
[2023-07-31T11:43:34.922+0200][23418,456s] GC(316) Concurrent Preclean 0,247ms
[2023-07-31T11:43:34.923+0200][23418,456s] GC(316) Pause Remark
[2023-07-31T11:43:34.931+0200][23418,465s] GC(316) Pause Remark 97M->97M(512M) 8,414ms
[2023-07-31T11:43:34.931+0200][23418,465s] GC(316) User=0,02s Sys=0,01s Real=0,01s
[2023-07-31T11:43:34.931+0200][23418,465s] GC(316) Concurrent Mark 52,018ms
[2023-07-31T11:43:34.931+0200][23418,465s] GC(316) Concurrent Rebuild Remembered Sets
[2023-07-31T11:43:34.947+0200][23418,481s] GC(316) Concurrent Rebuild Remembered Sets 16,284ms
[2023-07-31T11:43:34.948+0200][23418,481s] GC(316) Pause Cleanup
[2023-07-31T11:43:34.948+0200][23418,481s] GC(316) Pause Cleanup 97M->97M(512M) 0,122ms
[2023-07-31T11:43:34.948+0200][23418,481s] GC(316) User=0,00s Sys=0,00s Real=0,00s
[2023-07-31T11:43:34.948+0200][23418,481s] GC(316) Concurrent Cleanup for Next Mark
[2023-07-31T11:43:34.950+0200][23418,483s] GC(316) Concurrent Cleanup for Next Mark 1,676ms
[2023-07-31T11:43:34.950+0200][23418,483s] GC(316) Concurrent Mark Cycle 72,665ms
[2023-07-31T11:43:40.386+0200][23423,920s] GC(317) Pause Young (Prepare Mixed) (G1 Evacuation Pause)
[2023-07-31T11:43:40.387+0200][23423,920s] GC(317) Using 8 workers of 8 for evacuation
[2023-07-31T11:43:40.399+0200][23423,933s] GC(317)   Pre Evacuate Collection Set: 0,2ms
[2023-07-31T11:43:40.400+0200][23423,933s] GC(317)   Merge Heap Roots: 0,1ms
[2023-07-31T11:43:40.400+0200][23423,933s] GC(317)   Evacuate Collection Set: 11,0ms
[2023-07-31T11:43:40.400+0200][23423,933s] GC(317)   Post Evacuate Collection Set: 1,2ms
[2023-07-31T11:43:40.400+0200][23423,933s] GC(317)   Other: 0,5ms
[2023-07-31T11:43:40.400+0200][23423,933s] GC(317) Eden regions: 305->0(23)
[2023-07-31T11:43:40.400+0200][23423,933s] GC(317) Survivor regions: 2->2(39)
[2023-07-31T11:43:40.400+0200][23423,933s] GC(317) Old regions: 89->89
[2023-07-31T11:43:40.400+0200][23423,933s] GC(317) Archive regions: 2->2
[2023-07-31T11:43:40.400+0200][23423,934s] GC(317) Humongous regions: 26->5
[2023-07-31T11:43:40.400+0200][23423,934s] GC(317) Metaspace: 61586K(62080K)->61586K(62080K) NonClass: 54292K(54528K)->54292K(54528K) Class: 7293K(7552K)->7293K(7552K)
[2023-07-31T11:43:40.400+0200][23423,934s] GC(317) Pause Young (Prepare Mixed) (G1 Evacuation Pause) 420M->94M(512M) 13,449ms
[2023-07-31T11:43:40.400+0200][23423,934s] GC(317) User=0,02s Sys=0,01s Real=0,02s
[2023-07-31T11:43:40.819+0200][23424,353s] GC(318) Pause Young (Mixed) (G1 Evacuation Pause)
[2023-07-31T11:43:40.819+0200][23424,353s] GC(318) Using 8 workers of 8 for evacuation
[2023-07-31T11:43:40.828+0200][23424,362s] GC(318)   Pre Evacuate Collection Set: 0,1ms
[2023-07-31T11:43:40.828+0200][23424,362s] GC(318)   Merge Heap Roots: 0,1ms
[2023-07-31T11:43:40.828+0200][23424,362s] GC(318)   Evacuate Collection Set: 8,0ms
[2023-07-31T11:43:40.828+0200][23424,362s] GC(318)   Post Evacuate Collection Set: 0,5ms
[2023-07-31T11:43:40.828+0200][23424,362s] GC(318)   Other: 0,3ms
[2023-07-31T11:43:40.828+0200][23424,362s] GC(318) Eden regions: 23->0(305)
[2023-07-31T11:43:40.828+0200][23424,362s] GC(318) Survivor regions: 2->2(4)
[2023-07-31T11:43:40.828+0200][23424,362s] GC(318) Old regions: 89->84
[2023-07-31T11:43:40.828+0200][23424,362s] GC(318) Archive regions: 2->2
[2023-07-31T11:43:40.828+0200][23424,362s] GC(318) Humongous regions: 5->5
[2023-07-31T11:43:40.828+0200][23424,362s] GC(318) Metaspace: 61586K(62080K)->61586K(62080K) NonClass: 54292K(54528K)->54292K(54528K) Class: 7293K(7552K)->7293K(7552K)
[2023-07-31T11:43:40.828+0200][23424,362s] GC(318) Pause Young (Mixed) (G1 Evacuation Pause) 117M->89M(512M) 9,201ms
[2023-07-31T11:43:40.828+0200][23424,362s] GC(318) User=0,02s Sys=0,00s Real=0,01s
[2023-07-31T11:43:46.946+0200][23430,480s] GC(319) Pause Young (Concurrent Start) (G1 Evacuation Pause)
[2023-07-31T11:43:46.947+0200][23430,480s] GC(319) Using 8 workers of 8 for evacuation
[2023-07-31T11:43:46.950+0200][23430,484s] GC(319)   Pre Evacuate Collection Set: 0,2ms
[2023-07-31T11:43:46.950+0200][23430,484s] GC(319)   Merge Heap Roots: 0,1ms
[2023-07-31T11:43:46.950+0200][23430,484s] GC(319)   Evacuate Collection Set: 2,8ms
[2023-07-31T11:43:46.950+0200][23430,484s] GC(319)   Post Evacuate Collection Set: 0,6ms
[2023-07-31T11:43:46.950+0200][23430,484s] GC(319)   Other: 0,5ms
[2023-07-31T11:43:46.950+0200][23430,484s] GC(319) Eden regions: 305->0(304)
[2023-07-31T11:43:46.950+0200][23430,484s] GC(319) Survivor regions: 2->3(39)
[2023-07-31T11:43:46.950+0200][23430,484s] GC(319) Old regions: 84->84
[2023-07-31T11:43:46.950+0200][23430,484s] GC(319) Archive regions: 2->2
[2023-07-31T11:43:46.950+0200][23430,484s] GC(319) Humongous regions: 5->4
[2023-07-31T11:43:46.950+0200][23430,484s] GC(319) Metaspace: 61586K(62080K)->61586K(62080K) NonClass: 54292K(54528K)->54292K(54528K) Class: 7293K(7552K)->7293K(7552K)
[2023-07-31T11:43:46.950+0200][23430,484s] GC(319) Pause Young (Concurrent Start) (G1 Evacuation Pause) 394M->89M(512M) 4,213ms
[2023-07-31T11:43:46.950+0200][23430,484s] GC(319) User=0,01s Sys=0,01s Real=0,01s
[2023-07-31T11:43:46.951+0200][23430,484s] GC(320) Concurrent Mark Cycle
[2023-07-31T11:43:46.951+0200][23430,484s] GC(320) Concurrent Clear Claimed Marks
[2023-07-31T11:43:46.951+0200][23430,484s] GC(320) Concurrent Clear Claimed Marks 0,026ms
[2023-07-31T11:43:46.951+0200][23430,484s] GC(320) Concurrent Scan Root Regions
[2023-07-31T11:43:46.953+0200][23430,487s] GC(320) Concurrent Scan Root Regions 2,557ms
[2023-07-31T11:43:46.953+0200][23430,487s] GC(320) Concurrent Mark
[2023-07-31T11:43:46.953+0200][23430,487s] GC(320) Concurrent Mark From Roots
[2023-07-31T11:43:46.953+0200][23430,487s] GC(320) Using 2 workers of 2 for marking
[2023-07-31T11:43:47.015+0200][23430,549s] GC(320) Concurrent Mark From Roots 61,984ms
[2023-07-31T11:43:47.015+0200][23430,549s] GC(320) Concurrent Preclean
[2023-07-31T11:43:47.016+0200][23430,549s] GC(320) Concurrent Preclean 0,282ms
[2023-07-31T11:43:47.016+0200][23430,549s] GC(320) Pause Remark
[2023-07-31T11:43:47.056+0200][23430,590s] GC(320) Pause Remark 92M->92M(512M) 40,752ms
[2023-07-31T11:43:47.056+0200][23430,590s] GC(320) User=0,03s Sys=0,11s Real=0,04s
[2023-07-31T11:43:47.057+0200][23430,590s] GC(320) Concurrent Mark 103,401ms
[2023-07-31T11:43:47.057+0200][23430,591s] GC(320) Concurrent Rebuild Remembered Sets
[2023-07-31T11:43:47.074+0200][23430,608s] GC(320) Concurrent Rebuild Remembered Sets 17,557ms
[2023-07-31T11:43:47.075+0200][23430,609s] GC(320) Pause Cleanup
[2023-07-31T11:43:47.075+0200][23430,609s] GC(320) Pause Cleanup 92M->92M(512M) 0,168ms
[2023-07-31T11:43:47.075+0200][23430,609s] GC(320) User=0,00s Sys=0,00s Real=0,00s
[2023-07-31T11:43:47.075+0200][23430,609s] GC(320) Concurrent Cleanup for Next Mark
[2023-07-31T11:43:47.077+0200][23430,611s] GC(320) Concurrent Cleanup for Next Mark 1,836ms
[2023-07-31T11:43:47.077+0200][23430,611s] GC(320) Concurrent Mark Cycle 126,305ms
[2023-07-31T11:43:53.151+0200][23436,685s] GC(321) Pause Young (Prepare Mixed) (G1 Evacuation Pause)
[2023-07-31T11:43:53.152+0200][23436,686s] GC(321) Using 8 workers of 8 for evacuation
[2023-07-31T11:43:53.167+0200][23436,701s] GC(321)   Pre Evacuate Collection Set: 0,2ms
[2023-07-31T11:43:53.167+0200][23436,701s] GC(321)   Merge Heap Roots: 0,1ms
[2023-07-31T11:43:53.167+0200][23436,701s] GC(321)   Evacuate Collection Set: 12,3ms
[2023-07-31T11:43:53.167+0200][23436,701s] GC(321)   Post Evacuate Collection Set: 2,1ms
[2023-07-31T11:43:53.167+0200][23436,701s] GC(321)   Other: 0,6ms
[2023-07-31T11:43:53.167+0200][23436,701s] GC(321) Eden regions: 304->0(20)
[2023-07-31T11:43:53.167+0200][23436,701s] GC(321) Survivor regions: 3->5(39)
[2023-07-31T11:43:53.167+0200][23436,701s] GC(321) Old regions: 84->84
[2023-07-31T11:43:53.167+0200][23436,701s] GC(321) Archive regions: 2->2
[2023-07-31T11:43:53.167+0200][23436,701s] GC(321) Humongous regions: 54->4
[2023-07-31T11:43:53.167+0200][23436,701s] GC(321) Metaspace: 61586K(62080K)->61586K(62080K) NonClass: 54292K(54528K)->54292K(54528K) Class: 7293K(7552K)->7293K(7552K)
[2023-07-31T11:43:53.167+0200][23436,701s] GC(321) Pause Young (Prepare Mixed) (G1 Evacuation Pause) 443M->90M(512M) 15,633ms
[2023-07-31T11:43:53.167+0200][23436,701s] GC(321) User=0,01s Sys=0,02s Real=0,01s
[2023-07-31T11:43:53.478+0200][23437,012s] GC(322) Pause Young (Mixed) (G1 Evacuation Pause)
[2023-07-31T11:43:53.478+0200][23437,012s] GC(322) Using 8 workers of 8 for evacuation
[2023-07-31T11:43:53.486+0200][23437,019s] GC(322)   Pre Evacuate Collection Set: 0,1ms
[2023-07-31T11:43:53.486+0200][23437,019s] GC(322)   Merge Heap Roots: 0,1ms
[2023-07-31T11:43:53.486+0200][23437,020s] GC(322)   Evacuate Collection Set: 5,8ms
[2023-07-31T11:43:53.486+0200][23437,020s] GC(322)   Post Evacuate Collection Set: 0,9ms
[2023-07-31T11:43:53.486+0200][23437,020s] GC(322)   Other: 0,3ms
[2023-07-31T11:43:53.486+0200][23437,020s] GC(322) Eden regions: 20->0(306)
[2023-07-31T11:43:53.486+0200][23437,020s] GC(322) Survivor regions: 5->1(4)
[2023-07-31T11:43:53.486+0200][23437,020s] GC(322) Old regions: 84->83
[2023-07-31T11:43:53.486+0200][23437,020s] GC(322) Archive regions: 2->2
[2023-07-31T11:43:53.486+0200][23437,020s] GC(322) Humongous regions: 4->4
[2023-07-31T11:43:53.486+0200][23437,020s] GC(322) Metaspace: 61586K(62080K)->61586K(62080K) NonClass: 54292K(54528K)->54292K(54528K) Class: 7293K(7552K)->7293K(7552K)
[2023-07-31T11:43:53.486+0200][23437,020s] GC(322) Pause Young (Mixed) (G1 Evacuation Pause) 110M->86M(512M) 7,529ms
[2023-07-31T11:43:53.486+0200][23437,020s] GC(322) User=0,01s Sys=0,01s Real=0,01s
[2023-07-31T11:43:59.660+0200][23443,194s] GC(323) Pause Young (Concurrent Start) (G1 Evacuation Pause)
[2023-07-31T11:43:59.660+0200][23443,194s] GC(323) Using 8 workers of 8 for evacuation
[2023-07-31T11:43:59.668+0200][23443,202s] GC(323)   Pre Evacuate Collection Set: 0,4ms
[2023-07-31T11:43:59.668+0200][23443,202s] GC(323)   Merge Heap Roots: 0,2ms
[2023-07-31T11:43:59.668+0200][23443,202s] GC(323)   Evacuate Collection Set: 5,5ms
[2023-07-31T11:43:59.668+0200][23443,202s] GC(323)   Post Evacuate Collection Set: 1,0ms
[2023-07-31T11:43:59.668+0200][23443,202s] GC(323)   Other: 0,6ms
[2023-07-31T11:43:59.668+0200][23443,202s] GC(323) Eden regions: 306->0(304)
[2023-07-31T11:43:59.668+0200][23443,202s] GC(323) Survivor regions: 1->3(39)
[2023-07-31T11:43:59.668+0200][23443,202s] GC(323) Old regions: 83->83
[2023-07-31T11:43:59.668+0200][23443,202s] GC(323) Archive regions: 2->2
[2023-07-31T11:43:59.668+0200][23443,202s] GC(323) Humongous regions: 4->4
[2023-07-31T11:43:59.668+0200][23443,202s] GC(323) Metaspace: 61586K(62080K)->61586K(62080K) NonClass: 54292K(54528K)->54292K(54528K) Class: 7293K(7552K)->7293K(7552K)
[2023-07-31T11:43:59.668+0200][23443,202s] GC(323) Pause Young (Concurrent Start) (G1 Evacuation Pause) 392M->89M(512M) 7,711ms
[2023-07-31T11:43:59.668+0200][23443,202s] GC(323) User=0,01s Sys=0,02s Real=0,00s
[2023-07-31T11:43:59.668+0200][23443,202s] GC(324) Concurrent Mark Cycle
[2023-07-31T11:43:59.668+0200][23443,202s] GC(324) Concurrent Clear Claimed Marks
[2023-07-31T11:43:59.668+0200][23443,202s] GC(324) Concurrent Clear Claimed Marks 0,045ms
[2023-07-31T11:43:59.668+0200][23443,202s] GC(324) Concurrent Scan Root Regions
[2023-07-31T11:43:59.672+0200][23443,206s] GC(324) Concurrent Scan Root Regions 4,244ms
[2023-07-31T11:43:59.672+0200][23443,206s] GC(324) Concurrent Mark
[2023-07-31T11:43:59.672+0200][23443,206s] GC(324) Concurrent Mark From Roots
[2023-07-31T11:43:59.672+0200][23443,206s] GC(324) Using 2 workers of 2 for marking
[2023-07-31T11:43:59.751+0200][23443,285s] GC(324) Concurrent Mark From Roots 78,541ms
[2023-07-31T11:43:59.751+0200][23443,285s] GC(324) Concurrent Preclean
[2023-07-31T11:43:59.751+0200][23443,285s] GC(324) Concurrent Preclean 0,302ms
[2023-07-31T11:43:59.751+0200][23443,285s] GC(324) Pause Remark
[2023-07-31T11:43:59.782+0200][23443,316s] GC(324) Pause Remark 93M->93M(512M) 30,379ms
[2023-07-31T11:43:59.782+0200][23443,316s] GC(324) User=0,03s Sys=0,11s Real=0,03s
[2023-07-31T11:43:59.782+0200][23443,316s] GC(324) Concurrent Mark 109,573ms
[2023-07-31T11:43:59.782+0200][23443,316s] GC(324) Concurrent Rebuild Remembered Sets
[2023-07-31T11:43:59.798+0200][23443,332s] GC(324) Concurrent Rebuild Remembered Sets 16,414ms
[2023-07-31T11:43:59.799+0200][23443,333s] GC(324) Pause Cleanup
[2023-07-31T11:43:59.799+0200][23443,333s] GC(324) Pause Cleanup 93M->93M(512M) 0,123ms
[2023-07-31T11:43:59.799+0200][23443,333s] GC(324) User=0,00s Sys=0,00s Real=0,00s
[2023-07-31T11:43:59.799+0200][23443,333s] GC(324) Concurrent Cleanup for Next Mark
[2023-07-31T11:43:59.801+0200][23443,335s] GC(324) Concurrent Cleanup for Next Mark 1,777ms
[2023-07-31T11:43:59.801+0200][23443,335s] GC(324) Concurrent Mark Cycle 132,743ms
[2023-07-31T11:44:07.609+0200][23451,143s] GC(325) Pause Young (Prepare Mixed) (G1 Evacuation Pause)
[2023-07-31T11:44:07.609+0200][23451,143s] GC(325) Using 8 workers of 8 for evacuation
[2023-07-31T11:44:07.623+0200][23451,157s] GC(325)   Pre Evacuate Collection Set: 0,2ms
[2023-07-31T11:44:07.623+0200][23451,157s] GC(325)   Merge Heap Roots: 0,3ms
[2023-07-31T11:44:07.623+0200][23451,157s] GC(325)   Evacuate Collection Set: 11,1ms
[2023-07-31T11:44:07.623+0200][23451,157s] GC(325)   Post Evacuate Collection Set: 1,6ms
[2023-07-31T11:44:07.623+0200][23451,157s] GC(325)   Other: 0,7ms
[2023-07-31T11:44:07.623+0200][23451,157s] GC(325) Eden regions: 304->0(20)
[2023-07-31T11:44:07.623+0200][23451,157s] GC(325) Survivor regions: 3->5(39)
[2023-07-31T11:44:07.623+0200][23451,157s] GC(325) Old regions: 83->83
[2023-07-31T11:44:07.623+0200][23451,157s] GC(325) Archive regions: 2->2
[2023-07-31T11:44:07.623+0200][23451,157s] GC(325) Humongous regions: 10->5
[2023-07-31T11:44:07.623+0200][23451,157s] GC(325) Metaspace: 61586K(62080K)->61586K(62080K) NonClass: 54292K(54528K)->54292K(54528K) Class: 7293K(7552K)->7293K(7552K)
[2023-07-31T11:44:07.623+0200][23451,157s] GC(325) Pause Young (Prepare Mixed) (G1 Evacuation Pause) 399M->91M(512M) 14,131ms
[2023-07-31T11:44:07.623+0200][23451,157s] GC(325) User=0,01s Sys=0,04s Real=0,02s
[2023-07-31T11:44:08.067+0200][23451,601s] GC(326) Pause Young (Mixed) (G1 Evacuation Pause)
[2023-07-31T11:44:08.067+0200][23451,601s] GC(326) Using 8 workers of 8 for evacuation
[2023-07-31T11:44:08.083+0200][23451,617s] GC(326)   Pre Evacuate Collection Set: 0,2ms
[2023-07-31T11:44:08.083+0200][23451,617s] GC(326)   Merge Heap Roots: 0,3ms
[2023-07-31T11:44:08.083+0200][23451,617s] GC(326)   Evacuate Collection Set: 14,9ms
[2023-07-31T11:44:08.083+0200][23451,617s] GC(326)   Post Evacuate Collection Set: 0,6ms
[2023-07-31T11:44:08.083+0200][23451,617s] GC(326)   Other: 0,4ms
[2023-07-31T11:44:08.083+0200][23451,617s] GC(326) Eden regions: 20->0(306)
[2023-07-31T11:44:08.083+0200][23451,617s] GC(326) Survivor regions: 5->1(4)
[2023-07-31T11:44:08.083+0200][23451,617s] GC(326) Old regions: 83->83
[2023-07-31T11:44:08.083+0200][23451,617s] GC(326) Archive regions: 2->2
[2023-07-31T11:44:08.083+0200][23451,617s] GC(326) Humongous regions: 5->5
[2023-07-31T11:44:08.083+0200][23451,617s] GC(326) Metaspace: 61586K(62080K)->61586K(62080K) NonClass: 54292K(54528K)->54292K(54528K) Class: 7293K(7552K)->7293K(7552K)
[2023-07-31T11:44:08.083+0200][23451,617s] GC(326) Pause Young (Mixed) (G1 Evacuation Pause) 111M->87M(512M) 16,753ms
[2023-07-31T11:44:08.083+0200][23451,617s] GC(326) User=0,02s Sys=0,02s Real=0,02s
[2023-07-31T11:44:14.765+0200][23458,299s] GC(327) Pause Young (Concurrent Start) (G1 Evacuation Pause)
[2023-07-31T11:44:14.765+0200][23458,300s] GC(327) Using 8 workers of 8 for evacuation
[2023-07-31T11:44:14.783+0200][23458,317s] GC(327)   Pre Evacuate Collection Set: 0,7ms
[2023-07-31T11:44:14.783+0200][23458,318s] GC(327)   Merge Heap Roots: 0,3ms
[2023-07-31T11:44:14.783+0200][23458,318s] GC(327)   Evacuate Collection Set: 13,9ms
[2023-07-31T11:44:14.783+0200][23458,318s] GC(327)   Post Evacuate Collection Set: 2,2ms
[2023-07-31T11:44:14.783+0200][23458,318s] GC(327)   Other: 1,4ms
[2023-07-31T11:44:14.783+0200][23458,318s] GC(327) Eden regions: 306->0(300)
[2023-07-31T11:44:14.784+0200][23458,318s] GC(327) Survivor regions: 1->7(39)
[2023-07-31T11:44:14.784+0200][23458,318s] GC(327) Old regions: 83->83
[2023-07-31T11:44:14.784+0200][23458,318s] GC(327) Archive regions: 2->2
[2023-07-31T11:44:14.784+0200][23458,318s] GC(327) Humongous regions: 5->5
[2023-07-31T11:44:14.784+0200][23458,318s] GC(327) Metaspace: 61586K(62080K)->61586K(62080K) NonClass: 54292K(54528K)->54292K(54528K) Class: 7293K(7552K)->7293K(7552K)
[2023-07-31T11:44:14.784+0200][23458,318s] GC(327) Pause Young (Concurrent Start) (G1 Evacuation Pause) 393M->93M(512M) 18,750ms
[2023-07-31T11:44:14.784+0200][23458,318s] GC(327) User=0,02s Sys=0,04s Real=0,02s
[2023-07-31T11:44:14.784+0200][23458,318s] GC(328) Concurrent Mark Cycle
[2023-07-31T11:44:14.784+0200][23458,318s] GC(328) Concurrent Clear Claimed Marks
[2023-07-31T11:44:14.784+0200][23458,318s] GC(328) Concurrent Clear Claimed Marks 0,063ms
[2023-07-31T11:44:14.784+0200][23458,318s] GC(328) Concurrent Scan Root Regions
[2023-07-31T11:44:14.789+0200][23458,323s] GC(328) Concurrent Scan Root Regions 4,867ms
[2023-07-31T11:44:14.789+0200][23458,323s] GC(328) Concurrent Mark
[2023-07-31T11:44:14.789+0200][23458,323s] GC(328) Concurrent Mark From Roots
[2023-07-31T11:44:14.789+0200][23458,323s] GC(328) Using 2 workers of 2 for marking
[2023-07-31T11:44:14.877+0200][23458,411s] GC(328) Concurrent Mark From Roots 87,853ms
[2023-07-31T11:44:14.877+0200][23458,411s] GC(328) Concurrent Preclean
[2023-07-31T11:44:14.877+0200][23458,411s] GC(328) Concurrent Preclean 0,333ms
[2023-07-31T11:44:14.877+0200][23458,412s] GC(328) Pause Remark
[2023-07-31T11:44:14.907+0200][23458,441s] GC(328) Pause Remark 97M->96M(512M) 29,841ms
[2023-07-31T11:44:14.907+0200][23458,441s] GC(328) User=0,03s Sys=0,11s Real=0,03s
[2023-07-31T11:44:14.907+0200][23458,442s] GC(328) Concurrent Mark 118,490ms
[2023-07-31T11:44:14.907+0200][23458,442s] GC(328) Concurrent Rebuild Remembered Sets
[2023-07-31T11:44:14.928+0200][23458,463s] GC(328) Concurrent Rebuild Remembered Sets 21,049ms
[2023-07-31T11:44:14.931+0200][23458,465s] GC(328) Pause Cleanup
[2023-07-31T11:44:14.931+0200][23458,465s] GC(328) Pause Cleanup 96M->96M(512M) 0,172ms
[2023-07-31T11:44:14.931+0200][23458,465s] GC(328) User=0,00s Sys=0,00s Real=0,00s
[2023-07-31T11:44:14.931+0200][23458,465s] GC(328) Concurrent Cleanup for Next Mark
[2023-07-31T11:44:14.939+0200][23458,473s] GC(328) Concurrent Cleanup for Next Mark 7,704ms
[2023-07-31T11:44:14.939+0200][23458,473s] GC(328) Concurrent Mark Cycle 155,111ms
[2023-07-31T11:44:23.076+0200][23466,610s] GC(329) Pause Young (Prepare Mixed) (G1 Evacuation Pause)
[2023-07-31T11:44:23.076+0200][23466,610s] GC(329) Using 8 workers of 8 for evacuation
[2023-07-31T11:44:23.091+0200][23466,625s] GC(329)   Pre Evacuate Collection Set: 0,3ms
[2023-07-31T11:44:23.091+0200][23466,625s] GC(329)   Merge Heap Roots: 0,3ms
[2023-07-31T11:44:23.091+0200][23466,625s] GC(329)   Evacuate Collection Set: 11,5ms
[2023-07-31T11:44:23.091+0200][23466,625s] GC(329)   Post Evacuate Collection Set: 2,2ms
[2023-07-31T11:44:23.091+0200][23466,625s] GC(329)   Other: 0,7ms
[2023-07-31T11:44:23.091+0200][23466,625s] GC(329) Eden regions: 300->0(20)
[2023-07-31T11:44:23.091+0200][23466,625s] GC(329) Survivor regions: 7->5(39)
[2023-07-31T11:44:23.091+0200][23466,625s] GC(329) Old regions: 83->83
[2023-07-31T11:44:23.091+0200][23466,625s] GC(329) Archive regions: 2->2
[2023-07-31T11:44:23.092+0200][23466,626s] GC(329) Humongous regions: 6->4
[2023-07-31T11:44:23.092+0200][23466,626s] GC(329) Metaspace: 61589K(62080K)->61589K(62080K) NonClass: 54295K(54528K)->54295K(54528K) Class: 7293K(7552K)->7293K(7552K)
[2023-07-31T11:44:23.097+0200][23466,631s] GC(329) Pause Young (Prepare Mixed) (G1 Evacuation Pause) 394M->91M(512M) 21,249ms
[2023-07-31T11:44:23.097+0200][23466,632s] GC(329) User=0,02s Sys=0,03s Real=0,02s
[2023-07-31T11:44:23.729+0200][23467,263s] GC(330) Pause Young (Mixed) (G1 Evacuation Pause)
[2023-07-31T11:44:23.729+0200][23467,263s] GC(330) Using 8 workers of 8 for evacuation
[2023-07-31T11:44:23.737+0200][23467,272s] GC(330)   Pre Evacuate Collection Set: 0,2ms
[2023-07-31T11:44:23.738+0200][23467,272s] GC(330)   Merge Heap Roots: 0,1ms
[2023-07-31T11:44:23.738+0200][23467,272s] GC(330)   Evacuate Collection Set: 6,9ms
[2023-07-31T11:44:23.738+0200][23467,272s] GC(330)   Post Evacuate Collection Set: 1,1ms
[2023-07-31T11:44:23.738+0200][23467,272s] GC(330)   Other: 0,3ms
[2023-07-31T11:44:23.738+0200][23467,272s] GC(330) Eden regions: 20->0(306)
[2023-07-31T11:44:23.738+0200][23467,272s] GC(330) Survivor regions: 5->1(4)
[2023-07-31T11:44:23.738+0200][23467,272s] GC(330) Old regions: 83->83
[2023-07-31T11:44:23.738+0200][23467,272s] GC(330) Archive regions: 2->2
[2023-07-31T11:44:23.738+0200][23467,272s] GC(330) Humongous regions: 4->4
[2023-07-31T11:44:23.738+0200][23467,272s] GC(330) Metaspace: 61589K(62080K)->61589K(62080K) NonClass: 54295K(54528K)->54295K(54528K) Class: 7293K(7552K)->7293K(7552K)
[2023-07-31T11:44:23.738+0200][23467,272s] GC(330) Pause Young (Mixed) (G1 Evacuation Pause) 111M->86M(512M) 9,202ms
[2023-07-31T11:44:23.738+0200][23467,272s] GC(330) User=0,01s Sys=0,01s Real=0,01s
[2023-07-31T11:44:24.550+0200][23468,084s] GC(331) Pause Young (Concurrent Start) (G1 Humongous Allocation)
[2023-07-31T11:44:24.550+0200][23468,084s] GC(331) Using 8 workers of 8 for evacuation
[2023-07-31T11:44:24.554+0200][23468,088s] GC(331)   Pre Evacuate Collection Set: 0,1ms
[2023-07-31T11:44:24.554+0200][23468,088s] GC(331)   Merge Heap Roots: 0,1ms
[2023-07-31T11:44:24.554+0200][23468,088s] GC(331)   Evacuate Collection Set: 3,4ms
[2023-07-31T11:44:24.554+0200][23468,088s] GC(331)   Post Evacuate Collection Set: 0,2ms
[2023-07-31T11:44:24.554+0200][23468,088s] GC(331)   Other: 0,2ms
[2023-07-31T11:44:24.554+0200][23468,088s] GC(331) Eden regions: 31->0(306)
[2023-07-31T11:44:24.554+0200][23468,088s] GC(331) Survivor regions: 1->1(39)
[2023-07-31T11:44:24.554+0200][23468,088s] GC(331) Old regions: 83->83
[2023-07-31T11:44:24.554+0200][23468,088s] GC(331) Archive regions: 2->2
[2023-07-31T11:44:24.554+0200][23468,088s] GC(331) Humongous regions: 4->4
[2023-07-31T11:44:24.554+0200][23468,088s] GC(331) Metaspace: 61592K(62080K)->61592K(62080K) NonClass: 54297K(54528K)->54297K(54528K) Class: 7294K(7552K)->7294K(7552K)
[2023-07-31T11:44:24.554+0200][23468,088s] GC(331) Pause Young (Concurrent Start) (G1 Humongous Allocation) 117M->87M(512M) 4,103ms
[2023-07-31T11:44:24.554+0200][23468,088s] GC(331) User=0,01s Sys=0,00s Real=0,00s
[2023-07-31T11:44:24.554+0200][23468,088s] GC(332) Concurrent Mark Cycle
[2023-07-31T11:44:24.554+0200][23468,088s] GC(332) Concurrent Clear Claimed Marks
[2023-07-31T11:44:24.554+0200][23468,088s] GC(332) Concurrent Clear Claimed Marks 0,026ms
[2023-07-31T11:44:24.554+0200][23468,088s] GC(332) Concurrent Scan Root Regions
[2023-07-31T11:44:24.556+0200][23468,091s] GC(332) Concurrent Scan Root Regions 2,326ms
[2023-07-31T11:44:24.556+0200][23468,091s] GC(332) Concurrent Mark
[2023-07-31T11:44:24.556+0200][23468,091s] GC(332) Concurrent Mark From Roots
[2023-07-31T11:44:24.556+0200][23468,091s] GC(332) Using 2 workers of 2 for marking
[2023-07-31T11:44:24.594+0200][23468,128s] GC(332) Concurrent Mark From Roots 37,425ms
[2023-07-31T11:44:24.594+0200][23468,128s] GC(332) Concurrent Preclean
[2023-07-31T11:44:24.594+0200][23468,128s] GC(332) Concurrent Preclean 0,286ms
[2023-07-31T11:44:24.594+0200][23468,128s] GC(332) Pause Remark
[2023-07-31T11:44:24.639+0200][23468,173s] GC(332) Pause Remark 92M->92M(512M) 44,981ms
[2023-07-31T11:44:24.639+0200][23468,173s] GC(332) User=0,03s Sys=0,10s Real=0,04s
[2023-07-31T11:44:24.639+0200][23468,174s] GC(332) Concurrent Mark 83,037ms
[2023-07-31T11:44:24.639+0200][23468,174s] GC(332) Concurrent Rebuild Remembered Sets
[2023-07-31T11:44:24.656+0200][23468,191s] GC(332) Concurrent Rebuild Remembered Sets 17,120ms
[2023-07-31T11:44:24.657+0200][23468,191s] GC(332) Pause Cleanup
[2023-07-31T11:44:24.657+0200][23468,191s] GC(332) Pause Cleanup 92M->92M(512M) 0,110ms
[2023-07-31T11:44:24.657+0200][23468,191s] GC(332) User=0,00s Sys=0,00s Real=0,00s
[2023-07-31T11:44:24.657+0200][23468,191s] GC(332) Concurrent Cleanup for Next Mark
[2023-07-31T11:44:24.659+0200][23468,193s] GC(332) Concurrent Cleanup for Next Mark 1,812ms
[2023-07-31T11:44:24.659+0200][23468,193s] GC(332) Concurrent Mark Cycle 104,889ms
[2023-07-31T11:44:33.081+0200][23476,615s] GC(333) Pause Young (Prepare Mixed) (G1 Evacuation Pause)
[2023-07-31T11:44:33.081+0200][23476,616s] GC(333) Using 8 workers of 8 for evacuation
[2023-07-31T11:44:33.125+0200][23476,659s] GC(333)   Pre Evacuate Collection Set: 0,5ms
[2023-07-31T11:44:33.125+0200][23476,659s] GC(333)   Merge Heap Roots: 0,4ms
[2023-07-31T11:44:33.125+0200][23476,659s] GC(333)   Evacuate Collection Set: 38,5ms
[2023-07-31T11:44:33.125+0200][23476,659s] GC(333)   Post Evacuate Collection Set: 3,6ms
[2023-07-31T11:44:33.125+0200][23476,659s] GC(333)   Other: 0,9ms
[2023-07-31T11:44:33.125+0200][23476,659s] GC(333) Eden regions: 306->0(21)
[2023-07-31T11:44:33.125+0200][23476,659s] GC(333) Survivor regions: 1->4(39)
[2023-07-31T11:44:33.125+0200][23476,659s] GC(333) Old regions: 83->83
[2023-07-31T11:44:33.125+0200][23476,659s] GC(333) Archive regions: 2->2
[2023-07-31T11:44:33.125+0200][23476,659s] GC(333) Humongous regions: 16->7
[2023-07-31T11:44:33.125+0200][23476,659s] GC(333) Metaspace: 61592K(62080K)->61592K(62080K) NonClass: 54297K(54528K)->54297K(54528K) Class: 7294K(7552K)->7294K(7552K)
[2023-07-31T11:44:33.125+0200][23476,659s] GC(333) Pause Young (Prepare Mixed) (G1 Evacuation Pause) 405M->93M(512M) 44,063ms
[2023-07-31T11:44:33.125+0200][23476,659s] GC(333) User=0,02s Sys=0,05s Real=0,04s
[2023-07-31T11:44:33.825+0200][23477,359s] GC(334) Pause Young (Mixed) (G1 Evacuation Pause)
[2023-07-31T11:44:33.825+0200][23477,360s] GC(334) Using 8 workers of 8 for evacuation
[2023-07-31T11:44:33.849+0200][23477,383s] GC(334)   Pre Evacuate Collection Set: 0,3ms
[2023-07-31T11:44:33.849+0200][23477,383s] GC(334)   Merge Heap Roots: 0,3ms
[2023-07-31T11:44:33.849+0200][23477,383s] GC(334)   Evacuate Collection Set: 22,2ms
[2023-07-31T11:44:33.849+0200][23477,383s] GC(334)   Post Evacuate Collection Set: 0,7ms
[2023-07-31T11:44:33.849+0200][23477,383s] GC(334)   Other: 0,6ms
[2023-07-31T11:44:33.849+0200][23477,384s] GC(334) Eden regions: 21->0(306)
[2023-07-31T11:44:33.849+0200][23477,384s] GC(334) Survivor regions: 4->1(4)
[2023-07-31T11:44:33.849+0200][23477,384s] GC(334) Old regions: 83->83
[2023-07-31T11:44:33.849+0200][23477,384s] GC(334) Archive regions: 2->2
[2023-07-31T11:44:33.849+0200][23477,384s] GC(334) Humongous regions: 7->4
[2023-07-31T11:44:33.849+0200][23477,384s] GC(334) Metaspace: 61592K(62080K)->61592K(62080K) NonClass: 54297K(54528K)->54297K(54528K) Class: 7294K(7552K)->7294K(7552K)
[2023-07-31T11:44:33.849+0200][23477,384s] GC(334) Pause Young (Mixed) (G1 Evacuation Pause) 114M->86M(512M) 24,353ms
[2023-07-31T11:44:33.849+0200][23477,384s] GC(334) User=0,03s Sys=0,05s Real=0,02s
[2023-07-31T11:44:42.734+0200][23486,269s] GC(335) Pause Young (Concurrent Start) (G1 Evacuation Pause)
[2023-07-31T11:44:42.735+0200][23486,269s] GC(335) Using 8 workers of 8 for evacuation
[2023-07-31T11:44:42.760+0200][23486,294s] GC(335)   Pre Evacuate Collection Set: 1,4ms
[2023-07-31T11:44:42.760+0200][23486,294s] GC(335)   Merge Heap Roots: 0,3ms
[2023-07-31T11:44:42.760+0200][23486,294s] GC(335)   Evacuate Collection Set: 21,3ms
[2023-07-31T11:44:42.760+0200][23486,294s] GC(335)   Post Evacuate Collection Set: 1,5ms
[2023-07-31T11:44:42.760+0200][23486,294s] GC(335)   Other: 1,3ms
[2023-07-31T11:44:42.760+0200][23486,295s] GC(335) Eden regions: 306->0(305)
[2023-07-31T11:44:42.760+0200][23486,295s] GC(335) Survivor regions: 1->2(39)
[2023-07-31T11:44:42.760+0200][23486,295s] GC(335) Old regions: 83->83
[2023-07-31T11:44:42.760+0200][23486,295s] GC(335) Archive regions: 2->2
[2023-07-31T11:44:42.760+0200][23486,295s] GC(335) Humongous regions: 4->4
[2023-07-31T11:44:42.760+0200][23486,295s] GC(335) Metaspace: 61592K(62080K)->61592K(62080K) NonClass: 54297K(54528K)->54297K(54528K) Class: 7294K(7552K)->7294K(7552K)
[2023-07-31T11:44:42.760+0200][23486,295s] GC(335) Pause Young (Concurrent Start) (G1 Evacuation Pause) 392M->87M(512M) 25,849ms
[2023-07-31T11:44:42.760+0200][23486,295s] GC(335) User=0,02s Sys=0,06s Real=0,03s
[2023-07-31T11:44:42.760+0200][23486,295s] GC(336) Concurrent Mark Cycle
[2023-07-31T11:44:42.761+0200][23486,295s] GC(336) Concurrent Clear Claimed Marks
[2023-07-31T11:44:42.761+0200][23486,295s] GC(336) Concurrent Clear Claimed Marks 0,050ms
[2023-07-31T11:44:42.761+0200][23486,295s] GC(336) Concurrent Scan Root Regions
[2023-07-31T11:44:42.764+0200][23486,298s] GC(336) Concurrent Scan Root Regions 3,085ms
[2023-07-31T11:44:42.764+0200][23486,298s] GC(336) Concurrent Mark
[2023-07-31T11:44:42.764+0200][23486,298s] GC(336) Concurrent Mark From Roots
[2023-07-31T11:44:42.764+0200][23486,298s] GC(336) Using 2 workers of 2 for marking
[2023-07-31T11:44:42.825+0200][23486,359s] GC(336) Concurrent Mark From Roots 61,066ms
[2023-07-31T11:44:42.825+0200][23486,359s] GC(336) Concurrent Preclean
[2023-07-31T11:44:42.825+0200][23486,360s] GC(336) Concurrent Preclean 0,366ms
[2023-07-31T11:44:42.826+0200][23486,360s] GC(336) Pause Remark
[2023-07-31T11:44:42.855+0200][23486,390s] GC(336) Pause Remark 89M->89M(512M) 29,342ms
[2023-07-31T11:44:42.855+0200][23486,390s] GC(336) User=0,03s Sys=0,09s Real=0,03s
[2023-07-31T11:44:42.855+0200][23486,390s] GC(336) Concurrent Mark 91,409ms
[2023-07-31T11:44:42.855+0200][23486,390s] GC(336) Concurrent Rebuild Remembered Sets
[2023-07-31T11:44:42.873+0200][23486,407s] GC(336) Concurrent Rebuild Remembered Sets 17,379ms
[2023-07-31T11:44:42.873+0200][23486,407s] GC(336) Pause Cleanup
[2023-07-31T11:44:42.873+0200][23486,408s] GC(336) Pause Cleanup 89M->89M(512M) 0,122ms
[2023-07-31T11:44:42.873+0200][23486,408s] GC(336) User=0,00s Sys=0,00s Real=0,00s
[2023-07-31T11:44:42.873+0200][23486,408s] GC(336) Concurrent Cleanup for Next Mark
[2023-07-31T11:44:42.875+0200][23486,409s] GC(336) Concurrent Cleanup for Next Mark 1,703ms
[2023-07-31T11:44:42.875+0200][23486,409s] GC(336) Concurrent Mark Cycle 114,730ms
[2023-07-31T11:44:50.424+0200][23493,958s] GC(337) Pause Young (Prepare Mixed) (G1 Evacuation Pause)
[2023-07-31T11:44:50.424+0200][23493,958s] GC(337) Using 8 workers of 8 for evacuation
[2023-07-31T11:44:50.452+0200][23493,987s] GC(337)   Pre Evacuate Collection Set: 0,2ms
[2023-07-31T11:44:50.452+0200][23493,987s] GC(337)   Merge Heap Roots: 0,1ms
[2023-07-31T11:44:50.452+0200][23493,987s] GC(337)   Evacuate Collection Set: 21,8ms
[2023-07-31T11:44:50.452+0200][23493,987s] GC(337)   Post Evacuate Collection Set: 6,2ms
[2023-07-31T11:44:50.452+0200][23493,987s] GC(337)   Other: 0,5ms
[2023-07-31T11:44:50.452+0200][23493,987s] GC(337) Eden regions: 305->0(18)
[2023-07-31T11:44:50.452+0200][23493,987s] GC(337) Survivor regions: 2->7(39)
[2023-07-31T11:44:50.452+0200][23493,987s] GC(337) Old regions: 83->83
[2023-07-31T11:44:50.452+0200][23493,987s] GC(337) Archive regions: 2->2
[2023-07-31T11:44:50.453+0200][23493,987s] GC(337) Humongous regions: 42->10
[2023-07-31T11:44:50.453+0200][23493,987s] GC(337) Metaspace: 61607K(62144K)->61607K(62144K) NonClass: 54310K(54592K)->54310K(54592K) Class: 7296K(7552K)->7296K(7552K)
[2023-07-31T11:44:50.453+0200][23493,987s] GC(337) Pause Young (Prepare Mixed) (G1 Evacuation Pause) 430M->98M(512M) 28,975ms
[2023-07-31T11:44:50.453+0200][23493,987s] GC(337) User=0,02s Sys=0,04s Real=0,03s
[2023-07-31T11:44:50.813+0200][23494,348s] GC(338) Pause Young (Mixed) (G1 Evacuation Pause)
[2023-07-31T11:44:50.813+0200][23494,348s] GC(338) Using 8 workers of 8 for evacuation
[2023-07-31T11:44:50.829+0200][23494,364s] GC(338)   Pre Evacuate Collection Set: 0,3ms
[2023-07-31T11:44:50.829+0200][23494,364s] GC(338)   Merge Heap Roots: 0,2ms
[2023-07-31T11:44:50.829+0200][23494,364s] GC(338)   Evacuate Collection Set: 15,0ms
[2023-07-31T11:44:50.829+0200][23494,364s] GC(338)   Post Evacuate Collection Set: 0,6ms
[2023-07-31T11:44:50.829+0200][23494,364s] GC(338)   Other: 0,3ms
[2023-07-31T11:44:50.829+0200][23494,364s] GC(338) Eden regions: 18->0(306)
[2023-07-31T11:44:50.829+0200][23494,364s] GC(338) Survivor regions: 7->1(4)
[2023-07-31T11:44:50.830+0200][23494,364s] GC(338) Old regions: 83->85
[2023-07-31T11:44:50.830+0200][23494,364s] GC(338) Archive regions: 2->2
[2023-07-31T11:44:50.830+0200][23494,364s] GC(338) Humongous regions: 10->10
[2023-07-31T11:44:50.830+0200][23494,364s] GC(338) Metaspace: 61607K(62144K)->61607K(62144K) NonClass: 54310K(54592K)->54310K(54592K) Class: 7296K(7552K)->7296K(7552K)
[2023-07-31T11:44:50.830+0200][23494,364s] GC(338) Pause Young (Mixed) (G1 Evacuation Pause) 116M->93M(512M) 16,462ms
[2023-07-31T11:44:50.830+0200][23494,364s] GC(338) User=0,01s Sys=0,04s Real=0,02s
[2023-07-31T11:45:00.245+0200][23503,779s] GC(339) Pause Young (Concurrent Start) (G1 Humongous Allocation)
[2023-07-31T11:45:00.245+0200][23503,780s] GC(339) Using 8 workers of 8 for evacuation
[2023-07-31T11:45:00.257+0200][23503,792s] GC(339)   Pre Evacuate Collection Set: 0,3ms
[2023-07-31T11:45:00.257+0200][23503,792s] GC(339)   Merge Heap Roots: 0,2ms
[2023-07-31T11:45:00.258+0200][23503,792s] GC(339)   Evacuate Collection Set: 10,6ms
[2023-07-31T11:45:00.258+0200][23503,792s] GC(339)   Post Evacuate Collection Set: 1,2ms
[2023-07-31T11:45:00.258+0200][23503,792s] GC(339)   Other: 0,6ms
[2023-07-31T11:45:00.258+0200][23503,792s] GC(339) Eden regions: 298->0(305)
[2023-07-31T11:45:00.258+0200][23503,792s] GC(339) Survivor regions: 1->2(39)
[2023-07-31T11:45:00.258+0200][23503,792s] GC(339) Old regions: 85->85
[2023-07-31T11:45:00.258+0200][23503,792s] GC(339) Archive regions: 2->2
[2023-07-31T11:45:00.258+0200][23503,792s] GC(339) Humongous regions: 10->10
[2023-07-31T11:45:00.258+0200][23503,792s] GC(339) Metaspace: 61607K(62144K)->61607K(62144K) NonClass: 54310K(54592K)->54310K(54592K) Class: 7296K(7552K)->7296K(7552K)
[2023-07-31T11:45:00.258+0200][23503,792s] GC(339) Pause Young (Concurrent Start) (G1 Humongous Allocation) 391M->95M(512M) 13,096ms
[2023-07-31T11:45:00.258+0200][23503,792s] GC(339) User=0,02s Sys=0,03s Real=0,01s
[2023-07-31T11:45:00.258+0200][23503,792s] GC(340) Concurrent Mark Cycle
[2023-07-31T11:45:00.258+0200][23503,793s] GC(340) Concurrent Clear Claimed Marks
[2023-07-31T11:45:00.258+0200][23503,793s] GC(340) Concurrent Clear Claimed Marks 0,059ms
[2023-07-31T11:45:00.258+0200][23503,793s] GC(340) Concurrent Scan Root Regions
[2023-07-31T11:45:00.270+0200][23503,805s] GC(340) Concurrent Scan Root Regions 12,011ms
[2023-07-31T11:45:00.270+0200][23503,805s] GC(340) Concurrent Mark
[2023-07-31T11:45:00.270+0200][23503,805s] GC(340) Concurrent Mark From Roots
[2023-07-31T11:45:00.270+0200][23503,805s] GC(340) Using 2 workers of 2 for marking
[2023-07-31T11:45:00.340+0200][23503,874s] GC(340) Concurrent Mark From Roots 69,575ms
[2023-07-31T11:45:00.340+0200][23503,874s] GC(340) Concurrent Preclean
[2023-07-31T11:45:00.340+0200][23503,875s] GC(340) Concurrent Preclean 0,251ms
[2023-07-31T11:45:00.340+0200][23503,875s] GC(340) Pause Remark
[2023-07-31T11:45:00.374+0200][23503,909s] GC(340) Pause Remark 98M->98M(512M) 34,358ms
[2023-07-31T11:45:00.374+0200][23503,909s] GC(340) User=0,03s Sys=0,11s Real=0,03s
[2023-07-31T11:45:00.375+0200][23503,909s] GC(340) Concurrent Mark 104,623ms
[2023-07-31T11:45:00.375+0200][23503,909s] GC(340) Concurrent Rebuild Remembered Sets
[2023-07-31T11:45:00.396+0200][23503,931s] GC(340) Concurrent Rebuild Remembered Sets 21,890ms
[2023-07-31T11:45:00.397+0200][23503,932s] GC(340) Pause Cleanup
[2023-07-31T11:45:00.397+0200][23503,932s] GC(340) Pause Cleanup 98M->98M(512M) 0,372ms
[2023-07-31T11:45:00.397+0200][23503,932s] GC(340) User=0,00s Sys=0,00s Real=0,00s
[2023-07-31T11:45:00.397+0200][23503,932s] GC(340) Concurrent Cleanup for Next Mark
[2023-07-31T11:45:00.399+0200][23503,934s] GC(340) Concurrent Cleanup for Next Mark 1,813ms
[2023-07-31T11:45:00.399+0200][23503,934s] GC(340) Concurrent Mark Cycle 141,595ms
[2023-07-31T11:45:08.903+0200][23512,438s] GC(341) Pause Young (Prepare Mixed) (G1 Evacuation Pause)
[2023-07-31T11:45:08.905+0200][23512,439s] GC(341) Using 8 workers of 8 for evacuation
[2023-07-31T11:45:08.921+0200][23512,456s] GC(341)   Pre Evacuate Collection Set: 0,4ms
[2023-07-31T11:45:08.921+0200][23512,456s] GC(341)   Merge Heap Roots: 0,2ms
[2023-07-31T11:45:08.921+0200][23512,456s] GC(341)   Evacuate Collection Set: 13,2ms
[2023-07-31T11:45:08.921+0200][23512,456s] GC(341)   Post Evacuate Collection Set: 2,1ms
[2023-07-31T11:45:08.921+0200][23512,456s] GC(341)   Other: 1,5ms
[2023-07-31T11:45:08.921+0200][23512,456s] GC(341) Eden regions: 305->0(22)
[2023-07-31T11:45:08.921+0200][23512,456s] GC(341) Survivor regions: 2->3(39)
[2023-07-31T11:45:08.921+0200][23512,456s] GC(341) Old regions: 85->85
[2023-07-31T11:45:08.921+0200][23512,456s] GC(341) Archive regions: 2->2
[2023-07-31T11:45:08.921+0200][23512,456s] GC(341) Humongous regions: 36->10
[2023-07-31T11:45:08.921+0200][23512,456s] GC(341) Metaspace: 61607K(62144K)->61607K(62144K) NonClass: 54310K(54592K)->54310K(54592K) Class: 7296K(7552K)->7296K(7552K)
[2023-07-31T11:45:08.921+0200][23512,456s] GC(341) Pause Young (Prepare Mixed) (G1 Evacuation Pause) 426M->96M(512M) 17,732ms
[2023-07-31T11:45:08.921+0200][23512,456s] GC(341) User=0,02s Sys=0,03s Real=0,02s
[2023-07-31T11:45:09.636+0200][23513,171s] GC(342) Pause Young (Mixed) (G1 Evacuation Pause)
[2023-07-31T11:45:09.636+0200][23513,171s] GC(342) Using 8 workers of 8 for evacuation
[2023-07-31T11:45:09.664+0200][23513,199s] GC(342)   Pre Evacuate Collection Set: 0,7ms
[2023-07-31T11:45:09.664+0200][23513,199s] GC(342)   Merge Heap Roots: 0,1ms
[2023-07-31T11:45:09.664+0200][23513,199s] GC(342)   Evacuate Collection Set: 26,1ms
[2023-07-31T11:45:09.664+0200][23513,199s] GC(342)   Post Evacuate Collection Set: 1,0ms
[2023-07-31T11:45:09.664+0200][23513,199s] GC(342)   Other: 0,3ms
[2023-07-31T11:45:09.664+0200][23513,199s] GC(342) Eden regions: 22->0(305)
[2023-07-31T11:45:09.664+0200][23513,199s] GC(342) Survivor regions: 3->2(4)
[2023-07-31T11:45:09.664+0200][23513,199s] GC(342) Old regions: 85->81
[2023-07-31T11:45:09.664+0200][23513,199s] GC(342) Archive regions: 2->2
[2023-07-31T11:45:09.664+0200][23513,199s] GC(342) Humongous regions: 12->10
[2023-07-31T11:45:09.664+0200][23513,199s] GC(342) Metaspace: 61607K(62144K)->61607K(62144K) NonClass: 54310K(54592K)->54310K(54592K) Class: 7296K(7552K)->7296K(7552K)
[2023-07-31T11:45:09.664+0200][23513,199s] GC(342) Pause Young (Mixed) (G1 Evacuation Pause) 120M->91M(512M) 28,459ms
[2023-07-31T11:45:09.664+0200][23513,199s] GC(342) User=0,02s Sys=0,03s Real=0,03s
[2023-07-31T11:45:12.023+0200][23515,558s] GC(343) Pause Young (Concurrent Start) (G1 Humongous Allocation)
[2023-07-31T11:45:12.024+0200][23515,559s] GC(343) Using 8 workers of 8 for evacuation
[2023-07-31T11:45:12.037+0200][23515,572s] GC(343)   Pre Evacuate Collection Set: 0,4ms
[2023-07-31T11:45:12.038+0200][23515,572s] GC(343)   Merge Heap Roots: 0,2ms
[2023-07-31T11:45:12.038+0200][23515,573s] GC(343)   Evacuate Collection Set: 12,2ms
[2023-07-31T11:45:12.038+0200][23515,573s] GC(343)   Post Evacuate Collection Set: 0,9ms
[2023-07-31T11:45:12.038+0200][23515,573s] GC(343)   Other: 0,5ms
[2023-07-31T11:45:12.038+0200][23515,573s] GC(343) Eden regions: 76->0(305)
[2023-07-31T11:45:12.038+0200][23515,573s] GC(343) Survivor regions: 2->2(39)
[2023-07-31T11:45:12.038+0200][23515,573s] GC(343) Old regions: 81->81
[2023-07-31T11:45:12.038+0200][23515,573s] GC(343) Archive regions: 2->2
[2023-07-31T11:45:12.038+0200][23515,573s] GC(343) Humongous regions: 10->10
[2023-07-31T11:45:12.038+0200][23515,573s] GC(343) Metaspace: 61607K(62144K)->61607K(62144K) NonClass: 54310K(54592K)->54310K(54592K) Class: 7296K(7552K)->7296K(7552K)
[2023-07-31T11:45:12.038+0200][23515,573s] GC(343) Pause Young (Concurrent Start) (G1 Humongous Allocation) 166M->91M(512M) 14,338ms
[2023-07-31T11:45:12.038+0200][23515,573s] GC(343) User=0,01s Sys=0,02s Real=0,01s
[2023-07-31T11:45:12.038+0200][23515,573s] GC(344) Concurrent Mark Cycle
[2023-07-31T11:45:12.038+0200][23515,573s] GC(344) Concurrent Clear Claimed Marks
[2023-07-31T11:45:12.038+0200][23515,573s] GC(344) Concurrent Clear Claimed Marks 0,055ms
[2023-07-31T11:45:12.038+0200][23515,573s] GC(344) Concurrent Scan Root Regions
[2023-07-31T11:45:12.053+0200][23515,588s] GC(344) Concurrent Scan Root Regions 14,635ms
[2023-07-31T11:45:12.053+0200][23515,588s] GC(344) Concurrent Mark
[2023-07-31T11:45:12.053+0200][23515,588s] GC(344) Concurrent Mark From Roots
[2023-07-31T11:45:12.053+0200][23515,588s] GC(344) Using 2 workers of 2 for marking
[2023-07-31T11:45:12.105+0200][23515,640s] GC(344) Concurrent Mark From Roots 52,580ms
[2023-07-31T11:45:12.105+0200][23515,640s] GC(344) Concurrent Preclean
[2023-07-31T11:45:12.106+0200][23515,641s] GC(344) Concurrent Preclean 0,300ms
[2023-07-31T11:45:12.108+0200][23515,643s] GC(344) Pause Remark
[2023-07-31T11:45:12.152+0200][23515,687s] GC(344) Pause Remark 111M->110M(512M) 43,711ms
[2023-07-31T11:45:12.152+0200][23515,687s] GC(344) User=0,03s Sys=0,11s Real=0,05s
[2023-07-31T11:45:12.152+0200][23515,687s] GC(344) Concurrent Mark 99,154ms
[2023-07-31T11:45:12.152+0200][23515,687s] GC(344) Concurrent Rebuild Remembered Sets
[2023-07-31T11:45:12.168+0200][23515,703s] GC(344) Concurrent Rebuild Remembered Sets 16,523ms
[2023-07-31T11:45:12.169+0200][23515,704s] GC(344) Pause Cleanup
[2023-07-31T11:45:12.169+0200][23515,704s] GC(344) Pause Cleanup 110M->110M(512M) 0,111ms
[2023-07-31T11:45:12.169+0200][23515,704s] GC(344) User=0,00s Sys=0,00s Real=0,00s
[2023-07-31T11:45:12.169+0200][23515,704s] GC(344) Concurrent Cleanup for Next Mark
[2023-07-31T11:45:12.170+0200][23515,705s] GC(344) Concurrent Cleanup for Next Mark 1,652ms
[2023-07-31T11:45:12.170+0200][23515,705s] GC(344) Concurrent Mark Cycle 132,579ms
[2023-07-31T11:45:21.968+0200][23525,503s] GC(345) Pause Young (Prepare Mixed) (G1 Evacuation Pause)
[2023-07-31T11:45:21.968+0200][23525,503s] GC(345) Using 8 workers of 8 for evacuation
[2023-07-31T11:45:21.980+0200][23525,515s] GC(345)   Pre Evacuate Collection Set: 0,2ms
[2023-07-31T11:45:21.980+0200][23525,515s] GC(345)   Merge Heap Roots: 0,2ms
[2023-07-31T11:45:21.980+0200][23525,515s] GC(345)   Evacuate Collection Set: 9,2ms
[2023-07-31T11:45:21.980+0200][23525,515s] GC(345)   Post Evacuate Collection Set: 1,8ms
[2023-07-31T11:45:21.980+0200][23525,515s] GC(345)   Other: 0,7ms
[2023-07-31T11:45:21.980+0200][23525,515s] GC(345) Eden regions: 305->0(23)
[2023-07-31T11:45:21.980+0200][23525,515s] GC(345) Survivor regions: 2->2(39)
[2023-07-31T11:45:21.980+0200][23525,515s] GC(345) Old regions: 80->80
[2023-07-31T11:45:21.980+0200][23525,515s] GC(345) Archive regions: 2->2
[2023-07-31T11:45:21.980+0200][23525,515s] GC(345) Humongous regions: 76->27
[2023-07-31T11:45:21.980+0200][23525,515s] GC(345) Metaspace: 61607K(62144K)->61607K(62144K) NonClass: 54310K(54592K)->54310K(54592K) Class: 7296K(7552K)->7296K(7552K)
[2023-07-31T11:45:21.981+0200][23525,516s] GC(345) Pause Young (Prepare Mixed) (G1 Evacuation Pause) 461M->107M(512M) 12,607ms
[2023-07-31T11:45:21.981+0200][23525,516s] GC(345) User=0,02s Sys=0,02s Real=0,02s
[2023-07-31T11:45:22.659+0200][23526,194s] GC(346) Pause Young (Mixed) (G1 Evacuation Pause)
[2023-07-31T11:45:22.659+0200][23526,194s] GC(346) Using 8 workers of 8 for evacuation
[2023-07-31T11:45:22.675+0200][23526,210s] GC(346)   Pre Evacuate Collection Set: 0,2ms
[2023-07-31T11:45:22.675+0200][23526,210s] GC(346)   Merge Heap Roots: 0,3ms
[2023-07-31T11:45:22.675+0200][23526,210s] GC(346)   Evacuate Collection Set: 14,9ms
[2023-07-31T11:45:22.675+0200][23526,210s] GC(346)   Post Evacuate Collection Set: 0,7ms
[2023-07-31T11:45:22.675+0200][23526,210s] GC(346)   Other: 0,3ms
[2023-07-31T11:45:22.675+0200][23526,210s] GC(346) Eden regions: 23->0(305)
[2023-07-31T11:45:22.675+0200][23526,210s] GC(346) Survivor regions: 2->2(4)
[2023-07-31T11:45:22.675+0200][23526,211s] GC(346) Old regions: 80->76
[2023-07-31T11:45:22.675+0200][23526,211s] GC(346) Archive regions: 2->2
[2023-07-31T11:45:22.675+0200][23526,211s] GC(346) Humongous regions: 27->27
[2023-07-31T11:45:22.676+0200][23526,211s] GC(346) Metaspace: 61607K(62144K)->61607K(62144K) NonClass: 54310K(54592K)->54310K(54592K) Class: 7296K(7552K)->7296K(7552K)
[2023-07-31T11:45:22.676+0200][23526,211s] GC(346) Pause Young (Mixed) (G1 Evacuation Pause) 130M->103M(512M) 16,621ms
[2023-07-31T11:45:22.676+0200][23526,211s] GC(346) User=0,02s Sys=0,02s Real=0,02s
[2023-07-31T11:45:23.091+0200][23526,626s] GC(347) Pause Young (Concurrent Start) (G1 Humongous Allocation)
[2023-07-31T11:45:23.091+0200][23526,626s] GC(347) Using 8 workers of 8 for evacuation
[2023-07-31T11:45:23.100+0200][23526,636s] GC(347)   Pre Evacuate Collection Set: 0,2ms
[2023-07-31T11:45:23.101+0200][23526,636s] GC(347)   Merge Heap Roots: 0,1ms
[2023-07-31T11:45:23.101+0200][23526,636s] GC(347)   Evacuate Collection Set: 7,5ms
[2023-07-31T11:45:23.101+0200][23526,636s] GC(347)   Post Evacuate Collection Set: 0,7ms
[2023-07-31T11:45:23.101+0200][23526,636s] GC(347)   Other: 0,8ms
[2023-07-31T11:45:23.101+0200][23526,636s] GC(347) Eden regions: 17->0(305)
[2023-07-31T11:45:23.101+0200][23526,636s] GC(347) Survivor regions: 2->2(39)
[2023-07-31T11:45:23.101+0200][23526,636s] GC(347) Old regions: 76->76
[2023-07-31T11:45:23.101+0200][23526,636s] GC(347) Archive regions: 2->2
[2023-07-31T11:45:23.101+0200][23526,636s] GC(347) Humongous regions: 27->27
[2023-07-31T11:45:23.101+0200][23526,636s] GC(347) Metaspace: 61607K(62144K)->61607K(62144K) NonClass: 54310K(54592K)->54310K(54592K) Class: 7296K(7552K)->7296K(7552K)
[2023-07-31T11:45:23.101+0200][23526,636s] GC(347) Pause Young (Concurrent Start) (G1 Humongous Allocation) 119M->103M(512M) 9,574ms
[2023-07-31T11:45:23.101+0200][23526,636s] GC(347) User=0,02s Sys=0,00s Real=0,01s
[2023-07-31T11:45:23.101+0200][23526,636s] GC(348) Concurrent Undo Cycle
[2023-07-31T11:45:23.101+0200][23526,636s] GC(348) Concurrent Cleanup for Next Mark
[2023-07-31T11:45:23.104+0200][23526,639s] GC(348) Concurrent Cleanup for Next Mark 3,263ms
[2023-07-31T11:45:23.104+0200][23526,639s] GC(348) Concurrent Undo Cycle 3,459ms
[2023-07-31T11:45:23.120+0200][23526,655s] GC(349) Pause Young (Concurrent Start) (G1 Humongous Allocation)
[2023-07-31T11:45:23.120+0200][23526,655s] GC(349) Using 8 workers of 8 for evacuation
[2023-07-31T11:45:23.121+0200][23526,657s] GC(349)   Pre Evacuate Collection Set: 0,1ms
[2023-07-31T11:45:23.121+0200][23526,657s] GC(349)   Merge Heap Roots: 0,1ms
[2023-07-31T11:45:23.122+0200][23526,657s] GC(349)   Evacuate Collection Set: 1,3ms
[2023-07-31T11:45:23.122+0200][23526,657s] GC(349)   Post Evacuate Collection Set: 0,3ms
[2023-07-31T11:45:23.122+0200][23526,657s] GC(349)   Other: 0,2ms
[2023-07-31T11:45:23.122+0200][23526,657s] GC(349) Eden regions: 1->0(305)
[2023-07-31T11:45:23.122+0200][23526,657s] GC(349) Survivor regions: 2->2(39)
[2023-07-31T11:45:23.122+0200][23526,657s] GC(349) Old regions: 76->76
[2023-07-31T11:45:23.122+0200][23526,657s] GC(349) Archive regions: 2->2
[2023-07-31T11:45:23.122+0200][23526,657s] GC(349) Humongous regions: 30->30
[2023-07-31T11:45:23.122+0200][23526,657s] GC(349) Metaspace: 61607K(62144K)->61607K(62144K) NonClass: 54310K(54592K)->54310K(54592K) Class: 7296K(7552K)->7296K(7552K)
[2023-07-31T11:45:23.122+0200][23526,657s] GC(349) Pause Young (Concurrent Start) (G1 Humongous Allocation) 107M->106M(512M) 2,141ms
[2023-07-31T11:45:23.122+0200][23526,657s] GC(349) User=0,01s Sys=0,00s Real=0,01s
[2023-07-31T11:45:23.122+0200][23526,657s] GC(350) Concurrent Mark Cycle
[2023-07-31T11:45:23.122+0200][23526,657s] GC(350) Concurrent Clear Claimed Marks
[2023-07-31T11:45:23.122+0200][23526,657s] GC(350) Concurrent Clear Claimed Marks 0,020ms
[2023-07-31T11:45:23.122+0200][23526,657s] GC(350) Concurrent Scan Root Regions
[2023-07-31T11:45:23.126+0200][23526,661s] GC(350) Concurrent Scan Root Regions 4,141ms
[2023-07-31T11:45:23.126+0200][23526,661s] GC(350) Concurrent Mark
[2023-07-31T11:45:23.126+0200][23526,661s] GC(350) Concurrent Mark From Roots
[2023-07-31T11:45:23.126+0200][23526,661s] GC(350) Using 2 workers of 2 for marking
[2023-07-31T11:45:23.175+0200][23526,710s] GC(350) Concurrent Mark From Roots 49,150ms
[2023-07-31T11:45:23.175+0200][23526,710s] GC(350) Concurrent Preclean
[2023-07-31T11:45:23.175+0200][23526,710s] GC(350) Concurrent Preclean 0,228ms
[2023-07-31T11:45:23.175+0200][23526,711s] GC(350) Pause Remark
[2023-07-31T11:45:23.202+0200][23526,737s] GC(350) Pause Remark 110M->110M(512M) 26,605ms
[2023-07-31T11:45:23.202+0200][23526,737s] GC(350) User=0,03s Sys=0,09s Real=0,03s
[2023-07-31T11:45:23.202+0200][23526,737s] GC(350) Concurrent Mark 76,270ms
[2023-07-31T11:45:23.202+0200][23526,737s] GC(350) Concurrent Rebuild Remembered Sets
[2023-07-31T11:45:23.228+0200][23526,763s] GC(350) Concurrent Rebuild Remembered Sets 26,149ms
[2023-07-31T11:45:23.229+0200][23526,764s] GC(350) Pause Cleanup
[2023-07-31T11:45:23.229+0200][23526,764s] GC(350) Pause Cleanup 110M->110M(512M) 0,128ms
[2023-07-31T11:45:23.229+0200][23526,764s] GC(350) User=0,00s Sys=0,00s Real=0,00s
[2023-07-31T11:45:23.229+0200][23526,764s] GC(350) Concurrent Cleanup for Next Mark
[2023-07-31T11:45:23.230+0200][23526,766s] GC(350) Concurrent Cleanup for Next Mark 1,597ms
[2023-07-31T11:45:23.230+0200][23526,766s] GC(350) Concurrent Mark Cycle 108,775ms
[2023-07-31T12:27:18.627+0200][26039,153s] GC(351) Pause Young (Prepare Mixed) (G1 Evacuation Pause)
[2023-07-31T12:27:18.628+0200][26039,154s] GC(351) Using 8 workers of 8 for evacuation
[2023-07-31T12:27:18.667+0200][26039,193s] GC(351)   Pre Evacuate Collection Set: 1,5ms
[2023-07-31T12:27:18.667+0200][26039,193s] GC(351)   Merge Heap Roots: 0,8ms
[2023-07-31T12:27:18.667+0200][26039,193s] GC(351)   Evacuate Collection Set: 30,4ms
[2023-07-31T12:27:18.667+0200][26039,193s] GC(351)   Post Evacuate Collection Set: 4,3ms
[2023-07-31T12:27:18.667+0200][26039,193s] GC(351)   Other: 6,3ms
[2023-07-31T12:27:18.667+0200][26039,193s] GC(351) Eden regions: 305->0(21)
[2023-07-31T12:27:18.667+0200][26039,193s] GC(351) Survivor regions: 2->4(21)
[2023-07-31T12:27:18.667+0200][26039,193s] GC(351) Old regions: 76->76
[2023-07-31T12:27:18.667+0200][26039,193s] GC(351) Archive regions: 2->2
[2023-07-31T12:27:18.667+0200][26039,193s] GC(351) Humongous regions: 106->10
[2023-07-31T12:27:18.668+0200][26039,194s] GC(351) Metaspace: 61664K(62144K)->61664K(62144K) NonClass: 54367K(54592K)->54367K(54592K) Class: 7297K(7552K)->7297K(7552K)
[2023-07-31T12:27:18.669+0200][26039,195s] GC(351) Pause Young (Prepare Mixed) (G1 Evacuation Pause) 487M->88M(512M) 42,576ms
[2023-07-31T12:27:18.669+0200][26039,195s] GC(351) User=0,02s Sys=0,10s Real=0,04s
[2023-07-31T12:27:19.012+0200][26039,538s] GC(352) Pause Young (Mixed) (G1 Evacuation Pause)
[2023-07-31T12:27:19.013+0200][26039,539s] GC(352) Using 8 workers of 8 for evacuation
[2023-07-31T12:27:19.036+0200][26039,562s] GC(352)   Pre Evacuate Collection Set: 0,2ms
[2023-07-31T12:27:19.036+0200][26039,562s] GC(352)   Merge Heap Roots: 1,0ms
[2023-07-31T12:27:19.036+0200][26039,562s] GC(352)   Evacuate Collection Set: 21,6ms
[2023-07-31T12:27:19.036+0200][26039,562s] GC(352)   Post Evacuate Collection Set: 0,8ms
[2023-07-31T12:27:19.037+0200][26039,562s] GC(352)   Other: 0,4ms
[2023-07-31T12:27:19.037+0200][26039,562s] GC(352) Eden regions: 21->0(306)
[2023-07-31T12:27:19.037+0200][26039,562s] GC(352) Survivor regions: 4->1(4)
[2023-07-31T12:27:19.037+0200][26039,562s] GC(352) Old regions: 76->77
[2023-07-31T12:27:19.037+0200][26039,563s] GC(352) Archive regions: 2->2
[2023-07-31T12:27:19.037+0200][26039,563s] GC(352) Humongous regions: 10->10
[2023-07-31T12:27:19.037+0200][26039,563s] GC(352) Metaspace: 61664K(62144K)->61664K(62144K) NonClass: 54367K(54592K)->54367K(54592K) Class: 7297K(7552K)->7297K(7552K)
[2023-07-31T12:27:19.037+0200][26039,563s] GC(352) Pause Young (Mixed) (G1 Evacuation Pause) 109M->86M(512M) 24,184ms
[2023-07-31T12:27:19.037+0200][26039,563s] GC(352) User=0,02s Sys=0,03s Real=0,02s
[2023-07-31T12:50:02.268+0200][27402,808s] GC(353) Pause Young (Concurrent Start) (G1 Humongous Allocation)
[2023-07-31T12:50:02.270+0200][27402,810s] GC(353) Using 8 workers of 8 for evacuation
[2023-07-31T12:50:02.276+0200][27402,816s] GC(353)   Pre Evacuate Collection Set: 0,3ms
[2023-07-31T12:50:02.276+0200][27402,816s] GC(353)   Merge Heap Roots: 0,1ms
[2023-07-31T12:50:02.276+0200][27402,816s] GC(353)   Evacuate Collection Set: 4,6ms
[2023-07-31T12:50:02.276+0200][27402,816s] GC(353)   Post Evacuate Collection Set: 0,4ms
[2023-07-31T12:50:02.276+0200][27402,816s] GC(353)   Other: 2,7ms
[2023-07-31T12:50:02.276+0200][27402,816s] GC(353) Eden regions: 8->0(290)
[2023-07-31T12:50:02.276+0200][27402,816s] GC(353) Survivor regions: 1->2(39)
[2023-07-31T12:50:02.276+0200][27402,816s] GC(353) Old regions: 77->77
[2023-07-31T12:50:02.276+0200][27402,816s] GC(353) Archive regions: 2->2
[2023-07-31T12:50:02.276+0200][27402,816s] GC(353) Humongous regions: 10->10
[2023-07-31T12:50:02.276+0200][27402,816s] GC(353) Metaspace: 61666K(62144K)->61666K(62144K) NonClass: 54369K(54592K)->54369K(54592K) Class: 7297K(7552K)->7297K(7552K)
[2023-07-31T12:50:02.276+0200][27402,816s] GC(353) Pause Young (Concurrent Start) (G1 Humongous Allocation) 94M->87M(512M) 8,142ms
[2023-07-31T12:50:02.276+0200][27402,816s] GC(353) User=0,01s Sys=0,02s Real=0,01s
[2023-07-31T12:50:02.276+0200][27402,816s] GC(354) Concurrent Mark Cycle
[2023-07-31T12:50:02.276+0200][27402,816s] GC(354) Concurrent Clear Claimed Marks
[2023-07-31T12:50:02.276+0200][27402,816s] GC(354) Concurrent Clear Claimed Marks 0,035ms
[2023-07-31T12:50:02.276+0200][27402,816s] GC(354) Concurrent Scan Root Regions
[2023-07-31T12:50:02.279+0200][27402,819s] GC(354) Concurrent Scan Root Regions 2,839ms
[2023-07-31T12:50:02.279+0200][27402,819s] GC(354) Concurrent Mark
[2023-07-31T12:50:02.279+0200][27402,819s] GC(354) Concurrent Mark From Roots
[2023-07-31T12:50:02.279+0200][27402,819s] GC(354) Using 2 workers of 2 for marking
[2023-07-31T12:50:02.318+0200][27402,858s] GC(354) Concurrent Mark From Roots 39,201ms
[2023-07-31T12:50:02.318+0200][27402,858s] GC(354) Concurrent Preclean
[2023-07-31T12:50:02.319+0200][27402,858s] GC(354) Concurrent Preclean 0,300ms
[2023-07-31T12:50:02.319+0200][27402,858s] GC(354) Pause Remark
[2023-07-31T12:50:02.377+0200][27402,917s] GC(354) Pause Remark 90M->84M(512M) 58,138ms
[2023-07-31T12:50:02.377+0200][27402,917s] GC(354) User=0,05s Sys=0,13s Real=0,06s
[2023-07-31T12:50:02.377+0200][27402,917s] GC(354) Concurrent Mark 97,965ms
[2023-07-31T12:50:02.377+0200][27402,917s] GC(354) Concurrent Rebuild Remembered Sets
[2023-07-31T12:50:02.398+0200][27402,937s] GC(354) Concurrent Rebuild Remembered Sets 20,519ms
[2023-07-31T12:50:02.398+0200][27402,937s] GC(354) Pause Cleanup
[2023-07-31T12:50:02.398+0200][27402,937s] GC(354) Pause Cleanup 84M->84M(512M) 0,107ms
[2023-07-31T12:50:02.398+0200][27402,937s] GC(354) User=0,00s Sys=0,00s Real=0,00s
[2023-07-31T12:50:02.398+0200][27402,937s] GC(354) Concurrent Cleanup for Next Mark
[2023-07-31T12:50:02.400+0200][27402,939s] GC(354) Concurrent Cleanup for Next Mark 1,748ms
[2023-07-31T12:50:02.400+0200][27402,939s] GC(354) Concurrent Mark Cycle 123,656ms
[2023-07-31T12:50:09.209+0200][27409,749s] Heap
[2023-07-31T12:50:09.209+0200][27409,749s]  garbage-first heap   total 524288K, used 125711K [0x00000007e0000000, 0x0000000800000000)
[2023-07-31T12:50:09.209+0200][27409,749s]   region size 1024K, 31 young (31744K), 2 survivors (2048K)
[2023-07-31T12:50:09.209+0200][27409,749s]  Metaspace       used 61693K, committed 62208K, reserved 1105920K
[2023-07-31T12:50:09.209+0200][27409,749s]   class space    used 7305K, committed 7552K, reserved 1048576K
