[2023-07-28T15:30:43.718+0200][0.009s] Using G1
[2023-07-28T15:30:43.836+0200][0.127s] Version: 17.0.1+12-39 (release)
[2023-07-28T15:30:43.836+0200][0.127s] CPUs: 8 total, 8 available
[2023-07-28T15:30:43.836+0200][0.127s] Memory: 8192M
[2023-07-28T15:30:43.836+0200][0.127s] Large Page Support: Disabled
[2023-07-28T15:30:43.837+0200][0.127s] NUMA Support: Disabled
[2023-07-28T15:30:43.837+0200][0.127s] Compressed Oops: Enabled (Zero based)
[2023-07-28T15:30:43.837+0200][0.127s] Heap Region Size: 1M
[2023-07-28T15:30:43.837+0200][0.127s] Heap Min Capacity: 512M
[2023-07-28T15:30:43.837+0200][0.127s] Heap Initial Capacity: 512M
[2023-07-28T15:30:43.837+0200][0.127s] Heap Max Capacity: 512M
[2023-07-28T15:30:43.837+0200][0.127s] Pre-touch: Enabled
[2023-07-28T15:30:43.837+0200][0.127s] Parallel Workers: 8
[2023-07-28T15:30:43.837+0200][0.127s] Concurrent Workers: 2
[2023-07-28T15:30:43.837+0200][0.127s] Concurrent Refinement Workers: 8
[2023-07-28T15:30:43.837+0200][0.127s] Periodic GC: Disabled
[2023-07-28T15:30:43.837+0200][0.127s] CDS archive(s) mapped at: [0x0000000800000000-0x0000000800bd4000-0x0000000800bd4000), size 12402688, SharedBaseAddress: 0x0000000800000000, ArchiveRelocationMode: 0.
[2023-07-28T15:30:43.837+0200][0.127s] Compressed class space mapped at: 0x0000000800c00000-0x0000000840c00000, reserved size: 1073741824
[2023-07-28T15:30:43.837+0200][0.127s] Narrow klass base: 0x0000000800000000, Narrow klass shift: 0, Narrow klass range: 0x100000000
[2023-07-28T15:30:44.750+0200][1,041s] GC(0) Pause Young (Normal) (G1 Evacuation Pause)
[2023-07-28T15:30:44.750+0200][1,041s] GC(0) Using 8 workers of 8 for evacuation
[2023-07-28T15:30:44.757+0200][1,048s] GC(0)   Pre Evacuate Collection Set: 0,1ms
[2023-07-28T15:30:44.757+0200][1,048s] GC(0)   Merge Heap Roots: 0,0ms
[2023-07-28T15:30:44.757+0200][1,048s] GC(0)   Evacuate Collection Set: 6,4ms
[2023-07-28T15:30:44.757+0200][1,048s] GC(0)   Post Evacuate Collection Set: 0,2ms
[2023-07-28T15:30:44.757+0200][1,048s] GC(0)   Other: 0,5ms
[2023-07-28T15:30:44.757+0200][1,048s] GC(0) Eden regions: 29->0(67)
[2023-07-28T15:30:44.757+0200][1,048s] GC(0) Survivor regions: 0->4(4)
[2023-07-28T15:30:44.757+0200][1,048s] GC(0) Old regions: 0->0
[2023-07-28T15:30:44.757+0200][1,048s] GC(0) Archive regions: 2->2
[2023-07-28T15:30:44.757+0200][1,048s] GC(0) Humongous regions: 0->0
[2023-07-28T15:30:44.757+0200][1,048s] GC(0) Metaspace: 7418K(7680K)->7418K(7680K) NonClass: 6530K(6656K)->6530K(6656K) Class: 888K(1024K)->888K(1024K)
[2023-07-28T15:30:44.757+0200][1,048s] GC(0) Pause Young (Normal) (G1 Evacuation Pause) 29M->4M(512M) 7,316ms
[2023-07-28T15:30:44.757+0200][1,048s] GC(0) User=0,01s Sys=0,01s Real=0,00s
[2023-07-28T15:30:45.983+0200][2,274s] GC(1) Pause Young (Normal) (G1 Evacuation Pause)
[2023-07-28T15:30:45.983+0200][2,274s] GC(1) Using 8 workers of 8 for evacuation
[2023-07-28T15:30:45.998+0200][2,289s] GC(1)   Pre Evacuate Collection Set: 0,1ms
[2023-07-28T15:30:45.998+0200][2,289s] GC(1)   Merge Heap Roots: 0,0ms
[2023-07-28T15:30:45.998+0200][2,289s] GC(1)   Evacuate Collection Set: 13,9ms
[2023-07-28T15:30:45.998+0200][2,289s] GC(1)   Post Evacuate Collection Set: 0,6ms
[2023-07-28T15:30:45.998+0200][2,289s] GC(1)   Other: 0,1ms
[2023-07-28T15:30:45.998+0200][2,289s] GC(1) Eden regions: 67->0(84)
[2023-07-28T15:30:45.998+0200][2,289s] GC(1) Survivor regions: 4->9(9)
[2023-07-28T15:30:45.998+0200][2,289s] GC(1) Old regions: 0->9
[2023-07-28T15:30:45.998+0200][2,289s] GC(1) Archive regions: 2->2
[2023-07-28T15:30:45.998+0200][2,289s] GC(1) Humongous regions: 4->4
[2023-07-28T15:30:45.998+0200][2,289s] GC(1) Metaspace: 18448K(18688K)->18448K(18688K) NonClass: 16281K(16384K)->16281K(16384K) Class: 2167K(2304K)->2167K(2304K)
[2023-07-28T15:30:45.998+0200][2,289s] GC(1) Pause Young (Normal) (G1 Evacuation Pause) 75M->22M(512M) 14,816ms
[2023-07-28T15:30:45.998+0200][2,289s] GC(1) User=0,04s Sys=0,01s Real=0,01s
[2023-07-28T15:30:46.355+0200][2,645s] GC(2) Pause Young (Concurrent Start) (Metadata GC Threshold)
[2023-07-28T15:30:46.355+0200][2,646s] GC(2) Using 8 workers of 8 for evacuation
[2023-07-28T15:30:46.363+0200][2,654s] GC(2)   Pre Evacuate Collection Set: 0,1ms
[2023-07-28T15:30:46.363+0200][2,654s] GC(2)   Merge Heap Roots: 0,0ms
[2023-07-28T15:30:46.363+0200][2,654s] GC(2)   Evacuate Collection Set: 7,9ms
[2023-07-28T15:30:46.363+0200][2,654s] GC(2)   Post Evacuate Collection Set: 0,3ms
[2023-07-28T15:30:46.363+0200][2,654s] GC(2)   Other: 0,2ms
[2023-07-28T15:30:46.363+0200][2,654s] GC(2) Eden regions: 23->0(137)
[2023-07-28T15:30:46.363+0200][2,654s] GC(2) Survivor regions: 9->2(11)
[2023-07-28T15:30:46.363+0200][2,654s] GC(2) Old regions: 9->18
[2023-07-28T15:30:46.363+0200][2,654s] GC(2) Archive regions: 2->2
[2023-07-28T15:30:46.363+0200][2,654s] GC(2) Humongous regions: 4->4
[2023-07-28T15:30:46.363+0200][2,654s] GC(2) Metaspace: 21195K(21504K)->21195K(21504K) NonClass: 18711K(18880K)->18711K(18880K) Class: 2483K(2624K)->2483K(2624K)
[2023-07-28T15:30:46.363+0200][2,654s] GC(2) Pause Young (Concurrent Start) (Metadata GC Threshold) 44M->23M(512M) 8,641ms
[2023-07-28T15:30:46.363+0200][2,654s] GC(2) User=0,02s Sys=0,00s Real=0,01s
[2023-07-28T15:30:46.363+0200][2,654s] GC(3) Concurrent Mark Cycle
[2023-07-28T15:30:46.363+0200][2,654s] GC(3) Concurrent Clear Claimed Marks
[2023-07-28T15:30:46.363+0200][2,654s] GC(3) Concurrent Clear Claimed Marks 0,018ms
[2023-07-28T15:30:46.363+0200][2,654s] GC(3) Concurrent Scan Root Regions
[2023-07-28T15:30:46.367+0200][2,658s] GC(3) Concurrent Scan Root Regions 3,519ms
[2023-07-28T15:30:46.367+0200][2,658s] GC(3) Concurrent Mark
[2023-07-28T15:30:46.367+0200][2,658s] GC(3) Concurrent Mark From Roots
[2023-07-28T15:30:46.367+0200][2,658s] GC(3) Using 2 workers of 2 for marking
[2023-07-28T15:30:46.374+0200][2,665s] GC(3) Concurrent Mark From Roots 6,596ms
[2023-07-28T15:30:46.374+0200][2,665s] GC(3) Concurrent Preclean
[2023-07-28T15:30:46.374+0200][2,665s] GC(3) Concurrent Preclean 0,033ms
[2023-07-28T15:30:46.374+0200][2,665s] GC(3) Pause Remark
[2023-07-28T15:30:46.383+0200][2,674s] GC(3) Pause Remark 24M->24M(512M) 8,482ms
[2023-07-28T15:30:46.383+0200][2,674s] GC(3) User=0,01s Sys=0,01s Real=0,01s
[2023-07-28T15:30:46.383+0200][2,674s] GC(3) Concurrent Mark 15,663ms
[2023-07-28T15:30:46.383+0200][2,674s] GC(3) Concurrent Rebuild Remembered Sets
[2023-07-28T15:30:46.387+0200][2,678s] GC(3) Concurrent Rebuild Remembered Sets 4,377ms
[2023-07-28T15:30:46.388+0200][2,679s] GC(3) Pause Cleanup
[2023-07-28T15:30:46.388+0200][2,679s] GC(3) Pause Cleanup 24M->24M(512M) 0,095ms
[2023-07-28T15:30:46.388+0200][2,679s] GC(3) User=0,00s Sys=0,00s Real=0,00s
[2023-07-28T15:30:46.388+0200][2,679s] GC(3) Concurrent Cleanup for Next Mark
[2023-07-28T15:30:46.388+0200][2,679s] GC(3) Concurrent Cleanup for Next Mark 0,642ms
[2023-07-28T15:30:46.389+0200][2,679s] GC(3) Concurrent Mark Cycle 25,216ms
[2023-07-28T15:30:48.299+0200][4,590s] GC(4) Pause Young (Concurrent Start) (Metadata GC Threshold)
[2023-07-28T15:30:48.299+0200][4,590s] GC(4) Using 8 workers of 8 for evacuation
[2023-07-28T15:30:48.303+0200][4,594s] GC(4)   Pre Evacuate Collection Set: 0,1ms
[2023-07-28T15:30:48.303+0200][4,594s] GC(4)   Merge Heap Roots: 0,1ms
[2023-07-28T15:30:48.303+0200][4,594s] GC(4)   Evacuate Collection Set: 3,9ms
[2023-07-28T15:30:48.303+0200][4,594s] GC(4)   Post Evacuate Collection Set: 0,3ms
[2023-07-28T15:30:48.303+0200][4,594s] GC(4)   Other: 0,1ms
[2023-07-28T15:30:48.303+0200][4,594s] GC(4) Eden regions: 89->0(299)
[2023-07-28T15:30:48.303+0200][4,594s] GC(4) Survivor regions: 2->8(18)
[2023-07-28T15:30:48.303+0200][4,594s] GC(4) Old regions: 18->18
[2023-07-28T15:30:48.303+0200][4,594s] GC(4) Archive regions: 2->2
[2023-07-28T15:30:48.303+0200][4,594s] GC(4) Humongous regions: 5->4
[2023-07-28T15:30:48.303+0200][4,594s] GC(4) Metaspace: 35618K(35968K)->35618K(35968K) NonClass: 31320K(31488K)->31320K(31488K) Class: 4298K(4480K)->4298K(4480K)
[2023-07-28T15:30:48.303+0200][4,594s] GC(4) Pause Young (Concurrent Start) (Metadata GC Threshold) 113M->29M(512M) 4,588ms
[2023-07-28T15:30:48.303+0200][4,594s] GC(4) User=0,02s Sys=0,00s Real=0,01s
[2023-07-28T15:30:48.303+0200][4,594s] GC(5) Concurrent Mark Cycle
[2023-07-28T15:30:48.303+0200][4,595s] GC(5) Concurrent Clear Claimed Marks
[2023-07-28T15:30:48.304+0200][4,595s] GC(5) Concurrent Clear Claimed Marks 0,016ms
[2023-07-28T15:30:48.304+0200][4,595s] GC(5) Concurrent Scan Root Regions
[2023-07-28T15:30:48.305+0200][4,596s] GC(5) Concurrent Scan Root Regions 1,957ms
[2023-07-28T15:30:48.306+0200][4,597s] GC(5) Concurrent Mark
[2023-07-28T15:30:48.306+0200][4,597s] GC(5) Concurrent Mark From Roots
[2023-07-28T15:30:48.306+0200][4,597s] GC(5) Using 2 workers of 2 for marking
[2023-07-28T15:30:48.313+0200][4,604s] GC(5) Concurrent Mark From Roots 7,753ms
[2023-07-28T15:30:48.313+0200][4,604s] GC(5) Concurrent Preclean
[2023-07-28T15:30:48.313+0200][4,604s] GC(5) Concurrent Preclean 0,056ms
[2023-07-28T15:30:48.314+0200][4,605s] GC(5) Pause Remark
[2023-07-28T15:30:48.325+0200][4,616s] GC(5) Pause Remark 30M->30M(512M) 11,206ms
[2023-07-28T15:30:48.325+0200][4,616s] GC(5) User=0,02s Sys=0,02s Real=0,01s
[2023-07-28T15:30:48.325+0200][4,616s] GC(5) Concurrent Mark 19,679ms
[2023-07-28T15:30:48.325+0200][4,616s] GC(5) Concurrent Rebuild Remembered Sets
[2023-07-28T15:30:48.330+0200][4,621s] GC(5) Concurrent Rebuild Remembered Sets 5,001ms
[2023-07-28T15:30:48.331+0200][4,622s] GC(5) Pause Cleanup
[2023-07-28T15:30:48.331+0200][4,622s] GC(5) Pause Cleanup 30M->30M(512M) 0,071ms
[2023-07-28T15:30:48.331+0200][4,622s] GC(5) User=0,00s Sys=0,00s Real=0,00s
[2023-07-28T15:30:48.331+0200][4,622s] GC(5) Concurrent Cleanup for Next Mark
[2023-07-28T15:30:48.331+0200][4,622s] GC(5) Concurrent Cleanup for Next Mark 0,615ms
[2023-07-28T15:30:48.331+0200][4,623s] GC(5) Concurrent Mark Cycle 28,025ms
[2023-07-28T15:33:10.370+0200][146,663s] GC(6) Pause Young (Normal) (G1 Evacuation Pause)
[2023-07-28T15:33:10.370+0200][146,664s] GC(6) Using 8 workers of 8 for evacuation
[2023-07-28T15:33:10.403+0200][146,696s] GC(6)   Pre Evacuate Collection Set: 0,1ms
[2023-07-28T15:33:10.403+0200][146,696s] GC(6)   Merge Heap Roots: 0,1ms
[2023-07-28T15:33:10.403+0200][146,696s] GC(6)   Evacuate Collection Set: 30,9ms
[2023-07-28T15:33:10.403+0200][146,696s] GC(6)   Post Evacuate Collection Set: 1,3ms
[2023-07-28T15:33:10.403+0200][146,696s] GC(6)   Other: 0,4ms
[2023-07-28T15:33:10.403+0200][146,696s] GC(6) Eden regions: 299->0(274)
[2023-07-28T15:33:10.403+0200][146,696s] GC(6) Survivor regions: 8->33(39)
[2023-07-28T15:33:10.403+0200][146,696s] GC(6) Old regions: 18->18
[2023-07-28T15:33:10.403+0200][146,696s] GC(6) Archive regions: 2->2
[2023-07-28T15:33:10.403+0200][146,696s] GC(6) Humongous regions: 140->33
[2023-07-28T15:33:10.403+0200][146,696s] GC(6) Metaspace: 58173K(58752K)->58173K(58752K) NonClass: 50973K(51264K)->50973K(51264K) Class: 7200K(7488K)->7200K(7488K)
[2023-07-28T15:33:10.403+0200][146,696s] GC(6) Pause Young (Normal) (G1 Evacuation Pause) 464M->84M(512M) 32,926ms
[2023-07-28T15:33:10.403+0200][146,696s] GC(6) User=0,06s Sys=0,07s Real=0,03s
[2023-07-28T15:33:18.553+0200][154,847s] GC(7) Pause Young (Concurrent Start) (G1 Humongous Allocation)
[2023-07-28T15:33:18.553+0200][154,847s] GC(7) Using 8 workers of 8 for evacuation
[2023-07-28T15:33:18.572+0200][154,865s] GC(7)   Pre Evacuate Collection Set: 0,1ms
[2023-07-28T15:33:18.572+0200][154,865s] GC(7)   Merge Heap Roots: 0,1ms
[2023-07-28T15:33:18.572+0200][154,865s] GC(7)   Evacuate Collection Set: 17,4ms
[2023-07-28T15:33:18.572+0200][154,865s] GC(7)   Post Evacuate Collection Set: 0,7ms
[2023-07-28T15:33:18.572+0200][154,865s] GC(7)   Other: 0,2ms
[2023-07-28T15:33:18.572+0200][154,865s] GC(7) Eden regions: 133->0(300)
[2023-07-28T15:33:18.572+0200][154,865s] GC(7) Survivor regions: 33->5(39)
[2023-07-28T15:33:18.572+0200][154,865s] GC(7) Old regions: 18->45
[2023-07-28T15:33:18.572+0200][154,865s] GC(7) Archive regions: 2->2
[2023-07-28T15:33:18.572+0200][154,865s] GC(7) Humongous regions: 209->31
[2023-07-28T15:33:18.572+0200][154,865s] GC(7) Metaspace: 59202K(59776K)->59202K(59776K) NonClass: 51996K(52288K)->51996K(52288K) Class: 7205K(7488K)->7205K(7488K)
[2023-07-28T15:33:18.572+0200][154,865s] GC(7) Pause Young (Concurrent Start) (G1 Humongous Allocation) 392M->80M(512M) 18,609ms
[2023-07-28T15:33:18.572+0200][154,865s] GC(7) User=0,06s Sys=0,03s Real=0,02s
[2023-07-28T15:33:18.572+0200][154,865s] GC(8) Concurrent Undo Cycle
[2023-07-28T15:33:18.572+0200][154,865s] GC(8) Concurrent Cleanup for Next Mark
[2023-07-28T15:33:18.572+0200][154,866s] GC(8) Concurrent Cleanup for Next Mark 0,275ms
[2023-07-28T15:33:18.572+0200][154,866s] GC(8) Concurrent Undo Cycle 0,373ms
[2023-07-28T15:33:22.651+0200][158,944s] GC(9) Pause Young (Concurrent Start) (G1 Humongous Allocation)
[2023-07-28T15:33:22.651+0200][158,944s] GC(9) Using 8 workers of 8 for evacuation
[2023-07-28T15:33:22.656+0200][158,950s] GC(9)   Pre Evacuate Collection Set: 0,2ms
[2023-07-28T15:33:22.656+0200][158,950s] GC(9)   Merge Heap Roots: 0,1ms
[2023-07-28T15:33:22.656+0200][158,950s] GC(9)   Evacuate Collection Set: 5,0ms
[2023-07-28T15:33:22.656+0200][158,950s] GC(9)   Post Evacuate Collection Set: 0,3ms
[2023-07-28T15:33:22.656+0200][158,950s] GC(9)   Other: 0,1ms
[2023-07-28T15:33:22.656+0200][158,950s] GC(9) Eden regions: 77->0(303)
[2023-07-28T15:33:22.656+0200][158,950s] GC(9) Survivor regions: 5->4(39)
[2023-07-28T15:33:22.656+0200][158,950s] GC(9) Old regions: 45->45
[2023-07-28T15:33:22.656+0200][158,950s] GC(9) Archive regions: 2->2
[2023-07-28T15:33:22.656+0200][158,950s] GC(9) Humongous regions: 177->12
[2023-07-28T15:33:22.656+0200][158,950s] GC(9) Metaspace: 59202K(59776K)->59202K(59776K) NonClass: 51996K(52288K)->51996K(52288K) Class: 7205K(7488K)->7205K(7488K)
[2023-07-28T15:33:22.656+0200][158,950s] GC(9) Pause Young (Concurrent Start) (G1 Humongous Allocation) 303M->60M(512M) 5,731ms
[2023-07-28T15:33:22.656+0200][158,950s] GC(9) User=0,01s Sys=0,01s Real=0,00s
[2023-07-28T15:33:22.656+0200][158,950s] GC(10) Concurrent Undo Cycle
[2023-07-28T15:33:22.656+0200][158,950s] GC(10) Concurrent Cleanup for Next Mark
[2023-07-28T15:33:22.657+0200][158,950s] GC(10) Concurrent Cleanup for Next Mark 0,269ms
[2023-07-28T15:33:22.657+0200][158,950s] GC(10) Concurrent Undo Cycle 0,302ms
[2023-07-28T15:35:37.306+0200][293,602s] GC(11) Pause Young (Concurrent Start) (G1 Humongous Allocation)
[2023-07-28T15:35:37.307+0200][293,602s] GC(11) Using 8 workers of 8 for evacuation
[2023-07-28T15:35:37.314+0200][293,609s] GC(11)   Pre Evacuate Collection Set: 0,3ms
[2023-07-28T15:35:37.314+0200][293,609s] GC(11)   Merge Heap Roots: 0,1ms
[2023-07-28T15:35:37.314+0200][293,609s] GC(11)   Evacuate Collection Set: 5,8ms
[2023-07-28T15:35:37.314+0200][293,609s] GC(11)   Post Evacuate Collection Set: 0,7ms
[2023-07-28T15:35:37.314+0200][293,609s] GC(11)   Other: 0,5ms
[2023-07-28T15:35:37.314+0200][293,609s] GC(11) Eden regions: 190->0(303)
[2023-07-28T15:35:37.314+0200][293,609s] GC(11) Survivor regions: 4->4(39)
[2023-07-28T15:35:37.314+0200][293,609s] GC(11) Old regions: 45->45
[2023-07-28T15:35:37.314+0200][293,609s] GC(11) Archive regions: 2->2
[2023-07-28T15:35:37.314+0200][293,609s] GC(11) Humongous regions: 179->16
[2023-07-28T15:35:37.314+0200][293,609s] GC(11) Metaspace: 59306K(59968K)->59306K(59968K) NonClass: 52085K(52416K)->52085K(52416K) Class: 7221K(7552K)->7221K(7552K)
[2023-07-28T15:35:37.314+0200][293,609s] GC(11) Pause Young (Concurrent Start) (G1 Humongous Allocation) 417M->65M(512M) 7,501ms
[2023-07-28T15:35:37.314+0200][293,609s] GC(11) User=0,02s Sys=0,01s Real=0,01s
[2023-07-28T15:35:37.314+0200][293,609s] GC(12) Concurrent Undo Cycle
[2023-07-28T15:35:37.314+0200][293,609s] GC(12) Concurrent Cleanup for Next Mark
[2023-07-28T15:35:37.316+0200][293,611s] GC(12) Concurrent Cleanup for Next Mark 1,560ms
[2023-07-28T15:35:37.316+0200][293,611s] GC(12) Concurrent Undo Cycle 1,633ms
[2023-07-28T15:35:40.155+0200][296,451s] GC(13) Pause Young (Concurrent Start) (G1 Humongous Allocation)
[2023-07-28T15:35:40.155+0200][296,451s] GC(13) Using 8 workers of 8 for evacuation
[2023-07-28T15:35:40.161+0200][296,456s] GC(13)   Pre Evacuate Collection Set: 0,1ms
[2023-07-28T15:35:40.161+0200][296,456s] GC(13)   Merge Heap Roots: 0,0ms
[2023-07-28T15:35:40.161+0200][296,456s] GC(13)   Evacuate Collection Set: 4,7ms
[2023-07-28T15:35:40.161+0200][296,456s] GC(13)   Post Evacuate Collection Set: 0,3ms
[2023-07-28T15:35:40.161+0200][296,456s] GC(13)   Other: 0,1ms
[2023-07-28T15:35:40.161+0200][296,456s] GC(13) Eden regions: 12->0(303)
[2023-07-28T15:35:40.161+0200][296,456s] GC(13) Survivor regions: 4->4(39)
[2023-07-28T15:35:40.161+0200][296,456s] GC(13) Old regions: 45->45
[2023-07-28T15:35:40.161+0200][296,456s] GC(13) Archive regions: 2->2
[2023-07-28T15:35:40.161+0200][296,456s] GC(13) Humongous regions: 177->13
[2023-07-28T15:35:40.161+0200][296,456s] GC(13) Metaspace: 59306K(59968K)->59306K(59968K) NonClass: 52085K(52416K)->52085K(52416K) Class: 7221K(7552K)->7221K(7552K)
[2023-07-28T15:35:40.161+0200][296,456s] GC(13) Pause Young (Concurrent Start) (G1 Humongous Allocation) 237M->62M(512M) 5,378ms
[2023-07-28T15:35:40.161+0200][296,456s] GC(13) User=0,01s Sys=0,01s Real=0,01s
[2023-07-28T15:35:40.161+0200][296,456s] GC(14) Concurrent Undo Cycle
[2023-07-28T15:35:40.161+0200][296,456s] GC(14) Concurrent Cleanup for Next Mark
[2023-07-28T15:35:40.161+0200][296,457s] GC(14) Concurrent Cleanup for Next Mark 0,297ms
[2023-07-28T15:35:40.161+0200][296,457s] GC(14) Concurrent Undo Cycle 0,352ms
[2023-07-28T15:35:44.229+0200][300,525s] GC(15) Pause Young (Concurrent Start) (G1 Humongous Allocation)
[2023-07-28T15:35:44.230+0200][300,525s] GC(15) Using 8 workers of 8 for evacuation
[2023-07-28T15:35:44.235+0200][300,530s] GC(15)   Pre Evacuate Collection Set: 0,1ms
[2023-07-28T15:35:44.235+0200][300,530s] GC(15)   Merge Heap Roots: 0,1ms
[2023-07-28T15:35:44.235+0200][300,530s] GC(15)   Evacuate Collection Set: 4,1ms
[2023-07-28T15:35:44.235+0200][300,530s] GC(15)   Post Evacuate Collection Set: 0,4ms
[2023-07-28T15:35:44.235+0200][300,530s] GC(15)   Other: 0,9ms
[2023-07-28T15:35:44.235+0200][300,530s] GC(15) Eden regions: 76->0(303)
[2023-07-28T15:35:44.235+0200][300,530s] GC(15) Survivor regions: 4->4(39)
[2023-07-28T15:35:44.235+0200][300,530s] GC(15) Old regions: 45->45
[2023-07-28T15:35:44.235+0200][300,530s] GC(15) Archive regions: 2->2
[2023-07-28T15:35:44.235+0200][300,530s] GC(15) Humongous regions: 175->21
[2023-07-28T15:35:44.235+0200][300,530s] GC(15) Metaspace: 59310K(59968K)->59310K(59968K) NonClass: 52087K(52416K)->52087K(52416K) Class: 7222K(7552K)->7222K(7552K)
[2023-07-28T15:35:44.235+0200][300,530s] GC(15) Pause Young (Concurrent Start) (G1 Humongous Allocation) 299M->70M(512M) 5,707ms
[2023-07-28T15:35:44.235+0200][300,530s] GC(15) User=0,01s Sys=0,01s Real=0,01s
[2023-07-28T15:35:44.235+0200][300,530s] GC(16) Concurrent Undo Cycle
[2023-07-28T15:35:44.235+0200][300,530s] GC(16) Concurrent Cleanup for Next Mark
[2023-07-28T15:35:44.235+0200][300,531s] GC(16) Concurrent Cleanup for Next Mark 0,274ms
[2023-07-28T15:35:44.235+0200][300,531s] GC(16) Concurrent Undo Cycle 0,367ms
[2023-07-28T15:40:18.234+0200][574,533s] GC(17) Pause Young (Normal) (G1 Preventive Collection)
[2023-07-28T15:40:18.235+0200][574,534s] GC(17) Using 8 workers of 8 for evacuation
[2023-07-28T15:40:18.243+0200][574,542s] GC(17)   Pre Evacuate Collection Set: 0,2ms
[2023-07-28T15:40:18.243+0200][574,542s] GC(17)   Merge Heap Roots: 0,1ms
[2023-07-28T15:40:18.243+0200][574,542s] GC(17)   Evacuate Collection Set: 7,0ms
[2023-07-28T15:40:18.243+0200][574,542s] GC(17)   Post Evacuate Collection Set: 1,0ms
[2023-07-28T15:40:18.243+0200][574,542s] GC(17)   Other: 0,4ms
[2023-07-28T15:40:18.243+0200][574,542s] GC(17) Eden regions: 284->0(302)
[2023-07-28T15:40:18.243+0200][574,542s] GC(17) Survivor regions: 4->5(16)
[2023-07-28T15:40:18.243+0200][574,542s] GC(17) Old regions: 45->45
[2023-07-28T15:40:18.243+0200][574,542s] GC(17) Archive regions: 2->2
[2023-07-28T15:40:18.243+0200][574,542s] GC(17) Humongous regions: 161->5
[2023-07-28T15:40:18.243+0200][574,542s] GC(17) Metaspace: 59357K(59968K)->59357K(59968K) NonClass: 52130K(52416K)->52130K(52416K) Class: 7226K(7552K)->7226K(7552K)
[2023-07-28T15:40:18.243+0200][574,542s] GC(17) Pause Young (Normal) (G1 Preventive Collection) 494M->54M(512M) 8,809ms
[2023-07-28T15:40:18.243+0200][574,542s] GC(17) User=0,02s Sys=0,01s Real=0,01s
[2023-07-28T15:40:21.146+0200][577,445s] GC(18) Pause Young (Concurrent Start) (G1 Humongous Allocation)
[2023-07-28T15:40:21.146+0200][577,445s] GC(18) Using 8 workers of 8 for evacuation
[2023-07-28T15:40:21.151+0200][577,450s] GC(18)   Pre Evacuate Collection Set: 0,2ms
[2023-07-28T15:40:21.152+0200][577,451s] GC(18)   Merge Heap Roots: 0,1ms
[2023-07-28T15:40:21.152+0200][577,451s] GC(18)   Evacuate Collection Set: 5,1ms
[2023-07-28T15:40:21.152+0200][577,451s] GC(18)   Post Evacuate Collection Set: 0,4ms
[2023-07-28T15:40:21.152+0200][577,451s] GC(18)   Other: 0,2ms
[2023-07-28T15:40:21.152+0200][577,451s] GC(18) Eden regions: 18->0(302)
[2023-07-28T15:40:21.152+0200][577,451s] GC(18) Survivor regions: 5->5(39)
[2023-07-28T15:40:21.152+0200][577,451s] GC(18) Old regions: 45->45
[2023-07-28T15:40:21.152+0200][577,451s] GC(18) Archive regions: 2->2
[2023-07-28T15:40:21.152+0200][577,451s] GC(18) Humongous regions: 177->13
[2023-07-28T15:40:21.152+0200][577,451s] GC(18) Metaspace: 59357K(59968K)->59357K(59968K) NonClass: 52130K(52416K)->52130K(52416K) Class: 7226K(7552K)->7226K(7552K)
[2023-07-28T15:40:21.152+0200][577,451s] GC(18) Pause Young (Concurrent Start) (G1 Humongous Allocation) 244M->62M(512M) 6,057ms
[2023-07-28T15:40:21.152+0200][577,451s] GC(18) User=0,01s Sys=0,02s Real=0,01s
[2023-07-28T15:40:21.152+0200][577,451s] GC(19) Concurrent Undo Cycle
[2023-07-28T15:40:21.152+0200][577,451s] GC(19) Concurrent Cleanup for Next Mark
[2023-07-28T15:40:21.153+0200][577,452s] GC(19) Concurrent Cleanup for Next Mark 1,708ms
[2023-07-28T15:40:21.153+0200][577,452s] GC(19) Concurrent Undo Cycle 1,770ms
[2023-07-28T15:40:24.811+0200][581,110s] GC(20) Pause Young (Concurrent Start) (G1 Humongous Allocation)
[2023-07-28T15:40:24.811+0200][581,110s] GC(20) Using 8 workers of 8 for evacuation
[2023-07-28T15:40:24.816+0200][581,116s] GC(20)   Pre Evacuate Collection Set: 0,1ms
[2023-07-28T15:40:24.817+0200][581,116s] GC(20)   Merge Heap Roots: 0,1ms
[2023-07-28T15:40:24.817+0200][581,116s] GC(20)   Evacuate Collection Set: 4,5ms
[2023-07-28T15:40:24.817+0200][581,116s] GC(20)   Post Evacuate Collection Set: 0,3ms
[2023-07-28T15:40:24.817+0200][581,116s] GC(20)   Other: 0,2ms
[2023-07-28T15:40:24.817+0200][581,116s] GC(20) Eden regions: 75->0(301)
[2023-07-28T15:40:24.817+0200][581,116s] GC(20) Survivor regions: 5->6(39)
[2023-07-28T15:40:24.817+0200][581,116s] GC(20) Old regions: 45->45
[2023-07-28T15:40:24.817+0200][581,116s] GC(20) Archive regions: 2->2
[2023-07-28T15:40:24.817+0200][581,116s] GC(20) Humongous regions: 175->22
[2023-07-28T15:40:24.817+0200][581,116s] GC(20) Metaspace: 59432K(60032K)->59432K(60032K) NonClass: 52205K(52480K)->52205K(52480K) Class: 7227K(7552K)->7227K(7552K)
[2023-07-28T15:40:24.817+0200][581,116s] GC(20) Pause Young (Concurrent Start) (G1 Humongous Allocation) 299M->72M(512M) 5,400ms
[2023-07-28T15:40:24.817+0200][581,116s] GC(20) User=0,01s Sys=0,01s Real=0,00s
[2023-07-28T15:40:24.817+0200][581,116s] GC(21) Concurrent Undo Cycle
[2023-07-28T15:40:24.817+0200][581,116s] GC(21) Concurrent Cleanup for Next Mark
[2023-07-28T15:40:24.817+0200][581,116s] GC(21) Concurrent Cleanup for Next Mark 0,252ms
[2023-07-28T15:40:24.817+0200][581,116s] GC(21) Concurrent Undo Cycle 0,328ms
[2023-07-28T15:40:40.102+0200][596,401s] GC(22) Pause Young (Concurrent Start) (Metadata GC Threshold)
[2023-07-28T15:40:40.102+0200][596,401s] GC(22) Using 8 workers of 8 for evacuation
[2023-07-28T15:40:40.109+0200][596,409s] GC(22)   Pre Evacuate Collection Set: 0,2ms
[2023-07-28T15:40:40.109+0200][596,409s] GC(22)   Merge Heap Roots: 0,0ms
[2023-07-28T15:40:40.110+0200][596,409s] GC(22)   Evacuate Collection Set: 6,5ms
[2023-07-28T15:40:40.110+0200][596,409s] GC(22)   Post Evacuate Collection Set: 0,6ms
[2023-07-28T15:40:40.110+0200][596,409s] GC(22)   Other: 0,4ms
[2023-07-28T15:40:40.110+0200][596,409s] GC(22) Eden regions: 147->0(300)
[2023-07-28T15:40:40.110+0200][596,409s] GC(22) Survivor regions: 6->7(39)
[2023-07-28T15:40:40.110+0200][596,409s] GC(22) Old regions: 45->45
[2023-07-28T15:40:40.110+0200][596,409s] GC(22) Archive regions: 2->2
[2023-07-28T15:40:40.110+0200][596,409s] GC(22) Humongous regions: 100->10
[2023-07-28T15:40:40.110+0200][596,409s] GC(22) Metaspace: 59508K(60096K)->59508K(60096K) NonClass: 52271K(52544K)->52271K(52544K) Class: 7237K(7552K)->7237K(7552K)
[2023-07-28T15:40:40.110+0200][596,409s] GC(22) Pause Young (Concurrent Start) (Metadata GC Threshold) 297M->61M(512M) 7,826ms
[2023-07-28T15:40:40.110+0200][596,409s] GC(22) User=0,02s Sys=0,02s Real=0,01s
[2023-07-28T15:40:40.110+0200][596,409s] GC(23) Concurrent Mark Cycle
[2023-07-28T15:40:40.110+0200][596,409s] GC(23) Concurrent Clear Claimed Marks
[2023-07-28T15:40:40.110+0200][596,409s] GC(23) Concurrent Clear Claimed Marks 0,042ms
[2023-07-28T15:40:40.110+0200][596,409s] GC(23) Concurrent Scan Root Regions
[2023-07-28T15:40:40.112+0200][596,411s] GC(23) Concurrent Scan Root Regions 1,735ms
[2023-07-28T15:40:40.112+0200][596,411s] GC(23) Concurrent Mark
[2023-07-28T15:40:40.112+0200][596,411s] GC(23) Concurrent Mark From Roots
[2023-07-28T15:40:40.112+0200][596,411s] GC(23) Using 2 workers of 2 for marking
[2023-07-28T15:40:40.143+0200][596,443s] GC(23) Concurrent Mark From Roots 31,883ms
[2023-07-28T15:40:40.143+0200][596,443s] GC(23) Concurrent Preclean
[2023-07-28T15:40:40.144+0200][596,443s] GC(23) Concurrent Preclean 0,368ms
[2023-07-28T15:40:40.144+0200][596,443s] GC(23) Pause Remark
[2023-07-28T15:40:40.169+0200][596,469s] GC(23) Pause Remark 63M->63M(512M) 25,385ms
[2023-07-28T15:40:40.170+0200][596,469s] GC(23) User=0,03s Sys=0,06s Real=0,03s
[2023-07-28T15:40:40.170+0200][596,469s] GC(23) Concurrent Mark 58,159ms
[2023-07-28T15:40:40.170+0200][596,469s] GC(23) Concurrent Rebuild Remembered Sets
[2023-07-28T15:40:40.183+0200][596,483s] GC(23) Concurrent Rebuild Remembered Sets 13,690ms
[2023-07-28T15:40:40.184+0200][596,483s] GC(23) Pause Cleanup
[2023-07-28T15:40:40.184+0200][596,483s] GC(23) Pause Cleanup 63M->63M(512M) 0,164ms
[2023-07-28T15:40:40.184+0200][596,483s] GC(23) User=0,00s Sys=0,00s Real=0,00s
[2023-07-28T15:40:40.184+0200][596,483s] GC(23) Concurrent Cleanup for Next Mark
[2023-07-28T15:40:40.186+0200][596,486s] GC(23) Concurrent Cleanup for Next Mark 2,379ms
[2023-07-28T15:40:40.186+0200][596,486s] GC(23) Concurrent Mark Cycle 76,700ms
[2023-07-28T15:40:40.567+0200][596,866s] GC(24) Pause Young (Concurrent Start) (G1 Humongous Allocation)
[2023-07-28T15:40:40.567+0200][596,866s] GC(24) Using 8 workers of 8 for evacuation
[2023-07-28T15:40:40.572+0200][596,871s] GC(24)   Pre Evacuate Collection Set: 0,2ms
[2023-07-28T15:40:40.572+0200][596,871s] GC(24)   Merge Heap Roots: 0,1ms
[2023-07-28T15:40:40.572+0200][596,871s] GC(24)   Evacuate Collection Set: 4,0ms
[2023-07-28T15:40:40.572+0200][596,871s] GC(24)   Post Evacuate Collection Set: 0,4ms
[2023-07-28T15:40:40.572+0200][596,871s] GC(24)   Other: 0,2ms
[2023-07-28T15:40:40.572+0200][596,871s] GC(24) Eden regions: 31->0(292)
[2023-07-28T15:40:40.572+0200][596,871s] GC(24) Survivor regions: 7->15(39)
[2023-07-28T15:40:40.572+0200][596,871s] GC(24) Old regions: 45->45
[2023-07-28T15:40:40.572+0200][596,871s] GC(24) Archive regions: 2->2
[2023-07-28T15:40:40.572+0200][596,871s] GC(24) Humongous regions: 153->75
[2023-07-28T15:40:40.572+0200][596,871s] GC(24) Metaspace: 59233K(60160K)->59233K(60160K) NonClass: 52064K(52608K)->52064K(52608K) Class: 7168K(7552K)->7168K(7552K)
[2023-07-28T15:40:40.572+0200][596,871s] GC(24) Pause Young (Concurrent Start) (G1 Humongous Allocation) 234M->134M(512M) 4,851ms
[2023-07-28T15:40:40.572+0200][596,871s] GC(24) User=0,02s Sys=0,01s Real=0,01s
[2023-07-28T15:40:40.572+0200][596,871s] GC(25) Concurrent Undo Cycle
[2023-07-28T15:40:40.572+0200][596,871s] GC(25) Concurrent Cleanup for Next Mark
[2023-07-28T15:40:40.572+0200][596,871s] GC(25) Concurrent Cleanup for Next Mark 0,227ms
[2023-07-28T15:40:40.572+0200][596,871s] GC(25) Concurrent Undo Cycle 0,252ms
[2023-07-28T15:40:40.754+0200][597,053s] GC(26) Pause Young (Concurrent Start) (G1 Humongous Allocation)
[2023-07-28T15:40:40.754+0200][597,053s] GC(26) Using 8 workers of 8 for evacuation
[2023-07-28T15:40:40.759+0200][597,059s] GC(26)   Pre Evacuate Collection Set: 0,1ms
[2023-07-28T15:40:40.759+0200][597,059s] GC(26)   Merge Heap Roots: 0,1ms
[2023-07-28T15:40:40.759+0200][597,059s] GC(26)   Evacuate Collection Set: 4,4ms
[2023-07-28T15:40:40.759+0200][597,059s] GC(26)   Post Evacuate Collection Set: 0,4ms
[2023-07-28T15:40:40.759+0200][597,059s] GC(26)   Other: 0,2ms
[2023-07-28T15:40:40.759+0200][597,059s] GC(26) Eden regions: 16->0(279)
[2023-07-28T15:40:40.759+0200][597,059s] GC(26) Survivor regions: 15->14(39)
[2023-07-28T15:40:40.759+0200][597,059s] GC(26) Old regions: 45->45
[2023-07-28T15:40:40.759+0200][597,059s] GC(26) Archive regions: 2->2
[2023-07-28T15:40:40.759+0200][597,059s] GC(26) Humongous regions: 149->100
[2023-07-28T15:40:40.759+0200][597,059s] GC(26) Metaspace: 59239K(60160K)->59239K(60160K) NonClass: 52071K(52608K)->52071K(52608K) Class: 7168K(7552K)->7168K(7552K)
[2023-07-28T15:40:40.759+0200][597,059s] GC(26) Pause Young (Concurrent Start) (G1 Humongous Allocation) 224M->158M(512M) 5,251ms
[2023-07-28T15:40:40.759+0200][597,059s] GC(26) User=0,02s Sys=0,01s Real=0,00s
[2023-07-28T15:40:40.760+0200][597,059s] GC(27) Concurrent Undo Cycle
[2023-07-28T15:40:40.760+0200][597,059s] GC(27) Concurrent Cleanup for Next Mark
[2023-07-28T15:40:40.760+0200][597,059s] GC(27) Concurrent Cleanup for Next Mark 0,270ms
[2023-07-28T15:40:40.760+0200][597,059s] GC(27) Concurrent Undo Cycle 0,319ms
[2023-07-28T15:40:40.814+0200][597,113s] GC(28) Pause Young (Concurrent Start) (G1 Humongous Allocation)
[2023-07-28T15:40:40.814+0200][597,113s] GC(28) Using 8 workers of 8 for evacuation
[2023-07-28T15:40:40.818+0200][597,117s] GC(28)   Pre Evacuate Collection Set: 0,1ms
[2023-07-28T15:40:40.818+0200][597,117s] GC(28)   Merge Heap Roots: 0,1ms
[2023-07-28T15:40:40.818+0200][597,117s] GC(28)   Evacuate Collection Set: 3,2ms
[2023-07-28T15:40:40.818+0200][597,117s] GC(28)   Post Evacuate Collection Set: 0,4ms
[2023-07-28T15:40:40.818+0200][597,117s] GC(28)   Other: 0,1ms
[2023-07-28T15:40:40.818+0200][597,117s] GC(28) Eden regions: 6->0(247)
[2023-07-28T15:40:40.818+0200][597,117s] GC(28) Survivor regions: 14->14(37)
[2023-07-28T15:40:40.818+0200][597,117s] GC(28) Old regions: 45->45
[2023-07-28T15:40:40.818+0200][597,117s] GC(28) Archive regions: 2->2
[2023-07-28T15:40:40.818+0200][597,117s] GC(28) Humongous regions: 184->136
[2023-07-28T15:40:40.818+0200][597,117s] GC(28) Metaspace: 59239K(60160K)->59239K(60160K) NonClass: 52071K(52608K)->52071K(52608K) Class: 7168K(7552K)->7168K(7552K)
[2023-07-28T15:40:40.818+0200][597,117s] GC(28) Pause Young (Concurrent Start) (G1 Humongous Allocation) 248M->194M(512M) 4,026ms
[2023-07-28T15:40:40.818+0200][597,117s] GC(28) User=0,01s Sys=0,00s Real=0,00s
[2023-07-28T15:40:40.818+0200][597,117s] GC(29) Concurrent Undo Cycle
[2023-07-28T15:40:40.818+0200][597,117s] GC(29) Concurrent Cleanup for Next Mark
[2023-07-28T15:40:40.818+0200][597,117s] GC(29) Concurrent Cleanup for Next Mark 0,243ms
[2023-07-28T15:40:40.818+0200][597,117s] GC(29) Concurrent Undo Cycle 0,273ms
[2023-07-28T15:40:40.840+0200][597,140s] GC(30) Pause Young (Concurrent Start) (G1 Humongous Allocation)
[2023-07-28T15:40:40.840+0200][597,140s] GC(30) Using 8 workers of 8 for evacuation
[2023-07-28T15:40:40.845+0200][597,144s] GC(30)   Pre Evacuate Collection Set: 0,1ms
[2023-07-28T15:40:40.845+0200][597,144s] GC(30)   Merge Heap Roots: 0,1ms
[2023-07-28T15:40:40.845+0200][597,144s] GC(30)   Evacuate Collection Set: 3,6ms
[2023-07-28T15:40:40.845+0200][597,144s] GC(30)   Post Evacuate Collection Set: 0,3ms
[2023-07-28T15:40:40.845+0200][597,144s] GC(30)   Other: 0,2ms
[2023-07-28T15:40:40.845+0200][597,144s] GC(30) Eden regions: 3->0(230)
[2023-07-28T15:40:40.845+0200][597,144s] GC(30) Survivor regions: 14->14(33)
[2023-07-28T15:40:40.845+0200][597,144s] GC(30) Old regions: 45->45
[2023-07-28T15:40:40.845+0200][597,144s] GC(30) Archive regions: 2->2
[2023-07-28T15:40:40.845+0200][597,144s] GC(30) Humongous regions: 175->155
[2023-07-28T15:40:40.845+0200][597,144s] GC(30) Metaspace: 59239K(60160K)->59239K(60160K) NonClass: 52071K(52608K)->52071K(52608K) Class: 7168K(7552K)->7168K(7552K)
[2023-07-28T15:40:40.845+0200][597,144s] GC(30) Pause Young (Concurrent Start) (G1 Humongous Allocation) 236M->213M(512M) 4,447ms
[2023-07-28T15:40:40.845+0200][597,144s] GC(30) User=0,01s Sys=0,00s Real=0,00s
[2023-07-28T15:40:40.845+0200][597,144s] GC(31) Concurrent Undo Cycle
[2023-07-28T15:40:40.845+0200][597,144s] GC(31) Concurrent Cleanup for Next Mark
[2023-07-28T15:40:40.845+0200][597,144s] GC(31) Concurrent Cleanup for Next Mark 0,393ms
[2023-07-28T15:40:40.845+0200][597,145s] GC(31) Concurrent Undo Cycle 0,432ms
[2023-07-28T15:40:40.879+0200][597,178s] GC(32) Pause Young (Concurrent Start) (G1 Humongous Allocation)
[2023-07-28T15:40:40.879+0200][597,178s] GC(32) Using 8 workers of 8 for evacuation
[2023-07-28T15:40:40.883+0200][597,182s] GC(32)   Pre Evacuate Collection Set: 0,1ms
[2023-07-28T15:40:40.883+0200][597,182s] GC(32)   Merge Heap Roots: 0,1ms
[2023-07-28T15:40:40.883+0200][597,182s] GC(32)   Evacuate Collection Set: 3,3ms
[2023-07-28T15:40:40.883+0200][597,182s] GC(32)   Post Evacuate Collection Set: 0,5ms
[2023-07-28T15:40:40.883+0200][597,182s] GC(32)   Other: 0,2ms
[2023-07-28T15:40:40.883+0200][597,182s] GC(32) Eden regions: 26->0(211)
[2023-07-28T15:40:40.883+0200][597,182s] GC(32) Survivor regions: 14->23(31)
[2023-07-28T15:40:40.883+0200][597,182s] GC(32) Old regions: 45->45
[2023-07-28T15:40:40.883+0200][597,182s] GC(32) Archive regions: 2->2
[2023-07-28T15:40:40.883+0200][597,182s] GC(32) Humongous regions: 167->156
[2023-07-28T15:40:40.883+0200][597,182s] GC(32) Metaspace: 59239K(60160K)->59239K(60160K) NonClass: 52071K(52608K)->52071K(52608K) Class: 7168K(7552K)->7168K(7552K)
[2023-07-28T15:40:40.883+0200][597,182s] GC(32) Pause Young (Concurrent Start) (G1 Humongous Allocation) 251M->224M(512M) 4,232ms
[2023-07-28T15:40:40.883+0200][597,182s] GC(32) User=0,01s Sys=0,00s Real=0,01s
[2023-07-28T15:40:40.883+0200][597,182s] GC(33) Concurrent Undo Cycle
[2023-07-28T15:40:40.883+0200][597,182s] GC(33) Concurrent Cleanup for Next Mark
[2023-07-28T15:40:40.883+0200][597,182s] GC(33) Concurrent Cleanup for Next Mark 0,264ms
[2023-07-28T15:40:40.883+0200][597,182s] GC(33) Concurrent Undo Cycle 0,289ms
[2023-07-28T15:40:40.890+0200][597,190s] GC(34) Pause Young (Concurrent Start) (G1 Humongous Allocation)
[2023-07-28T15:40:40.890+0200][597,190s] GC(34) Using 8 workers of 8 for evacuation
[2023-07-28T15:40:40.895+0200][597,194s] GC(34)   Pre Evacuate Collection Set: 0,1ms
[2023-07-28T15:40:40.895+0200][597,194s] GC(34)   Merge Heap Roots: 0,1ms
[2023-07-28T15:40:40.895+0200][597,194s] GC(34)   Evacuate Collection Set: 3,4ms
[2023-07-28T15:40:40.895+0200][597,194s] GC(34)   Post Evacuate Collection Set: 0,4ms
[2023-07-28T15:40:40.895+0200][597,194s] GC(34)   Other: 0,1ms
[2023-07-28T15:40:40.895+0200][597,194s] GC(34) Eden regions: 2->0(150)
[2023-07-28T15:40:40.895+0200][597,194s] GC(34) Survivor regions: 23->12(30)
[2023-07-28T15:40:40.895+0200][597,194s] GC(34) Old regions: 45->57
[2023-07-28T15:40:40.895+0200][597,194s] GC(34) Archive regions: 2->2
[2023-07-28T15:40:40.895+0200][597,194s] GC(34) Humongous regions: 229->192
[2023-07-28T15:40:40.895+0200][597,194s] GC(34) Metaspace: 59239K(60160K)->59239K(60160K) NonClass: 52071K(52608K)->52071K(52608K) Class: 7168K(7552K)->7168K(7552K)
[2023-07-28T15:40:40.895+0200][597,194s] GC(34) Pause Young (Concurrent Start) (G1 Humongous Allocation) 298M->260M(512M) 4,233ms
[2023-07-28T15:40:40.895+0200][597,194s] GC(34) User=0,02s Sys=0,00s Real=0,00s
[2023-07-28T15:40:40.895+0200][597,194s] GC(35) Concurrent Mark Cycle
[2023-07-28T15:40:40.895+0200][597,194s] GC(35) Concurrent Clear Claimed Marks
[2023-07-28T15:40:40.895+0200][597,194s] GC(35) Concurrent Clear Claimed Marks 0,031ms
[2023-07-28T15:40:40.895+0200][597,194s] GC(35) Concurrent Scan Root Regions
[2023-07-28T15:40:40.896+0200][597,195s] GC(35) Concurrent Scan Root Regions 1,074ms
[2023-07-28T15:40:40.896+0200][597,195s] GC(35) Concurrent Mark
[2023-07-28T15:40:40.896+0200][597,195s] GC(35) Concurrent Mark From Roots
[2023-07-28T15:40:40.896+0200][597,195s] GC(35) Using 2 workers of 2 for marking
[2023-07-28T15:40:40.916+0200][597,215s] GC(35) Concurrent Mark From Roots 19,612ms
[2023-07-28T15:40:40.916+0200][597,215s] GC(35) Concurrent Preclean
[2023-07-28T15:40:40.916+0200][597,215s] GC(35) Concurrent Preclean 0,165ms
[2023-07-28T15:40:40.916+0200][597,215s] GC(35) Pause Remark
[2023-07-28T15:40:40.935+0200][597,234s] GC(35) Pause Remark 268M->268M(512M) 18,347ms
[2023-07-28T15:40:40.935+0200][597,234s] GC(35) User=0,04s Sys=0,02s Real=0,02s
[2023-07-28T15:40:40.935+0200][597,234s] GC(35) Concurrent Mark 38,799ms
[2023-07-28T15:40:40.935+0200][597,234s] GC(35) Concurrent Rebuild Remembered Sets
[2023-07-28T15:40:40.949+0200][597,249s] GC(35) Concurrent Rebuild Remembered Sets 14,577ms
[2023-07-28T15:40:40.950+0200][597,249s] GC(35) Pause Cleanup
[2023-07-28T15:40:40.950+0200][597,249s] GC(35) Pause Cleanup 268M->268M(512M) 0,095ms
[2023-07-28T15:40:40.950+0200][597,249s] GC(35) User=0,00s Sys=0,00s Real=0,00s
[2023-07-28T15:40:40.950+0200][597,249s] GC(35) Concurrent Cleanup for Next Mark
[2023-07-28T15:40:40.951+0200][597,251s] GC(35) Concurrent Cleanup for Next Mark 1,707ms
[2023-07-28T15:40:40.952+0200][597,251s] GC(35) Concurrent Mark Cycle 56,805ms
[2023-07-28T15:40:40.968+0200][597,267s] GC(36) Pause Young (Concurrent Start) (G1 Humongous Allocation)
[2023-07-28T15:40:40.968+0200][597,267s] GC(36) Using 8 workers of 8 for evacuation
[2023-07-28T15:40:40.970+0200][597,269s] GC(36)   Pre Evacuate Collection Set: 0,1ms
[2023-07-28T15:40:40.970+0200][597,269s] GC(36)   Merge Heap Roots: 0,0ms
[2023-07-28T15:40:40.970+0200][597,269s] GC(36)   Evacuate Collection Set: 1,1ms
[2023-07-28T15:40:40.970+0200][597,269s] GC(36)   Post Evacuate Collection Set: 0,3ms
[2023-07-28T15:40:40.970+0200][597,269s] GC(36)   Other: 0,1ms
[2023-07-28T15:40:40.970+0200][597,269s] GC(36) Eden regions: 3->0(143)
[2023-07-28T15:40:40.970+0200][597,269s] GC(36) Survivor regions: 12->12(21)
[2023-07-28T15:40:40.970+0200][597,269s] GC(36) Old regions: 57->57
[2023-07-28T15:40:40.970+0200][597,269s] GC(36) Archive regions: 2->2
[2023-07-28T15:40:40.970+0200][597,269s] GC(36) Humongous regions: 198->195
[2023-07-28T15:40:40.970+0200][597,269s] GC(36) Metaspace: 59236K(60160K)->59236K(60160K) NonClass: 52068K(52608K)->52068K(52608K) Class: 7167K(7552K)->7167K(7552K)
[2023-07-28T15:40:40.970+0200][597,269s] GC(36) Pause Young (Concurrent Start) (G1 Humongous Allocation) 268M->263M(512M) 1,814ms
[2023-07-28T15:40:40.970+0200][597,269s] GC(36) User=0,01s Sys=0,00s Real=0,01s
[2023-07-28T15:40:40.970+0200][597,269s] GC(37) Concurrent Mark Cycle
[2023-07-28T15:40:40.970+0200][597,269s] GC(37) Concurrent Clear Claimed Marks
[2023-07-28T15:40:40.970+0200][597,269s] GC(37) Concurrent Clear Claimed Marks 0,034ms
[2023-07-28T15:40:40.970+0200][597,269s] GC(37) Concurrent Scan Root Regions
[2023-07-28T15:40:40.970+0200][597,270s] GC(37) Concurrent Scan Root Regions 0,381ms
[2023-07-28T15:40:40.971+0200][597,270s] GC(37) Concurrent Mark
[2023-07-28T15:40:40.971+0200][597,270s] GC(37) Concurrent Mark From Roots
[2023-07-28T15:40:40.971+0200][597,270s] GC(37) Using 2 workers of 2 for marking
[2023-07-28T15:40:40.990+0200][597,290s] GC(37) Concurrent Mark From Roots 19,914ms
[2023-07-28T15:40:40.991+0200][597,290s] GC(37) Concurrent Preclean
[2023-07-28T15:40:40.991+0200][597,290s] GC(37) Concurrent Preclean 0,173ms
[2023-07-28T15:40:40.992+0200][597,291s] GC(37) Pause Remark
[2023-07-28T15:40:41.000+0200][597,299s] GC(37) Pause Remark 273M->273M(512M) 7,636ms
[2023-07-28T15:40:41.000+0200][597,299s] GC(37) User=0,03s Sys=0,01s Real=0,01s
[2023-07-28T15:40:41.000+0200][597,299s] GC(37) Concurrent Mark 29,469ms
[2023-07-28T15:40:41.000+0200][597,299s] GC(37) Concurrent Rebuild Remembered Sets
[2023-07-28T15:40:41.012+0200][597,311s] GC(37) Concurrent Rebuild Remembered Sets 11,782ms
[2023-07-28T15:40:41.012+0200][597,311s] GC(37) Pause Cleanup
[2023-07-28T15:40:41.012+0200][597,311s] GC(37) Pause Cleanup 273M->273M(512M) 0,151ms
[2023-07-28T15:40:41.012+0200][597,311s] GC(37) User=0,00s Sys=0,00s Real=0,00s
[2023-07-28T15:40:41.012+0200][597,312s] GC(37) Concurrent Cleanup for Next Mark
[2023-07-28T15:40:41.013+0200][597,312s] GC(37) Concurrent Cleanup for Next Mark 0,270ms
[2023-07-28T15:40:41.013+0200][597,312s] GC(37) Concurrent Mark Cycle 42,526ms
[2023-07-28T15:40:41.191+0200][597,490s] GC(38) Pause Young (Prepare Mixed) (G1 Humongous Allocation)
[2023-07-28T15:40:41.191+0200][597,490s] GC(38) Using 8 workers of 8 for evacuation
[2023-07-28T15:40:41.193+0200][597,492s] GC(38)   Pre Evacuate Collection Set: 0,1ms
[2023-07-28T15:40:41.193+0200][597,492s] GC(38)   Merge Heap Roots: 0,1ms
[2023-07-28T15:40:41.193+0200][597,492s] GC(38)   Evacuate Collection Set: 1,6ms
[2023-07-28T15:40:41.193+0200][597,492s] GC(38)   Post Evacuate Collection Set: 0,4ms
[2023-07-28T15:40:41.193+0200][597,492s] GC(38)   Other: 0,1ms
[2023-07-28T15:40:41.193+0200][597,492s] GC(38) Eden regions: 9->0(12)
[2023-07-28T15:40:41.193+0200][597,492s] GC(38) Survivor regions: 12->13(20)
[2023-07-28T15:40:41.193+0200][597,492s] GC(38) Old regions: 57->57
[2023-07-28T15:40:41.193+0200][597,492s] GC(38) Archive regions: 2->2
[2023-07-28T15:40:41.193+0200][597,492s] GC(38) Humongous regions: 311->256
[2023-07-28T15:40:41.193+0200][597,492s] GC(38) Metaspace: 59228K(60160K)->59228K(60160K) NonClass: 52063K(52608K)->52063K(52608K) Class: 7164K(7552K)->7164K(7552K)
[2023-07-28T15:40:41.193+0200][597,492s] GC(38) Pause Young (Prepare Mixed) (G1 Humongous Allocation) 387M->325M(512M) 2,373ms
[2023-07-28T15:40:41.193+0200][597,492s] GC(38) User=0,01s Sys=0,00s Real=0,00s
[2023-07-28T15:40:41.193+0200][597,492s] Attempting full compaction
[2023-07-28T15:40:41.193+0200][597,492s] GC(39) Using 8 workers of 8 for full compaction
[2023-07-28T15:40:41.193+0200][597,492s] GC(39) Pause Full (G1 Compaction Pause)
[2023-07-28T15:40:41.193+0200][597,492s] GC(39) Phase 1: Mark live objects
[2023-07-28T15:40:41.212+0200][597,511s] GC(39) Phase 1: Mark live objects 19,047ms
[2023-07-28T15:40:41.212+0200][597,511s] GC(39) Phase 2: Prepare for compaction
[2023-07-28T15:40:41.216+0200][597,515s] GC(39) Phase 2: Prepare for compaction 3,371ms
[2023-07-28T15:40:41.216+0200][597,515s] GC(39) Phase 3: Adjust pointers
[2023-07-28T15:40:41.241+0200][597,541s] GC(39) Phase 3: Adjust pointers 25,732ms
[2023-07-28T15:40:41.241+0200][597,541s] GC(39) Phase 4: Compact heap
[2023-07-28T15:40:41.244+0200][597,543s] GC(39) Phase 4: Compact heap 2,514ms
[2023-07-28T15:40:41.248+0200][597,548s] GC(39) Eden regions: 0->0(98)
[2023-07-28T15:40:41.248+0200][597,548s] GC(39) Survivor regions: 13->0(20)
[2023-07-28T15:40:41.248+0200][597,548s] GC(39) Old regions: 57->67
[2023-07-28T15:40:41.248+0200][597,548s] GC(39) Archive regions: 2->2
[2023-07-28T15:40:41.248+0200][597,548s] GC(39) Humongous regions: 256->256
[2023-07-28T15:40:41.248+0200][597,548s] GC(39) Metaspace: 59228K(60160K)->59228K(60160K) NonClass: 52063K(52608K)->52063K(52608K) Class: 7164K(7552K)->7164K(7552K)
[2023-07-28T15:40:41.249+0200][597,548s] GC(39) Pause Full (G1 Compaction Pause) 325M->320M(512M) 55,363ms
[2023-07-28T15:40:41.249+0200][597,548s] GC(39) User=0,14s Sys=0,05s Real=0,05s
[2023-07-28T15:40:41.249+0200][597,548s] Attempting maximum full compaction clearing soft references
[2023-07-28T15:40:41.249+0200][597,548s] GC(40) Using 8 workers of 8 for full compaction
[2023-07-28T15:40:41.249+0200][597,548s] GC(40) Pause Full (G1 Compaction Pause)
[2023-07-28T15:40:41.249+0200][597,548s] GC(40) Phase 1: Mark live objects
[2023-07-28T15:40:41.259+0200][597,558s] GC(40) Phase 1: Mark live objects 10,473ms
[2023-07-28T15:40:41.259+0200][597,559s] GC(40) Phase 2: Prepare for compaction
[2023-07-28T15:40:41.262+0200][597,561s] GC(40) Phase 2: Prepare for compaction 2,943ms
[2023-07-28T15:40:41.262+0200][597,561s] GC(40) Phase 3: Adjust pointers
[2023-07-28T15:40:41.272+0200][597,571s] GC(40) Phase 3: Adjust pointers 9,726ms
[2023-07-28T15:40:41.272+0200][597,571s] GC(40) Phase 4: Compact heap
[2023-07-28T15:40:41.278+0200][597,578s] GC(40) Phase 4: Compact heap 6,438ms
[2023-07-28T15:40:41.283+0200][597,582s] GC(40) Eden regions: 0->0(99)
[2023-07-28T15:40:41.283+0200][597,582s] GC(40) Survivor regions: 0->0(20)
[2023-07-28T15:40:41.283+0200][597,582s] GC(40) Old regions: 67->66
[2023-07-28T15:40:41.283+0200][597,582s] GC(40) Archive regions: 2->2
[2023-07-28T15:40:41.283+0200][597,582s] GC(40) Humongous regions: 256->256
[2023-07-28T15:40:41.283+0200][597,582s] GC(40) Metaspace: 59228K(60160K)->59228K(60160K) NonClass: 52063K(52608K)->52063K(52608K) Class: 7164K(7552K)->7164K(7552K)
[2023-07-28T15:40:41.283+0200][597,582s] GC(40) Pause Full (G1 Compaction Pause) 320M->319M(512M) 33,870ms
[2023-07-28T15:40:41.283+0200][597,582s] GC(40) User=0,15s Sys=0,03s Real=0,04s
[2023-07-28T15:40:41.394+0200][597,693s] GC(41) Pause Young (Concurrent Start) (G1 Humongous Allocation)
[2023-07-28T15:40:41.394+0200][597,693s] GC(41) Using 8 workers of 8 for evacuation
[2023-07-28T15:40:41.396+0200][597,695s] GC(41)   Pre Evacuate Collection Set: 0,1ms
[2023-07-28T15:40:41.396+0200][597,695s] GC(41)   Merge Heap Roots: 0,1ms
[2023-07-28T15:40:41.396+0200][597,695s] GC(41)   Evacuate Collection Set: 1,3ms
[2023-07-28T15:40:41.396+0200][597,695s] GC(41)   Post Evacuate Collection Set: 0,4ms
[2023-07-28T15:40:41.396+0200][597,695s] GC(41)   Other: 0,1ms
[2023-07-28T15:40:41.396+0200][597,695s] GC(41) Eden regions: 3->0(42)
[2023-07-28T15:40:41.396+0200][597,695s] GC(41) Survivor regions: 0->2(13)
[2023-07-28T15:40:41.396+0200][597,695s] GC(41) Old regions: 66->66
[2023-07-28T15:40:41.396+0200][597,695s] GC(41) Archive regions: 2->2
[2023-07-28T15:40:41.396+0200][597,695s] GC(41) Humongous regions: 319->319
[2023-07-28T15:40:41.396+0200][597,695s] GC(41) Metaspace: 59229K(60160K)->59229K(60160K) NonClass: 52064K(52608K)->52064K(52608K) Class: 7164K(7552K)->7164K(7552K)
[2023-07-28T15:40:41.396+0200][597,695s] GC(41) Pause Young (Concurrent Start) (G1 Humongous Allocation) 385M->383M(512M) 2,056ms
[2023-07-28T15:40:41.396+0200][597,695s] GC(41) User=0,00s Sys=0,00s Real=0,00s
[2023-07-28T15:40:41.396+0200][597,695s] GC(42) Concurrent Mark Cycle
[2023-07-28T15:40:41.396+0200][597,695s] GC(42) Concurrent Clear Claimed Marks
[2023-07-28T15:40:41.396+0200][597,695s] GC(42) Concurrent Clear Claimed Marks 0,009ms
[2023-07-28T15:40:41.396+0200][597,695s] GC(42) Concurrent Scan Root Regions
[2023-07-28T15:40:41.396+0200][597,695s] GC(42) Concurrent Scan Root Regions 0,367ms
[2023-07-28T15:40:41.396+0200][597,695s] GC(42) Concurrent Mark
[2023-07-28T15:40:41.396+0200][597,695s] GC(42) Concurrent Mark From Roots
[2023-07-28T15:40:41.396+0200][597,695s] GC(42) Using 2 workers of 2 for marking
[2023-07-28T15:40:41.415+0200][597,714s] GC(42) Concurrent Mark From Roots 19,074ms
[2023-07-28T15:40:41.415+0200][597,714s] GC(42) Concurrent Preclean
[2023-07-28T15:40:41.415+0200][597,715s] GC(42) Concurrent Preclean 0,230ms
[2023-07-28T15:40:41.416+0200][597,715s] GC(42) Pause Remark
[2023-07-28T15:40:41.426+0200][597,726s] GC(42) Pause Remark 400M->327M(512M) 10,347ms
[2023-07-28T15:40:41.426+0200][597,726s] GC(42) User=0,02s Sys=0,02s Real=0,01s
[2023-07-28T15:40:41.426+0200][597,726s] GC(42) Concurrent Mark 30,298ms
[2023-07-28T15:40:41.426+0200][597,726s] GC(42) Concurrent Rebuild Remembered Sets
[2023-07-28T15:40:41.437+0200][597,737s] GC(42) Concurrent Rebuild Remembered Sets 10,993ms
[2023-07-28T15:40:41.438+0200][597,737s] GC(42) Pause Cleanup
[2023-07-28T15:40:41.438+0200][597,737s] GC(42) Pause Cleanup 335M->335M(512M) 0,099ms
[2023-07-28T15:40:41.438+0200][597,737s] GC(42) User=0,00s Sys=0,00s Real=0,00s
[2023-07-28T15:40:41.438+0200][597,737s] GC(42) Concurrent Cleanup for Next Mark
[2023-07-28T15:40:41.438+0200][597,737s] GC(42) Concurrent Cleanup for Next Mark 0,254ms
[2023-07-28T15:40:41.438+0200][597,737s] GC(42) Concurrent Mark Cycle 42,493ms
[2023-07-28T15:40:41.458+0200][597,757s] GC(43) Pause Young (Normal) (G1 Evacuation Pause)
[2023-07-28T15:40:41.458+0200][597,757s] GC(43) Using 8 workers of 8 for evacuation
[2023-07-28T15:40:41.460+0200][597,759s] GC(43)   Pre Evacuate Collection Set: 0,0ms
[2023-07-28T15:40:41.460+0200][597,759s] GC(43)   Merge Heap Roots: 0,1ms
[2023-07-28T15:40:41.460+0200][597,759s] GC(43)   Evacuate Collection Set: 1,2ms
[2023-07-28T15:40:41.460+0200][597,759s] GC(43)   Post Evacuate Collection Set: 0,3ms
[2023-07-28T15:40:41.460+0200][597,759s] GC(43)   Other: 0,1ms
[2023-07-28T15:40:41.460+0200][597,759s] GC(43) Eden regions: 42->0(76)
[2023-07-28T15:40:41.460+0200][597,759s] GC(43) Survivor regions: 2->6(6)
[2023-07-28T15:40:41.460+0200][597,759s] GC(43) Old regions: 66->78
[2023-07-28T15:40:41.460+0200][597,759s] GC(43) Archive regions: 2->2
[2023-07-28T15:40:41.460+0200][597,759s] GC(43) Humongous regions: 250->248
[2023-07-28T15:40:41.460+0200][597,759s] GC(43) Metaspace: 59235K(60160K)->59235K(60160K) NonClass: 52070K(52608K)->52070K(52608K) Class: 7164K(7552K)->7164K(7552K)
[2023-07-28T15:40:41.460+0200][597,759s] GC(43) Pause Young (Normal) (G1 Evacuation Pause) 356M->329M(512M) 1,771ms
[2023-07-28T15:40:41.460+0200][597,759s] GC(43) User=0,00s Sys=0,00s Real=0,01s
[2023-07-28T15:40:41.475+0200][597,775s] GC(44) Pause Young (Concurrent Start) (G1 Humongous Allocation)
[2023-07-28T15:40:41.475+0200][597,775s] GC(44) Using 8 workers of 8 for evacuation
[2023-07-28T15:40:41.477+0200][597,776s] GC(44)   Pre Evacuate Collection Set: 0,1ms
[2023-07-28T15:40:41.477+0200][597,776s] GC(44)   Merge Heap Roots: 0,1ms
[2023-07-28T15:40:41.477+0200][597,776s] GC(44)   Evacuate Collection Set: 1,1ms
[2023-07-28T15:40:41.477+0200][597,776s] GC(44)   Post Evacuate Collection Set: 0,3ms
[2023-07-28T15:40:41.477+0200][597,776s] GC(44)   Other: 0,1ms
[2023-07-28T15:40:41.477+0200][597,776s] GC(44) Eden regions: 15->0(58)
[2023-07-28T15:40:41.477+0200][597,776s] GC(44) Survivor regions: 6->11(11)
[2023-07-28T15:40:41.477+0200][597,776s] GC(44) Old regions: 78->84
[2023-07-28T15:40:41.477+0200][597,776s] GC(44) Archive regions: 2->2
[2023-07-28T15:40:41.477+0200][597,776s] GC(44) Humongous regions: 248->248
[2023-07-28T15:40:41.477+0200][597,776s] GC(44) Metaspace: 59235K(60160K)->59235K(60160K) NonClass: 52070K(52608K)->52070K(52608K) Class: 7164K(7552K)->7164K(7552K)
[2023-07-28T15:40:41.477+0200][597,776s] GC(44) Pause Young (Concurrent Start) (G1 Humongous Allocation) 343M->339M(512M) 1,734ms
[2023-07-28T15:40:41.477+0200][597,776s] GC(44) User=0,01s Sys=0,01s Real=0,00s
[2023-07-28T15:40:41.477+0200][597,776s] GC(45) Concurrent Mark Cycle
[2023-07-28T15:40:41.477+0200][597,776s] GC(45) Concurrent Clear Claimed Marks
[2023-07-28T15:40:41.477+0200][597,776s] GC(45) Concurrent Clear Claimed Marks 0,028ms
[2023-07-28T15:40:41.477+0200][597,776s] GC(45) Concurrent Scan Root Regions
[2023-07-28T15:40:41.478+0200][597,777s] GC(45) Concurrent Scan Root Regions 0,480ms
[2023-07-28T15:40:41.478+0200][597,777s] GC(45) Concurrent Mark
[2023-07-28T15:40:41.478+0200][597,777s] GC(45) Concurrent Mark From Roots
[2023-07-28T15:40:41.478+0200][597,777s] GC(45) Using 2 workers of 2 for marking
[2023-07-28T15:40:41.497+0200][597,796s] GC(45) Concurrent Mark From Roots 19,131ms
[2023-07-28T15:40:41.497+0200][597,796s] GC(45) Concurrent Preclean
[2023-07-28T15:40:41.497+0200][597,796s] GC(45) Concurrent Preclean 0,256ms
[2023-07-28T15:40:41.497+0200][597,797s] GC(45) Pause Remark
[2023-07-28T15:40:41.503+0200][597,802s] GC(45) Pause Remark 402M->402M(512M) 5,263ms
[2023-07-28T15:40:41.503+0200][597,802s] GC(45) User=0,02s Sys=0,01s Real=0,01s
[2023-07-28T15:40:41.503+0200][597,802s] GC(45) Concurrent Mark 25,009ms
[2023-07-28T15:40:41.503+0200][597,802s] GC(45) Concurrent Rebuild Remembered Sets
[2023-07-28T15:40:41.514+0200][597,813s] GC(45) Concurrent Rebuild Remembered Sets 11,064ms
[2023-07-28T15:40:41.514+0200][597,813s] GC(45) Pause Cleanup
[2023-07-28T15:40:41.514+0200][597,813s] GC(45) Pause Cleanup 415M->415M(512M) 0,100ms
[2023-07-28T15:40:41.514+0200][597,813s] GC(45) User=0,00s Sys=0,00s Real=0,00s
[2023-07-28T15:40:41.514+0200][597,814s] GC(45) Concurrent Cleanup for Next Mark
[2023-07-28T15:40:41.515+0200][597,814s] GC(45) Concurrent Cleanup for Next Mark 0,262ms
[2023-07-28T15:40:41.515+0200][597,814s] GC(45) Concurrent Mark Cycle 37,370ms
[2023-07-28T15:40:41.542+0200][597,842s] GC(46) Pause Young (Prepare Mixed) (G1 Preventive Collection)
[2023-07-28T15:40:41.542+0200][597,842s] GC(46) Using 8 workers of 8 for evacuation
[2023-07-28T15:40:41.544+0200][597,843s] GC(46)   Pre Evacuate Collection Set: 0,1ms
[2023-07-28T15:40:41.544+0200][597,843s] GC(46)   Merge Heap Roots: 0,1ms
[2023-07-28T15:40:41.544+0200][597,843s] GC(46)   Evacuate Collection Set: 1,0ms
[2023-07-28T15:40:41.544+0200][597,843s] GC(46)   Post Evacuate Collection Set: 0,2ms
[2023-07-28T15:40:41.544+0200][597,843s] GC(46)   Other: 0,1ms
[2023-07-28T15:40:41.544+0200][597,843s] GC(46) Eden regions: 10->0(24)
[2023-07-28T15:40:41.544+0200][597,843s] GC(46) Survivor regions: 11->1(9)
[2023-07-28T15:40:41.544+0200][597,843s] GC(46) Old regions: 84->85
[2023-07-28T15:40:41.544+0200][597,843s] GC(46) Archive regions: 2->2
[2023-07-28T15:40:41.544+0200][597,843s] GC(46) Humongous regions: 391->350
[2023-07-28T15:40:41.544+0200][597,843s] GC(46) Metaspace: 59261K(60160K)->59261K(60160K) NonClass: 52097K(52608K)->52097K(52608K) Class: 7164K(7552K)->7164K(7552K)
[2023-07-28T15:40:41.544+0200][597,843s] GC(46) Pause Young (Prepare Mixed) (G1 Preventive Collection) 492M->432M(512M) 1,587ms
[2023-07-28T15:40:41.544+0200][597,843s] GC(46) User=0,01s Sys=0,00s Real=0,00s
[2023-07-28T15:40:41.552+0200][597,851s] GC(47) Pause Young (Mixed) (G1 Preventive Collection)
[2023-07-28T15:40:41.552+0200][597,851s] GC(47) Using 8 workers of 8 for evacuation
[2023-07-28T15:40:41.556+0200][597,855s] GC(47)   Pre Evacuate Collection Set: 0,1ms
[2023-07-28T15:40:41.556+0200][597,855s] GC(47)   Merge Heap Roots: 0,0ms
[2023-07-28T15:40:41.556+0200][597,855s] GC(47)   Evacuate Collection Set: 3,1ms
[2023-07-28T15:40:41.556+0200][597,855s] GC(47)   Post Evacuate Collection Set: 0,4ms
[2023-07-28T15:40:41.556+0200][597,855s] GC(47)   Other: 0,1ms
[2023-07-28T15:40:41.556+0200][597,855s] GC(47) Eden regions: 5->0(21)
[2023-07-28T15:40:41.556+0200][597,855s] GC(47) Survivor regions: 1->4(4)
[2023-07-28T15:40:41.556+0200][597,855s] GC(47) Old regions: 85->85
[2023-07-28T15:40:41.556+0200][597,855s] GC(47) Archive regions: 2->2
[2023-07-28T15:40:41.556+0200][597,855s] GC(47) Humongous regions: 414->354
[2023-07-28T15:40:41.556+0200][597,855s] GC(47) Metaspace: 59261K(60160K)->59261K(60160K) NonClass: 52097K(52608K)->52097K(52608K) Class: 7164K(7552K)->7164K(7552K)
[2023-07-28T15:40:41.556+0200][597,855s] GC(47) Pause Young (Mixed) (G1 Preventive Collection) 501M->441M(512M) 3,858ms
[2023-07-28T15:40:41.556+0200][597,855s] GC(47) User=0,00s Sys=0,00s Real=0,00s
[2023-07-28T15:40:41.557+0200][597,856s] GC(48) Pause Young (Concurrent Start) (G1 Humongous Allocation)
[2023-07-28T15:40:41.557+0200][597,856s] GC(48) Using 8 workers of 8 for evacuation
[2023-07-28T15:40:41.558+0200][597,857s] GC(48)   Pre Evacuate Collection Set: 0,1ms
[2023-07-28T15:40:41.558+0200][597,857s] GC(48)   Merge Heap Roots: 0,0ms
[2023-07-28T15:40:41.558+0200][597,857s] GC(48)   Evacuate Collection Set: 0,6ms
[2023-07-28T15:40:41.558+0200][597,857s] GC(48)   Post Evacuate Collection Set: 0,2ms
[2023-07-28T15:40:41.558+0200][597,857s] GC(48)   Other: 0,1ms
[2023-07-28T15:40:41.558+0200][597,857s] GC(48) Eden regions: 1->0(24)
[2023-07-28T15:40:41.558+0200][597,857s] GC(48) Survivor regions: 4->1(4)
[2023-07-28T15:40:41.558+0200][597,857s] GC(48) Old regions: 85->89
[2023-07-28T15:40:41.558+0200][597,857s] GC(48) Archive regions: 2->2
[2023-07-28T15:40:41.558+0200][597,857s] GC(48) Humongous regions: 354->354
[2023-07-28T15:40:41.558+0200][597,857s] GC(48) Metaspace: 59261K(60160K)->59261K(60160K) NonClass: 52097K(52608K)->52097K(52608K) Class: 7164K(7552K)->7164K(7552K)
[2023-07-28T15:40:41.558+0200][597,857s] GC(48) Pause Young (Concurrent Start) (G1 Humongous Allocation) 441M->441M(512M) 1,080ms
[2023-07-28T15:40:41.558+0200][597,857s] GC(48) User=0,00s Sys=0,01s Real=0,00s
[2023-07-28T15:40:41.558+0200][597,857s] GC(49) Concurrent Mark Cycle
[2023-07-28T15:40:41.558+0200][597,857s] GC(49) Concurrent Clear Claimed Marks
[2023-07-28T15:40:41.558+0200][597,857s] GC(49) Concurrent Clear Claimed Marks 0,012ms
[2023-07-28T15:40:41.558+0200][597,857s] GC(49) Concurrent Scan Root Regions
[2023-07-28T15:40:41.558+0200][597,858s] GC(49) Concurrent Scan Root Regions 0,397ms
[2023-07-28T15:40:41.558+0200][597,858s] GC(49) Concurrent Mark
[2023-07-28T15:40:41.558+0200][597,858s] GC(49) Concurrent Mark From Roots
[2023-07-28T15:40:41.558+0200][597,858s] GC(49) Using 2 workers of 2 for marking
[2023-07-28T15:40:41.578+0200][597,878s] GC(49) Concurrent Mark From Roots 20,021ms
[2023-07-28T15:40:41.578+0200][597,878s] GC(49) Concurrent Preclean
[2023-07-28T15:40:41.579+0200][597,878s] GC(49) Concurrent Preclean 0,215ms
[2023-07-28T15:40:41.579+0200][597,878s] GC(49) Pause Remark
[2023-07-28T15:40:41.587+0200][597,886s] GC(49) Pause Remark 470M->442M(512M) 7,885ms
[2023-07-28T15:40:41.587+0200][597,886s] GC(49) User=0,02s Sys=0,02s Real=0,01s
[2023-07-28T15:40:41.587+0200][597,886s] GC(49) Concurrent Mark 28,664ms
[2023-07-28T15:40:41.587+0200][597,886s] GC(49) Concurrent Rebuild Remembered Sets
[2023-07-28T15:40:41.598+0200][597,897s] GC(49) Concurrent Rebuild Remembered Sets 11,114ms
[2023-07-28T15:40:41.599+0200][597,898s] GC(49) Pause Cleanup
[2023-07-28T15:40:41.599+0200][597,898s] GC(49) Pause Cleanup 444M->444M(512M) 0,146ms
[2023-07-28T15:40:41.599+0200][597,898s] GC(49) User=0,00s Sys=0,00s Real=0,00s
[2023-07-28T15:40:41.599+0200][597,898s] GC(49) Concurrent Cleanup for Next Mark
[2023-07-28T15:40:41.599+0200][597,898s] GC(49) Concurrent Cleanup for Next Mark 0,184ms
[2023-07-28T15:40:41.599+0200][597,898s] GC(49) Concurrent Mark Cycle 41,238ms
[2023-07-28T15:40:41.627+0200][597,927s] GC(50) Pause Young (Concurrent Start) (G1 Humongous Allocation)
[2023-07-28T15:40:41.627+0200][597,927s] GC(50) Using 8 workers of 8 for evacuation
[2023-07-28T15:40:41.629+0200][597,929s] GC(50)   Pre Evacuate Collection Set: 0,1ms
[2023-07-28T15:40:41.629+0200][597,929s] GC(50)   Merge Heap Roots: 0,0ms
[2023-07-28T15:40:41.629+0200][597,929s] GC(50)   Evacuate Collection Set: 1,5ms
[2023-07-28T15:40:41.629+0200][597,929s] GC(50)   Post Evacuate Collection Set: 0,2ms
[2023-07-28T15:40:41.629+0200][597,929s] GC(50)   Other: 0,1ms
[2023-07-28T15:40:41.629+0200][597,929s] GC(50) Eden regions: 10->0(21)
[2023-07-28T15:40:41.629+0200][597,929s] GC(50) Survivor regions: 1->4(4)
[2023-07-28T15:40:41.629+0200][597,929s] GC(50) Old regions: 74->79
[2023-07-28T15:40:41.629+0200][597,929s] GC(50) Archive regions: 2->2
[2023-07-28T15:40:41.629+0200][597,929s] GC(50) Humongous regions: 363->363
[2023-07-28T15:40:41.629+0200][597,929s] GC(50) Metaspace: 59262K(60160K)->59262K(60160K) NonClass: 52098K(52608K)->52098K(52608K) Class: 7164K(7552K)->7164K(7552K)
[2023-07-28T15:40:41.630+0200][597,929s] GC(50) Pause Young (Concurrent Start) (G1 Humongous Allocation) 445M->444M(512M) 2,045ms
[2023-07-28T15:40:41.630+0200][597,929s] GC(50) User=0,01s Sys=0,00s Real=0,01s
[2023-07-28T15:40:41.630+0200][597,929s] GC(51) Concurrent Mark Cycle
[2023-07-28T15:40:41.630+0200][597,929s] GC(51) Concurrent Clear Claimed Marks
[2023-07-28T15:40:41.630+0200][597,929s] GC(51) Concurrent Clear Claimed Marks 0,029ms
[2023-07-28T15:40:41.630+0200][597,929s] GC(51) Concurrent Scan Root Regions
[2023-07-28T15:40:41.630+0200][597,929s] GC(51) Concurrent Scan Root Regions 0,422ms
[2023-07-28T15:40:41.630+0200][597,929s] GC(51) Concurrent Mark
[2023-07-28T15:40:41.630+0200][597,929s] GC(51) Concurrent Mark From Roots
[2023-07-28T15:40:41.630+0200][597,929s] GC(51) Using 2 workers of 2 for marking
[2023-07-28T15:40:41.649+0200][597,948s] GC(51) Concurrent Mark From Roots 18,885ms
[2023-07-28T15:40:41.649+0200][597,948s] GC(51) Concurrent Preclean
[2023-07-28T15:40:41.649+0200][597,948s] GC(51) Concurrent Preclean 0,201ms
[2023-07-28T15:40:41.650+0200][597,949s] GC(51) Pause Remark
[2023-07-28T15:40:41.659+0200][597,958s] GC(51) Pause Remark 448M->413M(512M) 8,850ms
[2023-07-28T15:40:41.659+0200][597,958s] GC(51) User=0,02s Sys=0,01s Real=0,00s
[2023-07-28T15:40:41.659+0200][597,958s] GC(51) Concurrent Mark 28,705ms
[2023-07-28T15:40:41.659+0200][597,958s] GC(51) Concurrent Rebuild Remembered Sets
[2023-07-28T15:40:41.670+0200][597,969s] GC(51) Concurrent Rebuild Remembered Sets 11,123ms
[2023-07-28T15:40:41.671+0200][597,970s] GC(51) Pause Cleanup
[2023-07-28T15:40:41.671+0200][597,970s] GC(51) Pause Cleanup 414M->414M(512M) 0,134ms
[2023-07-28T15:40:41.671+0200][597,970s] GC(51) User=0,00s Sys=0,00s Real=0,00s
[2023-07-28T15:40:41.671+0200][597,970s] GC(51) Concurrent Cleanup for Next Mark
[2023-07-28T15:40:41.671+0200][597,970s] GC(51) Concurrent Cleanup for Next Mark 0,194ms
[2023-07-28T15:40:41.671+0200][597,970s] GC(51) Concurrent Mark Cycle 41,430ms
[2023-07-28T15:40:41.675+0200][597,974s] GC(52) Pause Young (Concurrent Start) (G1 Humongous Allocation)
[2023-07-28T15:40:41.675+0200][597,974s] GC(52) Using 8 workers of 8 for evacuation
[2023-07-28T15:40:41.677+0200][597,976s] GC(52)   Pre Evacuate Collection Set: 0,1ms
[2023-07-28T15:40:41.677+0200][597,976s] GC(52)   Merge Heap Roots: 0,1ms
[2023-07-28T15:40:41.677+0200][597,976s] GC(52)   Evacuate Collection Set: 1,3ms
[2023-07-28T15:40:41.677+0200][597,976s] GC(52)   Post Evacuate Collection Set: 0,2ms
[2023-07-28T15:40:41.677+0200][597,976s] GC(52)   Other: 0,1ms
[2023-07-28T15:40:41.677+0200][597,976s] GC(52) Eden regions: 2->0(24)
[2023-07-28T15:40:41.677+0200][597,976s] GC(52) Survivor regions: 4->1(4)
[2023-07-28T15:40:41.677+0200][597,976s] GC(52) Old regions: 79->79
[2023-07-28T15:40:41.677+0200][597,976s] GC(52) Archive regions: 2->2
[2023-07-28T15:40:41.677+0200][597,976s] GC(52) Humongous regions: 332->329
[2023-07-28T15:40:41.677+0200][597,976s] GC(52) Metaspace: 59265K(60160K)->59265K(60160K) NonClass: 52101K(52608K)->52101K(52608K) Class: 7164K(7552K)->7164K(7552K)
[2023-07-28T15:40:41.677+0200][597,976s] GC(52) Pause Young (Concurrent Start) (G1 Humongous Allocation) 414M->406M(512M) 1,913ms
[2023-07-28T15:40:41.677+0200][597,976s] GC(52) User=0,01s Sys=0,00s Real=0,00s
[2023-07-28T15:40:41.677+0200][597,976s] GC(53) Concurrent Mark Cycle
[2023-07-28T15:40:41.677+0200][597,976s] GC(53) Concurrent Clear Claimed Marks
[2023-07-28T15:40:41.677+0200][597,976s] GC(53) Concurrent Clear Claimed Marks 0,008ms
[2023-07-28T15:40:41.677+0200][597,976s] GC(53) Concurrent Scan Root Regions
[2023-07-28T15:40:41.678+0200][597,977s] GC(53) Concurrent Scan Root Regions 0,487ms
[2023-07-28T15:40:41.678+0200][597,977s] GC(53) Concurrent Mark
[2023-07-28T15:40:41.682+0200][597,982s] GC(53) Concurrent Mark From Roots
[2023-07-28T15:40:41.682+0200][597,982s] GC(53) Using 2 workers of 2 for marking
[2023-07-28T15:40:41.701+0200][598,001s] GC(53) Concurrent Mark From Roots 19,018ms
[2023-07-28T15:40:41.702+0200][598,001s] GC(53) Concurrent Preclean
[2023-07-28T15:40:41.702+0200][598,001s] GC(53) Concurrent Preclean 0,230ms
[2023-07-28T15:40:41.702+0200][598,001s] GC(53) Pause Remark
[2023-07-28T15:40:41.708+0200][598,008s] GC(53) Pause Remark 424M->418M(512M) 6,399ms
[2023-07-28T15:40:41.708+0200][598,008s] GC(53) User=0,03s Sys=0,02s Real=0,00s
[2023-07-28T15:40:41.709+0200][598,008s] GC(53) Concurrent Mark 30,902ms
[2023-07-28T15:40:41.709+0200][598,008s] GC(53) Concurrent Rebuild Remembered Sets
[2023-07-28T15:40:41.720+0200][598,019s] GC(53) Concurrent Rebuild Remembered Sets 11,543ms
[2023-07-28T15:40:41.721+0200][598,020s] GC(53) Pause Cleanup
[2023-07-28T15:40:41.721+0200][598,020s] GC(53) Pause Cleanup 418M->418M(512M) 0,101ms
[2023-07-28T15:40:41.721+0200][598,020s] GC(53) User=0,00s Sys=0,00s Real=0,00s
[2023-07-28T15:40:41.721+0200][598,020s] GC(53) Concurrent Cleanup for Next Mark
[2023-07-28T15:40:41.721+0200][598,020s] GC(53) Concurrent Cleanup for Next Mark 0,298ms
[2023-07-28T15:40:41.721+0200][598,020s] GC(53) Concurrent Mark Cycle 43,964ms
[2023-07-28T15:40:41.854+0200][598,153s] GC(54) Pause Young (Prepare Mixed) (G1 Preventive Collection)
[2023-07-28T15:40:41.854+0200][598,153s] GC(54) Using 8 workers of 8 for evacuation
[2023-07-28T15:40:41.856+0200][598,155s] GC(54)   Pre Evacuate Collection Set: 0,2ms
[2023-07-28T15:40:41.856+0200][598,155s] GC(54)   Merge Heap Roots: 0,1ms
[2023-07-28T15:40:41.856+0200][598,155s] GC(54)   Evacuate Collection Set: 1,7ms
[2023-07-28T15:40:41.856+0200][598,155s] GC(54)   Post Evacuate Collection Set: 0,3ms
[2023-07-28T15:40:41.856+0200][598,155s] GC(54)   Other: 0,1ms
[2023-07-28T15:40:41.856+0200][598,155s] GC(54) Eden regions: 14->0(21)
[2023-07-28T15:40:41.856+0200][598,155s] GC(54) Survivor regions: 1->4(4)
[2023-07-28T15:40:41.856+0200][598,155s] GC(54) Old regions: 73->75
[2023-07-28T15:40:41.856+0200][598,155s] GC(54) Archive regions: 2->2
[2023-07-28T15:40:41.856+0200][598,155s] GC(54) Humongous regions: 412->367
[2023-07-28T15:40:41.856+0200][598,155s] GC(54) Metaspace: 59275K(60160K)->59275K(60160K) NonClass: 52110K(52608K)->52110K(52608K) Class: 7164K(7552K)->7164K(7552K)
[2023-07-28T15:40:41.856+0200][598,155s] GC(54) Pause Young (Prepare Mixed) (G1 Preventive Collection) 496M->443M(512M) 2,453ms
[2023-07-28T15:40:41.856+0200][598,155s] GC(54) User=0,00s Sys=0,00s Real=0,00s
[2023-07-28T15:40:41.950+0200][598,249s] GC(55) Pause Young (Mixed) (G1 Evacuation Pause)
[2023-07-28T15:40:41.950+0200][598,249s] GC(55) Using 8 workers of 8 for evacuation
[2023-07-28T15:40:41.953+0200][598,252s] GC(55)   Pre Evacuate Collection Set: 0,1ms
[2023-07-28T15:40:41.953+0200][598,252s] GC(55)   Merge Heap Roots: 0,1ms
[2023-07-28T15:40:41.953+0200][598,252s] GC(55)   Evacuate Collection Set: 2,3ms
[2023-07-28T15:40:41.953+0200][598,252s] GC(55)   Post Evacuate Collection Set: 0,3ms
[2023-07-28T15:40:41.953+0200][598,252s] GC(55)   Other: 0,1ms
[2023-07-28T15:40:41.953+0200][598,252s] GC(55) Eden regions: 21->0(21)
[2023-07-28T15:40:41.953+0200][598,252s] GC(55) Survivor regions: 4->4(4)
[2023-07-28T15:40:41.953+0200][598,252s] GC(55) Old regions: 75->83
[2023-07-28T15:40:41.953+0200][598,252s] GC(55) Archive regions: 2->2
[2023-07-28T15:40:41.953+0200][598,252s] GC(55) Humongous regions: 374->367
[2023-07-28T15:40:41.953+0200][598,252s] GC(55) Metaspace: 59303K(60224K)->59303K(60224K) NonClass: 52138K(52672K)->52138K(52672K) Class: 7164K(7552K)->7164K(7552K)
[2023-07-28T15:40:41.953+0200][598,252s] GC(55) Pause Young (Mixed) (G1 Evacuation Pause) 471M->452M(512M) 2,966ms
[2023-07-28T15:40:41.953+0200][598,252s] GC(55) User=0,01s Sys=0,01s Real=0,00s
[2023-07-28T15:40:41.960+0200][598,260s] GC(56) Pause Young (Concurrent Start) (G1 Humongous Allocation)
[2023-07-28T15:40:41.960+0200][598,260s] GC(56) Using 8 workers of 8 for evacuation
[2023-07-28T15:40:41.961+0200][598,261s] GC(56)   Pre Evacuate Collection Set: 0,1ms
[2023-07-28T15:40:41.961+0200][598,261s] GC(56)   Merge Heap Roots: 0,1ms
[2023-07-28T15:40:41.961+0200][598,261s] GC(56)   Evacuate Collection Set: 0,6ms
[2023-07-28T15:40:41.961+0200][598,261s] GC(56)   Post Evacuate Collection Set: 0,2ms
[2023-07-28T15:40:41.961+0200][598,261s] GC(56)   Other: 0,1ms
[2023-07-28T15:40:41.961+0200][598,261s] GC(56) Eden regions: 1->0(24)
[2023-07-28T15:40:41.962+0200][598,261s] GC(56) Survivor regions: 4->1(4)
[2023-07-28T15:40:41.962+0200][598,261s] GC(56) Old regions: 83->86
[2023-07-28T15:40:41.962+0200][598,261s] GC(56) Archive regions: 2->2
[2023-07-28T15:40:41.962+0200][598,261s] GC(56) Humongous regions: 367->367
[2023-07-28T15:40:41.962+0200][598,261s] GC(56) Metaspace: 59304K(60224K)->59304K(60224K) NonClass: 52140K(52672K)->52140K(52672K) Class: 7164K(7552K)->7164K(7552K)
[2023-07-28T15:40:41.962+0200][598,261s] GC(56) Pause Young (Concurrent Start) (G1 Humongous Allocation) 452M->451M(512M) 1,164ms
[2023-07-28T15:40:41.962+0200][598,261s] GC(56) User=0,01s Sys=0,00s Real=0,00s
[2023-07-28T15:40:41.962+0200][598,261s] GC(57) Concurrent Mark Cycle
[2023-07-28T15:40:41.962+0200][598,261s] GC(57) Concurrent Clear Claimed Marks
[2023-07-28T15:40:41.962+0200][598,261s] GC(57) Concurrent Clear Claimed Marks 0,010ms
[2023-07-28T15:40:41.962+0200][598,261s] GC(57) Concurrent Scan Root Regions
[2023-07-28T15:40:41.962+0200][598,261s] GC(57) Concurrent Scan Root Regions 0,406ms
[2023-07-28T15:40:41.962+0200][598,261s] GC(57) Concurrent Mark
[2023-07-28T15:40:41.962+0200][598,261s] GC(57) Concurrent Mark From Roots
[2023-07-28T15:40:41.962+0200][598,261s] GC(57) Using 2 workers of 2 for marking
[2023-07-28T15:40:41.981+0200][598,280s] GC(57) Concurrent Mark From Roots 19,053ms
[2023-07-28T15:40:41.981+0200][598,280s] GC(57) Concurrent Preclean
[2023-07-28T15:40:41.981+0200][598,281s] GC(57) Concurrent Preclean 0,199ms
[2023-07-28T15:40:41.982+0200][598,281s] GC(57) Pause Remark
[2023-07-28T15:40:41.992+0200][598,291s] GC(57) Pause Remark 453M->408M(512M) 10,163ms
[2023-07-28T15:40:41.992+0200][598,291s] GC(57) User=0,02s Sys=0,02s Real=0,01s
[2023-07-28T15:40:41.992+0200][598,291s] GC(57) Concurrent Mark 29,864ms
[2023-07-28T15:40:41.992+0200][598,291s] GC(57) Concurrent Rebuild Remembered Sets
[2023-07-28T15:40:42.003+0200][598,302s] GC(57) Concurrent Rebuild Remembered Sets 11,133ms
[2023-07-28T15:40:42.003+0200][598,303s] GC(57) Pause Cleanup
[2023-07-28T15:40:42.003+0200][598,303s] GC(57) Pause Cleanup 410M->410M(512M) 0,149ms
[2023-07-28T15:40:42.003+0200][598,303s] GC(57) User=0,00s Sys=0,00s Real=0,00s
[2023-07-28T15:40:42.004+0200][598,303s] GC(57) Concurrent Cleanup for Next Mark
[2023-07-28T15:40:42.004+0200][598,303s] GC(57) Concurrent Cleanup for Next Mark 0,196ms
[2023-07-28T15:40:42.004+0200][598,303s] GC(57) Concurrent Mark Cycle 42,216ms
[2023-07-28T15:40:42.365+0200][598,665s] GC(58) Pause Young (Prepare Mixed) (G1 Evacuation Pause)
[2023-07-28T15:40:42.365+0200][598,665s] GC(58) Using 8 workers of 8 for evacuation
[2023-07-28T15:40:42.367+0200][598,666s] GC(58)   Pre Evacuate Collection Set: 0,1ms
[2023-07-28T15:40:42.367+0200][598,667s] GC(58)   Merge Heap Roots: 0,1ms
[2023-07-28T15:40:42.367+0200][598,667s] GC(58)   Evacuate Collection Set: 1,4ms
[2023-07-28T15:40:42.367+0200][598,667s] GC(58)   Post Evacuate Collection Set: 0,3ms
[2023-07-28T15:40:42.367+0200][598,667s] GC(58)   Other: 0,1ms
[2023-07-28T15:40:42.367+0200][598,667s] GC(58) Eden regions: 24->0(21)
[2023-07-28T15:40:42.367+0200][598,667s] GC(58) Survivor regions: 1->4(4)
[2023-07-28T15:40:42.367+0200][598,667s] GC(58) Old regions: 82->83
[2023-07-28T15:40:42.367+0200][598,667s] GC(58) Archive regions: 2->2
[2023-07-28T15:40:42.367+0200][598,667s] GC(58) Humongous regions: 360->326
[2023-07-28T15:40:42.367+0200][598,667s] GC(58) Metaspace: 59365K(60224K)->59365K(60224K) NonClass: 52200K(52672K)->52200K(52672K) Class: 7164K(7552K)->7164K(7552K)
[2023-07-28T15:40:42.367+0200][598,667s] GC(58) Pause Young (Prepare Mixed) (G1 Evacuation Pause) 464M->410M(512M) 2,009ms
[2023-07-28T15:40:42.367+0200][598,667s] GC(58) User=0,01s Sys=0,00s Real=0,00s
[2023-07-28T15:40:42.847+0200][599,146s] GC(59) Pause Young (Mixed) (G1 Evacuation Pause)
[2023-07-28T15:40:42.847+0200][599,146s] GC(59) Using 8 workers of 8 for evacuation
[2023-07-28T15:40:42.849+0200][599,149s] GC(59)   Pre Evacuate Collection Set: 0,1ms
[2023-07-28T15:40:42.849+0200][599,149s] GC(59)   Merge Heap Roots: 0,1ms
[2023-07-28T15:40:42.850+0200][599,149s] GC(59)   Evacuate Collection Set: 1,9ms
[2023-07-28T15:40:42.850+0200][599,149s] GC(59)   Post Evacuate Collection Set: 0,3ms
[2023-07-28T15:40:42.850+0200][599,149s] GC(59)   Other: 0,1ms
[2023-07-28T15:40:42.850+0200][599,149s] GC(59) Eden regions: 21->0(21)
[2023-07-28T15:40:42.850+0200][599,149s] GC(59) Survivor regions: 4->4(4)
[2023-07-28T15:40:42.850+0200][599,149s] GC(59) Old regions: 83->87
[2023-07-28T15:40:42.850+0200][599,149s] GC(59) Archive regions: 2->2
[2023-07-28T15:40:42.850+0200][599,149s] GC(59) Humongous regions: 326->326
[2023-07-28T15:40:42.850+0200][599,149s] GC(59) Metaspace: 59489K(60224K)->59489K(60224K) NonClass: 52324K(52672K)->52324K(52672K) Class: 7164K(7552K)->7164K(7552K)
[2023-07-28T15:40:42.850+0200][599,149s] GC(59) Pause Young (Mixed) (G1 Evacuation Pause) 431M->414M(512M) 2,563ms
[2023-07-28T15:40:42.850+0200][599,149s] GC(59) User=0,01s Sys=0,00s Real=0,01s
[2023-07-28T15:40:43.381+0200][599,680s] GC(60) Pause Young (Concurrent Start) (G1 Evacuation Pause)
[2023-07-28T15:40:43.381+0200][599,680s] GC(60) Using 8 workers of 8 for evacuation
[2023-07-28T15:40:43.383+0200][599,682s] GC(60)   Pre Evacuate Collection Set: 0,2ms
[2023-07-28T15:40:43.383+0200][599,682s] GC(60)   Merge Heap Roots: 0,1ms
[2023-07-28T15:40:43.383+0200][599,682s] GC(60)   Evacuate Collection Set: 1,4ms
[2023-07-28T15:40:43.383+0200][599,682s] GC(60)   Post Evacuate Collection Set: 0,4ms
[2023-07-28T15:40:43.383+0200][599,682s] GC(60)   Other: 0,1ms
[2023-07-28T15:40:43.383+0200][599,682s] GC(60) Eden regions: 21->0(21)
[2023-07-28T15:40:43.383+0200][599,682s] GC(60) Survivor regions: 4->4(4)
[2023-07-28T15:40:43.383+0200][599,682s] GC(60) Old regions: 87->90
[2023-07-28T15:40:43.383+0200][599,682s] GC(60) Archive regions: 2->2
[2023-07-28T15:40:43.383+0200][599,682s] GC(60) Humongous regions: 326->326
[2023-07-28T15:40:43.383+0200][599,682s] GC(60) Metaspace: 59623K(60352K)->59623K(60352K) NonClass: 52458K(52800K)->52458K(52800K) Class: 7164K(7552K)->7164K(7552K)
[2023-07-28T15:40:43.383+0200][599,682s] GC(60) Pause Young (Concurrent Start) (G1 Evacuation Pause) 435M->418M(512M) 2,327ms
[2023-07-28T15:40:43.383+0200][599,682s] GC(60) User=0,00s Sys=0,00s Real=0,00s
[2023-07-28T15:40:43.383+0200][599,682s] GC(61) Concurrent Mark Cycle
[2023-07-28T15:40:43.383+0200][599,682s] GC(61) Concurrent Clear Claimed Marks
[2023-07-28T15:40:43.383+0200][599,682s] GC(61) Concurrent Clear Claimed Marks 0,025ms
[2023-07-28T15:40:43.383+0200][599,682s] GC(61) Concurrent Scan Root Regions
[2023-07-28T15:40:43.384+0200][599,683s] GC(61) Concurrent Scan Root Regions 0,474ms
[2023-07-28T15:40:43.384+0200][599,683s] GC(61) Concurrent Mark
[2023-07-28T15:40:43.384+0200][599,683s] GC(61) Concurrent Mark From Roots
[2023-07-28T15:40:43.384+0200][599,683s] GC(61) Using 2 workers of 2 for marking
[2023-07-28T15:40:43.403+0200][599,702s] GC(61) Concurrent Mark From Roots 18,874ms
[2023-07-28T15:40:43.403+0200][599,702s] GC(61) Concurrent Preclean
[2023-07-28T15:40:43.403+0200][599,702s] GC(61) Concurrent Preclean 0,213ms
[2023-07-28T15:40:43.403+0200][599,702s] GC(61) Pause Remark
[2023-07-28T15:40:43.409+0200][599,708s] GC(61) Pause Remark 432M->431M(512M) 5,399ms
[2023-07-28T15:40:43.409+0200][599,708s] GC(61) User=0,02s Sys=0,01s Real=0,00s
[2023-07-28T15:40:43.409+0200][599,708s] GC(61) Concurrent Mark 24,915ms
[2023-07-28T15:40:43.409+0200][599,708s] GC(61) Concurrent Rebuild Remembered Sets
[2023-07-28T15:40:43.419+0200][599,719s] GC(62) Pause Young (Normal) (G1 Evacuation Pause)
[2023-07-28T15:40:43.419+0200][599,719s] GC(62) Using 8 workers of 8 for evacuation
[2023-07-28T15:40:43.422+0200][599,722s] GC(62)   Pre Evacuate Collection Set: 0,1ms
[2023-07-28T15:40:43.422+0200][599,722s] GC(62)   Merge Heap Roots: 0,1ms
[2023-07-28T15:40:43.422+0200][599,722s] GC(62)   Evacuate Collection Set: 2,5ms
[2023-07-28T15:40:43.422+0200][599,722s] GC(62)   Post Evacuate Collection Set: 0,3ms
[2023-07-28T15:40:43.422+0200][599,722s] GC(62)   Other: 0,1ms
[2023-07-28T15:40:43.422+0200][599,722s] GC(62) Eden regions: 21->0(21)
[2023-07-28T15:40:43.422+0200][599,722s] GC(62) Survivor regions: 4->4(4)
[2023-07-28T15:40:43.422+0200][599,722s] GC(62) Old regions: 89->110
[2023-07-28T15:40:43.422+0200][599,722s] GC(62) Archive regions: 2->2
[2023-07-28T15:40:43.422+0200][599,722s] GC(62) Humongous regions: 326->326
[2023-07-28T15:40:43.422+0200][599,722s] GC(62) Metaspace: 59623K(60352K)->59623K(60352K) NonClass: 52458K(52800K)->52458K(52800K) Class: 7164K(7552K)->7164K(7552K)
[2023-07-28T15:40:43.422+0200][599,722s] GC(62) Pause Young (Normal) (G1 Evacuation Pause) 438M->438M(512M) 3,151ms
[2023-07-28T15:40:43.422+0200][599,722s] GC(62) User=0,01s Sys=0,01s Real=0,01s
[2023-07-28T15:40:43.424+0200][599,723s] GC(61) Concurrent Rebuild Remembered Sets 14,875ms
[2023-07-28T15:40:43.424+0200][599,723s] GC(61) Pause Cleanup
[2023-07-28T15:40:43.424+0200][599,723s] GC(61) Pause Cleanup 438M->438M(512M) 0,078ms
[2023-07-28T15:40:43.424+0200][599,723s] GC(61) User=0,00s Sys=0,00s Real=0,00s
[2023-07-28T15:40:43.424+0200][599,723s] GC(61) Concurrent Cleanup for Next Mark
[2023-07-28T15:40:43.424+0200][599,723s] GC(61) Concurrent Cleanup for Next Mark 0,228ms
[2023-07-28T15:40:43.424+0200][599,723s] GC(61) Concurrent Mark Cycle 40,778ms
[2023-07-28T15:40:43.450+0200][599,749s] GC(63) Pause Young (Prepare Mixed) (G1 Evacuation Pause)
[2023-07-28T15:40:43.450+0200][599,749s] GC(63) Using 8 workers of 8 for evacuation
[2023-07-28T15:40:43.453+0200][599,753s] GC(63)   Pre Evacuate Collection Set: 0,1ms
[2023-07-28T15:40:43.454+0200][599,753s] GC(63)   Merge Heap Roots: 0,0ms
[2023-07-28T15:40:43.454+0200][599,753s] GC(63)   Evacuate Collection Set: 2,9ms
[2023-07-28T15:40:43.454+0200][599,753s] GC(63)   Post Evacuate Collection Set: 0,3ms
[2023-07-28T15:40:43.454+0200][599,753s] GC(63)   Other: 0,1ms
[2023-07-28T15:40:43.454+0200][599,753s] GC(63) Eden regions: 21->0(21)
[2023-07-28T15:40:43.454+0200][599,753s] GC(63) Survivor regions: 4->4(4)
[2023-07-28T15:40:43.454+0200][599,753s] GC(63) Old regions: 110->131
[2023-07-28T15:40:43.454+0200][599,753s] GC(63) Archive regions: 2->2
[2023-07-28T15:40:43.454+0200][599,753s] GC(63) Humongous regions: 326->326
[2023-07-28T15:40:43.454+0200][599,753s] GC(63) Metaspace: 59623K(60352K)->59623K(60352K) NonClass: 52458K(52800K)->52458K(52800K) Class: 7164K(7552K)->7164K(7552K)
[2023-07-28T15:40:43.454+0200][599,753s] GC(63) Pause Young (Prepare Mixed) (G1 Evacuation Pause) 459M->459M(512M) 3,558ms
[2023-07-28T15:40:43.454+0200][599,753s] GC(63) User=0,00s Sys=0,01s Real=0,00s
[2023-07-28T15:40:43.503+0200][599,803s] GC(64) Pause Young (Mixed) (G1 Evacuation Pause)
[2023-07-28T15:40:43.503+0200][599,803s] GC(64) Using 8 workers of 8 for evacuation
[2023-07-28T15:40:43.507+0200][599,806s] GC(64)   Pre Evacuate Collection Set: 0,1ms
[2023-07-28T15:40:43.507+0200][599,806s] GC(64)   Merge Heap Roots: 0,1ms
[2023-07-28T15:40:43.507+0200][599,806s] GC(64)   Evacuate Collection Set: 2,7ms
[2023-07-28T15:40:43.507+0200][599,806s] GC(64)   Post Evacuate Collection Set: 0,2ms
[2023-07-28T15:40:43.507+0200][599,806s] GC(64)   Other: 0,1ms
[2023-07-28T15:40:43.507+0200][599,806s] GC(64) Eden regions: 21->0(21)
[2023-07-28T15:40:43.507+0200][599,806s] GC(64) Survivor regions: 4->4(4)
[2023-07-28T15:40:43.507+0200][599,806s] GC(64) Old regions: 131->151
[2023-07-28T15:40:43.507+0200][599,806s] GC(64) Archive regions: 2->2
[2023-07-28T15:40:43.507+0200][599,806s] GC(64) Humongous regions: 326->326
[2023-07-28T15:40:43.507+0200][599,806s] GC(64) Metaspace: 59623K(60352K)->59623K(60352K) NonClass: 52458K(52800K)->52458K(52800K) Class: 7164K(7552K)->7164K(7552K)
[2023-07-28T15:40:43.507+0200][599,806s] GC(64) Pause Young (Mixed) (G1 Evacuation Pause) 480M->478M(512M) 3,397ms
[2023-07-28T15:40:43.507+0200][599,806s] GC(64) User=0,01s Sys=0,00s Real=0,00s
[2023-07-28T15:40:43.525+0200][599,825s] GC(65) Pause Young (Concurrent Start) (G1 Preventive Collection)
[2023-07-28T15:40:43.525+0200][599,825s] GC(65) Using 8 workers of 8 for evacuation
[2023-07-28T15:40:43.527+0200][599,827s] GC(65)   Pre Evacuate Collection Set: 0,1ms
[2023-07-28T15:40:43.527+0200][599,827s] GC(65)   Merge Heap Roots: 0,0ms
[2023-07-28T15:40:43.527+0200][599,827s] GC(65)   Evacuate Collection Set: 1,6ms
[2023-07-28T15:40:43.527+0200][599,827s] GC(65)   Post Evacuate Collection Set: 0,3ms
[2023-07-28T15:40:43.527+0200][599,827s] GC(65)   Other: 0,1ms
[2023-07-28T15:40:43.528+0200][599,827s] GC(65) Eden regions: 12->0(21)
[2023-07-28T15:40:43.528+0200][599,827s] GC(65) Survivor regions: 4->4(4)
[2023-07-28T15:40:43.528+0200][599,827s] GC(65) Old regions: 151->163
[2023-07-28T15:40:43.528+0200][599,827s] GC(65) Archive regions: 2->2
[2023-07-28T15:40:43.528+0200][599,827s] GC(65) Humongous regions: 326->326
[2023-07-28T15:40:43.528+0200][599,827s] GC(65) Metaspace: 59623K(60352K)->59623K(60352K) NonClass: 52458K(52800K)->52458K(52800K) Class: 7164K(7552K)->7164K(7552K)
[2023-07-28T15:40:43.528+0200][599,827s] GC(65) Pause Young (Concurrent Start) (G1 Preventive Collection) 490M->490M(512M) 2,304ms
[2023-07-28T15:40:43.528+0200][599,827s] GC(65) User=0,01s Sys=0,01s Real=0,00s
[2023-07-28T15:40:43.528+0200][599,827s] GC(66) Concurrent Mark Cycle
[2023-07-28T15:40:43.528+0200][599,827s] GC(66) Concurrent Clear Claimed Marks
[2023-07-28T15:40:43.528+0200][599,827s] GC(66) Concurrent Clear Claimed Marks 0,029ms
[2023-07-28T15:40:43.528+0200][599,827s] GC(66) Concurrent Scan Root Regions
[2023-07-28T15:40:43.528+0200][599,827s] GC(66) Concurrent Scan Root Regions 0,516ms
[2023-07-28T15:40:43.528+0200][599,827s] GC(66) Concurrent Mark
[2023-07-28T15:40:43.528+0200][599,827s] GC(66) Concurrent Mark From Roots
[2023-07-28T15:40:43.528+0200][599,827s] GC(66) Using 2 workers of 2 for marking
[2023-07-28T15:40:43.538+0200][599,837s] GC(67) Pause Young (Normal) (G1 Preventive Collection)
[2023-07-28T15:40:43.538+0200][599,837s] GC(67) Using 8 workers of 8 for evacuation
[2023-07-28T15:40:43.539+0200][599,839s] GC(67)   Pre Evacuate Collection Set: 0,1ms
[2023-07-28T15:40:43.539+0200][599,839s] GC(67)   Merge Heap Roots: 0,0ms
[2023-07-28T15:40:43.539+0200][599,839s] GC(67)   Evacuate Collection Set: 1,1ms
[2023-07-28T15:40:43.539+0200][599,839s] GC(67)   Post Evacuate Collection Set: 0,3ms
[2023-07-28T15:40:43.539+0200][599,839s] GC(67)   Other: 0,1ms
[2023-07-28T15:40:43.539+0200][599,839s] GC(67) Eden regions: 6->0(21)
[2023-07-28T15:40:43.539+0200][599,839s] GC(67) Survivor regions: 4->4(4)
[2023-07-28T15:40:43.539+0200][599,839s] GC(67) Old regions: 163->169
[2023-07-28T15:40:43.539+0200][599,839s] GC(67) Archive regions: 2->2
[2023-07-28T15:40:43.539+0200][599,839s] GC(67) Humongous regions: 326->326
[2023-07-28T15:40:43.539+0200][599,839s] GC(67) Metaspace: 59623K(60352K)->59623K(60352K) NonClass: 52458K(52800K)->52458K(52800K) Class: 7164K(7552K)->7164K(7552K)
[2023-07-28T15:40:43.539+0200][599,839s] GC(67) Pause Young (Normal) (G1 Preventive Collection) 496M->496M(512M) 1,624ms
[2023-07-28T15:40:43.539+0200][599,839s] GC(67) User=0,01s Sys=0,00s Real=0,00s
[2023-07-28T15:40:43.545+0200][599,844s] GC(68) Pause Young (Normal) (G1 Preventive Collection)
[2023-07-28T15:40:43.545+0200][599,844s] GC(68) Using 8 workers of 8 for evacuation
[2023-07-28T15:40:43.546+0200][599,846s] GC(68)   Pre Evacuate Collection Set: 0,1ms
[2023-07-28T15:40:43.546+0200][599,846s] GC(68)   Merge Heap Roots: 0,1ms
[2023-07-28T15:40:43.546+0200][599,846s] GC(68)   Evacuate Collection Set: 0,7ms
[2023-07-28T15:40:43.546+0200][599,846s] GC(68)   Post Evacuate Collection Set: 0,3ms
[2023-07-28T15:40:43.546+0200][599,846s] GC(68)   Other: 0,1ms
[2023-07-28T15:40:43.546+0200][599,846s] GC(68) Eden regions: 3->0(22)
[2023-07-28T15:40:43.546+0200][599,846s] GC(68) Survivor regions: 4->3(4)
[2023-07-28T15:40:43.546+0200][599,846s] GC(68) Old regions: 169->173
[2023-07-28T15:40:43.546+0200][599,846s] GC(68) Archive regions: 2->2
[2023-07-28T15:40:43.546+0200][599,846s] GC(68) Humongous regions: 326->326
[2023-07-28T15:40:43.546+0200][599,846s] GC(68) Metaspace: 59623K(60352K)->59623K(60352K) NonClass: 52458K(52800K)->52458K(52800K) Class: 7164K(7552K)->7164K(7552K)
[2023-07-28T15:40:43.546+0200][599,846s] GC(68) Pause Young (Normal) (G1 Preventive Collection) 499M->499M(512M) 1,346ms
[2023-07-28T15:40:43.546+0200][599,846s] GC(68) User=0,01s Sys=0,00s Real=0,00s
[2023-07-28T15:40:43.550+0200][599,849s] GC(69) Pause Young (Normal) (G1 Preventive Collection)
[2023-07-28T15:40:43.550+0200][599,850s] GC(69) Using 8 workers of 8 for evacuation
[2023-07-28T15:40:43.551+0200][599,850s] GC(69)   Pre Evacuate Collection Set: 0,1ms
[2023-07-28T15:40:43.551+0200][599,850s] GC(69)   Merge Heap Roots: 0,1ms
[2023-07-28T15:40:43.551+0200][599,850s] GC(69)   Evacuate Collection Set: 0,6ms
[2023-07-28T15:40:43.551+0200][599,850s] GC(69)   Post Evacuate Collection Set: 0,2ms
[2023-07-28T15:40:43.551+0200][599,850s] GC(69)   Other: 0,1ms
[2023-07-28T15:40:43.551+0200][599,850s] GC(69) Eden regions: 2->0(23)
[2023-07-28T15:40:43.551+0200][599,850s] GC(69) Survivor regions: 3->2(4)
[2023-07-28T15:40:43.551+0200][599,850s] GC(69) Old regions: 173->176
[2023-07-28T15:40:43.551+0200][599,850s] GC(69) Archive regions: 2->2
[2023-07-28T15:40:43.551+0200][599,850s] GC(69) Humongous regions: 326->326
[2023-07-28T15:40:43.551+0200][599,850s] GC(69) Metaspace: 59623K(60352K)->59623K(60352K) NonClass: 52458K(52800K)->52458K(52800K) Class: 7164K(7552K)->7164K(7552K)
[2023-07-28T15:40:43.551+0200][599,851s] GC(69) Pause Young (Normal) (G1 Preventive Collection) 501M->501M(512M) 1,031ms
[2023-07-28T15:40:43.551+0200][599,851s] GC(69) User=0,00s Sys=0,00s Real=0,00s
[2023-07-28T15:40:43.552+0200][599,852s] GC(66) Concurrent Mark From Roots 24,281ms
[2023-07-28T15:40:43.552+0200][599,852s] GC(66) Concurrent Preclean
[2023-07-28T15:40:43.553+0200][599,852s] GC(66) Concurrent Preclean 0,208ms
[2023-07-28T15:40:43.553+0200][599,852s] GC(66) Pause Remark
[2023-07-28T15:40:43.555+0200][599,855s] GC(66) Pause Remark 502M->502M(512M) 2,466ms
[2023-07-28T15:40:43.555+0200][599,855s] GC(66) User=0,01s Sys=0,01s Real=0,00s
[2023-07-28T15:40:43.555+0200][599,855s] GC(66) Concurrent Mark 27,166ms
[2023-07-28T15:40:43.555+0200][599,855s] GC(66) Concurrent Rebuild Remembered Sets
[2023-07-28T15:40:43.556+0200][599,856s] GC(70) Pause Young (Normal) (G1 Preventive Collection)
[2023-07-28T15:40:43.556+0200][599,856s] GC(70) Using 8 workers of 8 for evacuation
[2023-07-28T15:40:43.557+0200][599,856s] GC(70)   Pre Evacuate Collection Set: 0,1ms
[2023-07-28T15:40:43.557+0200][599,856s] GC(70)   Merge Heap Roots: 0,0ms
[2023-07-28T15:40:43.557+0200][599,856s] GC(70)   Evacuate Collection Set: 0,3ms
[2023-07-28T15:40:43.557+0200][599,856s] GC(70)   Post Evacuate Collection Set: 0,2ms
[2023-07-28T15:40:43.557+0200][599,856s] GC(70)   Other: 0,1ms
[2023-07-28T15:40:43.557+0200][599,856s] GC(70) Eden regions: 1->0(22)
[2023-07-28T15:40:43.557+0200][599,856s] GC(70) Survivor regions: 2->3(4)
[2023-07-28T15:40:43.557+0200][599,856s] GC(70) Old regions: 176->176
[2023-07-28T15:40:43.557+0200][599,856s] GC(70) Archive regions: 2->2
[2023-07-28T15:40:43.557+0200][599,856s] GC(70) Humongous regions: 326->326
[2023-07-28T15:40:43.557+0200][599,856s] GC(70) Metaspace: 59623K(60352K)->59623K(60352K) NonClass: 52458K(52800K)->52458K(52800K) Class: 7164K(7552K)->7164K(7552K)
[2023-07-28T15:40:43.557+0200][599,856s] GC(70) Pause Young (Normal) (G1 Preventive Collection) 502M->502M(512M) 0,754ms
[2023-07-28T15:40:43.557+0200][599,856s] GC(70) User=0,01s Sys=0,00s Real=0,00s
[2023-07-28T15:40:43.559+0200][599,858s] GC(71) Pause Young (Normal) (G1 Preventive Collection)
[2023-07-28T15:40:43.559+0200][599,858s] GC(71) Using 8 workers of 8 for evacuation
[2023-07-28T15:40:43.560+0200][599,859s] GC(71)   Pre Evacuate Collection Set: 0,1ms
[2023-07-28T15:40:43.560+0200][599,859s] GC(71)   Merge Heap Roots: 0,0ms
[2023-07-28T15:40:43.560+0200][599,859s] GC(71)   Evacuate Collection Set: 0,3ms
[2023-07-28T15:40:43.560+0200][599,859s] GC(71)   Post Evacuate Collection Set: 0,2ms
[2023-07-28T15:40:43.560+0200][599,859s] GC(71)   Other: 0,1ms
[2023-07-28T15:40:43.560+0200][599,859s] GC(71) Eden regions: 1->0(23)
[2023-07-28T15:40:43.560+0200][599,859s] GC(71) Survivor regions: 3->2(4)
[2023-07-28T15:40:43.560+0200][599,859s] GC(71) Old regions: 176->178
[2023-07-28T15:40:43.560+0200][599,859s] GC(71) Archive regions: 2->2
[2023-07-28T15:40:43.560+0200][599,859s] GC(71) Humongous regions: 326->326
[2023-07-28T15:40:43.560+0200][599,859s] GC(71) Metaspace: 59623K(60352K)->59623K(60352K) NonClass: 52458K(52800K)->52458K(52800K) Class: 7164K(7552K)->7164K(7552K)
[2023-07-28T15:40:43.560+0200][599,859s] GC(71) Pause Young (Normal) (G1 Preventive Collection) 503M->503M(512M) 0,745ms
[2023-07-28T15:40:43.560+0200][599,859s] GC(71) User=0,00s Sys=0,00s Real=0,01s
[2023-07-28T15:40:43.562+0200][599,861s] GC(72) Pause Young (Normal) (G1 Preventive Collection)
[2023-07-28T15:40:43.562+0200][599,861s] GC(72) Using 8 workers of 8 for evacuation
[2023-07-28T15:40:43.563+0200][599,862s] GC(72)   Pre Evacuate Collection Set: 0,1ms
[2023-07-28T15:40:43.563+0200][599,862s] GC(72)   Merge Heap Roots: 0,0ms
[2023-07-28T15:40:43.563+0200][599,862s] GC(72)   Evacuate Collection Set: 0,3ms
[2023-07-28T15:40:43.563+0200][599,862s] GC(72)   Post Evacuate Collection Set: 0,2ms
[2023-07-28T15:40:43.563+0200][599,862s] GC(72)   Other: 0,1ms
[2023-07-28T15:40:43.563+0200][599,862s] GC(72) Eden regions: 1->0(22)
[2023-07-28T15:40:43.563+0200][599,862s] GC(72) Survivor regions: 2->3(3)
[2023-07-28T15:40:43.563+0200][599,862s] GC(72) Old regions: 178->178
[2023-07-28T15:40:43.563+0200][599,862s] GC(72) Archive regions: 2->2
[2023-07-28T15:40:43.563+0200][599,862s] GC(72) Humongous regions: 326->326
[2023-07-28T15:40:43.563+0200][599,862s] GC(72) Metaspace: 59623K(60352K)->59623K(60352K) NonClass: 52458K(52800K)->52458K(52800K) Class: 7164K(7552K)->7164K(7552K)
[2023-07-28T15:40:43.563+0200][599,862s] GC(72) Pause Young (Normal) (G1 Preventive Collection) 504M->504M(512M) 0,756ms
[2023-07-28T15:40:43.563+0200][599,862s] GC(72) User=0,00s Sys=0,00s Real=0,00s
[2023-07-28T15:40:43.565+0200][599,864s] GC(73) Pause Young (Normal) (G1 Preventive Collection)
[2023-07-28T15:40:43.565+0200][599,864s] GC(73) Using 8 workers of 8 for evacuation
[2023-07-28T15:40:43.566+0200][599,865s] GC(73) To-space exhausted
[2023-07-28T15:40:43.566+0200][599,865s] GC(73)   Pre Evacuate Collection Set: 0,1ms
[2023-07-28T15:40:43.566+0200][599,865s] GC(73)   Merge Heap Roots: 0,1ms
[2023-07-28T15:40:43.566+0200][599,865s] GC(73)   Evacuate Collection Set: 0,4ms
[2023-07-28T15:40:43.566+0200][599,865s] GC(73)   Post Evacuate Collection Set: 0,3ms
[2023-07-28T15:40:43.566+0200][599,865s] GC(73)   Other: 0,1ms
[2023-07-28T15:40:43.566+0200][599,865s] GC(73) Eden regions: 1->0(24)
[2023-07-28T15:40:43.566+0200][599,865s] GC(73) Survivor regions: 3->1(2)
[2023-07-28T15:40:43.566+0200][599,865s] GC(73) Old regions: 178->182
[2023-07-28T15:40:43.566+0200][599,865s] GC(73) Archive regions: 2->2
[2023-07-28T15:40:43.566+0200][599,865s] GC(73) Humongous regions: 326->326
[2023-07-28T15:40:43.566+0200][599,865s] GC(73) Metaspace: 59623K(60352K)->59623K(60352K) NonClass: 52458K(52800K)->52458K(52800K) Class: 7164K(7552K)->7164K(7552K)
[2023-07-28T15:40:43.566+0200][599,865s] GC(73) Pause Young (Normal) (G1 Preventive Collection) 505M->507M(512M) 1,017ms
[2023-07-28T15:40:43.566+0200][599,865s] GC(73) User=0,00s Sys=0,00s Real=0,00s
[2023-07-28T15:40:43.568+0200][599,867s] GC(74) Pause Young (Normal) (G1 Evacuation Pause)
[2023-07-28T15:40:43.568+0200][599,867s] GC(74) Using 8 workers of 8 for evacuation
[2023-07-28T15:40:43.569+0200][599,868s] GC(74) To-space exhausted
[2023-07-28T15:40:43.569+0200][599,868s] GC(74)   Pre Evacuate Collection Set: 0,1ms
[2023-07-28T15:40:43.569+0200][599,868s] GC(74)   Merge Heap Roots: 0,0ms
[2023-07-28T15:40:43.569+0200][599,868s] GC(74)   Evacuate Collection Set: 0,4ms
[2023-07-28T15:40:43.569+0200][599,868s] GC(74)   Post Evacuate Collection Set: 0,2ms
[2023-07-28T15:40:43.569+0200][599,868s] GC(74)   Other: 0,1ms
[2023-07-28T15:40:43.569+0200][599,868s] GC(74) Eden regions: 1->0(25)
[2023-07-28T15:40:43.569+0200][599,868s] GC(74) Survivor regions: 1->0(0)
[2023-07-28T15:40:43.569+0200][599,868s] GC(74) Old regions: 182->184
[2023-07-28T15:40:43.569+0200][599,868s] GC(74) Archive regions: 2->2
[2023-07-28T15:40:43.569+0200][599,868s] GC(74) Humongous regions: 326->326
[2023-07-28T15:40:43.569+0200][599,868s] GC(74) Metaspace: 59623K(60352K)->59623K(60352K) NonClass: 52458K(52800K)->52458K(52800K) Class: 7164K(7552K)->7164K(7552K)
[2023-07-28T15:40:43.569+0200][599,868s] GC(74) Pause Young (Normal) (G1 Evacuation Pause) 508M->508M(512M) 0,847ms
[2023-07-28T15:40:43.569+0200][599,868s] GC(74) User=0,00s Sys=0,00s Real=0,00s
[2023-07-28T15:40:43.569+0200][599,868s] Attempting full compaction
[2023-07-28T15:40:43.569+0200][599,868s] GC(75) Using 8 workers of 8 for full compaction
[2023-07-28T15:40:43.569+0200][599,868s] GC(75) Pause Full (G1 Compaction Pause)
[2023-07-28T15:40:43.569+0200][599,869s] GC(75) Phase 1: Mark live objects
[2023-07-28T15:40:43.581+0200][599,880s] GC(75) Phase 1: Mark live objects 11,824ms
[2023-07-28T15:40:43.581+0200][599,880s] GC(75) Phase 2: Prepare for compaction
[2023-07-28T15:40:43.582+0200][599,881s] GC(75) Phase 2: Prepare for compaction 0,813ms
[2023-07-28T15:40:43.582+0200][599,881s] GC(75) Phase 3: Adjust pointers
[2023-07-28T15:40:43.591+0200][599,890s] GC(75) Phase 3: Adjust pointers 8,729ms
[2023-07-28T15:40:43.591+0200][599,890s] GC(75) Phase 4: Compact heap
[2023-07-28T15:40:43.592+0200][599,891s] GC(75) Phase 4: Compact heap 0,879ms
[2023-07-28T15:40:43.596+0200][599,895s] GC(75) Eden regions: 0->0(25)
[2023-07-28T15:40:43.596+0200][599,895s] GC(75) Survivor regions: 0->0(0)
[2023-07-28T15:40:43.596+0200][599,895s] GC(75) Old regions: 184->175
[2023-07-28T15:40:43.596+0200][599,895s] GC(75) Archive regions: 2->2
[2023-07-28T15:40:43.596+0200][599,895s] GC(75) Humongous regions: 326->326
[2023-07-28T15:40:43.596+0200][599,895s] GC(75) Metaspace: 59623K(60352K)->59623K(60352K) NonClass: 52458K(52800K)->52458K(52800K) Class: 7164K(7552K)->7164K(7552K)
[2023-07-28T15:40:43.596+0200][599,895s] GC(75) Pause Full (G1 Compaction Pause) 508M->499M(512M) 26,809ms
[2023-07-28T15:40:43.596+0200][599,895s] GC(75) User=0,12s Sys=0,01s Real=0,03s
[2023-07-28T15:40:43.596+0200][599,895s] GC(66) Concurrent Rebuild Remembered Sets 40,588ms
[2023-07-28T15:40:43.596+0200][599,895s] GC(66) Concurrent Mark Abort
[2023-07-28T15:40:43.596+0200][599,895s] GC(66) Concurrent Mark Cycle 68,365ms
[2023-07-28T15:40:43.603+0200][599,902s] GC(76) Pause Young (Normal) (G1 Preventive Collection)
[2023-07-28T15:40:43.603+0200][599,902s] GC(76) Using 8 workers of 8 for evacuation
[2023-07-28T15:40:43.604+0200][599,903s] GC(76)   Pre Evacuate Collection Set: 0,1ms
[2023-07-28T15:40:43.604+0200][599,903s] GC(76)   Merge Heap Roots: 0,0ms
[2023-07-28T15:40:43.604+0200][599,903s] GC(76)   Evacuate Collection Set: 0,4ms
[2023-07-28T15:40:43.604+0200][599,903s] GC(76)   Post Evacuate Collection Set: 0,2ms
[2023-07-28T15:40:43.604+0200][599,903s] GC(76)   Other: 0,1ms
[2023-07-28T15:40:43.604+0200][599,903s] GC(76) Eden regions: 4->0(21)
[2023-07-28T15:40:43.604+0200][599,903s] GC(76) Survivor regions: 0->4(4)
[2023-07-28T15:40:43.604+0200][599,903s] GC(76) Old regions: 175->175
[2023-07-28T15:40:43.604+0200][599,903s] GC(76) Archive regions: 2->2
[2023-07-28T15:40:43.604+0200][599,903s] GC(76) Humongous regions: 326->326
[2023-07-28T15:40:43.604+0200][599,903s] GC(76) Metaspace: 59623K(60352K)->59623K(60352K) NonClass: 52458K(52800K)->52458K(52800K) Class: 7164K(7552K)->7164K(7552K)
[2023-07-28T15:40:43.604+0200][599,903s] GC(76) Pause Young (Normal) (G1 Preventive Collection) 503M->503M(512M) 0,876ms
[2023-07-28T15:40:43.604+0200][599,903s] GC(76) User=0,01s Sys=0,00s Real=0,00s
[2023-07-28T15:40:43.606+0200][599,905s] GC(77) Pause Young (Concurrent Start) (G1 Preventive Collection)
[2023-07-28T15:40:43.606+0200][599,905s] GC(77) Using 8 workers of 8 for evacuation
[2023-07-28T15:40:43.607+0200][599,906s] GC(77) To-space exhausted
[2023-07-28T15:40:43.607+0200][599,906s] GC(77)   Pre Evacuate Collection Set: 0,1ms
[2023-07-28T15:40:43.607+0200][599,906s] GC(77)   Merge Heap Roots: 0,0ms
[2023-07-28T15:40:43.607+0200][599,906s] GC(77)   Evacuate Collection Set: 0,5ms
[2023-07-28T15:40:43.607+0200][599,906s] GC(77)   Post Evacuate Collection Set: 0,3ms
[2023-07-28T15:40:43.607+0200][599,906s] GC(77)   Other: 0,1ms
[2023-07-28T15:40:43.607+0200][599,906s] GC(77) Eden regions: 1->0(24)
[2023-07-28T15:40:43.607+0200][599,906s] GC(77) Survivor regions: 4->1(4)
[2023-07-28T15:40:43.607+0200][599,906s] GC(77) Old regions: 175->181
[2023-07-28T15:40:43.607+0200][599,906s] GC(77) Archive regions: 2->2
[2023-07-28T15:40:43.607+0200][599,906s] GC(77) Humongous regions: 326->326
[2023-07-28T15:40:43.607+0200][599,906s] GC(77) Metaspace: 59623K(60352K)->59623K(60352K) NonClass: 52458K(52800K)->52458K(52800K) Class: 7164K(7552K)->7164K(7552K)
[2023-07-28T15:40:43.607+0200][599,906s] GC(77) Pause Young (Concurrent Start) (G1 Preventive Collection) 504M->506M(512M) 0,997ms
[2023-07-28T15:40:43.607+0200][599,906s] GC(77) User=0,00s Sys=0,00s Real=0,00s
[2023-07-28T15:40:43.607+0200][599,906s] GC(78) Concurrent Mark Cycle
[2023-07-28T15:40:43.607+0200][599,906s] GC(78) Concurrent Clear Claimed Marks
[2023-07-28T15:40:43.607+0200][599,906s] GC(78) Concurrent Clear Claimed Marks 0,011ms
[2023-07-28T15:40:43.607+0200][599,906s] GC(78) Concurrent Scan Root Regions
[2023-07-28T15:40:43.607+0200][599,906s] GC(78) Concurrent Scan Root Regions 0,028ms
[2023-07-28T15:40:43.607+0200][599,906s] GC(78) Concurrent Mark
[2023-07-28T15:40:43.607+0200][599,906s] GC(78) Concurrent Mark From Roots
[2023-07-28T15:40:43.607+0200][599,906s] GC(78) Using 2 workers of 2 for marking
[2023-07-28T15:40:43.609+0200][599,908s] GC(79) Pause Young (Normal) (G1 Preventive Collection)
[2023-07-28T15:40:43.609+0200][599,908s] GC(79) Using 8 workers of 8 for evacuation
[2023-07-28T15:40:43.609+0200][599,909s] GC(79) To-space exhausted
[2023-07-28T15:40:43.609+0200][599,909s] GC(79)   Pre Evacuate Collection Set: 0,1ms
[2023-07-28T15:40:43.609+0200][599,909s] GC(79)   Merge Heap Roots: 0,0ms
[2023-07-28T15:40:43.609+0200][599,909s] GC(79)   Evacuate Collection Set: 0,3ms
[2023-07-28T15:40:43.609+0200][599,909s] GC(79)   Post Evacuate Collection Set: 0,3ms
[2023-07-28T15:40:43.609+0200][599,909s] GC(79)   Other: 0,1ms
[2023-07-28T15:40:43.609+0200][599,909s] GC(79) Eden regions: 1->0(24)
[2023-07-28T15:40:43.609+0200][599,909s] GC(79) Survivor regions: 1->1(1)
[2023-07-28T15:40:43.609+0200][599,909s] GC(79) Old regions: 181->183
[2023-07-28T15:40:43.609+0200][599,909s] GC(79) Archive regions: 2->2
[2023-07-28T15:40:43.609+0200][599,909s] GC(79) Humongous regions: 326->326
[2023-07-28T15:40:43.609+0200][599,909s] GC(79) Metaspace: 59623K(60352K)->59623K(60352K) NonClass: 52458K(52800K)->52458K(52800K) Class: 7164K(7552K)->7164K(7552K)
[2023-07-28T15:40:43.609+0200][599,909s] GC(79) Pause Young (Normal) (G1 Preventive Collection) 507M->508M(512M) 0,829ms
[2023-07-28T15:40:43.609+0200][599,909s] GC(79) User=0,00s Sys=0,00s Real=0,00s
[2023-07-28T15:40:43.609+0200][599,909s] Attempting full compaction
[2023-07-28T15:40:43.609+0200][599,909s] GC(80) Using 8 workers of 8 for full compaction
[2023-07-28T15:40:43.610+0200][599,909s] GC(80) Pause Full (G1 Compaction Pause)
[2023-07-28T15:40:43.610+0200][599,909s] GC(80) Phase 1: Mark live objects
[2023-07-28T15:40:43.622+0200][599,921s] GC(80) Phase 1: Mark live objects 12,081ms
[2023-07-28T15:40:43.622+0200][599,921s] GC(80) Phase 2: Prepare for compaction
[2023-07-28T15:40:43.623+0200][599,922s] GC(80) Phase 2: Prepare for compaction 0,621ms
[2023-07-28T15:40:43.623+0200][599,922s] GC(80) Phase 3: Adjust pointers
[2023-07-28T15:40:43.628+0200][599,927s] GC(80) Phase 3: Adjust pointers 5,472ms
[2023-07-28T15:40:43.628+0200][599,927s] GC(80) Phase 4: Compact heap
[2023-07-28T15:40:43.628+0200][599,928s] GC(80) Phase 4: Compact heap 0,349ms
[2023-07-28T15:40:43.632+0200][599,932s] GC(80) Eden regions: 0->0(25)
[2023-07-28T15:40:43.632+0200][599,932s] GC(80) Survivor regions: 1->0(1)
[2023-07-28T15:40:43.632+0200][599,932s] GC(80) Old regions: 183->182
[2023-07-28T15:40:43.632+0200][599,932s] GC(80) Archive regions: 2->2
[2023-07-28T15:40:43.632+0200][599,932s] GC(80) Humongous regions: 326->326
[2023-07-28T15:40:43.632+0200][599,932s] GC(80) Metaspace: 59623K(60352K)->59623K(60352K) NonClass: 52458K(52800K)->52458K(52800K) Class: 7164K(7552K)->7164K(7552K)
[2023-07-28T15:40:43.632+0200][599,932s] GC(80) Pause Full (G1 Compaction Pause) 508M->505M(512M) 22,890ms
[2023-07-28T15:40:43.632+0200][599,932s] GC(80) User=0,11s Sys=0,01s Real=0,03s
[2023-07-28T15:40:43.633+0200][599,932s] GC(78) Concurrent Mark From Roots 25,854ms
[2023-07-28T15:40:43.633+0200][599,932s] GC(78) Concurrent Mark Abort
[2023-07-28T15:40:43.633+0200][599,932s] GC(78) Concurrent Mark Cycle 25,940ms
[2023-07-28T15:40:43.635+0200][599,934s] GC(81) Pause Young (Normal) (G1 Preventive Collection)
[2023-07-28T15:40:43.635+0200][599,934s] GC(81) Using 8 workers of 8 for evacuation
[2023-07-28T15:40:43.636+0200][599,935s] GC(81)   Pre Evacuate Collection Set: 0,1ms
[2023-07-28T15:40:43.636+0200][599,935s] GC(81)   Merge Heap Roots: 0,1ms
[2023-07-28T15:40:43.636+0200][599,935s] GC(81)   Evacuate Collection Set: 0,4ms
[2023-07-28T15:40:43.636+0200][599,935s] GC(81)   Post Evacuate Collection Set: 0,3ms
[2023-07-28T15:40:43.636+0200][599,935s] GC(81)   Other: 0,0ms
[2023-07-28T15:40:43.636+0200][599,935s] GC(81) Eden regions: 1->0(24)
[2023-07-28T15:40:43.636+0200][599,935s] GC(81) Survivor regions: 0->1(1)
[2023-07-28T15:40:43.636+0200][599,935s] GC(81) Old regions: 182->182
[2023-07-28T15:40:43.636+0200][599,935s] GC(81) Archive regions: 2->2
[2023-07-28T15:40:43.636+0200][599,935s] GC(81) Humongous regions: 326->326
[2023-07-28T15:40:43.636+0200][599,935s] GC(81) Metaspace: 59623K(60352K)->59623K(60352K) NonClass: 52458K(52800K)->52458K(52800K) Class: 7164K(7552K)->7164K(7552K)
[2023-07-28T15:40:43.636+0200][599,935s] GC(81) Pause Young (Normal) (G1 Preventive Collection) 506M->506M(512M) 0,855ms
[2023-07-28T15:40:43.636+0200][599,935s] GC(81) User=0,01s Sys=0,00s Real=0,00s
[2023-07-28T15:40:43.638+0200][599,937s] GC(82) Pause Young (Concurrent Start) (G1 Evacuation Pause)
[2023-07-28T15:40:43.638+0200][599,937s] GC(82) Using 8 workers of 8 for evacuation
[2023-07-28T15:40:43.639+0200][599,938s] GC(82) To-space exhausted
[2023-07-28T15:40:43.639+0200][599,938s] GC(82)   Pre Evacuate Collection Set: 0,0ms
[2023-07-28T15:40:43.639+0200][599,938s] GC(82)   Merge Heap Roots: 0,0ms
[2023-07-28T15:40:43.639+0200][599,938s] GC(82)   Evacuate Collection Set: 0,4ms
[2023-07-28T15:40:43.639+0200][599,938s] GC(82)   Post Evacuate Collection Set: 0,2ms
[2023-07-28T15:40:43.639+0200][599,938s] GC(82)   Other: 0,1ms
[2023-07-28T15:40:43.639+0200][599,938s] GC(82) Eden regions: 1->0(25)
[2023-07-28T15:40:43.639+0200][599,938s] GC(82) Survivor regions: 1->0(0)
[2023-07-28T15:40:43.639+0200][599,938s] GC(82) Old regions: 182->184
[2023-07-28T15:40:43.639+0200][599,938s] GC(82) Archive regions: 2->2
[2023-07-28T15:40:43.639+0200][599,938s] GC(82) Humongous regions: 326->326
[2023-07-28T15:40:43.639+0200][599,938s] GC(82) Metaspace: 59623K(60352K)->59623K(60352K) NonClass: 52458K(52800K)->52458K(52800K) Class: 7164K(7552K)->7164K(7552K)
[2023-07-28T15:40:43.639+0200][599,938s] GC(82) Pause Young (Concurrent Start) (G1 Evacuation Pause) 507M->507M(512M) 0,834ms
[2023-07-28T15:40:43.639+0200][599,938s] GC(82) User=0,00s Sys=0,00s Real=0,00s
[2023-07-28T15:40:43.639+0200][599,938s] Attempting full compaction
[2023-07-28T15:40:43.639+0200][599,938s] GC(83) Using 8 workers of 8 for full compaction
[2023-07-28T15:40:43.639+0200][599,938s] GC(84) Concurrent Mark Cycle
[2023-07-28T15:40:43.639+0200][599,938s] GC(83) Pause Full (G1 Compaction Pause)
[2023-07-28T15:40:43.639+0200][599,938s] GC(84) Concurrent Clear Claimed Marks
[2023-07-28T15:40:43.639+0200][599,938s] GC(84) Concurrent Clear Claimed Marks 0,029ms
[2023-07-28T15:40:43.639+0200][599,938s] GC(84) Concurrent Scan Root Regions
[2023-07-28T15:40:43.639+0200][599,938s] GC(84) Concurrent Scan Root Regions 0,004ms
[2023-07-28T15:40:43.639+0200][599,938s] GC(84) Concurrent Mark
[2023-07-28T15:40:43.639+0200][599,938s] GC(84) Concurrent Mark From Roots
[2023-07-28T15:40:43.639+0200][599,938s] GC(84) Using 2 workers of 2 for marking
[2023-07-28T15:40:43.639+0200][599,938s] GC(83) Phase 1: Mark live objects
[2023-07-28T15:40:43.651+0200][599,950s] GC(83) Phase 1: Mark live objects 11,647ms
[2023-07-28T15:40:43.651+0200][599,950s] GC(83) Phase 2: Prepare for compaction
[2023-07-28T15:40:43.651+0200][599,951s] GC(83) Phase 2: Prepare for compaction 0,822ms
[2023-07-28T15:40:43.651+0200][599,951s] GC(83) Phase 3: Adjust pointers
[2023-07-28T15:40:43.657+0200][599,956s] GC(83) Phase 3: Adjust pointers 5,450ms
[2023-07-28T15:40:43.657+0200][599,956s] GC(83) Phase 4: Compact heap
[2023-07-28T15:40:43.658+0200][599,957s] GC(83) Phase 4: Compact heap 0,757ms
[2023-07-28T15:40:43.662+0200][599,961s] GC(83) Eden regions: 0->0(25)
[2023-07-28T15:40:43.662+0200][599,961s] GC(83) Survivor regions: 0->0(0)
[2023-07-28T15:40:43.662+0200][599,961s] GC(83) Old regions: 184->182
[2023-07-28T15:40:43.662+0200][599,961s] GC(83) Archive regions: 2->2
[2023-07-28T15:40:43.662+0200][599,961s] GC(83) Humongous regions: 326->326
[2023-07-28T15:40:43.662+0200][599,961s] GC(83) Metaspace: 59623K(60352K)->59623K(60352K) NonClass: 52458K(52800K)->52458K(52800K) Class: 7164K(7552K)->7164K(7552K)
[2023-07-28T15:40:43.662+0200][599,961s] GC(83) Pause Full (G1 Compaction Pause) 507M->507M(512M) 22,955ms
[2023-07-28T15:40:43.662+0200][599,961s] GC(83) User=0,11s Sys=0,01s Real=0,03s
[2023-07-28T15:40:43.662+0200][599,961s] GC(84) Concurrent Mark From Roots 23,499ms
[2023-07-28T15:40:43.662+0200][599,961s] GC(84) Concurrent Mark Abort
[2023-07-28T15:40:43.662+0200][599,961s] GC(84) Concurrent Mark Cycle 23,573ms
[2023-07-28T15:40:43.664+0200][599,964s] GC(85) Pause Young (Normal) (G1 Preventive Collection)
[2023-07-28T15:40:43.664+0200][599,964s] GC(85) Using 8 workers of 8 for evacuation
[2023-07-28T15:40:43.665+0200][599,965s] GC(85)   Pre Evacuate Collection Set: 0,1ms
[2023-07-28T15:40:43.665+0200][599,965s] GC(85)   Merge Heap Roots: 0,0ms
[2023-07-28T15:40:43.665+0200][599,965s] GC(85)   Evacuate Collection Set: 0,4ms
[2023-07-28T15:40:43.665+0200][599,965s] GC(85)   Post Evacuate Collection Set: 0,3ms
[2023-07-28T15:40:43.665+0200][599,965s] GC(85)   Other: 0,1ms
[2023-07-28T15:40:43.665+0200][599,965s] GC(85) Eden regions: 1->0(24)
[2023-07-28T15:40:43.665+0200][599,965s] GC(85) Survivor regions: 0->1(1)
[2023-07-28T15:40:43.665+0200][599,965s] GC(85) Old regions: 182->182
[2023-07-28T15:40:43.665+0200][599,965s] GC(85) Archive regions: 2->2
[2023-07-28T15:40:43.665+0200][599,965s] GC(85) Humongous regions: 326->326
[2023-07-28T15:40:43.665+0200][599,965s] GC(85) Metaspace: 59623K(60352K)->59623K(60352K) NonClass: 52458K(52800K)->52458K(52800K) Class: 7164K(7552K)->7164K(7552K)
[2023-07-28T15:40:43.665+0200][599,965s] GC(85) Pause Young (Normal) (G1 Preventive Collection) 508M->508M(512M) 0,919ms
[2023-07-28T15:40:43.665+0200][599,965s] GC(85) User=0,00s Sys=0,00s Real=0,00s
[2023-07-28T15:40:43.668+0200][599,967s] GC(86) Pause Young (Concurrent Start) (G1 Evacuation Pause)
[2023-07-28T15:40:43.668+0200][599,967s] GC(86) Using 8 workers of 8 for evacuation
[2023-07-28T15:40:43.668+0200][599,968s] GC(86) To-space exhausted
[2023-07-28T15:40:43.668+0200][599,968s] GC(86)   Pre Evacuate Collection Set: 0,1ms
[2023-07-28T15:40:43.668+0200][599,968s] GC(86)   Merge Heap Roots: 0,1ms
[2023-07-28T15:40:43.668+0200][599,968s] GC(86)   Evacuate Collection Set: 0,5ms
[2023-07-28T15:40:43.668+0200][599,968s] GC(86)   Post Evacuate Collection Set: 0,3ms
[2023-07-28T15:40:43.668+0200][599,968s] GC(86)   Other: 0,1ms
[2023-07-28T15:40:43.669+0200][599,968s] GC(86) Eden regions: 1->0(25)
[2023-07-28T15:40:43.669+0200][599,968s] GC(86) Survivor regions: 1->0(0)
[2023-07-28T15:40:43.669+0200][599,968s] GC(86) Old regions: 182->184
[2023-07-28T15:40:43.669+0200][599,968s] GC(86) Archive regions: 2->2
[2023-07-28T15:40:43.669+0200][599,968s] GC(86) Humongous regions: 326->326
[2023-07-28T15:40:43.669+0200][599,968s] GC(86) Metaspace: 59623K(60352K)->59623K(60352K) NonClass: 52458K(52800K)->52458K(52800K) Class: 7164K(7552K)->7164K(7552K)
[2023-07-28T15:40:43.669+0200][599,968s] GC(86) Pause Young (Concurrent Start) (G1 Evacuation Pause) 509M->509M(512M) 0,984ms
[2023-07-28T15:40:43.669+0200][599,968s] GC(86) User=0,00s Sys=0,00s Real=0,00s
[2023-07-28T15:40:43.669+0200][599,968s] Attempting full compaction
[2023-07-28T15:40:43.669+0200][599,968s] GC(87) Using 8 workers of 8 for full compaction
[2023-07-28T15:40:43.669+0200][599,968s] GC(88) Concurrent Mark Cycle
[2023-07-28T15:40:43.669+0200][599,968s] GC(87) Pause Full (G1 Compaction Pause)
[2023-07-28T15:40:43.669+0200][599,968s] GC(88) Concurrent Clear Claimed Marks
[2023-07-28T15:40:43.669+0200][599,968s] GC(88) Concurrent Clear Claimed Marks 0,033ms
[2023-07-28T15:40:43.669+0200][599,968s] GC(88) Concurrent Scan Root Regions
[2023-07-28T15:40:43.669+0200][599,968s] GC(88) Concurrent Scan Root Regions 0,005ms
[2023-07-28T15:40:43.669+0200][599,968s] GC(88) Concurrent Mark
[2023-07-28T15:40:43.669+0200][599,968s] GC(88) Concurrent Mark From Roots
[2023-07-28T15:40:43.669+0200][599,968s] GC(88) Using 2 workers of 2 for marking
[2023-07-28T15:40:43.669+0200][599,968s] GC(87) Phase 1: Mark live objects
[2023-07-28T15:40:43.680+0200][599,979s] GC(87) Phase 1: Mark live objects 11,098ms
[2023-07-28T15:40:43.680+0200][599,979s] GC(87) Phase 2: Prepare for compaction
[2023-07-28T15:40:43.680+0200][599,980s] GC(87) Phase 2: Prepare for compaction 0,315ms
[2023-07-28T15:40:43.680+0200][599,980s] GC(87) Phase 3: Adjust pointers
[2023-07-28T15:40:43.686+0200][599,985s] GC(87) Phase 3: Adjust pointers 5,433ms
[2023-07-28T15:40:43.686+0200][599,985s] GC(87) Phase 4: Compact heap
[2023-07-28T15:40:43.686+0200][599,985s] GC(87) Phase 4: Compact heap 0,087ms
[2023-07-28T15:40:43.690+0200][599,989s] GC(87) Eden regions: 0->0(25)
[2023-07-28T15:40:43.690+0200][599,989s] GC(87) Survivor regions: 0->0(0)
[2023-07-28T15:40:43.690+0200][599,989s] GC(87) Old regions: 184->184
[2023-07-28T15:40:43.690+0200][599,989s] GC(87) Archive regions: 2->2
[2023-07-28T15:40:43.690+0200][599,989s] GC(87) Humongous regions: 326->326
[2023-07-28T15:40:43.690+0200][599,989s] GC(87) Metaspace: 59623K(60352K)->59623K(60352K) NonClass: 52458K(52800K)->52458K(52800K) Class: 7164K(7552K)->7164K(7552K)
[2023-07-28T15:40:43.690+0200][599,989s] GC(87) Pause Full (G1 Compaction Pause) 509M->509M(512M) 21,135ms
[2023-07-28T15:40:43.690+0200][599,989s] GC(87) User=0,11s Sys=0,00s Real=0,03s
[2023-07-28T15:40:43.690+0200][599,989s] Attempting maximum full compaction clearing soft references
[2023-07-28T15:40:43.690+0200][599,989s] GC(89) Using 8 workers of 8 for full compaction
[2023-07-28T15:40:43.690+0200][599,989s] GC(89) Pause Full (G1 Compaction Pause)
[2023-07-28T15:40:43.690+0200][599,989s] GC(89) Phase 1: Mark live objects
[2023-07-28T15:40:43.701+0200][600,000s] GC(89) Phase 1: Mark live objects 10,779ms
[2023-07-28T15:40:43.701+0200][600,000s] GC(89) Phase 2: Prepare for compaction
[2023-07-28T15:40:43.704+0200][600,003s] GC(89) Phase 2: Prepare for compaction 3,447ms
[2023-07-28T15:40:43.704+0200][600,003s] GC(89) Phase 3: Adjust pointers
[2023-07-28T15:40:43.714+0200][600,014s] GC(89) Phase 3: Adjust pointers 10,150ms
[2023-07-28T15:40:43.714+0200][600,014s] GC(89) Phase 4: Compact heap
[2023-07-28T15:40:43.719+0200][600,018s] GC(89) Phase 4: Compact heap 4,845ms
[2023-07-28T15:40:43.723+0200][600,023s] GC(89) Eden regions: 0->0(25)
[2023-07-28T15:40:43.723+0200][600,023s] GC(89) Survivor regions: 0->0(0)
[2023-07-28T15:40:43.723+0200][600,023s] GC(89) Old regions: 184->183
[2023-07-28T15:40:43.723+0200][600,023s] GC(89) Archive regions: 2->2
[2023-07-28T15:40:43.723+0200][600,023s] GC(89) Humongous regions: 326->326
[2023-07-28T15:40:43.723+0200][600,023s] GC(89) Metaspace: 59623K(60352K)->59623K(60352K) NonClass: 52458K(52800K)->52458K(52800K) Class: 7164K(7552K)->7164K(7552K)
[2023-07-28T15:40:43.723+0200][600,023s] GC(89) Pause Full (G1 Compaction Pause) 509M->508M(512M) 33,627ms
[2023-07-28T15:40:43.723+0200][600,023s] GC(89) User=0,17s Sys=0,01s Real=0,03s
[2023-07-28T15:40:43.724+0200][600,023s] GC(88) Concurrent Mark From Roots 54,912ms
[2023-07-28T15:40:43.724+0200][600,023s] GC(88) Concurrent Mark Abort
[2023-07-28T15:40:43.724+0200][600,023s] GC(88) Concurrent Mark Cycle 54,999ms
[2023-07-28T15:40:43.726+0200][600,025s] GC(90) Pause Young (Normal) (G1 Evacuation Pause)
[2023-07-28T15:40:43.726+0200][600,025s] GC(90) Using 8 workers of 8 for evacuation
[2023-07-28T15:40:43.727+0200][600,026s] GC(90) To-space exhausted
[2023-07-28T15:40:43.727+0200][600,026s] GC(90)   Pre Evacuate Collection Set: 0,1ms
[2023-07-28T15:40:43.727+0200][600,026s] GC(90)   Merge Heap Roots: 0,1ms
[2023-07-28T15:40:43.727+0200][600,026s] GC(90)   Evacuate Collection Set: 0,3ms
[2023-07-28T15:40:43.727+0200][600,026s] GC(90)   Post Evacuate Collection Set: 0,3ms
[2023-07-28T15:40:43.727+0200][600,026s] GC(90)   Other: 0,1ms
[2023-07-28T15:40:43.727+0200][600,026s] GC(90) Eden regions: 1->0(25)
[2023-07-28T15:40:43.727+0200][600,026s] GC(90) Survivor regions: 0->0(0)
[2023-07-28T15:40:43.727+0200][600,026s] GC(90) Old regions: 183->184
[2023-07-28T15:40:43.727+0200][600,026s] GC(90) Archive regions: 2->2
[2023-07-28T15:40:43.727+0200][600,026s] GC(90) Humongous regions: 326->326
[2023-07-28T15:40:43.727+0200][600,026s] GC(90) Metaspace: 59623K(60352K)->59623K(60352K) NonClass: 52458K(52800K)->52458K(52800K) Class: 7164K(7552K)->7164K(7552K)
[2023-07-28T15:40:43.727+0200][600,026s] GC(90) Pause Young (Normal) (G1 Evacuation Pause) 509M->509M(512M) 0,914ms
[2023-07-28T15:40:43.727+0200][600,026s] GC(90) User=0,01s Sys=0,00s Real=0,00s
[2023-07-28T15:40:43.727+0200][600,026s] Attempting full compaction
[2023-07-28T15:40:43.727+0200][600,026s] GC(91) Using 8 workers of 8 for full compaction
[2023-07-28T15:40:43.727+0200][600,026s] GC(91) Pause Full (G1 Compaction Pause)
[2023-07-28T15:40:43.727+0200][600,026s] GC(91) Phase 1: Mark live objects
[2023-07-28T15:40:43.738+0200][600,037s] GC(91) Phase 1: Mark live objects 11,080ms
[2023-07-28T15:40:43.738+0200][600,037s] GC(91) Phase 2: Prepare for compaction
[2023-07-28T15:40:43.738+0200][600,038s] GC(91) Phase 2: Prepare for compaction 0,342ms
[2023-07-28T15:40:43.738+0200][600,038s] GC(91) Phase 3: Adjust pointers
[2023-07-28T15:40:43.744+0200][600,043s] GC(91) Phase 3: Adjust pointers 5,422ms
[2023-07-28T15:40:43.744+0200][600,043s] GC(91) Phase 4: Compact heap
[2023-07-28T15:40:43.744+0200][600,043s] GC(91) Phase 4: Compact heap 0,243ms
[2023-07-28T15:40:43.748+0200][600,047s] GC(91) Eden regions: 0->0(25)
[2023-07-28T15:40:43.748+0200][600,047s] GC(91) Survivor regions: 0->0(0)
[2023-07-28T15:40:43.748+0200][600,047s] GC(91) Old regions: 184->184
[2023-07-28T15:40:43.748+0200][600,047s] GC(91) Archive regions: 2->2
[2023-07-28T15:40:43.748+0200][600,047s] GC(91) Humongous regions: 326->326
[2023-07-28T15:40:43.748+0200][600,047s] GC(91) Metaspace: 59623K(60352K)->59623K(60352K) NonClass: 52458K(52800K)->52458K(52800K) Class: 7164K(7552K)->7164K(7552K)
[2023-07-28T15:40:43.748+0200][600,047s] GC(91) Pause Full (G1 Compaction Pause) 509M->509M(512M) 21,183ms
[2023-07-28T15:40:43.748+0200][600,047s] GC(91) User=0,11s Sys=0,00s Real=0,02s
[2023-07-28T15:40:43.748+0200][600,047s] Attempting maximum full compaction clearing soft references
[2023-07-28T15:40:43.748+0200][600,047s] GC(92) Using 8 workers of 8 for full compaction
[2023-07-28T15:40:43.748+0200][600,048s] GC(92) Pause Full (G1 Compaction Pause)
[2023-07-28T15:40:43.748+0200][600,048s] GC(92) Phase 1: Mark live objects
[2023-07-28T15:40:43.760+0200][600,060s] GC(92) Phase 1: Mark live objects 12,100ms
[2023-07-28T15:40:43.760+0200][600,060s] GC(92) Phase 2: Prepare for compaction
[2023-07-28T15:40:43.763+0200][600,063s] GC(92) Phase 2: Prepare for compaction 2,848ms
[2023-07-28T15:40:43.763+0200][600,063s] GC(92) Phase 3: Adjust pointers
[2023-07-28T15:40:43.774+0200][600,073s] GC(92) Phase 3: Adjust pointers 10,322ms
[2023-07-28T15:40:43.774+0200][600,073s] GC(92) Phase 4: Compact heap
[2023-07-28T15:40:43.777+0200][600,077s] GC(92) Phase 4: Compact heap 3,821ms
[2023-07-28T15:40:43.782+0200][600,081s] GC(92) Eden regions: 0->0(25)
[2023-07-28T15:40:43.782+0200][600,081s] GC(92) Survivor regions: 0->0(0)
[2023-07-28T15:40:43.782+0200][600,081s] GC(92) Old regions: 184->184
[2023-07-28T15:40:43.782+0200][600,081s] GC(92) Archive regions: 2->2
[2023-07-28T15:40:43.782+0200][600,081s] GC(92) Humongous regions: 326->326
[2023-07-28T15:40:43.782+0200][600,081s] GC(92) Metaspace: 59623K(60352K)->59623K(60352K) NonClass: 52458K(52800K)->52458K(52800K) Class: 7164K(7552K)->7164K(7552K)
[2023-07-28T15:40:43.782+0200][600,081s] GC(92) Pause Full (G1 Compaction Pause) 509M->509M(512M) 33,424ms
[2023-07-28T15:40:43.782+0200][600,081s] GC(92) User=0,15s Sys=0,01s Real=0,04s
